ESP-ROM:esp32p4-eco7-20260109
Build:Jan  9 2026
rst:0x1 (POWERON),boot:0xf (SPI_FAST_FLASH_BOOT)
SPI mode:DIO, clock div:1
load:0x4ffb60d0,len:0x11f0
load:0x4ffac2c0,len:0xd5c
load:0x4ffaefc0,len:0x3408
entry 0x4ffac2c0
I (261) hex_psram: vendor id    : 0x0d (AP)
I (261) hex_psram: Latency      : 0x01 (Fixed)
I (262) hex_psram: DriveStr.    : 0x00 (25 Ohm)
I (262) hex_psram: dev id       : 0x03 (generation 4)
I (267) hex_psram: density      : 0x07 (256 Mbit)
I (272) hex_psram: good-die     : 0x06 (Pass)
I (276) hex_psram: SRF          : 0x02 (Slow Refresh)
I (280) hex_psram: BurstType    : 0x00 ( Wrap)
I (285) hex_psram: BurstLen     : 0x03 (2048 Byte)
I (289) hex_psram: BitMode      : 0x01 (X16 Mode)
I (293) hex_psram: Readlatency  : 0x04 (14 cycles@Fixed)
I (299) hex_psram: DriveStrength: 0x00 (1/1)
I (303) MSPI Timing: Enter psram timing tuning
I esp_psram: Found 32MB PSRAM device
I esp_psram: Speed: 200MHz
I (490) mmu_psram: .rodata xip on psram
I (537) mmu_psram: .text xip on psram
I (538) hex_psram: psram CS IO is dedicated
I (538) cpu_start: Multicore app
I (965) esp_psram: SPI SRAM memory test OK
I (975) cpu_start: GPIO 38 and 37 are used as console UART I/O pins
I (975) cpu_start: Pro cpu start user code
I (976) cpu_start: cpu freq: 400000000 Hz
I (977) app_init: Application information:
I (981) app_init: Project name:     fnos_monitor
I (986) app_init: App version:      0.1.0
I (989) app_init: Compile time:     Sep 20 2026 00:41:53
I (994) app_init: ELF file SHA256:  51790f152...
I (999) app_init: ESP-IDF:          5.5.3
I (1002) efuse_init: Min chip rev:     v3.0
I (1006) efuse_init: Max chip rev:     v3.99 
I (1010) efuse_init: Chip rev:         v3.2
I (1014) heap_init: Initializing. RAM available for dynamic allocation:
I (1021) heap_init: At 4FF5E0C0 len 0005CF00 (371 KiB): RETENT_RAM
I (1026) heap_init: At 4FFBAFC0 len 00004BF0 (18 KiB): RAM
I (1032) heap_init: At 501080D8 len 00000028 (0 KiB): RTCRAM
I (1037) heap_init: At 501081A0 len 00007E60 (31 KiB): RTCRAM
I (1043) heap_init: At 30100198 len 00001E68 (7 KiB): TCM
I (1048) esp_psram: Adding pool of 31215K of PSRAM memory to heap allocator
I (1054) esp_psram: Adding pool of 4K of PSRAM memory gap generated due to end address alignment of irom to the heap allocator
I (1065) esp_psram: Adding pool of 49K of PSRAM memory gap generated due to end address alignment of drom to the heap allocator
I (1077) spi_flash: detected chip: gd
I (1080) spi_flash: flash io: qio
I (1083) host_init: ESP Hosted : Host chip_ip[18]
I (1088) H_API: ESP-Hosted starting. Hosted_Tasks: prio:23, stack: 5120 RPC_task_stack: 5120
sdio_mempool_create free:32425816 min-free:32425816 lfb-def:31457280 lfb-8bit:31457280

I (1104) H_API: ** add_esp_wifi_remote_channels **
I (1108) transport: Add ESP-Hosted channel IF[1]: S[0] Tx[0x4800b6dc] Rx[0x4801a922]
I (1116) transport: Add ESP-Hosted channel IF[2]: S[0] Tx[0x4800b622] Rx[0x4801a922]
I (1123) sleep_gpio: Configure to isolate all GPIO pins in sleep state
I (1129) sleep_gpio: Enable automatic switching of GPIO sleep configuration
I (1136) main_task: Started on CPU0
I (1140) main_task: Calling app_main()
I (1146) main: fnOS NAS dashboard booting (agent http://192.168.0.119:8799)
I (1149) main: heap boot           internal=364KB largest=304KB dma=326KB psram=31266KB
I (1158) transport: Attempt connection with slave: retry[0]
I (1162) transport: Reset slave using GPIO[54]
I (1166) os_wrapper_esp: GPIO [54] configured
I (2336) sdio_wrapper: SDIO master: Data-Lines: 4-bit Freq(KHz)[40000 KHz]
I (2336) sdio_wrapper: GPIOs: CLK[18] CMD[19] D0[14] D1[15] D2[16] D3[17] Slave_Reset[54]
I (2336) H_SDIO_DRV: Starting SDIO process rx task
I (2339) sdio_wrapper: Queues: Tx[20] Rx[20] SDIO-Rx-Mode[1]
Name: 
Type: SDIO
Speed: 40.00 MHz (limit: 40.00 MHz)
Size: 0MB
CSD: ver=1, sector_size=0, capacity=0 read_bl_len=0
SCR: sd_spec=0, bus_width=0
TUPLE: DEVICE, size: 3: D9 01 FF 
TUPLE: MANFID, size: 4
  MANF: 0092, CARD: 6666
TUPLE: FUNCID, size: 2: 0C 00 
TUPLE: FUNCE, size: 4: 00 00 02 32 
TUPLE: CONFIG, size: 5: 01 01 00 02 07 
TUPLE: CFTABLE_ENTRY, size: 8
  INDX: C1, Intface: 1, Default: 1, Conf-Entry-Num: 1
  IF: 41
  FS: 30, misc: 0, mem_space: 1, irq: 1, io_space: 0, timing: 0, power: 0
  IR: 30, mask: 1,   IRQ: FF FF
  LEN: FFFF
TUPLE: END
I (2422) sdio_wrapper: Function 0 Blocksize: 512
I (2426) sdio_wrapper: Function 1 Blocksize: 512
I (2430) H_SDIO_DRV: SDIO Host operating in STREAMING MODE
I (2435) H_SDIO_DRV: generate slave intr
I (2449) transport: Received INIT event from ESP32 peripheral
I (2449) transport: EVENT: 12
I (2449) transport: EVENT: 11
I (2450) transport: capabilities: 0xd
I (2453) transport: Features supported are:
I (2457) transport: 	 * WLAN
I (2460) transport: 	   - HCI over SDIO
I (2463) transport: 	   - BLE only
I (2466) transport: EVENT: 13
I (2469) transport: ESP board type is : 13 

I (2473) transport: Base transport is set-up

I (2477) transport: Slave chip Id[12]
I (2481) hci_stub_drv: Host BT Support: Disabled
I (2485) H_SDIO_DRV: Received INIT event
I (3518) fnos_net: wifi station started; awaiting ip
I (3518) esp_lvgl:adapter: LVGL adapter initialized successfully
W (3518) ledc: GPIO 32 is not usable, maybe conflict with others
I (3523) ESP32_P4_EV: MIPI DSI PHY Powered on
I (3528) ESP32_P4_EV: Install MIPI DSI LCD control panel
I (3532) ESP32_P4_EV: Install EK79007 LCD control panel
I (3537) ek79007: version: 2.0.2
I (3539) H_API: esp_wifi_remote_connect
I (3714) ESP32_P4_EV: Display initialized
I (3715) esp_lvgl:bridge_v9: Initializing hardware resources
I (3715) esp_lvgl:bridge_v9: Hardware resources initialized successfully
I (3718) esp_lvgl:bridge: Initializing hardware resources
I (3723) esp_lvgl:bridge: Hardware resources initialized successfully
W (3729) esp_lvgl:bridge_v9: on_frame_buf_complete unavailable; buffer-switch release and dummy-draw may not function on MIPI DSI
I (3741) ESP32_P4_EV: Touch 0x5d found
I (3744) GT911: I2C address initialization procedure skipped - using default GT9xx setup
I (3752) GT911: TouchPad_ID:0x39,0x31,0x31
I (3756) GT911: TouchPad_Config_Version:91
W (3760) esp_lvgl:touch: LV_USE_GESTURE_RECOGNITION is disabled; only single-point pointer events are available
I (3769) esp_lvgl:touch: Touch input device registered successfully (IRQ mode: disabled)
I (3778) esp_lvgl:adapter: LVGL task started successfully
I (3782) ESP32_P4_EV: Setting LCD backlight: 45%
I (3787) ESP32_P4_EV: Setting LCD backlight: 100%
I (3791) main: heap display        internal=244KB largest=204KB dma=206KB psram=27623KB
I (3895) fnos_view: dashboard created (4 pages, 180 s window)
I (3895) main: heap ui             internal=244KB largest=204KB dma=206KB psram=27558KB
I (3897) fnos_data: polling http://192.168.0.119:8799/api/v1/status every 1000 ms
I (3905) main: heap polling        internal=244KB largest=204KB dma=206KB psram=27544KB
I (3912) ESP32_P4_EV: Setting LCD backlight: 45%
I (3917) main: backlight 45% (day)
I (3920) main: boot complete
I (3922) main_task: Returned from app_main()
I (6506) esp_wifi_remote: esp_wifi_internal_reg_rxcb: sta: 0x480b96b6
I (7523) esp_netif_handlers: sta ip: 192.168.0.214, mask: 255.255.255.0, gw: 192.168.0.1
I (7523) fnos_net: got ip 192.168.0.214
I (8167) fnos_data: history backfilled: 300 samples
I (37748) fnos_data: poll ok=30 fail=0 19ms cpu=3.0% mem=62.0% rx=39.6 tx=1104.0 KB/s alerts=1
