[   0.27] I (458) mmu_psram: .rodata xip on psram
[   0.27] I (505) mmu_psram: .text xip on psram
[   0.27] I (505) hex_psram: psram CS IO is dedicated
[   0.27] I (506) cpu_start: Multicore app
[   0.57] I (966) esp_psram: SPI SRAM memory test OK
[   0.85] I (976) cpu_start: GPIO 38 and 37 are used as console UART I/O pins
[   0.85] I (976) cpu_start: Pro cpu start user code
[   0.85] I (976) cpu_start: cpu freq: 400000000 Hz
[   0.85] I (978) app_init: Application information:
[   0.85] I (982) app_init: Project name:     fnos_monitor
[   0.85] I (986) app_init: App version:      0.1.0
[   0.85] I (990) app_init: Compile time:     Sep 28 2026 01:33:50
[   0.85] I (995) app_init: ELF file SHA256:  e8bfeefa3...
[   0.85] I (999) app_init: ESP-IDF:          5.5.3
[   0.85] I (1003) efuse_init: Min chip rev:     v3.0
[   0.85] I (1007) efuse_init: Max chip rev:     v3.99 
[   0.85] I (1011) efuse_init: Chip rev:         v3.2
[   0.85] I (1015) heap_init: Initializing. RAM available for dynamic allocation:
[   0.85] I (1021) heap_init: At 4FF5FE30 len 0005B190 (364 KiB): RETENT_RAM
[   0.85] I (1027) heap_init: At 4FFBAFC0 len 00004BF0 (18 KiB): RAM
[   0.85] I (1032) heap_init: At 501080D8 len 00000028 (0 KiB): RTCRAM
[   0.85] I (1038) heap_init: At 501081A0 len 00007E60 (31 KiB): RTCRAM
[   0.85] I (1043) heap_init: At 30100198 len 00001E68 (7 KiB): TCM
[   0.85] I (1048) esp_psram: Adding pool of 31215K of PSRAM memory to heap allocator
[   0.85] I (1055) esp_psram: Adding pool of 25K of PSRAM memory gap generated due to end address alignment of irom to the heap allocator
[   0.85] I (1066) esp_psram: Adding pool of 29K of PSRAM memory gap generated due to end address alignment of drom to the heap allocator
[   0.85] I (1077) spi_flash: detected chip: gd
[   0.85] I (1081) spi_flash: flash io: qio
[   0.85] I (1084) host_init: ESP Hosted : Host chip_ip[18]
[   0.85] I (1088) H_API: ESP-Hosted starting. Hosted_Tasks: prio:23, stack: 5120 RPC_task_stack: 5120
[   0.85] sdio_mempool_create free:32417488 min-free:32417488 lfb-def:31457280 lfb-8bit:31457280
[   0.85] 
[   0.85] I (1104) H_API: ** add_esp_wifi_remote_channels **
[   0.85] I (1109) transport: Add ESP-Hosted channel IF[1]: S[0] Tx[0x4800c538] Rx[0x4801bd10]
[   0.85] I (1116) transport: Add ESP-Hosted channel IF[2]: S[0] Tx[0x4800c480] Rx[0x4801bd10]
[   0.85] I (1124) sleep_gpio: Configure to isolate all GPIO pins in sleep state
[   0.85] I (1130) sleep_gpio: Enable automatic switching of GPIO sleep configuration
[   0.85] I (1137) main_task: Started on CPU0
[   0.85] I (1141) main_task: Calling app_main()
[   0.85] I (1147) main: fnOS NAS dashboard booting (agent http://192.168.0.119:8799)
[   0.85] I (1150) main: heap boot           internal=357KB largest=296KB dma=319KB psram=31265KB
[   0.85] I (1159) transport: Attempt connection with slave: retry[0]
[   0.85] I (1163) transport: Reset slave using GPIO[54]
[   0.85] I (1167) os_wrapper_esp: GPIO [54] configured
[   1.92] I (2337) sdio_wrapper: SDIO master: Data-Lines: 4-bit Freq(KHz)[40000 KHz]
[   1.92] I (2337) sdio_wrapper: GPIOs: CLK[18] CMD[19] D0[14] D1[15] D2[16] D3[17] Slave_Reset[54]
[   1.92] I (2337) H_SDIO_DRV: Starting SDIO process rx task
[   1.92] I (2340) sdio_wrapper: Queues: Tx[20] Rx[20] SDIO-Rx-Mode[1]
[   2.18] Name: 
[   2.19] Type: SDIO
[   2.19] Speed: 40.00 MHz (limit: 40.00 MHz)
[   2.19] Size: 0MB
[   2.19] CSD: ver=1, sector_size=0, capacity=0 read_bl_len=0
[   2.19] SCR: sd_spec=0, bus_width=0
[   2.19] TUPLE: DEVICE, size: 3: D9 01 FF 
[   2.19] TUPLE: MANFID, size: 4
[   2.19]   MANF: 0092, CARD: 6666
[   2.19] TUPLE: FUNCID, size: 2: 0C 00 
[   2.19] TUPLE: FUNCE, size: 4: 00 00 02 32 
[   2.19] TUPLE: CONFIG, size: 5: 01 01 00 02 07 
[   2.19] TUPLE: CFTABLE_ENTRY, size: 8
[   2.19]   INDX: C1, Intface: 1, Default: 1, Conf-Entry-Num: 1
[   2.19]   IF: 41
[   2.19]   FS: 30, misc: 0, mem_space: 1, irq: 1, io_space: 0, timing: 0, power: 0
[   2.19]   IR: 30, mask: 1,   IRQ: FF FF
[   2.19]   LEN: FFFF
[   2.19] TUPLE: END
[   2.19] I (2423) sdio_wrapper: Function 0 Blocksize: 512
[   2.19] I (2427) sdio_wrapper: Function 1 Blocksize: 512
[   2.19] I (2431) H_SDIO_DRV: SDIO Host operating in STREAMING MODE
[   2.19] I (2436) H_SDIO_DRV: generate slave intr
[   2.19] I (2450) transport: Received INIT event from ESP32 peripheral
[   2.19] I (2450) transport: EVENT: 12
[   2.19] I (2450) transport: EVENT: 11
[   2.19] I (2451) transport: capabilities: 0xd
[   2.19] I (2454) transport: Features supported are:
[   2.19] I (2458) transport: 	 * WLAN
[   2.19] I (2461) transport: 	   - HCI over SDIO
[   2.19] I (2464) transport: 	   - BLE only
[   2.19] I (2467) transport: EVENT: 13
[   2.19] I (2470) transport: ESP board type is : 13 
[   2.19] 
[   2.19] I (2474) transport: Base transport is set-up
[   2.19] 
[   2.19] I (2478) transport: Slave chip Id[12]
[   2.19] I (2482) hci_stub_drv: Host BT Support: Disabled
[   2.19] I (2486) H_SDIO_DRV: Received INIT event
[   3.27] I (3491) fnos_net: wifi station started; awaiting ip
[   3.27] I (3492) esp_lvgl:adapter: LVGL adapter initialized successfully
[   3.27] W (3492) ledc: GPIO 32 is not usable, maybe conflict with others
[   3.27] I (3496) ESP32_P4_EV: MIPI DSI PHY Powered on
[   3.27] I (3502) ESP32_P4_EV: Install MIPI DSI LCD control panel
[   3.27] I (3505) ESP32_P4_EV: Install EK79007 LCD control panel
[   3.27] I (3510) ek79007: version: 2.0.2
[   3.27] I (3512) H_API: esp_wifi_remote_connect
[   3.54] I (3688) ESP32_P4_EV: Display initialized
[   3.54] I (3689) esp_lvgl:bridge_v9: Initializing hardware resources
[   3.54] I (3689) esp_lvgl:bridge_v9: Hardware resources initialized successfully
[   3.54] I (3692) esp_lvgl:bridge: Initializing hardware resources
[   3.54] I (3697) esp_lvgl:bridge: Hardware resources initialized successfully
[   3.54] W (3703) esp_lvgl:bridge_v9: on_frame_buf_complete unavailable; buffer-switch release and dummy-draw may not function on MIPI DSI
[   3.54] I (3715) ESP32_P4_EV: Touch 0x5d found
[   3.54] I (3718) GT911: I2C address initialization procedure skipped - using default GT9xx setup
[   3.54] I (3726) GT911: TouchPad_ID:0x39,0x31,0x31
[   3.54] I (3730) GT911: TouchPad_Config_Version:91
[   3.54] W (3734) esp_lvgl:touch: LV_USE_GESTURE_RECOGNITION is disabled; only single-point pointer events are available
[   3.54] I (3743) esp_lvgl:touch: Touch input device registered successfully (IRQ mode: disabled)
[   3.54] I (3752) esp_lvgl:adapter: LVGL task started successfully
[   3.54] I (3756) ESP32_P4_EV: Setting LCD backlight: 100%
[   3.54] I (3761) ESP32_P4_EV: Setting LCD backlight: 45%
[   3.54] I (3765) main: heap display        internal=237KB largest=196KB dma=199KB psram=27623KB
[   3.81] I (3977) fnos_view: dashboard v2 created (4 pages, 180 s window)
[   3.81] W (3977) main: VERIFY MODE: auto page every 10 s
[   3.81] I (3977) main: heap ui             internal=237KB largest=196KB dma=199KB psram=27531KB
[   3.81] I (3983) fnos_data: polling http://192.168.0.119:8799/api/v1/status every 1000 ms
[   3.81] I (3990) main: heap polling        internal=236KB largest=196KB dma=198KB psram=27517KB
[   3.81] I (3998) ESP32_P4_EV: Setting LCD backlight: 45%
[   3.81] I (4003) main: backlight 45% (day)
[   3.81] I (4006) main: boot complete
[   3.81] I (4008) main_task: Returned from app_main()
[   4.05] I (4476) uidbg: unit0 x=85 y=57 w=0 h=22 style_x=85 style_y=57 hidden=0 text='' par_w=209
[   4.05] I (4476) uidbg: val0 x=18 y=32 w=42 h=52 text='--'
[   4.05] I (4477) uidbg: geom cpu_bar w=760 h=44  mem_bar w=760 h=44  mbar0 w=2  seg0 w=0
[   4.45] 
[   4.45] assert failed: heap_caps_get_allocated_size heap_caps.c:466 (heap)
[   4.45] Core  1 register dump:
[   4.45] MEPC    : 0x4ff4ba4e  RA      : 0x4ff4b55a  SP      : 0x480fd2b0  GP      : 0x4ff58680  
[   4.45] TP      : 0x480fd600  T0      : 0x37363534  T1      : 0x7271706f  T2      : 0x33323130  
[   4.45] S0/FP   : 0x00000085  S1      : 0x00000001  A0      : 0x480fd2ec  A1      : 0x4ff5a501  
[   4.45] A2      : 0x00000001  A3      : 0x00000029  A4      : 0x00000001  A5      : 0x4ff60000  
[   4.45] A6      : 0x0000000c  A7      : 0x76757473  S2      : 0x00000009  S3      : 0x480fd402  
[   4.45] S4      : 0x4ff5a500  S5      : 0x4ff60000  S6      : 0x00000002  S7      : 0x00000034  
[   4.45] S8      : 0x00000016  S9      : 0x00000000  S10     : 0x00000000  S11     : 0x00000000  
[   4.45] T3      : 0x6e6d6c6b  T4      : 0x6a696867  T5      : 0x66656463  T6      : 0x62613938  
[   4.45] MSTATUS : 0x00011881  MTVEC   : 0x4ff40003  MCAUSE  : 0x00000002  MTVAL   : 0x00000000  
[   4.45] MHARTID : 0x00000001  
[   4.45] 
[   4.45] Stack memory:
[   4.45] 480fd2b0: 0x480fd310 0x00000000 0x48127b58 0x4ff5585e 0x4ff5b13c 0x48127b58 0x4ff5b120 0x4810270a
[   4.45] 480fd2d0: 0x4ff5b14c 0x480fd2e4 0x4ff5b150 0x48102718 0x4ff5a500 0x00363634 0x48509750 0x65737361
[   4.45] 480fd2f0: 0x66207472 0x656c6961 0x68203a64 0x5f706165 0x73706163 0x7465675f 0x6c6c615f 0x7461636f
[   4.45] 480fd310: 0x735f6465 0x20657a69 0x70616568 0x7061635f 0x3a632e73 0x20363634 0x61656828 0x4f002970
[   4.45] 480fd330: 0x00000002 0x4ff60000 0x48509750 0x0000003c 0x0000004c 0x4ff60000 0x4ff605fc 0x4ff538fe
[   4.45] 480fd350: 0x0000004c 0x4851cea8 0x48184368 0x4ff53898 0x0000004c 0x4851cee8 0x4851cea8 0x4ff40ac6
[   4.45] 480fd370: 0x00000002 0x00000404 0x4851cea8 0x4801bf70 0x00000000 0x0000000c 0x0000000c 0x480639d0
[   4.45] 480fd390: 0x00000001 0x00000013 0x4817ddc0 0x48056f3a 0x00000042 0x4850b6d4 0x4817ddc0 0x4807bc94
[   4.45] 480fd3b0: 0x00000042 0x00000000 0x00000000 0x48000000 0x00000001 0x4850b6d4 0x48509750 0x48126000
[   4.45] 480fd3d0: 0x00000001 0x48056f1c 0x00000014 0x48002752 0x00000001 0x4817dad0 0x3fffffff 0x4801be94
[   4.45] 480fd3f0: 0x00000001 0x48125d98 0x4850b6d4 0x4801beec 0x0000002c 0x48125d98 0x4850cdf8 0x48056f1c
[   4.45] 480fd410: 0x00000016 0x00000000 0x4850b6d4 0x48062bde 0x00000000 0x00000000 0x00000000 0x48062cb8
[   4.45] 480fd430: 0x00011881 0x4ff40003 0x00000049 0x4802250e 0x48519de8 0x0000000b 0x48183970 0x4801f41e
[   4.45] 480fd450: 0x00000000 0x4810e0f4 0x0000002c 0x000002f8 0x0000002c 0x480ffcb4 0x0022c55e 0x48039e3a
[   4.45] 480fd470: 0x0000002c 0x4ff60000 0x0022c55e 0x0022c55e 0x00000001 0x00000000 0x00000046 0x0022c55e
[   4.45] 480fd490: 0x0000225f 0x48184000 0x0022c55e 0x4801ee22 0xe589ade7 0x95e685be 0xae8de6b0 0xe98787e9
[   4.45] 480fd4b0: 0x3120869b 0x312e3239 0x302e3836 0x3931312e 0x48432036 0x534b4345 0xaab8e400 0xe6b095e6
[   4.46] 480fd4d0: 0xb8e5ae8d 0xb09500a7 0xe5ae8de6 0x3700a7b8 0x20203939 0x20a097e6 0x4f005049 0x4ff4c5a6
[   4.46] 480fd4f0: 0x0000002c 0x480fd52c 0x4810e3cc 0x00000000 0x00000000 0x00000000 0x0000117c 0x00000000
[   4.46] 480fd510: 0x00000000 0x00000000 0x00000016 0x00000034 0x00000002 0x00000003 0x0000002c 0x000002f8
[   4.46] 480fd530: 0x0000002c 0x000002f8 0x0000117d 0x480209c8 0x0000002c 0x00000002 0x00000000 0x00000000
[   4.46] 480fd550: 0x4850ad58 0x000000d1 0x4ffbf10c 0x4ff4cb00 0x00000001 0x00000004 0x00000000 0x00000039
[   4.46] 480fd570: 0x00000000 0x00000000 0x00000000 0x00000000 0x00000000 0x00000000 0x00000000 0x00000000
[   4.46] 480fd590: 0x000003d8 0xffffffff 0x4851cca4 0x480566ee 0x00000000 0x480fa638 0x4851cca4 0x480567ca
[   4.46] 480fd5b0: 0x00000000 0x00000000 0x0000000f 0x480258fe 0x00000000 0x00000000 0x00000000 0x4ff4cd88
[   4.46] 480fd5d0: 0x00000000 0x00000000 0x00000000 0x00000000 0x00000000 0x00000000 0x00000000 0x00000000
[   4.46] 480fd5f0: 0x00000000 0xa5a5a5a5 0xa5a5a5a5 0xa5a5a5a5 0x30100000 0x00000144 0x501157b7 0x15c7a703
[   4.46] 480fd610: 0x010006b7 0xae238f55 0x17b714e7 0x43b85011 0x100006b7 0xa5a5a5a5 0xa5a5a5a5 0xa5a5a5a5
[   4.46] 480fd630: 0x00000001 0x480fa660 0x480fa660 0x00000000 0x00000000 0x00000000 0xa5a5a5a5 0xa5a5a5a5
[   4.46] 480fd650: 0xa5a5a5a5 0xa5a5a5a5 0xa5a5a5a5 0xa5a5a5a5 0x00000020 0x4817eab0 0x01000000 0x4817deec
[   4.46] 480fd670: 0x08010100 0x4817dee0 0x08010000 0x4817ded4 0x08000000 0x0000000c 0x480fd878 0x40054051
[   4.73] 480fd690: 0x0000000d 0x0000000c 0x000e1114 0x000000ff 0x480f4849 0x00000038 0x4816a770 0x4817ea74
[   4.73] 
[   4.73] 
[   4.73] 
[   4.73] ELF file SHA256: e8bfeefa3
[   4.73] 
[   4.73] Rebooting...
[   4.73] ESP-ROM:esp32p4-eco7-20260109
[   4.73] Build:Jan  9 2026
[   4.73] rst:0xc (SW_CPU_RESET),boot:0xf (SPI_FAST_FLASH_BOOT)
[   4.73] Core0 Saved PC:0x4ff44798
[   4.73] Core1 Saved PC:0x4ff4467c
[   4.73] SPI mode:DIO, clock div:1
[   4.73] load:0x4ffb60d0,len:0x11f0
[   4.73] load:0x4ffac2c0,len:0xd5c
[   4.73] load:0x4ffaefc0,len:0x3408
[   4.73] entry 0x4ffac2c0
[   4.97] I (225) hex_psram: vendor id    : 0x0d (AP)
[   4.97] I (225) hex_psram: Latency      : 0x01 (Fixed)
[   4.97] I (226) hex_psram: DriveStr.    : 0x00 (25 Ohm)
[   4.97] I (226) hex_psram: dev id       : 0x03 (generation 4)
[   4.97] I (231) hex_psram: density      : 0x07 (256 Mbit)
[   4.97] I (235) hex_psram: good-die     : 0x06 (Pass)
[   4.97] I (239) hex_psram: SRF          : 0x02 (Slow Refresh)
[   4.97] I (244) hex_psram: BurstType    : 0x00 ( Wrap)
[   4.97] I (248) hex_psram: BurstLen     : 0x03 (2048 Byte)
[   4.97] I (253) hex_psram: BitMode      : 0x01 (X16 Mode)
[   4.97] I (257) hex_psram: Readlatency  : 0x04 (14 cycles@Fixed)
[   4.97] I (262) hex_psram: DriveStrength: 0x00 (1/1)
[   4.97] I (266) MSPI Timing: Enter psram timing tuning
[   4.97] I esp_psram: Found 32MB PSRAM device
[   4.97] I esp_psram: Speed: 200MHz
[   4.97] I (458) mmu_psram: .rodata xip on psram
[   4.97] I (505) mmu_psram: .text xip on psram
[   4.97] I (505) hex_psram: psram CS IO is dedicated
[   4.97] I (506) cpu_start: Multicore app
[   5.49] I (966) esp_psram: SPI SRAM memory test OK
[   5.76] I (976) cpu_start: GPIO 38 and 37 are used as console UART I/O pins
[   5.76] I (976) cpu_start: Pro cpu start user code
[   5.76] I (976) cpu_start: cpu freq: 400000000 Hz
[   5.76] I (978) app_init: Application information:
[   5.76] I (982) app_init: Project name:     fnos_monitor
[   5.76] I (986) app_init: App version:      0.1.0
[   5.76] I (990) app_init: Compile time:     Sep 28 2026 01:33:50
[   5.76] I (995) app_init: ELF file SHA256:  e8bfeefa3...
[   5.76] I (999) app_init: ESP-IDF:          5.5.3
[   5.76] I (1003) efuse_init: Min chip rev:     v3.0
[   5.76] I (1007) efuse_init: Max chip rev:     v3.99 
[   5.76] I (1011) efuse_init: Chip rev:         v3.2
[   5.76] I (1015) heap_init: Initializing. RAM available for dynamic allocation:
[   5.76] I (1021) heap_init: At 4FF5FE30 len 0005B190 (364 KiB): RETENT_RAM
[   5.76] I (1027) heap_init: At 4FFBAFC0 len 00004BF0 (18 KiB): RAM
[   5.76] I (1032) heap_init: At 501080D8 len 00000028 (0 KiB): RTCRAM
[   5.76] I (1038) heap_init: At 501081A0 len 00007E60 (31 KiB): RTCRAM
[   5.76] I (1043) heap_init: At 30100198 len 00001E68 (7 KiB): TCM
[   5.76] I (1048) esp_psram: Adding pool of 31215K of PSRAM memory to heap allocator
[   5.76] I (1055) esp_psram: Adding pool of 25K of PSRAM memory gap generated due to end address alignment of irom to the heap allocator
[   5.76] I (1066) esp_psram: Adding pool of 29K of PSRAM memory gap generated due to end address alignment of drom to the heap allocator
[   5.76] I (1077) spi_flash: detected chip: gd
[   5.76] I (1081) spi_flash: flash io: qio
[   5.76] I (1084) host_init: ESP Hosted : Host chip_ip[18]
[   5.76] I (1088) H_API: ESP-Hosted starting. Hosted_Tasks: prio:23, stack: 5120 RPC_task_stack: 5120
[   5.76] sdio_mempool_create free:32417488 min-free:32417488 lfb-def:31457280 lfb-8bit:31457280
[   5.76] 
[   5.76] I (1104) H_API: ** add_esp_wifi_remote_channels **
[   5.76] I (1109) transport: Add ESP-Hosted channel IF[1]: S[0] Tx[0x4800c538] Rx[0x4801bd10]
[   5.76] I (1116) transport: Add ESP-Hosted channel IF[2]: S[0] Tx[0x4800c480] Rx[0x4801bd10]
[   5.76] I (1124) sleep_gpio: Configure to isolate all GPIO pins in sleep state
[   5.76] I (1130) sleep_gpio: Enable automatic switching of GPIO sleep configuration
[   5.76] I (1137) main_task: Started on CPU0
[   5.76] I (1141) main_task: Calling app_main()
[   5.76] I (1147) main: fnOS NAS dashboard booting (agent http://192.168.0.119:8799)
[   5.76] I (1150) main: heap boot           internal=357KB largest=296KB dma=319KB psram=31265KB
[   5.76] I (1159) transport: Attempt connection with slave: retry[0]
[   5.76] I (1163) transport: Reset slave using GPIO[54]
[   5.76] I (1167) os_wrapper_esp: GPIO [54] configured
[   6.81] I (2337) sdio_wrapper: SDIO master: Data-Lines: 4-bit Freq(KHz)[40000 KHz]
[   6.81] I (2337) sdio_wrapper: GPIOs: CLK[18] CMD[19] D0[14] D1[15] D2[16] D3[17] Slave_Reset[54]
[   6.81] I (2337) H_SDIO_DRV: Starting SDIO process rx task
[   6.81] I (2340) sdio_wrapper: Queues: Tx[20] Rx[20] SDIO-Rx-Mode[1]
[   7.09] Name: 
[   7.09] Type: SDIO
[   7.09] Speed: 40.00 MHz (limit: 40.00 MHz)
[   7.09] Size: 0MB
[   7.09] CSD: ver=1, sector_size=0, capacity=0 read_bl_len=0
[   7.09] SCR: sd_spec=0, bus_width=0
[   7.09] TUPLE: DEVICE, size: 3: D9 01 FF 
[   7.09] TUPLE: MANFID, size: 4
[   7.09]   MANF: 0092, CARD: 6666
[   7.09] TUPLE: FUNCID, size: 2: 0C 00 
[   7.09] TUPLE: FUNCE, size: 4: 00 00 02 32 
[   7.09] TUPLE: CONFIG, size: 5: 01 01 00 02 07 
[   7.09] TUPLE: CFTABLE_ENTRY, size: 8
[   7.09]   INDX: C1, Intface: 1, Default: 1, Conf-Entry-Num: 1
[   7.09]   IF: 41
[   7.09]   FS: 30, misc: 0, mem_space: 1, irq: 1, io_space: 0, timing: 0, power: 0
[   7.09]   IR: 30, mask: 1,   IRQ: FF FF
[   7.09]   LEN: FFFF
[   7.09] TUPLE: END
[   7.09] I (2423) sdio_wrapper: Function 0 Blocksize: 512
[   7.09] I (2427) sdio_wrapper: Function 1 Blocksize: 512
[   7.09] I (2431) H_SDIO_DRV: SDIO Host operating in STREAMING MODE
[   7.09] I (2436) H_SDIO_DRV: generate slave intr
[   7.09] I (2450) transport: Received INIT event from ESP32 peripheral
[   7.09] I (2450) transport: EVENT: 12
[   7.09] I (2450) transport: EVENT: 11
[   7.09] I (2451) transport: capabilities: 0xd
[   7.09] I (2454) transport: Features supported are:
[   7.09] I (2458) transport: 	 * WLAN
[   7.09] I (2461) transport: 	   - HCI over SDIO
[   7.09] I (2464) transport: 	   - BLE only
[   7.09] I (2467) transport: EVENT: 13
[   7.09] I (2470) transport: ESP board type is : 13 
[   7.09] 
[   7.09] I (2474) transport: Base transport is set-up
[   7.09] 
[   7.09] I (2478) transport: Slave chip Id[12]
[   7.09] I (2482) hci_stub_drv: Host BT Support: Disabled
[   7.09] I (2486) H_SDIO_DRV: Received INIT event
[   8.20] I (3491) fnos_net: wifi station started; awaiting ip
[   8.20] I (3492) esp_lvgl:adapter: LVGL adapter initialized successfully
[   8.20] W (3492) ledc: GPIO 32 is not usable, maybe conflict with others
[   8.20] I (3496) ESP32_P4_EV: MIPI DSI PHY Powered on
[   8.20] I (3502) ESP32_P4_EV: Install MIPI DSI LCD control panel
[   8.20] I (3505) ESP32_P4_EV: Install EK79007 LCD control panel
[   8.20] I (3510) ek79007: version: 2.0.2
[   8.20] I (3512) H_API: esp_wifi_remote_connect
[   8.47] I (3688) ESP32_P4_EV: Display initialized
[   8.47] I (3689) esp_lvgl:bridge_v9: Initializing hardware resources
[   8.47] I (3689) esp_lvgl:bridge_v9: Hardware resources initialized successfully
[   8.47] I (3692) esp_lvgl:bridge: Initializing hardware resources
[   8.47] I (3697) esp_lvgl:bridge: Hardware resources initialized successfully
[   8.47] W (3703) esp_lvgl:bridge_v9: on_frame_buf_complete unavailable; buffer-switch release and dummy-draw may not function on MIPI DSI
[   8.47] I (3715) ESP32_P4_EV: Touch 0x5d found
[   8.47] I (3718) GT911: I2C address initialization procedure skipped - using default GT9xx setup
[   8.47] I (3726) GT911: TouchPad_ID:0x39,0x31,0x31
[   8.47] I (3730) GT911: TouchPad_Config_Version:91
[   8.47] W (3734) esp_lvgl:touch: LV_USE_GESTURE_RECOGNITION is disabled; only single-point pointer events are available
[   8.47] I (3743) esp_lvgl:touch: Touch input device registered successfully (IRQ mode: disabled)
[   8.47] I (3752) esp_lvgl:adapter: LVGL task started successfully
[   8.47] I (3756) ESP32_P4_EV: Setting LCD backlight: 100%
[   8.47] I (3761) ESP32_P4_EV: Setting LCD backlight: 45%
[   8.47] I (3765) main: heap display        internal=237KB largest=196KB dma=199KB psram=27623KB
[   8.74] I (3976) fnos_view: dashboard v2 created (4 pages, 180 s window)
[   8.74] W (3977) main: VERIFY MODE: auto page every 10 s
[   8.74] I (3977) main: heap ui             internal=237KB largest=196KB dma=199KB psram=27531KB
[   8.74] I (3983) fnos_data: polling http://192.168.0.119:8799/api/v1/status every 1000 ms
[   8.74] I (3990) main: heap polling        internal=236KB largest=196KB dma=198KB psram=27517KB
[   8.74] I (3998) ESP32_P4_EV: Setting LCD backlight: 45%
[   8.74] I (4002) main: backlight 45% (day)
[   8.74] I (4006) main: boot complete
[   8.74] I (4008) main_task: Returned from app_main()
[   8.95] I (4476) uidbg: unit0 x=85 y=57 w=0 h=22 style_x=85 style_y=57 hidden=0 text='' par_w=209
[   8.95] I (4476) uidbg: val0 x=18 y=32 w=42 h=52 text='--'
[   8.95] I (4477) uidbg: geom cpu_bar w=760 h=44  mem_bar w=760 h=44  mbar0 w=2  seg0 w=0
[   9.35] 
[   9.35] assert failed: heap_caps_get_allocated_size heap_caps.c:466 (heap)
[   9.35] Core  1 register dump:
[   9.35] MEPC    : 0x4ff4ba4e  RA      : 0x4ff4b55a  SP      : 0x480fd2b0  GP      : 0x4ff58680  
[   9.35] TP      : 0x480fd600  T0      : 0x37363534  T1      : 0x7271706f  T2      : 0x33323130  
[   9.35] S0/FP   : 0x00000085  S1      : 0x00000001  A0      : 0x480fd2ec  A1      : 0x4ff5a501  
[   9.35] A2      : 0x00000001  A3      : 0x00000029  A4      : 0x00000001  A5      : 0x4ff60000  
[   9.35] A6      : 0x0000000c  A7      : 0x76757473  S2      : 0x00000009  S3      : 0x480fd402  
[   9.35] S4      : 0x4ff5a500  S5      : 0x4ff60000  S6      : 0x00000002  S7      : 0x00000034  
[   9.35] S8      : 0x00000016  S9      : 0x00000000  S10     : 0x00000000  S11     : 0x00000000  
[   9.35] T3      : 0x6e6d6c6b  T4      : 0x6a696867  T5      : 0x66656463  T6      : 0x62613938  
[   9.35] MSTATUS : 0x00011881  MTVEC   : 0x4ff40003  MCAUSE  : 0x00000002  MTVAL   : 0x00000000  
[   9.35] MHARTID : 0x00000001  
[   9.35] 
[   9.35] Stack memory:
[   9.35] 480fd2b0: 0x48053cb2 0x00000000 0x48127b58 0x4ff5585e 0x4ff5b13c 0x48127b58 0x4ff5b120 0x4810270a
[   9.35] 480fd2d0: 0x4ff5b14c 0x480fd2e4 0x4ff5b150 0x48102718 0x4ff5a500 0x00363634 0x48509750 0x65737361
[   9.35] 480fd2f0: 0x66207472 0x656c6961 0x68203a64 0x5f706165 0x73706163 0x7465675f 0x6c6c615f 0x7461636f
[   9.35] 480fd310: 0x735f6465 0x20657a69 0x70616568 0x7061635f 0x3a632e73 0x20363634 0x61656828 0x4f002970
[   9.35] 480fd330: 0x00000002 0x4ff60000 0x48509750 0x0000003c 0x0000004c 0x4ff60000 0x4ff605fc 0x4ff538fe
[   9.35] 480fd350: 0x0000004c 0x4851cea8 0x48184368 0x4ff53898 0x0000004c 0x4851cee8 0x4851cea8 0x4ff40ac6
[   9.35] 480fd370: 0x00000002 0x00000404 0x4851cea8 0x4801bf70 0x00000000 0x0000000c 0x0000000c 0x480639d0
[   9.35] 480fd390: 0x00000001 0x00000013 0x4817ddc0 0x48056f3a 0x00000042 0x4850b6d4 0x4817ddc0 0x4807bc94
[   9.35] 480fd3b0: 0x00000042 0x00000000 0x00000000 0x48000000 0x00000001 0x4850b6d4 0x48509750 0x48126000
[   9.35] 480fd3d0: 0x00000001 0x48056f1c 0x00000014 0x48002752 0x00000001 0x4817dad0 0x3fffffff 0x4801be94
[   9.35] 480fd3f0: 0x00000001 0x48125d98 0x4850b6d4 0x4801beec 0x0000002c 0x48125d98 0x4850cdf8 0x48056f1c
[   9.35] 480fd410: 0x00000016 0x00000000 0x4850b6d4 0x48062bde 0x00000000 0x00000000 0x00000000 0x48062cb8
[   9.35] 480fd430: 0x00011881 0x4ff40003 0x00000049 0x4802250e 0x48519de8 0x0000000b 0x48183970 0x4801f41e
[   9.35] 480fd450: 0x00000000 0x4810e0f4 0x0000002c 0x000002f8 0x0000002c 0x480ffcb4 0x0022c55e 0x48039e3a
[   9.35] 480fd470: 0x0000002c 0x4ff60000 0x0022c55e 0x0022c55e 0x00000001 0x00000000 0x00000046 0x0022c55e
[   9.35] 480fd490: 0x0000225f 0x48184000 0x0022c55e 0x4801ee22 0xe589ade7 0x95e685be 0xae8de6b0 0xe98787e9
[   9.35] 480fd4b0: 0x3120869b 0x312e3239 0x302e3836 0x3931312e 0x48432036 0x534b4345 0xaab8e400 0xe6b095e6
[   9.35] 480fd4d0: 0xb8e5ae8d 0xb09500a7 0xe5ae8de6 0x3700a7b8 0x20203939 0x20a097e6 0x4f005049 0x4ff4c5a6
[   9.35] 480fd4f0: 0x0000002c 0x480fd52c 0x4810e3cc 0x00000000 0x00000000 0x00000000 0x0000117c 0x00000000
[   9.35] 480fd510: 0x00000000 0x00000000 0x00000016 0x00000034 0x00000002 0x00000003 0x0000002c 0x000002f8
[   9.35] 480fd530: 0x0000002c 0x000002f8 0x0000117d 0x480209c8 0x0000002c 0x00000002 0x00000000 0x00000000
[   9.35] 480fd550: 0x4850ad58 0x000000d1 0x4ffbf10c 0x4ff4cb00 0x00000001 0x00000004 0x00000000 0x00000039
[   9.35] 480fd570: 0x00000000 0x00000000 0x00000000 0x00000000 0x00000000 0x00000000 0x00000000 0x00000000
[   9.35] 480fd590: 0x000003d8 0xffffffff 0x4851cca4 0x480566ee 0x00000000 0x480fa638 0x4851cca4 0x480567ca
[   9.35] 480fd5b0: 0x00000000 0x00000000 0x0000000f 0x480258fe 0x00000000 0x00000000 0x00000000 0x4ff4cd88
[   9.35] 480fd5d0: 0x00000000 0x00000000 0x00000000 0x00000000 0x00000000 0x00000000 0x00000000 0x00000000
[   9.35] 480fd5f0: 0x00000000 0xa5a5a5a5 0xa5a5a5a5 0xa5a5a5a5 0x30100000 0x00000144 0x501157b7 0x15c7a703
[   9.35] 480fd610: 0x010006b7 0xae238f55 0x17b714e7 0x43b85011 0x100006b7 0xa5a5a5a5 0xa5a5a5a5 0xa5a5a5a5
[   9.35] 480fd630: 0x00000001 0x480fa660 0x480fa660 0x00000000 0x00000000 0x00000000 0xa5a5a5a5 0xa5a5a5a5
[   9.35] 480fd650: 0xa5a5a5a5 0xa5a5a5a5 0xa5a5a5a5 0xa5a5a5a5 0x00000020 0x4817eab0 0x01000000 0x4817deec
[   9.35] 480fd670: 0x08010100 0x4817dee0 0x08010000 0x4817ded4 0x08000000 0x0000000c 0x480fd878 0x40054051
[   9.63] 480fd690: 0x0000000d 0x0000000c 0x000e1114 0x000000ff 0x480f4849 0x00000038 0x4816a770 0x4817ea74
[   9.63] 
[   9.63] 
[   9.63] 
[   9.63] ELF file SHA256: e8bfeefa3
[   9.63] 
[   9.63] Rebooting...
[   9.63] ESP-ROM:esp32p4-eco7-20260109
[   9.63] Build:Jan  9 2026
[   9.63] rst:0xc (SW_CPU_RESET),boot:0xf (SPI_FAST_FLASH_BOOT)
[   9.63] Core0 Saved PC:0x4ff44798
[   9.63] Core1 Saved PC:0x4ff4467c
[   9.63] SPI mode:DIO, clock div:1
[   9.63] load:0x4ffb60d0,len:0x11f0
[   9.63] load:0x4ffac2c0,len:0xd5c
[   9.63] load:0x4ffaefc0,len:0x3408
[   9.63] entry 0x4ffac2c0
[   9.87] I (225) hex_psram: vendor id    : 0x0d (AP)
[   9.87] I (225) hex_psram: Latency      : 0x01 (Fixed)
[   9.87] I (226) hex_psram: DriveStr.    : 0x00 (25 Ohm)
[   9.87] I (226) hex_psram: dev id       : 0x03 (generation 4)
[   9.87] I (231) hex_psram: density      : 0x07 (256 Mbit)
[   9.87] I (235) hex_psram: good-die     : 0x06 (Pass)
[   9.87] I (239) hex_psram: SRF          : 0x02 (Slow Refresh)
[   9.87] I (244) hex_psram: BurstType    : 0x00 ( Wrap)
[   9.87] I (248) hex_psram: BurstLen     : 0x03 (2048 Byte)
[   9.87] I (253) hex_psram: BitMode      : 0x01 (X16 Mode)
[   9.87] I (257) hex_psram: Readlatency  : 0x04 (14 cycles@Fixed)
[   9.87] I (262) hex_psram: DriveStrength: 0x00 (1/1)
[   9.87] I (266) MSPI Timing: Enter psram timing tuning
[   9.87] I esp_psram: Found 32MB PSRAM device
[   9.87] I esp_psram: Speed: 200MHz
[   9.87] I (458) mmu_psram: .rodata xip on psram
[   9.87] I (505) mmu_psram: .text xip on psram
[   9.87] I (505) hex_psram: psram CS IO is dedicated
[   9.87] I (506) cpu_start: Multicore app
[  10.34] I (966) esp_psram: SPI SRAM memory test OK
[  10.57] I (976) cpu_start: GPIO 38 and 37 are used as console UART I/O pins
[  10.57] I (976) cpu_start: Pro cpu start user code
[  10.57] I (976) cpu_start: cpu freq: 400000000 Hz
[  10.57] I (978) app_init: Application information:
[  10.57] I (982) app_init: Project name:     fnos_monitor
[  10.57] I (986) app_init: App version:      0.1.0
[  10.57] I (990) app_init: Compile time:     Sep 28 2026 01:33:50
[  10.57] I (995) app_init: ELF file SHA256:  e8bfeefa3...
[  10.57] I (999) app_init: ESP-IDF:          5.5.3
[  10.57] I (1003) efuse_init: Min chip rev:     v3.0
[  10.57] I (1007) efuse_init: Max chip rev:     v3.99 
[  10.57] I (1011) efuse_init: Chip rev:         v3.2
[  10.57] I (1015) heap_init: Initializing. RAM available for dynamic allocation:
[  10.57] I (1021) heap_init: At 4FF5FE30 len 0005B190 (364 KiB): RETENT_RAM
[  10.57] I (1027) heap_init: At 4FFBAFC0 len 00004BF0 (18 KiB): RAM
[  10.57] I (1032) heap_init: At 501080D8 len 00000028 (0 KiB): RTCRAM
[  10.57] I (1038) heap_init: At 501081A0 len 00007E60 (31 KiB): RTCRAM
[  10.57] I (1043) heap_init: At 30100198 len 00001E68 (7 KiB): TCM
[  10.57] I (1048) esp_psram: Adding pool of 31215K of PSRAM memory to heap allocator
[  10.57] I (1055) esp_psram: Adding pool of 25K of PSRAM memory gap generated due to end address alignment of irom to the heap allocator
[  10.57] I (1066) esp_psram: Adding pool of 29K of PSRAM memory gap generated due to end address alignment of drom to the heap allocator
[  10.57] I (1077) spi_flash: detected chip: gd
[  10.57] I (1081) spi_flash: flash io: qio
[  10.57] I (1084) host_init: ESP Hosted : Host chip_ip[18]
[  10.57] I (1088) H_API: ESP-Hosted starting. Hosted_Tasks: prio:23, stack: 5120 RPC_task_stack: 5120
[  10.57] sdio_mempool_create free:32417488 min-free:32417488 lfb-def:31457280 lfb-8bit:31457280
[  10.57] 
[  10.57] I (1104) H_API: ** add_esp_wifi_remote_channels **
[  10.57] I (1109) transport: Add ESP-Hosted channel IF[1]: S[0] Tx[0x4800c538] Rx[0x4801bd10]
[  10.57] I (1116) transport: Add ESP-Hosted channel IF[2]: S[0] Tx[0x4800c480] Rx[0x4801bd10]
[  10.57] I (1124) sleep_gpio: Configure to isolate all GPIO pins in sleep state
[  10.57] I (1130) sleep_gpio: Enable automatic switching of GPIO sleep configuration
[  10.57] I (1137) main_task: Started on CPU0
[  10.57] I (1141) main_task: Calling app_main()
[  10.57] I (1147) main: fnOS NAS dashboard booting (agent http://192.168.0.119:8799)
[  10.57] I (1150) main: heap boot           internal=357KB largest=296KB dma=319KB psram=31265KB
[  10.57] I (1159) transport: Attempt connection with slave: retry[0]
[  10.57] I (1163) transport: Reset slave using GPIO[54]
[  10.57] I (1167) os_wrapper_esp: GPIO [54] configured
[  11.94] I (2337) sdio_wrapper: SDIO master: Data-Lines: 4-bit Freq(KHz)[40000 KHz]
[  11.94] I (2337) sdio_wrapper: GPIOs: CLK[18] CMD[19] D0[14] D1[15] D2[16] D3[17] Slave_Reset[54]
[  11.94] I (2337) H_SDIO_DRV: Starting SDIO process rx task
[  11.94] I (2340) sdio_wrapper: Queues: Tx[20] Rx[20] SDIO-Rx-Mode[1]
[  11.94] Name: 
[  11.94] Type: SDIO
[  11.94] Speed: 40.00 MHz (limit: 40.00 MHz)
[  11.95] Size: 0MB
[  11.95] CSD: ver=1, sector_size=0, capacity=0 read_bl_len=0
[  11.95] SCR: sd_spec=0, bus_width=0
[  11.95] TUPLE: DEVICE, size: 3: D9 01 FF 
[  11.95] TUPLE: MANFID, size: 4
[  11.95]   MANF: 0092, CARD: 6666
[  11.95] TUPLE: FUNCID, size: 2: 0C 00 
[  11.95] TUPLE: FUNCE, size: 4: 00 00 02 32 
[  11.95] TUPLE: CONFIG, size: 5: 01 01 00 02 07 
[  11.95] TUPLE: CFTABLE_ENTRY, size: 8
[  11.95]   INDX: C1, Intface: 1, Default: 1, Conf-Entry-Num: 1
[  11.95]   IF: 41
[  11.95]   FS: 30, misc: 0, mem_space: 1, irq: 1, io_space: 0, timing: 0, power: 0
[  11.95]   IR: 30, mask: 1,   IRQ: FF FF
[  11.95]   LEN: FFFF
[  11.95] TUPLE: END
[  11.95] I (2423) sdio_wrapper: Function 0 Blocksize: 512
[  11.95] I (2427) sdio_wrapper: Function 1 Blocksize: 512
[  11.95] I (2431) H_SDIO_DRV: SDIO Host operating in STREAMING MODE
[  11.95] I (2436) H_SDIO_DRV: generate slave intr
[  11.95] I (2450) transport: Received INIT event from ESP32 peripheral
[  11.95] I (2450) transport: EVENT: 12
[  11.95] I (2450) transport: EVENT: 11
[  11.95] I (2451) transport: capabilities: 0xd
[  11.95] I (2454) transport: Features supported are:
[  11.95] I (2458) transport: 	 * WLAN
[  11.95] I (2461) transport: 	   - HCI over SDIO
[  11.95] I (2464) transport: 	   - BLE only
[  11.95] I (2467) transport: EVENT: 13
[  11.95] I (2470) transport: ESP board type is : 13 
[  11.95] 
[  11.95] I (2474) transport: Base transport is set-up
[  11.95] 
[  11.95] I (2478) transport: Slave chip Id[12]
[  11.95] I (2482) hci_stub_drv: Host BT Support: Disabled
[  11.95] I (2486) H_SDIO_DRV: Received INIT event
[  13.05] I (3491) fnos_net: wifi station started; awaiting ip
[  13.05] I (3492) esp_lvgl:adapter: LVGL adapter initialized successfully
[  13.05] W (3492) ledc: GPIO 32 is not usable, maybe conflict with others
[  13.05] I (3496) ESP32_P4_EV: MIPI DSI PHY Powered on
[  13.05] I (3502) ESP32_P4_EV: Install MIPI DSI LCD control panel
[  13.05] I (3506) ESP32_P4_EV: Install EK79007 LCD control panel
[  13.05] I (3511) ek79007: version: 2.0.2
[  13.05] I (3512) H_API: esp_wifi_remote_connect
[  13.29] I (3688) ESP32_P4_EV: Display initialized
[  13.29] I (3689) esp_lvgl:bridge_v9: Initializing hardware resources
[  13.29] I (3689) esp_lvgl:bridge_v9: Hardware resources initialized successfully
[  13.29] I (3692) esp_lvgl:bridge: Initializing hardware resources
[  13.29] I (3697) esp_lvgl:bridge: Hardware resources initialized successfully
[  13.29] W (3703) esp_lvgl:bridge_v9: on_frame_buf_complete unavailable; buffer-switch release and dummy-draw may not function on MIPI DSI
[  13.29] I (3715) ESP32_P4_EV: Touch 0x5d found
[  13.29] I (3718) GT911: I2C address initialization procedure skipped - using default GT9xx setup
[  13.29] I (3726) GT911: TouchPad_ID:0x39,0x31,0x31
[  13.29] I (3730) GT911: TouchPad_Config_Version:91
[  13.29] W (3734) esp_lvgl:touch: LV_USE_GESTURE_RECOGNITION is disabled; only single-point pointer events are available
[  13.29] I (3743) esp_lvgl:touch: Touch input device registered successfully (IRQ mode: disabled)
[  13.29] I (3752) esp_lvgl:adapter: LVGL task started successfully
[  13.29] I (3756) ESP32_P4_EV: Setting LCD backlight: 100%
[  13.29] I (3761) ESP32_P4_EV: Setting LCD backlight: 45%
[  13.29] I (3765) main: heap display        internal=237KB largest=196KB dma=199KB psram=27623KB
[  13.55] I (3976) fnos_view: dashboard v2 created (4 pages, 180 s window)
[  13.55] W (3977) main: VERIFY MODE: auto page every 10 s
[  13.55] I (3977) main: heap ui             internal=237KB largest=196KB dma=199KB psram=27531KB
[  13.55] I (3983) fnos_data: polling http://192.168.0.119:8799/api/v1/status every 1000 ms
[  13.55] I (3990) main: heap polling        internal=236KB largest=196KB dma=198KB psram=27517KB
[  13.55] I (3998) ESP32_P4_EV: Setting LCD backlight: 45%
[  13.55] I (4002) main: backlight 45% (day)
[  13.55] I (4006) main: boot complete
[  13.55] I (4008) main_task: Returned from app_main()
[  14.10] I (4476) uidbg: unit0 x=85 y=57 w=0 h=22 style_x=85 style_y=57 hidden=0 text='' par_w=209
[  14.10] I (4476) uidbg: val0 x=18 y=32 w=42 h=52 text='--'
[  14.10] I (4477) uidbg: geom cpu_bar w=760 h=44  mem_bar w=760 h=44  mbar0 w=2  seg0 w=0
[  14.25] 
[  14.25] assert failed: heap_caps_get_allocated_size heap_caps.c:466 (heap)
[  14.25] Core  1 register dump:
[  14.25] MEPC    : 0x4ff4ba4e  RA      : 0x4ff4b55a  SP      : 0x480fd2b0  GP      : 0x4ff58680  
[  14.25] TP      : 0x480fd600  T0      : 0x37363534  T1      : 0x7271706f  T2      : 0x33323130  
[  14.25] S0/FP   : 0x00000085  S1      : 0x00000001  A0      : 0x480fd2ec  A1      : 0x4ff5a501  
[  14.25] A2      : 0x00000001  A3      : 0x00000029  A4      : 0x00000001  A5      : 0x4ff60000  
[  14.25] A6      : 0x0000000c  A7      : 0x76757473  S2      : 0x00000009  S3      : 0x480fd402  
[  14.25] S4      : 0x4ff5a500  S5      : 0x4ff60000  S6      : 0x00000002  S7      : 0x00000034  
[  14.25] S8      : 0x00000016  S9      : 0x00000000  S10     : 0x00000000  S11     : 0x00000000  
[  14.25] T3      : 0x6e6d6c6b  T4      : 0x6a696867  T5      : 0x66656463  T6      : 0x62613938  
[  14.25] MSTATUS : 0x00011881  MTVEC   : 0x4ff40003  MCAUSE  : 0x00000002  MTVAL   : 0x00000000  
[  14.25] MHARTID : 0x00000001  
[  14.25] 
[  14.25] Stack memory:
[  14.25] 480fd2b0: 0x480ffd10 0x480fdb50 0x48127b58 0x4ff5585e 0x4ff5b13c 0x48127b58 0x4ff5b120 0x4810270a
[  14.25] 480fd2d0: 0x4ff5b14c 0x480fd2e4 0x4ff5b150 0x48102718 0x4ff5a500 0x00363634 0x48509750 0x65737361
[  14.25] 480fd2f0: 0x66207472 0x656c6961 0x68203a64 0x5f706165 0x73706163 0x7465675f 0x6c6c615f 0x7461636f
[  14.25] 480fd310: 0x735f6465 0x20657a69 0x70616568 0x7061635f 0x3a632e73 0x20363634 0x61656828 0x4f002970
[  14.25] 480fd330: 0x00000002 0x4ff60000 0x48509750 0x0000003c 0x0000004c 0x4ff60000 0x4ff605fc 0x4ff538fe
[  14.25] 480fd350: 0x0000004c 0x4851cea8 0x48184368 0x4ff53898 0x0000004c 0x4851cee8 0x4851cea8 0x4ff40ac6
[  14.25] 480fd370: 0x00000002 0x00000404 0x4851cea8 0x4801bf70 0x00000000 0x0000000c 0x0000000c 0x480639d0
[  14.25] 480fd390: 0x00000001 0x00000013 0x4817ddc0 0x48056f3a 0x00000042 0x4850b6d4 0x4817ddc0 0x4807bc94
[  14.25] 480fd3b0: 0x00000042 0x00000000 0x00000000 0x48000000 0x00000001 0x4850b6d4 0x48509750 0x48126000
[  14.25] 480fd3d0: 0x00000001 0x48056f1c 0x00000014 0x48002752 0x00000001 0x4817dad0 0x3fffffff 0x4801be94
[  14.25] 480fd3f0: 0x00000001 0x48125d98 0x4850b6d4 0x4801beec 0x0000002c 0x48125d98 0x4850cdf8 0x48056f1c
[  14.25] 480fd410: 0x00000016 0x00000000 0x4850b6d4 0x48062bde 0x00000000 0x00000000 0x00000000 0x48062cb8
[  14.25] 480fd430: 0x00011881 0x4ff40003 0x00000049 0x4802250e 0x48519de8 0x0000000b 0x48183970 0x4801f41e
[  14.25] 480fd450: 0x00000000 0x4810e0f4 0x0000002c 0x000002f8 0x0000002c 0x480ffcb4 0x0022c55e 0x48039e3a
[  14.25] 480fd470: 0x0000002c 0x4ff60000 0x0022c55e 0x0022c55e 0x00000001 0x00000000 0x00000046 0x0022c55e
[  14.25] 480fd490: 0x0000225f 0x48184000 0x0022c55e 0x4801ee22 0xe589ade7 0x95e685be 0xae8de6b0 0xe98787e9
[  14.25] 480fd4b0: 0x3120869b 0x312e3239 0x302e3836 0x3931312e 0x48432036 0x534b4345 0xaab8e400 0xe6b095e6
[  14.25] 480fd4d0: 0xb8e5ae8d 0xb09500a7 0xe5ae8de6 0x3700a7b8 0x20203939 0x20a097e6 0x4f005049 0x4ff4c5a6
[  14.25] 480fd4f0: 0x0000002c 0x480fd52c 0x4810e3cc 0x00000000 0x00000000 0x00000000 0x0000117c 0x00000000
[  14.25] 480fd510: 0x00000000 0x00000000 0x00000016 0x00000034 0x00000002 0x00000003 0x0000002c 0x000002f8
[  14.25] 480fd530: 0x0000002c 0x000002f8 0x0000117d 0x480209c8 0x0000002c 0x00000002 0x00000000 0x00000000
[  14.25] 480fd550: 0x4850ad58 0x000000d1 0x4ffbf10c 0x4ff4cb00 0x00000001 0x00000004 0x00000000 0x00000039
[  14.25] 480fd570: 0x00000000 0x00000000 0x00000000 0x00000000 0x00000000 0x00000000 0x00000000 0x00000000
[  14.25] 480fd590: 0x000003d8 0xffffffff 0x4851cca4 0x480566ee 0x00000000 0x480fa638 0x4851cca4 0x480567ca
[  14.25] 480fd5b0: 0x00000000 0x00000000 0x0000000f 0x480258fe 0x00000000 0x00000000 0x00000000 0x4ff4cd88
[  14.25] 480fd5d0: 0x00000000 0x00000000 0x00000000 0x00000000 0x00000000 0x00000000 0x00000000 0x00000000
[  14.25] 480fd5f0: 0x00000000 0xa5a5a5a5 0xa5a5a5a5 0xa5a5a5a5 0x30100000 0x00000144 0x501157b7 0x15c7a703
[  14.25] 480fd610: 0x010006b7 0xae238f55 0x17b714e7 0x43b85011 0x100006b7 0xa5a5a5a5 0xa5a5a5a5 0xa5a5a5a5
[  14.25] 480fd630: 0x00000001 0x480fa660 0x480fa660 0x00000000 0x00000000 0x00000000 0xa5a5a5a5 0xa5a5a5a5
[  14.25] 480fd650: 0xa5a5a5a5 0xa5a5a5a5 0xa5a5a5a5 0xa5a5a5a5 0x00000020 0x4817eab0 0x01000000 0x4817deec
[  14.25] 480fd670: 0x08010100 0x4817dee0 0x08010000 0x4817ded4 0x08000000 0x0000000c 0x480fd878 0x40054051
[  14.53] 480fd690: 0x0000000d 0x0000000c 0x000e1114 0x000000ff 0x480f4849 0x00000038 0x4816a770 0x4817ea74
[  14.53] 
[  14.53] 
[  14.53] 
[  14.53] ELF file SHA256: e8bfeefa3
[  14.53] 
[  14.53] Rebooting...
[  14.53] ESP-ROM:esp32p4-eco7-20260109
[  14.53] Build:Jan  9 2026
[  14.53] rst:0xc (SW_CPU_RESET),boot:0xf (SPI_FAST_FLASH_BOOT)
[  14.53] Core0 Saved PC:0x4ff44798
[  14.53] Core1 Saved PC:0x4ff4467c
[  14.53] SPI mode:DIO, clock div:1
[  14.53] load:0x4ffb60d0,len:0x11f0
[  14.53] load:0x4ffac2c0,len:0xd5c
[  14.53] load:0x4ffaefc0,len:0x3408
[  14.53] entry 0x4ffac2c0
[  14.76] I (225) hex_psram: vendor id    : 0x0d (AP)
[  14.76] I (225) hex_psram: Latency      : 0x01 (Fixed)
[  14.76] I (226) hex_psram: DriveStr.    : 0x00 (25 Ohm)
[  14.76] I (226) hex_psram: dev id       : 0x03 (generation 4)
[  14.76] I (231) hex_psram: density      : 0x07 (256 Mbit)
[  14.76] I (235) hex_psram: good-die     : 0x06 (Pass)
[  14.76] I (239) hex_psram: SRF          : 0x02 (Slow Refresh)
[  14.76] I (244) hex_psram: BurstType    : 0x00 ( Wrap)
[  14.76] I (248) hex_psram: BurstLen     : 0x03 (2048 Byte)
[  14.76] I (253) hex_psram: BitMode      : 0x01 (X16 Mode)
[  14.76] I (257) hex_psram: Readlatency  : 0x04 (14 cycles@Fixed)
[  14.76] I (262) hex_psram: DriveStrength: 0x00 (1/1)
[  14.76] I (266) MSPI Timing: Enter psram timing tuning
[  14.76] I esp_psram: Found 32MB PSRAM device
[  14.76] I esp_psram: Speed: 200MHz
[  14.76] I (458) mmu_psram: .rodata xip on psram
[  14.76] I (505) mmu_psram: .text xip on psram
[  14.76] I (505) hex_psram: psram CS IO is dedicated
[  14.76] I (506) cpu_start: Multicore app
[  15.28] I (966) esp_psram: SPI SRAM memory test OK
[  15.54] I (976) cpu_start: GPIO 38 and 37 are used as console UART I/O pins
[  15.54] I (976) cpu_start: Pro cpu start user code
[  15.54] I (976) cpu_start: cpu freq: 400000000 Hz
[  15.54] I (978) app_init: Application information:
[  15.54] I (982) app_init: Project name:     fnos_monitor
[  15.54] I (986) app_init: App version:      0.1.0
[  15.54] I (990) app_init: Compile time:     Sep 28 2026 01:33:50
[  15.54] I (995) app_init: ELF file SHA256:  e8bfeefa3...
[  15.54] I (999) app_init: ESP-IDF:          5.5.3
[  15.54] I (1003) efuse_init: Min chip rev:     v3.0
[  15.54] I (1007) efuse_init: Max chip rev:     v3.99 
[  15.54] I (1011) efuse_init: Chip rev:         v3.2
[  15.54] I (1015) heap_init: Initializing. RAM available for dynamic allocation:
[  15.54] I (1021) heap_init: At 4FF5FE30 len 0005B190 (364 KiB): RETENT_RAM
[  15.54] I (1027) heap_init: At 4FFBAFC0 len 00004BF0 (18 KiB): RAM
[  15.54] I (1032) heap_init: At 501080D8 len 00000028 (0 KiB): RTCRAM
[  15.54] I (1038) heap_init: At 501081A0 len 00007E60 (31 KiB): RTCRAM
[  15.54] I (1043) heap_init: At 30100198 len 00001E68 (7 KiB): TCM
[  15.54] I (1048) esp_psram: Adding pool of 31215K of PSRAM memory to heap allocator
[  15.54] I (1055) esp_psram: Adding pool of 25K of PSRAM memory gap generated due to end address alignment of irom to the heap allocator
[  15.54] I (1066) esp_psram: Adding pool of 29K of PSRAM memory gap generated due to end address alignment of drom to the heap allocator
[  15.54] I (1077) spi_flash: detected chip: gd
[  15.54] I (1081) spi_flash: flash io: qio
[  15.54] I (1084) host_init: ESP Hosted : Host chip_ip[18]
[  15.54] I (1088) H_API: ESP-Hosted starting. Hosted_Tasks: prio:23, stack: 5120 RPC_task_stack: 5120
[  15.54] sdio_mempool_create free:32417488 min-free:32417488 lfb-def:31457280 lfb-8bit:31457280
[  15.54] 
[  15.54] I (1104) H_API: ** add_esp_wifi_remote_channels **
[  15.54] I (1109) transport: Add ESP-Hosted channel IF[1]: S[0] Tx[0x4800c538] Rx[0x4801bd10]
[  15.54] I (1116) transport: Add ESP-Hosted channel IF[2]: S[0] Tx[0x4800c480] Rx[0x4801bd10]
[  15.54] I (1124) sleep_gpio: Configure to isolate all GPIO pins in sleep state
[  15.54] I (1130) sleep_gpio: Enable automatic switching of GPIO sleep configuration
[  15.54] I (1137) main_task: Started on CPU0
[  15.54] I (1141) main_task: Calling app_main()
[  15.54] I (1147) main: fnOS NAS dashboard booting (agent http://192.168.0.119:8799)
[  15.54] I (1150) main: heap boot           internal=357KB largest=296KB dma=319KB psram=31265KB
[  15.54] I (1159) transport: Attempt connection with slave: retry[0]
[  15.54] I (1163) transport: Reset slave using GPIO[54]
[  15.54] I (1167) os_wrapper_esp: GPIO [54] configured
[  16.61] I (2337) sdio_wrapper: SDIO master: Data-Lines: 4-bit Freq(KHz)[40000 KHz]
[  16.61] I (2337) sdio_wrapper: GPIOs: CLK[18] CMD[19] D0[14] D1[15] D2[16] D3[17] Slave_Reset[54]
[  16.61] I (2337) H_SDIO_DRV: Starting SDIO process rx task
[  16.61] I (2340) sdio_wrapper: Queues: Tx[20] Rx[20] SDIO-Rx-Mode[1]
[  16.89] Name: 
[  16.89] Type: SDIO
[  16.89] Speed: 40.00 MHz (limit: 40.00 MHz)
[  16.89] Size: 0MB
[  16.89] CSD: ver=1, sector_size=0, capacity=0 read_bl_len=0
[  16.89] SCR: sd_spec=0, bus_width=0
[  16.89] TUPLE: DEVICE, size: 3: D9 01 FF 
[  16.89] TUPLE: MANFID, size: 4
[  16.89]   MANF: 0092, CARD: 6666
[  16.89] TUPLE: FUNCID, size: 2: 0C 00 
[  16.89] TUPLE: FUNCE, size: 4: 00 00 02 32 
[  16.89] TUPLE: CONFIG, size: 5: 01 01 00 02 07 
[  16.89] TUPLE: CFTABLE_ENTRY, size: 8
[  16.89]   INDX: C1, Intface: 1, Default: 1, Conf-Entry-Num: 1
[  16.89]   IF: 41
[  16.89]   FS: 30, misc: 0, mem_space: 1, irq: 1, io_space: 0, timing: 0, power: 0
[  16.89]   IR: 30, mask: 1,   IRQ: FF FF
[  16.89]   LEN: FFFF
[  16.89] TUPLE: END
[  16.89] I (2423) sdio_wrapper: Function 0 Blocksize: 512
[  16.89] I (2427) sdio_wrapper: Function 1 Blocksize: 512
[  16.89] I (2431) H_SDIO_DRV: SDIO Host operating in STREAMING MODE
[  16.89] I (2436) H_SDIO_DRV: generate slave intr
[  16.89] I (2441) transport: Received INIT event from ESP32 peripheral
[  16.89] I (2445) transport: EVENT: 12
[  16.89] I (2448) transport: EVENT: 11
[  16.89] I (2451) transport: capabilities: 0xd
[  16.89] I (2454) transport: Features supported are:
[  16.89] I (2458) transport: 	 * WLAN
[  16.89] I (2461) transport: 	   - HCI over SDIO
[  16.89] I (2464) transport: 	   - BLE only
[  16.89] I (2467) transport: EVENT: 13
[  16.89] I (2470) transport: ESP board type is : 13 
[  16.89] 
[  16.89] I (2474) transport: Base transport is set-up
[  16.89] 
[  16.89] I (2478) transport: Slave chip Id[12]
[  16.89] I (2482) hci_stub_drv: Host BT Support: Disabled
[  16.89] I (2486) H_SDIO_DRV: Received INIT event
[  17.97] I (3491) fnos_net: wifi station started; awaiting ip
[  17.98] I (3492) esp_lvgl:adapter: LVGL adapter initialized successfully
[  17.98] W (3492) ledc: GPIO 32 is not usable, maybe conflict with others
[  17.98] I (3496) ESP32_P4_EV: MIPI DSI PHY Powered on
[  17.98] I (3502) ESP32_P4_EV: Install MIPI DSI LCD control panel
[  17.98] I (3505) ESP32_P4_EV: Install EK79007 LCD control panel
[  17.98] I (3510) ek79007: version: 2.0.2
[  17.98] I (3512) H_API: esp_wifi_remote_connect
[  18.24] I (3688) ESP32_P4_EV: Display initialized
[  18.24] I (3689) esp_lvgl:bridge_v9: Initializing hardware resources
[  18.24] I (3689) esp_lvgl:bridge_v9: Hardware resources initialized successfully
[  18.24] I (3692) esp_lvgl:bridge: Initializing hardware resources
[  18.24] I (3697) esp_lvgl:bridge: Hardware resources initialized successfully
[  18.24] W (3703) esp_lvgl:bridge_v9: on_frame_buf_complete unavailable; buffer-switch release and dummy-draw may not function on MIPI DSI
[  18.24] I (3715) ESP32_P4_EV: Touch 0x5d found
[  18.24] I (3718) GT911: I2C address initialization procedure skipped - using default GT9xx setup
[  18.24] I (3726) GT911: TouchPad_ID:0x39,0x31,0x31
[  18.24] I (3730) GT911: TouchPad_Config_Version:91
[  18.24] W (3734) esp_lvgl:touch: LV_USE_GESTURE_RECOGNITION is disabled; only single-point pointer events are available
[  18.24] I (3743) esp_lvgl:touch: Touch input device registered successfully (IRQ mode: disabled)
[  18.24] I (3752) esp_lvgl:adapter: LVGL task started successfully
[  18.24] I (3756) ESP32_P4_EV: Setting LCD backlight: 100%
[  18.24] I (3761) ESP32_P4_EV: Setting LCD backlight: 45%
[  18.24] I (3765) main: heap display        internal=237KB largest=196KB dma=199KB psram=27623KB
[  18.51] I (3977) fnos_view: dashboard v2 created (4 pages, 180 s window)
[  18.51] W (3977) main: VERIFY MODE: auto page every 10 s
[  18.51] I (3977) main: heap ui             internal=237KB largest=196KB dma=199KB psram=27531KB
[  18.51] I (3983) fnos_data: polling http://192.168.0.119:8799/api/v1/status every 1000 ms
[  18.51] I (3990) main: heap polling        internal=236KB largest=196KB dma=198KB psram=27517KB
[  18.51] I (3998) ESP32_P4_EV: Setting LCD backlight: 45%
[  18.51] I (4002) main: backlight 45% (day)
[  18.51] I (4006) main: boot complete
[  18.51] I (4008) main_task: Returned from app_main()
[  18.75] I (4476) uidbg: unit0 x=85 y=57 w=0 h=22 style_x=85 style_y=57 hidden=0 text='' par_w=209
[  18.75] I (4476) uidbg: val0 x=18 y=32 w=42 h=52 text='--'
[  18.75] I (4477) uidbg: geom cpu_bar w=760 h=44  mem_bar w=760 h=44  mbar0 w=2  seg0 w=0
[  19.15] 
[  19.15] assert failed: heap_caps_get_allocated_size heap_caps.c:466 (heap)
[  19.15] Core  1 register dump:
[  19.15] MEPC    : 0x4ff4ba4e  RA      : 0x4ff4b55a  SP      : 0x480fd2b0  GP      : 0x4ff58680  
[  19.15] TP      : 0x480fd600  T0      : 0x37363534  T1      : 0x7271706f  T2      : 0x33323130  
[  19.15] S0/FP   : 0x00000085  S1      : 0x00000001  A0      : 0x480fd2ec  A1      : 0x4ff5a501  
[  19.15] A2      : 0x00000001  A3      : 0x00000029  A4      : 0x00000001  A5      : 0x4ff60000  
[  19.15] A6      : 0x0000000c  A7      : 0x76757473  S2      : 0x00000009  S3      : 0x480fd402  
[  19.15] S4      : 0x4ff5a500  S5      : 0x4ff60000  S6      : 0x00000002  S7      : 0x00000034  
[  19.15] S8      : 0x00000016  S9      : 0x00000000  S10     : 0x00000000  S11     : 0x00000000  
[  19.15] T3      : 0x6e6d6c6b  T4      : 0x6a696867  T5      : 0x66656463  T6      : 0x62613938  
[  19.15] MSTATUS : 0x00011881  MTVEC   : 0x4ff40003  MCAUSE  : 0x00000002  MTVAL   : 0x00000000  
[  19.15] MHARTID : 0x00000001  
[  19.15] 
[  19.15] Stack memory:
[  19.15] 480fd2b0: 0x480fd310 0x00000000 0x48127b58 0x4ff5585e 0x4ff5b13c 0x48127b58 0x4ff5b120 0x4810270a
[  19.15] 480fd2d0: 0x4ff5b14c 0x480fd2e4 0x4ff5b150 0x48102718 0x4ff5a500 0x00363634 0x48509750 0x65737361
[  19.15] 480fd2f0: 0x66207472 0x656c6961 0x68203a64 0x5f706165 0x73706163 0x7465675f 0x6c6c615f 0x7461636f
[  19.15] 480fd310: 0x735f6465 0x20657a69 0x70616568 0x7061635f 0x3a632e73 0x20363634 0x61656828 0x4f002970
[  19.15] 480fd330: 0x00000002 0x4ff60000 0x48509750 0x0000003c 0x0000004c 0x4ff60000 0x4ff605fc 0x4ff538fe
[  19.15] 480fd350: 0x0000004c 0x4851cea8 0x48184368 0x4ff53898 0x0000004c 0x4851cee8 0x4851cea8 0x4ff40ac6
[  19.15] 480fd370: 0x00000002 0x00000404 0x4851cea8 0x4801bf70 0x00000000 0x0000000c 0x0000000c 0x480639d0
[  19.15] 480fd390: 0x00000001 0x00000013 0x4817ddc0 0x48056f3a 0x00000042 0x4850b6d4 0x4817ddc0 0x4807bc94
[  19.15] 480fd3b0: 0x00000042 0x00000000 0x00000000 0x48000000 0x00000001 0x4850b6d4 0x48509750 0x48126000
[  19.15] 480fd3d0: 0x00000001 0x48056f1c 0x00000014 0x48002752 0x00000001 0x4817dad0 0x3fffffff 0x4801be94
[  19.15] 480fd3f0: 0x00000001 0x48125d98 0x4850b6d4 0x4801beec 0x0000002c 0x48125d98 0x4850cdf8 0x48056f1c
[  19.15] 480fd410: 0x00000016 0x00000000 0x4850b6d4 0x48062bde 0x00000000 0x00000000 0x00000000 0x48062cb8
[  19.15] 480fd430: 0x00011881 0x4ff40003 0x00000049 0x4802250e 0x48519de8 0x0000000b 0x48183970 0x4801f41e
[  19.15] 480fd450: 0x00000000 0x4810e0f4 0x0000002c 0x000002f8 0x0000002c 0x480ffcb4 0x0022c55e 0x48039e3a
[  19.15] 480fd470: 0x0000002c 0x4ff60000 0x0022c55e 0x0022c55e 0x00000001 0x00000000 0x00000046 0x0022c55e
[  19.15] 480fd490: 0x0000225f 0x48184000 0x0022c55e 0x4801ee22 0xe589ade7 0x95e685be 0xae8de6b0 0xe98787e9
[  19.15] 480fd4b0: 0x3120869b 0x312e3239 0x302e3836 0x3931312e 0x48432036 0x534b4345 0xaab8e400 0xe6b095e6
[  19.15] 480fd4d0: 0xb8e5ae8d 0xb09500a7 0xe5ae8de6 0x3700a7b8 0x20203939 0x20a097e6 0x4f005049 0x4ff4c5a6
[  19.15] 480fd4f0: 0x0000002c 0x480fd52c 0x4810e3cc 0x00000000 0x00000000 0x00000000 0x0000117c 0x00000000
[  19.15] 480fd510: 0x00000000 0x00000000 0x00000016 0x00000034 0x00000002 0x00000003 0x0000002c 0x000002f8
[  19.15] 480fd530: 0x0000002c 0x000002f8 0x0000117d 0x480209c8 0x0000002c 0x00000002 0x00000000 0x00000000
[  19.15] 480fd550: 0x4850ad58 0x000000d1 0x4ffbf10c 0x4ff4cb00 0x00000001 0x00000004 0x00000000 0x00000039
[  19.15] 480fd570: 0x00000000 0x00000000 0x00000000 0x00000000 0x00000000 0x00000000 0x00000000 0x00000000
[  19.15] 480fd590: 0x000003d8 0xffffffff 0x4851cca4 0x480566ee 0x00000000 0x480fa638 0x4851cca4 0x480567ca
[  19.15] 480fd5b0: 0x00000000 0x00000000 0x0000000f 0x480258fe 0x00000000 0x00000000 0x00000000 0x4ff4cd88
[  19.15] 480fd5d0: 0x00000000 0x00000000 0x00000000 0x00000000 0x00000000 0x00000000 0x00000000 0x00000000
[  19.15] 480fd5f0: 0x00000000 0xa5a5a5a5 0xa5a5a5a5 0xa5a5a5a5 0x30100000 0x00000144 0x501157b7 0x15c7a703
[  19.15] 480fd610: 0x010006b7 0xae238f55 0x17b714e7 0x43b85011 0x100006b7 0xa5a5a5a5 0xa5a5a5a5 0xa5a5a5a5
[  19.15] 480fd630: 0x00000001 0x480fa660 0x480fa660 0x00000000 0x00000000 0x00000000 0xa5a5a5a5 0xa5a5a5a5
[  19.15] 480fd650: 0xa5a5a5a5 0xa5a5a5a5 0xa5a5a5a5 0xa5a5a5a5 0x00000020 0x4817eab0 0x01000000 0x4817deec
[  19.15] 480fd670: 0x08010100 0x4817dee0 0x08010000 0x4817ded4 0x08000000 0x0000000c 0x480fd878 0x40054051
[  19.41] 480fd690: 0x0000000d 0x0000000c 0x000e1114 0x000000ff 0x480f4849 0x00000038 0x4816a770 0x4817ea74
[  19.41] 
[  19.41] 
[  19.41] 
[  19.41] ELF file SHA256: e8bfeefa3
[  19.41] 
[  19.41] Rebooting...
[  19.41] ESP-ROM:esp32p4-eco7-20260109
[  19.41] Build:Jan  9 2026
[  19.41] rst:0xc (SW_CPU_RESET),boot:0xf (SPI_FAST_FLASH_BOOT)
[  19.41] Core0 Saved PC:0x4ff44798
[  19.41] Core1 Saved PC:0x4ff4467c
[  19.41] SPI mode:DIO, clock div:1
[  19.41] load:0x4ffb60d0,len:0x11f0
[  19.41] load:0x4ffac2c0,len:0xd5c
[  19.41] load:0x4ffaefc0,len:0x3408
[  19.41] entry 0x4ffac2c0
[  19.63] I (225) hex_psram: vendor id    : 0x0d (AP)
[  19.63] I (225) hex_psram: Latency      : 0x01 (Fixed)
[  19.63] I (226) hex_psram: DriveStr.    : 0x00 (25 Ohm)
[  19.63] I (226) hex_psram: dev id       : 0x03 (generation 4)
[  19.63] I (231) hex_psram: density      : 0x07 (256 Mbit)
[  19.63] I (235) hex_psram: good-die     : 0x06 (Pass)
[  19.63] I (239) hex_psram: SRF          : 0x02 (Slow Refresh)
[  19.63] I (244) hex_psram: BurstType    : 0x00 ( Wrap)
[  19.63] I (248) hex_psram: BurstLen     : 0x03 (2048 Byte)
[  19.63] I (253) hex_psram: BitMode      : 0x01 (X16 Mode)
[  19.63] I (257) hex_psram: Readlatency  : 0x04 (14 cycles@Fixed)
[  19.63] I (262) hex_psram: DriveStrength: 0x00 (1/1)
[  19.63] I (266) MSPI Timing: Enter psram timing tuning
[  19.63] I esp_psram: Found 32MB PSRAM device
[  19.63] I esp_psram: Speed: 200MHz
[  19.63] I (458) mmu_psram: .rodata xip on psram
[  19.90] I (505) mmu_psram: .text xip on psram
[  19.90] I (505) hex_psram: psram CS IO is dedicated
[  19.90] I (506) cpu_start: Multicore app
[  20.12] I (966) esp_psram: SPI SRAM memory test OK
[  20.33] I (976) cpu_start: GPIO 38 and 37 are used as console UART I/O pins
[  20.33] I (976) cpu_start: Pro cpu start user code
[  20.33] I (976) cpu_start: cpu freq: 400000000 Hz
[  20.33] I (978) app_init: Application information:
[  20.33] I (982) app_init: Project name:     fnos_monitor
[  20.33] I (986) app_init: App version:      0.1.0
[  20.33] I (990) app_init: Compile time:     Sep 28 2026 01:33:50
[  20.33] I (995) app_init: ELF file SHA256:  e8bfeefa3...
[  20.33] I (999) app_init: ESP-IDF:          5.5.3
[  20.33] I (1003) efuse_init: Min chip rev:     v3.0
[  20.33] I (1007) efuse_init: Max chip rev:     v3.99 
[  20.33] I (1011) efuse_init: Chip rev:         v3.2
[  20.33] I (1015) heap_init: Initializing. RAM available for dynamic allocation:
[  20.33] I (1021) heap_init: At 4FF5FE30 len 0005B190 (364 KiB): RETENT_RAM
[  20.33] I (1027) heap_init: At 4FFBAFC0 len 00004BF0 (18 KiB): RAM
[  20.33] I (1032) heap_init: At 501080D8 len 00000028 (0 KiB): RTCRAM
[  20.33] I (1038) heap_init: At 501081A0 len 00007E60 (31 KiB): RTCRAM
[  20.33] I (1043) heap_init: At 30100198 len 00001E68 (7 KiB): TCM
[  20.60] I (1048) esp_psram: Adding pool of 31215K of PSRAM memory to heap allocator
[  20.60] I (1055) esp_psram: Adding pool of 25K of PSRAM memory gap generated due to end address alignment of irom to the heap allocator
[  20.60] I (1066) esp_psram: Adding pool of 29K of PSRAM memory gap generated due to end address alignment of drom to the heap allocator
[  20.60] I (1077) spi_flash: detected chip: gd
[  20.60] I (1081) spi_flash: flash io: qio
[  20.60] I (1084) host_init: ESP Hosted : Host chip_ip[18]
[  20.60] I (1088) H_API: ESP-Hosted starting. Hosted_Tasks: prio:23, stack: 5120 RPC_task_stack: 5120
[  20.60] sdio_mempool_create free:32417488 min-free:32417488 lfb-def:31457280 lfb-8bit:31457280
[  20.60] 
[  20.60] I (1104) H_API: ** add_esp_wifi_remote_channels **
[  20.60] I (1109) transport: Add ESP-Hosted channel IF[1]: S[0] Tx[0x4800c538] Rx[0x4801bd10]
[  20.60] I (1116) transport: Add ESP-Hosted channel IF[2]: S[0] Tx[0x4800c480] Rx[0x4801bd10]
[  20.60] I (1124) sleep_gpio: Configure to isolate all GPIO pins in sleep state
[  20.60] I (1130) sleep_gpio: Enable automatic switching of GPIO sleep configuration
[  20.60] I (1137) main_task: Started on CPU0
[  20.60] I (1141) main_task: Calling app_main()
[  20.60] I (1147) main: fnOS NAS dashboard booting (agent http://192.168.0.119:8799)
[  20.60] I (1150) main: heap boot           internal=357KB largest=296KB dma=319KB psram=31265KB
[  20.60] I (1159) transport: Attempt connection with slave: retry[0]
[  20.60] I (1163) transport: Reset slave using GPIO[54]
[  20.60] I (1167) os_wrapper_esp: GPIO [54] configured
[  21.65] I (2337) sdio_wrapper: SDIO master: Data-Lines: 4-bit Freq(KHz)[40000 KHz]
[  21.65] I (2337) sdio_wrapper: GPIOs: CLK[18] CMD[19] D0[14] D1[15] D2[16] D3[17] Slave_Reset[54]
[  21.65] I (2337) H_SDIO_DRV: Starting SDIO process rx task
[  21.65] I (2340) sdio_wrapper: Queues: Tx[20] Rx[20] SDIO-Rx-Mode[1]
[  21.65] Name: 
[  21.65] Type: SDIO
[  21.65] Speed: 40.00 MHz (limit: 40.00 MHz)
[  21.65] Size: 0MB
[  21.65] CSD: ver=1, sector_size=0, capacity=0 read_bl_len=0
[  21.65] SCR: sd_spec=0, bus_width=0
[  21.65] TUPLE: DEVICE, size: 3: D9 01 FF 
[  21.65] TUPLE: MANFID, size: 4
[  21.65]   MANF: 0092, CARD: 6666
[  21.65] TUPLE: FUNCID, size: 2: 0C 00 
[  21.65] TUPLE: FUNCE, size: 4: 00 00 02 32 
[  21.65] TUPLE: CONFIG, size: 5: 01 01 00 02 07 
[  21.65] TUPLE: CFTABLE_ENTRY, size: 8
[  21.65]   INDX: C1, Intface: 1, Default: 1, Conf-Entry-Num: 1
[  21.65]   IF: 41
[  21.65]   FS: 30, misc: 0, mem_space: 1, irq: 1, io_space: 0, timing: 0, power: 0
[  21.65]   IR: 30, mask: 1,   IRQ: FF FF
[  21.65]   LEN: FFFF
[  21.65] TUPLE: END
[  21.65] I (2423) sdio_wrapper: Function 0 Blocksize: 512
[  21.65] I (2427) sdio_wrapper: Function 1 Blocksize: 512
[  21.65] I (2431) H_SDIO_DRV: SDIO Host operating in STREAMING MODE
[  21.65] I (2436) H_SDIO_DRV: generate slave intr
[  21.65] I (2450) transport: Received INIT event from ESP32 peripheral
[  21.65] I (2450) transport: EVENT: 12
[  21.65] I (2450) transport: EVENT: 11
[  21.65] I (2451) transport: capabilities: 0xd
[  21.66] I (2454) transport: Features supported are:
[  21.66] I (2458) transport: 	 * WLAN
[  21.93] I (2461) transport: 	   - HCI over SDIO
[  21.93] I (2464) transport: 	   - BLE only
[  21.93] I (2467) transport: EVENT: 13
[  21.93] I (2470) transport: ESP board type is : 13 
[  21.93] 
[  21.93] I (2474) transport: Base transport is set-up
[  21.93] 
[  21.93] I (2478) transport: Slave chip Id[12]
[  21.93] I (2482) hci_stub_drv: Host BT Support: Disabled
[  21.93] I (2486) H_SDIO_DRV: Received INIT event
[  22.68] I (3491) fnos_net: wifi station started; awaiting ip
[  22.69] I (3492) esp_lvgl:adapter: LVGL adapter initialized successfully
[  22.69] W (3492) ledc: GPIO 32 is not usable, maybe conflict with others
[  22.69] I (3496) ESP32_P4_EV: MIPI DSI PHY Powered on
[  22.69] I (3502) ESP32_P4_EV: Install MIPI DSI LCD control panel
[  22.69] I (3505) ESP32_P4_EV: Install EK79007 LCD control panel
[  22.69] I (3510) ek79007: version: 2.0.2
[  22.69] I (3512) H_API: esp_wifi_remote_connect
[  22.93] I (3688) ESP32_P4_EV: Display initialized
[  22.93] I (3689) esp_lvgl:bridge_v9: Initializing hardware resources
[  22.93] I (3689) esp_lvgl:bridge_v9: Hardware resources initialized successfully
[  22.93] I (3692) esp_lvgl:bridge: Initializing hardware resources
[  22.93] I (3697) esp_lvgl:bridge: Hardware resources initialized successfully
[  22.93] W (3703) esp_lvgl:bridge_v9: on_frame_buf_complete unavailable; buffer-switch release and dummy-draw may not function on MIPI DSI
[  22.93] I (3715) ESP32_P4_EV: Touch 0x5d found
[  22.93] I (3718) GT911: I2C address initialization procedure skipped - using default GT9xx setup
[  22.93] I (3726) GT911: TouchPad_ID:0x39,0x31,0x31
[  22.93] I (3730) GT911: TouchPad_Config_Version:91
[  22.93] W (3734) esp_lvgl:touch: LV_USE_GESTURE_RECOGNITION is disabled; only single-point pointer events are available
[  22.93] I (3743) esp_lvgl:touch: Touch input device registered successfully (IRQ mode: disabled)
[  22.93] I (3752) esp_lvgl:adapter: LVGL task started successfully
[  22.93] I (3756) ESP32_P4_EV: Setting LCD backlight: 100%
[  23.17] I (3761) ESP32_P4_EV: Setting LCD backlight: 45%
[  23.17] I (3765) main: heap display        internal=237KB largest=196KB dma=199KB psram=27623KB
[  23.17] I (3976) fnos_view: dashboard v2 created (4 pages, 180 s window)
[  23.17] W (3977) main: VERIFY MODE: auto page every 10 s
[  23.17] I (3977) main: heap ui             internal=237KB largest=196KB dma=199KB psram=27531KB
[  23.17] I (3983) fnos_data: polling http://192.168.0.119:8799/api/v1/status every 1000 ms
[  23.17] I (3990) main: heap polling        internal=236KB largest=196KB dma=198KB psram=27517KB
[  23.17] I (3998) ESP32_P4_EV: Setting LCD backlight: 45%
[  23.17] I (4002) main: backlight 45% (day)
[  23.17] I (4006) main: boot complete
[  23.17] I (4008) main_task: Returned from app_main()
[  23.67] I (4476) uidbg: unit0 x=85 y=57 w=0 h=22 style_x=85 style_y=57 hidden=0 text='' par_w=209
[  23.67] I (4476) uidbg: val0 x=18 y=32 w=42 h=52 text='--'
[  23.67] I (4477) uidbg: geom cpu_bar w=760 h=44  mem_bar w=760 h=44  mbar0 w=2  seg0 w=0
[  24.05] 
[  24.05] assert failed: heap_caps_get_allocated_size heap_caps.c:466 (heap)
[  24.05] Core  1 register dump:
[  24.05] MEPC    : 0x4ff4ba4e  RA      : 0x4ff4b55a  SP      : 0x480fd2b0  GP      : 0x4ff58680  
[  24.05] TP      : 0x480fd600  T0      : 0x37363534  T1      : 0x7271706f  T2      : 0x33323130  
[  24.05] S0/FP   : 0x00000085  S1      : 0x00000001  A0      : 0x480fd2ec  A1      : 0x4ff5a501  
[  24.05] A2      : 0x00000001  A3      : 0x00000029  A4      : 0x00000001  A5      : 0x4ff60000  
[  24.05] A6      : 0x0000000c  A7      : 0x76757473  S2      : 0x00000009  S3      : 0x480fd402  
[  24.05] S4      : 0x4ff5a500  S5      : 0x4ff60000  S6      : 0x00000002  S7      : 0x00000034  
[  24.05] S8      : 0x00000016  S9      : 0x00000000  S10     : 0x00000000  S11     : 0x00000000  
[  24.05] T3      : 0x6e6d6c6b  T4      : 0x6a696867  T5      : 0x66656463  T6      : 0x62613938  
[  24.05] MSTATUS : 0x00011881  MTVEC   : 0x4ff40003  MCAUSE  : 0x00000002  MTVAL   : 0x00000000  
[  24.05] MHARTID : 0x00000001  
[  24.05] 
[  24.05] Stack memory:
[  24.05] 480fd2b0: 0x480fd600 0x48056de0 0x48127b58 0x4ff5585e 0x4ff5b13c 0x48127b58 0x4ff5b120 0x4810270a
[  24.05] 480fd2d0: 0x4ff5b14c 0x480fd2e4 0x4ff5b150 0x48102718 0x4ff5a500 0x00363634 0x48509750 0x65737361
[  24.05] 480fd2f0: 0x66207472 0x656c6961 0x68203a64 0x5f706165 0x73706163 0x7465675f 0x6c6c615f 0x7461636f
[  24.05] 480fd310: 0x735f6465 0x20657a69 0x70616568 0x7061635f 0x3a632e73 0x20363634 0x61656828 0x4f002970
[  24.05] 480fd330: 0x00000002 0x4ff60000 0x48509750 0x0000003c 0x0000004c 0x4ff60000 0x4ff605fc 0x4ff538fe
[  24.05] 480fd350: 0x0000004c 0x4851cea8 0x48184368 0x4ff53898 0x0000004c 0x4851cee8 0x4851cea8 0x4ff40ac6
[  24.05] 480fd370: 0x00000002 0x00000404 0x4851cea8 0x4801bf70 0x00000000 0x0000000c 0x0000000c 0x480639d0
[  24.05] 480fd390: 0x00000001 0x00000013 0x4817ddc0 0x48056f3a 0x00000042 0x4850b6d4 0x4817ddc0 0x4807bc94
[  24.05] 480fd3b0: 0x00000042 0x00000000 0x00000000 0x48000000 0x00000001 0x4850b6d4 0x48509750 0x48126000
[  24.05] 480fd3d0: 0x00000001 0x48056f1c 0x00000014 0x48002752 0x00000001 0x4817dad0 0x3fffffff 0x4801be94
[  24.05] 480fd3f0: 0x00000001 0x48125d98 0x4850b6d4 0x4801beec 0x0000002c 0x48125d98 0x4850cdf8 0x48056f1c
[  24.05] 480fd410: 0x00000016 0x00000000 0x4850b6d4 0x48062bde 0x00000000 0x00000000 0x00000000 0x48062cb8
[  24.05] 480fd430: 0x00011881 0x4ff40003 0x00000049 0x4802250e 0x48519de8 0x0000000b 0x48183970 0x4801f41e
[  24.05] 480fd450: 0x00000000 0x4810e0f4 0x0000002c 0x000002f8 0x0000002c 0x480ffcb4 0x0022c55e 0x48039e3a
[  24.05] 480fd470: 0x0000002c 0x4ff60000 0x0022c55e 0x0022c55e 0x00000001 0x00000000 0x00000046 0x0022c55e
[  24.05] 480fd490: 0x0000225f 0x48184000 0x0022c55e 0x4801ee22 0xe589ade7 0x95e685be 0xae8de6b0 0xe98787e9
[  24.05] 480fd4b0: 0x3120869b 0x312e3239 0x302e3836 0x3931312e 0x48432036 0x534b4345 0xaab8e400 0xe6b095e6
[  24.05] 480fd4d0: 0xb8e5ae8d 0xb09500a7 0xe5ae8de6 0x3700a7b8 0x20203939 0x20a097e6 0x4f005049 0x4ff4c5a6
[  24.05] 480fd4f0: 0x0000002c 0x480fd52c 0x4810e3cc 0x00000000 0x00000000 0x00000000 0x0000117c 0x00000000
[  24.05] 480fd510: 0x00000000 0x00000000 0x00000016 0x00000034 0x00000002 0x00000003 0x0000002c 0x000002f8
[  24.05] 480fd530: 0x0000002c 0x000002f8 0x0000117d 0x480209c8 0x0000002c 0x00000002 0x00000000 0x00000000
[  24.05] 480fd550: 0x4850ad58 0x000000d1 0x4ffbf10c 0x4ff4cb00 0x00000001 0x00000004 0x00000000 0x00000039
[  24.05] 480fd570: 0x00000000 0x00000000 0x00000000 0x00000000 0x00000000 0x00000000 0x00000000 0x00000000
[  24.05] 480fd590: 0x000003d8 0xffffffff 0x4851cca4 0x480566ee 0x00000000 0x480fa638 0x4851cca4 0x480567ca
[  24.05] 480fd5b0: 0x00000000 0x00000000 0x0000000f 0x480258fe 0x00000000 0x00000000 0x00000000 0x4ff4cd88
[  24.05] 480fd5d0: 0x00000000 0x00000000 0x00000000 0x00000000 0x00000000 0x00000000 0x00000000 0x00000000
[  24.05] 480fd5f0: 0x00000000 0xa5a5a5a5 0xa5a5a5a5 0xa5a5a5a5 0x30100000 0x00000144 0x501157b7 0x15c7a703
[  24.05] 480fd610: 0x010006b7 0xae238f55 0x17b714e7 0x43b85011 0x100006b7 0xa5a5a5a5 0xa5a5a5a5 0xa5a5a5a5
[  24.05] 480fd630: 0x00000001 0x480fa660 0x480fa660 0x00000000 0x00000000 0x00000000 0xa5a5a5a5 0xa5a5a5a5
[  24.05] 480fd650: 0xa5a5a5a5 0xa5a5a5a5 0xa5a5a5a5 0xa5a5a5a5 0x00000020 0x4817eab0 0x01000000 0x4817deec
[  24.05] 480fd670: 0x08010100 0x4817dee0 0x08010000 0x4817ded4 0x08000000 0x0000000c 0x480fd878 0x40054051
[  24.32] 480fd690: 0x0000000d 0x0000000c 0x000e1114 0x000000ff 0x480f4849 0x00000038 0x4816a770 0x4817ea74
[  24.32] 
[  24.32] 
[  24.32] 
[  24.32] ELF file SHA256: e8bfeefa3
[  24.32] 
[  24.32] Rebooting...
[  24.32] ESP-ROM:esp32p4-eco7-20260109
[  24.32] Build:Jan  9 2026
[  24.32] rst:0xc (SW_CPU_RESET),boot:0xf (SPI_FAST_FLASH_BOOT)
[  24.32] Core0 Saved PC:0x4ff44798
[  24.32] Core1 Saved PC:0x4ff4467c
[  24.32] SPI mode:DIO, clock div:1
[  24.32] load:0x4ffb60d0,len:0x11f0
[  24.32] load:0x4ffac2c0,len:0xd5c
[  24.32] load:0x4ffaefc0,len:0x3408
[  24.32] entry 0x4ffac2c0
[  24.57] I (225) hex_psram: vendor id    : 0x0d (AP)
[  24.57] I (225) hex_psram: Latency      : 0x01 (Fixed)
[  24.57] I (226) hex_psram: DriveStr.    : 0x00 (25 Ohm)
[  24.57] I (226) hex_psram: dev id       : 0x03 (generation 4)
[  24.57] I (231) hex_psram: density      : 0x07 (256 Mbit)
[  24.57] I (235) hex_psram: good-die     : 0x06 (Pass)
[  24.57] I (239) hex_psram: SRF          : 0x02 (Slow Refresh)
[  24.57] I (244) hex_psram: BurstType    : 0x00 ( Wrap)
[  24.57] I (248) hex_psram: BurstLen     : 0x03 (2048 Byte)
[  24.57] I (253) hex_psram: BitMode      : 0x01 (X16 Mode)
[  24.57] I (257) hex_psram: Readlatency  : 0x04 (14 cycles@Fixed)
[  24.57] I (262) hex_psram: DriveStrength: 0x00 (1/1)
[  24.57] I (266) MSPI Timing: Enter psram timing tuning
[  24.57] I esp_psram: Found 32MB PSRAM device
[  24.57] I esp_psram: Speed: 200MHz
[  24.57] I (458) mmu_psram: .rodata xip on psram
[  24.57] I (505) mmu_psram: .text xip on psram
[  24.57] I (505) hex_psram: psram CS IO is dedicated
[  24.57] I (506) cpu_start: Multicore app
[  25.11] I (966) esp_psram: SPI SRAM memory test OK
[  25.39] I (976) cpu_start: GPIO 38 and 37 are used as console UART I/O pins
[  25.39] I (976) cpu_start: Pro cpu start user code
[  25.39] I (976) cpu_start: cpu freq: 400000000 Hz
[  25.39] I (978) app_init: Application information:
[  25.39] I (982) app_init: Project name:     fnos_monitor
[  25.39] I (986) app_init: App version:      0.1.0
[  25.39] I (990) app_init: Compile time:     Sep 28 2026 01:33:50
[  25.39] I (995) app_init: ELF file SHA256:  e8bfeefa3...
[  25.39] I (999) app_init: ESP-IDF:          5.5.3
[  25.39] I (1003) efuse_init: Min chip rev:     v3.0
[  25.39] I (1007) efuse_init: Max chip rev:     v3.99 
[  25.39] I (1011) efuse_init: Chip rev:         v3.2
[  25.39] I (1015) heap_init: Initializing. RAM available for dynamic allocation:
[  25.39] I (1021) heap_init: At 4FF5FE30 len 0005B190 (364 KiB): RETENT_RAM
[  25.39] I (1027) heap_init: At 4FFBAFC0 len 00004BF0 (18 KiB): RAM
[  25.39] I (1032) heap_init: At 501080D8 len 00000028 (0 KiB): RTCRAM
[  25.39] I (1038) heap_init: At 501081A0 len 00007E60 (31 KiB): RTCRAM
[  25.39] I (1043) heap_init: At 30100198 len 00001E68 (7 KiB): TCM
[  25.39] I (1048) esp_psram: Adding pool of 31215K of PSRAM memory to heap allocator
[  25.39] I (1055) esp_psram: Adding pool of 25K of PSRAM memory gap generated due to end address alignment of irom to the heap allocator
[  25.39] I (1066) esp_psram: Adding pool of 29K of PSRAM memory gap generated due to end address alignment of drom to the heap allocator
[  25.39] I (1077) spi_flash: detected chip: gd
[  25.39] I (1081) spi_flash: flash io: qio
[  25.39] I (1084) host_init: ESP Hosted : Host chip_ip[18]
[  25.39] I (1088) H_API: ESP-Hosted starting. Hosted_Tasks: prio:23, stack: 5120 RPC_task_stack: 5120
[  25.39] sdio_mempool_create free:32417488 min-free:32417488 lfb-def:31457280 lfb-8bit:31457280
[  25.39] 
[  25.39] I (1104) H_API: ** add_esp_wifi_remote_channels **
[  25.39] I (1109) transport: Add ESP-Hosted channel IF[1]: S[0] Tx[0x4800c538] Rx[0x4801bd10]
[  25.39] I (1116) transport: Add ESP-Hosted channel IF[2]: S[0] Tx[0x4800c480] Rx[0x4801bd10]
[  25.39] I (1124) sleep_gpio: Configure to isolate all GPIO pins in sleep state
[  25.40] I (1130) sleep_gpio: Enable automatic switching of GPIO sleep configuration
[  25.40] I (1137) main_task: Started on CPU0
[  25.40] I (1141) main_task: Calling app_main()
[  25.40] I (1147) main: fnOS NAS dashboard booting (agent http://192.168.0.119:8799)
[  25.40] I (1150) main: heap boot           internal=357KB largest=296KB dma=319KB psram=31265KB
[  25.40] I (1159) transport: Attempt connection with slave: retry[0]
[  25.40] I (1163) transport: Reset slave using GPIO[54]
[  25.40] I (1167) os_wrapper_esp: GPIO [54] configured
[  26.42] I (2337) sdio_wrapper: SDIO master: Data-Lines: 4-bit Freq(KHz)[40000 KHz]
[  26.42] I (2337) sdio_wrapper: GPIOs: CLK[18] CMD[19] D0[14] D1[15] D2[16] D3[17] Slave_Reset[54]
[  26.42] I (2337) H_SDIO_DRV: Starting SDIO process rx task
[  26.42] I (2340) sdio_wrapper: Queues: Tx[20] Rx[20] SDIO-Rx-Mode[1]
[  26.70] Name: 
[  26.70] Type: SDIO
[  26.70] Speed: 40.00 MHz (limit: 40.00 MHz)
[  26.70] Size: 0MB
[  26.70] CSD: ver=1, sector_size=0, capacity=0 read_bl_len=0
[  26.70] SCR: sd_spec=0, bus_width=0
[  26.70] TUPLE: DEVICE, size: 3: D9 01 FF 
[  26.70] TUPLE: MANFID, size: 4
[  26.70]   MANF: 0092, CARD: 6666
[  26.70] TUPLE: FUNCID, size: 2: 0C 00 
[  26.70] TUPLE: FUNCE, size: 4: 00 00 02 32 
[  26.70] TUPLE: CONFIG, size: 5: 01 01 00 02 07 
[  26.70] TUPLE: CFTABLE_ENTRY, size: 8
[  26.70]   INDX: C1, Intface: 1, Default: 1, Conf-Entry-Num: 1
[  26.70]   IF: 41
[  26.70]   FS: 30, misc: 0, mem_space: 1, irq: 1, io_space: 0, timing: 0, power: 0
[  26.70]   IR: 30, mask: 1,   IRQ: FF FF
[  26.70]   LEN: FFFF
[  26.70] TUPLE: END
[  26.70] I (2423) sdio_wrapper: Function 0 Blocksize: 512
[  26.70] I (2427) sdio_wrapper: Function 1 Blocksize: 512
[  26.70] I (2431) H_SDIO_DRV: SDIO Host operating in STREAMING MODE
[  26.70] I (2436) H_SDIO_DRV: generate slave intr
[  26.70] I (2450) transport: Received INIT event from ESP32 peripheral
[  26.70] I (2450) transport: EVENT: 12
[  26.70] I (2450) transport: EVENT: 11
[  26.70] I (2451) transport: capabilities: 0xd
[  26.70] I (2454) transport: Features supported are:
[  26.70] I (2458) transport: 	 * WLAN
[  26.70] I (2461) transport: 	   - HCI over SDIO
[  26.70] I (2464) transport: 	   - BLE only
[  26.70] I (2467) transport: EVENT: 13
[  26.70] I (2470) transport: ESP board type is : 13 
[  26.70] 
[  26.70] I (2474) transport: Base transport is set-up
[  26.70] 
[  26.70] I (2478) transport: Slave chip Id[12]
[  26.70] I (2482) hci_stub_drv: Host BT Support: Disabled
[  26.70] I (2486) H_SDIO_DRV: Received INIT event
[  27.78] I (3491) fnos_net: wifi station started; awaiting ip
[  27.78] I (3492) esp_lvgl:adapter: LVGL adapter initialized successfully
[  27.78] W (3492) ledc: GPIO 32 is not usable, maybe conflict with others
[  27.78] I (3496) ESP32_P4_EV: MIPI DSI PHY Powered on
[  27.78] I (3502) ESP32_P4_EV: Install MIPI DSI LCD control panel
[  27.78] I (3506) ESP32_P4_EV: Install EK79007 LCD control panel
[  27.78] I (3511) ek79007: version: 2.0.2
[  27.78] I (3512) H_API: esp_wifi_remote_connect
[  28.05] I (3688) ESP32_P4_EV: Display initialized
[  28.05] I (3689) esp_lvgl:bridge_v9: Initializing hardware resources
[  28.05] I (3689) esp_lvgl:bridge_v9: Hardware resources initialized successfully
[  28.05] I (3692) esp_lvgl:bridge: Initializing hardware resources
[  28.05] I (3697) esp_lvgl:bridge: Hardware resources initialized successfully
[  28.05] W (3703) esp_lvgl:bridge_v9: on_frame_buf_complete unavailable; buffer-switch release and dummy-draw may not function on MIPI DSI
[  28.05] I (3715) ESP32_P4_EV: Touch 0x5d found
[  28.05] I (3718) GT911: I2C address initialization procedure skipped - using default GT9xx setup
[  28.05] I (3726) GT911: TouchPad_ID:0x39,0x31,0x31
[  28.05] I (3730) GT911: TouchPad_Config_Version:91
[  28.05] W (3734) esp_lvgl:touch: LV_USE_GESTURE_RECOGNITION is disabled; only single-point pointer events are available
[  28.05] I (3743) esp_lvgl:touch: Touch input device registered successfully (IRQ mode: disabled)
[  28.05] I (3752) esp_lvgl:adapter: LVGL task started successfully
[  28.05] I (3756) ESP32_P4_EV: Setting LCD backlight: 100%
[  28.05] I (3761) ESP32_P4_EV: Setting LCD backlight: 45%
[  28.05] I (3765) main: heap display        internal=237KB largest=196KB dma=199KB psram=27623KB
[  28.33] I (3977) fnos_view: dashboard v2 created (4 pages, 180 s window)
[  28.33] W (3977) main: VERIFY MODE: auto page every 10 s
[  28.33] I (3977) main: heap ui             internal=237KB largest=196KB dma=199KB psram=27531KB
[  28.33] I (3983) fnos_data: polling http://192.168.0.119:8799/api/v1/status every 1000 ms
[  28.33] I (3990) main: heap polling        internal=236KB largest=196KB dma=198KB psram=27517KB
[  28.33] I (3998) ESP32_P4_EV: Setting LCD backlight: 45%
[  28.33] I (4002) main: backlight 45% (day)
[  28.33] I (4006) main: boot complete
[  28.33] I (4008) main_task: Returned from app_main()
[  28.54] I (4476) uidbg: unit0 x=85 y=57 w=0 h=22 style_x=85 style_y=57 hidden=0 text='' par_w=209
[  28.54] I (4476) uidbg: val0 x=18 y=32 w=42 h=52 text='--'
[  28.54] I (4477) uidbg: geom cpu_bar w=760 h=44  mem_bar w=760 h=44  mbar0 w=2  seg0 w=0
[  28.95] 
[  28.95] assert failed: heap_caps_get_allocated_size heap_caps.c:466 (heap)
[  28.95] Core  1 register dump:
[  28.95] MEPC    : 0x4ff4ba4e  RA      : 0x4ff4b55a  SP      : 0x480fd2b0  GP      : 0x4ff58680  
[  28.95] TP      : 0x480fd600  T0      : 0x37363534  T1      : 0x7271706f  T2      : 0x33323130  
[  28.95] S0/FP   : 0x00000085  S1      : 0x00000001  A0      : 0x480fd2ec  A1      : 0x4ff5a501  
[  28.95] A2      : 0x00000001  A3      : 0x00000029  A4      : 0x00000001  A5      : 0x4ff60000  
[  28.95] A6      : 0x0000000c  A7      : 0x76757473  S2      : 0x00000009  S3      : 0x480fd402  
[  28.95] S4      : 0x4ff5a500  S5      : 0x4ff60000  S6      : 0x00000002  S7      : 0x00000034  
[  28.95] S8      : 0x00000016  S9      : 0x00000000  S10     : 0x00000000  S11     : 0x00000000  
[  28.95] T3      : 0x6e6d6c6b  T4      : 0x6a696867  T5      : 0x66656463  T6      : 0x62613938  
[  28.95] MSTATUS : 0x00011881  MTVEC   : 0x4ff40003  MCAUSE  : 0x00000002  MTVAL   : 0x00000000  
[  28.95] MHARTID : 0x00000001  
[  28.95] 
[  28.95] Stack memory:
[  28.95] 480fd2b0: 0x480fd310 0x00000000 0x48127b58 0x4ff5585e 0x4ff5b13c 0x48127b58 0x4ff5b120 0x4810270a
[  28.95] 480fd2d0: 0x4ff5b14c 0x480fd2e4 0x4ff5b150 0x48102718 0x4ff5a500 0x00363634 0x48509750 0x65737361
[  28.95] 480fd2f0: 0x66207472 0x656c6961 0x68203a64 0x5f706165 0x73706163 0x7465675f 0x6c6c615f 0x7461636f
[  28.95] 480fd310: 0x735f6465 0x20657a69 0x70616568 0x7061635f 0x3a632e73 0x20363634 0x61656828 0x4f002970
[  28.95] 480fd330: 0x00000002 0x4ff60000 0x48509750 0x0000003c 0x0000004c 0x4ff60000 0x4ff605fc 0x4ff538fe
[  28.95] 480fd350: 0x0000004c 0x4851cea8 0x48184368 0x4ff53898 0x0000004c 0x4851cee8 0x4851cea8 0x4ff40ac6
[  28.95] 480fd370: 0x00000002 0x00000404 0x4851cea8 0x4801bf70 0x00000000 0x0000000c 0x0000000c 0x480639d0
[  28.95] 480fd390: 0x00000001 0x00000013 0x4817ddc0 0x48056f3a 0x00000042 0x4850b6d4 0x4817ddc0 0x4807bc94
[  28.95] 480fd3b0: 0x00000042 0x00000000 0x00000000 0x48000000 0x00000001 0x4850b6d4 0x48509750 0x48126000
[  28.95] 480fd3d0: 0x00000001 0x48056f1c 0x00000014 0x48002752 0x00000001 0x4817dad0 0x3fffffff 0x4801be94
[  28.95] 480fd3f0: 0x00000001 0x48125d98 0x4850b6d4 0x4801beec 0x0000002c 0x48125d98 0x4850cdf8 0x48056f1c
[  28.95] 480fd410: 0x00000016 0x00000000 0x4850b6d4 0x48062bde 0x00000000 0x00000000 0x00000000 0x48062cb8
[  28.95] 480fd430: 0x00011881 0x4ff40003 0x00000049 0x4802250e 0x48519de8 0x0000000b 0x48183970 0x4801f41e
[  28.95] 480fd450: 0x00000000 0x4810e0f4 0x0000002c 0x000002f8 0x0000002c 0x480ffcb4 0x0022c55e 0x48039e3a
[  28.95] 480fd470: 0x0000002c 0x4ff60000 0x0022c55e 0x0022c55e 0x00000001 0x00000000 0x00000046 0x0022c55e
[  28.95] 480fd490: 0x0000225f 0x48184000 0x0022c55e 0x4801ee22 0xe589ade7 0x95e685be 0xae8de6b0 0xe98787e9
[  28.95] 480fd4b0: 0x3120869b 0x312e3239 0x302e3836 0x3931312e 0x48432036 0x534b4345 0xaab8e400 0xe6b095e6
[  28.95] 480fd4d0: 0xb8e5ae8d 0xb09500a7 0xe5ae8de6 0x3700a7b8 0x20203939 0x20a097e6 0x4f005049 0x4ff4c5a6
[  28.95] 480fd4f0: 0x0000002c 0x480fd52c 0x4810e3cc 0x00000000 0x00000000 0x00000000 0x0000117c 0x00000000
[  28.95] 480fd510: 0x00000000 0x00000000 0x00000016 0x00000034 0x00000002 0x00000003 0x0000002c 0x000002f8
[  28.95] 480fd530: 0x0000002c 0x000002f8 0x0000117d 0x480209c8 0x0000002c 0x00000002 0x00000000 0x00000000
[  28.95] 480fd550: 0x4850ad58 0x000000d1 0x4ffbf10c 0x4ff4cb00 0x00000001 0x00000004 0x00000000 0x00000039
[  28.95] 480fd570: 0x00000000 0x00000000 0x00000000 0x00000000 0x00000000 0x00000000 0x00000000 0x00000000
[  28.95] 480fd590: 0x000003d8 0xffffffff 0x4851cca4 0x480566ee 0x00000000 0x480fa638 0x4851cca4 0x480567ca
[  28.95] 480fd5b0: 0x00000000 0x00000000 0x0000000f 0x480258fe 0x00000000 0x00000000 0x00000000 0x4ff4cd88
[  28.95] 480fd5d0: 0x00000000 0x00000000 0x00000000 0x00000000 0x00000000 0x00000000 0x00000000 0x00000000
[  28.95] 480fd5f0: 0x00000000 0xa5a5a5a5 0xa5a5a5a5 0xa5a5a5a5 0x30100000 0x00000144 0x501157b7 0x15c7a703
[  28.95] 480fd610: 0x010006b7 0xae238f55 0x17b714e7 0x43b85011 0x100006b7 0xa5a5a5a5 0xa5a5a5a5 0xa5a5a5a5
[  28.95] 480fd630: 0x00000001 0x480fa660 0x480fa660 0x00000000 0x00000000 0x00000000 0xa5a5a5a5 0xa5a5a5a5
[  28.95] 480fd650: 0xa5a5a5a5 0xa5a5a5a5 0xa5a5a5a5 0xa5a5a5a5 0x00000020 0x4817eab0 0x01000000 0x4817deec
[  28.95] 480fd670: 0x08010100 0x4817dee0 0x08010000 0x4817ded4 0x08000000 0x0000000c 0x480fd878 0x40054051
[  29.22] 480fd690: 0x0000000d 0x0000000c 0x000e1114 0x000000ff 0x480f4849 0x00000038 0x4816a770 0x4817ea74
[  29.22] 
[  29.22] 
[  29.22] 
[  29.22] ELF file SHA256: e8bfeefa3
[  29.22] 
[  29.22] Rebooting...
[  29.22] ESP-ROM:esp32p4-eco7-20260109
[  29.22] Build:Jan  9 2026
[  29.22] rst:0xc (SW_CPU_RESET),boot:0xf (SPI_FAST_FLASH_BOOT)
[  29.22] Core0 Saved PC:0x4ff44798
[  29.22] Core1 Saved PC:0x4ff4467c
[  29.22] SPI mode:DIO, clock div:1
[  29.22] load:0x4ffb60d0,len:0x11f0
[  29.22] load:0x4ffac2c0,len:0xd5c
[  29.22] load:0x4ffaefc0,len:0x3408
[  29.22] entry 0x4ffac2c0
[  29.46] I (225) hex_psram: vendor id    : 0x0d (AP)
[  29.46] I (225) hex_psram: Latency      : 0x01 (Fixed)
[  29.46] I (226) hex_psram: DriveStr.    : 0x00 (25 Ohm)
[  29.46] I (226) hex_psram: dev id       : 0x03 (generation 4)
[  29.46] I (231) hex_psram: density      : 0x07 (256 Mbit)
[  29.46] I (235) hex_psram: good-die     : 0x06 (Pass)
[  29.46] I (239) hex_psram: SRF          : 0x02 (Slow Refresh)
[  29.46] I (244) hex_psram: BurstType    : 0x00 ( Wrap)
[  29.46] I (248) hex_psram: BurstLen     : 0x03 (2048 Byte)
[  29.46] I (253) hex_psram: BitMode      : 0x01 (X16 Mode)
[  29.46] I (257) hex_psram: Readlatency  : 0x04 (14 cycles@Fixed)
[  29.46] I (262) hex_psram: DriveStrength: 0x00 (1/1)
[  29.46] I (266) MSPI Timing: Enter psram timing tuning
[  29.46] I esp_psram: Found 32MB PSRAM device
[  29.46] I esp_psram: Speed: 200MHz
[  29.46] I (458) mmu_psram: .rodata xip on psram
[  29.46] I (505) mmu_psram: .text xip on psram
[  29.46] I (505) hex_psram: psram CS IO is dedicated
[  29.46] I (506) cpu_start: Multicore app
[  30.01] I (966) esp_psram: SPI SRAM memory test OK
