[   0.35] I (3458) fnos_net: wifi station started; awaiting ip
[   0.35] I (3459) esp_lvgl:adapter: LVGL adapter initialized successfully
[   0.35] W (3459) ledc: GPIO 32 is not usable, maybe conflict with others
[   0.35] I (3463) ESP32_P4_EV: MIPI DSI PHY Powered on
[   0.35] I (3468) ESP32_P4_EV: Install MIPI DSI LCD control panel
[   0.35] I (3472) ESP32_P4_EV: Install EK79007 LCD control panel
[   0.35] I (3477) ek79007: version: 2.0.2
[   0.35] I (3479) H_API: esp_wifi_remote_connect
[   0.59] I (3654) ESP32_P4_EV: Display initialized
[   0.59] I (3655) esp_lvgl:bridge_v9: Initializing hardware resources
[   0.59] I (3655) esp_lvgl:bridge_v9: Hardware resources initialized successfully
[   0.59] I (3658) esp_lvgl:bridge: Initializing hardware resources
[   0.59] I (3663) esp_lvgl:bridge: Hardware resources initialized successfully
[   0.59] W (3669) esp_lvgl:bridge_v9: on_frame_buf_complete unavailable; buffer-switch release and dummy-draw may not function on MIPI DSI
[   0.59] I (3681) ESP32_P4_EV: Touch 0x5d found
[   0.59] I (3684) GT911: I2C address initialization procedure skipped - using default GT9xx setup
[   0.59] I (3692) GT911: TouchPad_ID:0x39,0x31,0x31
[   0.59] I (3696) GT911: TouchPad_Config_Version:91
[   0.59] W (3700) esp_lvgl:touch: LV_USE_GESTURE_RECOGNITION is disabled; only single-point pointer events are available
[   0.59] I (3709) esp_lvgl:touch: Touch input device registered successfully (IRQ mode: disabled)
[   0.59] I (3718) esp_lvgl:adapter: LVGL task started successfully
[   0.59] I (3722) ESP32_P4_EV: Setting LCD backlight: 100%
[   0.59] I (3727) ESP32_P4_EV: Setting LCD backlight: 45%
[   0.59] I (3731) main: heap display        internal=243KB largest=204KB dma=205KB psram=27600KB
[   0.59] I (3880) fnos_view: dashboard v2 created (4 pages, 180 s window)
[   0.59] W (3880) main: VERIFY MODE: auto page every 10 s
[   0.59] I (3880) main: heap ui             internal=243KB largest=204KB dma=205KB psram=27508KB
[   0.59] I (3887) fnos_data: polling http://192.168.0.119:8799/api/v1/status every 1000 ms
[   0.59] I (3894) main: heap polling        internal=243KB largest=204KB dma=205KB psram=27494KB
[   0.59] I (3901) ESP32_P4_EV: Setting LCD backlight: 45%
[   0.59] I (3906) main: backlight 45% (day)
[   0.59] I (3909) main: boot complete
[   0.59] I (3911) main_task: Returned from app_main()
[   1.28] I (4380) uidbg: unit0 x=85 y=57 w=0 h=22 style_x=85 style_y=57 hidden=0 text='' par_w=209
[   1.28] I (4380) uidbg: val0 x=18 y=32 w=42 h=52 text='--'
[   1.46] 
[   1.46] assert failed: heap_caps_free heap_caps_base.c:80 (heap != NULL && "free() target pointer is outside heap areas")
[   1.46] Core  1 register dump:
[   1.46] MEPC    : 0x4ff4abec  RA      : 0x4ff4a76c  SP      : 0x48103bd0  GP      : 0x4ff56f80  
[   1.46] TP      : 0x48103f90  T0      : 0x37363534  T1      : 0x7271706f  T2      : 0x33323130  
[   1.46] S0/FP   : 0x00000001  S1      : 0x00000056  A0      : 0x48103c18  A1      : 0x4ff58e05  
[   1.46] A2      : 0x00000001  A3      : 0x4ff5e000  A4      : 0x00000001  A5      : 0x4ff5e000  
[   1.46] A6      : 0x0000000c  A7      : 0x76757473  S2      : 0x48103c18  S3      : 0x48103c51  
[   1.46] S4      : 0x4ff58e04  S5      : 0x48103c18  S6      : 0x4ff5c564  S7      : 0x4ff5c548  
[   1.46] S8      : 0x48134000  S9      : 0x48194000  S10     : 0x48123000  S11     : 0x4811e000  
[   1.46] T3      : 0x6e6d6c6b  T4      : 0x6a696867  T5      : 0x66656463  T6      : 0x62613938  
[   1.46] MSTATUS : 0x00011881  MTVEC   : 0x4ff40003  MCAUSE  : 0x00000002  MTVAL   : 0x00000000  
[   1.46] MHARTID : 0x00000001  
[   1.46] 
[   1.46] Stack memory:
[   1.46] 48103bd0: 0x00000000 0x48103bf4 0x48136e1c 0x4ff54140 0x00003038 0x000001fd 0x00000000 0x00000000
[   1.46] 48103bf0: 0x00000000 0x4ff5983c 0x48136e1c 0x4ff59820 0x48112d12 0x4ff5984c 0x48103be0 0x4ff59850
[   1.46] 48103c10: 0x48112cbc 0x4ff58e04 0x65737361 0x66207472 0x656c6961 0x68203a64 0x5f706165 0x73706163
[   1.46] 48103c30: 0x6572665f 0x65682065 0x635f7061 0x5f737061 0x65736162 0x383a632e 0x68282030 0x20706165
[   1.46] 48103c50: 0x4e203d21 0x204c4c55 0x22202626 0x65657266 0x74202928 0x65677261 0x6f702074 0x65746e69
[   1.46] 48103c70: 0x73692072 0x74756f20 0x65646973 0x61656820 0x72612070 0x22736165 0x48190029 0x4ff52506
[   1.46] 48103c90: 0x485228c8 0x0000003c 0x48522908 0x4801aaf0 0x4ff5c68c 0x00000404 0x0000000c 0x48063d50
[   1.46] 48103cb0: 0x00000001 0x00000013 0x4818c584 0x48057232 0x00000404 0x0000000c 0x4818c584 0x480849c8
[   1.46] 48103cd0: 0x00000042 0x48103cfc 0x4818c584 0x48084b78 0x4ff5c564 0x00000000 0x4ff5c558 0x4ff5c538
[   1.46] 48103cf0: 0x00000001 0x48134d48 0x48109a84 0x4ff40ac2 0x00000001 0x48135000 0x48108354 0x48063e9a
[   1.46] 48103d10: 0x48103db0 0x48135000 0x48193970 0x4801ea28 0x00000034 0x4810807c 0x00000039 0x00000000
[   1.46] 48103d30: 0x481079d8 0x000000d1 0x00000000 0x00000002 0x00000900 0x48103df0 0x00000000 0x00000001
[   1.46] 48103d50: 0x00001000 0x00000000 0x00000000 0x48194150 0x00000000 0x00000000 0x00000000 0x00000000
[   1.46] 48103d70: 0x00000000 0x00000000 0x0022c55e 0x00000000 0x00000000 0x00000003 0x00000000 0x00000001
[   1.46] 48103d90: 0x00000000 0x00000046 0x00000004 0x00000000 0x00000000 0x48103de0 0x4818ee20 0x4802c728
[   1.46] 48103db0: 0x48432036 0x534b4345 0xaab8e400 0xe6b095e6 0xb8e5ae8d 0x481000a7 0x48103e40 0x4802d4d8
[   1.46] 48103dd0: 0x48103dc6 0x00000002 0x48103df0 0x00000001 0x4ff5c68c 0x00000000 0x4818ee20 0x4802ca5e
[   1.46] 48103df0: 0xe98787e9 0x3120869b 0x312e3239 0x302e3836 0x3931312e 0x3937383a 0xb7c22039 0x89ade720
[   1.46] 48103e10: 0xe985bee5 0xb8e496a6 0xb095e6aa 0xe5ae8de6 0x4800a7b8 0x00000004 0x00000002 0xffffffff
[   1.46] 48103e30: 0x4ff5c68c 0x48103e70 0x4ff877e4 0x48026fb4 0x4ff5c000 0x00000004 0x00000000 0x00000000
[   1.46] 48103e50: 0x4ff5c68c 0x00000001 0x00000000 0x00000000 0x00000000 0x00000001 0x4ff87928 0x4ff4f1ee
[   1.46] 48103e70: 0x00000000 0x00000003 0x00000000 0x4ffbe9e8 0x4ffbea18 0x00000000 0x4ffbe9c4 0x4ff4f3ee
[   1.46] 48103e90: 0x4ffbea18 0x00000000 0x4ffbe9c4 0x4ff4bd10 0x48103f90 0x00000000 0x381e0000 0xffffffff
[   1.46] 48103eb0: 0x4ff5df9c 0x00000003 0x00000000 0x00000000 0x4ffbf160 0x00000000 0x00000001 0x00000000
[   1.46] 48103ed0: 0x00000000 0x00000000 0x00000000 0x485226c4 0x00000399 0x00000001 0x00010000 0xffffffff
[   1.46] 48103ef0: 0x4ff5c000 0x4ff5c68c 0x4818f018 0x48056978 0x48103dc6 0x00000003 0x00000001 0x000003e8
[   1.46] 48103f10: 0x00000000 0xffffffff 0x4ffbf10c 0x00000000 0x00000000 0x00000003 0x00000001 0x000003e8
[   1.46] 48103f30: 0x10624dd3 0x0000000f 0x4ff5c5a8 0x48023dc0 0x00000000 0x00000000 0x00000000 0x00000000
[   1.46] 48103f50: 0x00000000 0x00000000 0x00000000 0x00000000 0x00000000 0x00000000 0x00000000 0x00000000
[   1.46] 48103f70: 0x00000000 0x00000000 0x00000000 0x00000000 0x00000000 0xa5a5a5a5 0xa5a5a5a5 0xa5a5a5a5
[   1.46] 48103f90: 0x30100000 0x00000144 0x50115737 0x15c72683 0x01000637 0x501117b7 0x2e238ed1 0x43b814d7
[   1.75] 48103fb0: 0x100006b7 0xc3b88f55 0x05378082 0x05133010 0x80821545 0x00000000 0x34029073 0x00000517
[   1.75] 
[   1.75] 
[   1.75] 
[   1.75] ELF file SHA256: 972a3064c
[   1.75] 
[   1.75] Rebooting...
[   1.75] ESP-ROM:esp32p4-eco7-20260109
[   1.75] Build:Jan  9 2026
[   1.75] rst:0xc (SW_CPU_RESET),boot:0xf (SPI_FAST_FLASH_BOOT)
[   1.75] Core0 Saved PC:0x4ff444de
[   1.75] Core1 Saved PC:0x4ff4ace6
[   1.75] SPI mode:DIO, clock div:1
[   1.75] load:0x4ffb60d0,len:0x11f0
[   1.75] load:0x4ffac2c0,len:0xd5c
[   1.75] load:0x4ffaefc0,len:0x3408
[   1.75] entry 0x4ffac2c0
[   1.75] I (226) hex_psram: vendor id    : 0x0d (AP)
[   1.75] I (227) hex_psram: Latency      : 0x01 (Fixed)
[   1.75] I (227) hex_psram: DriveStr.    : 0x00 (25 Ohm)
[   1.75] I (227) hex_psram: dev id       : 0x03 (generation 4)
[   1.75] I (232) hex_psram: density      : 0x07 (256 Mbit)
[   1.75] I (237) hex_psram: good-die     : 0x06 (Pass)
[   1.75] I (241) hex_psram: SRF          : 0x02 (Slow Refresh)
[   1.75] I (245) hex_psram: BurstType    : 0x00 ( Wrap)
[   1.75] I (250) hex_psram: BurstLen     : 0x03 (2048 Byte)
[   1.75] I (254) hex_psram: BitMode      : 0x01 (X16 Mode)
[   1.75] I (258) hex_psram: Readlatency  : 0x04 (14 cycles@Fixed)
[   1.75] I (264) hex_psram: DriveStrength: 0x00 (1/1)
[   1.75] I (268) MSPI Timing: Enter psram timing tuning
[   1.98] I esp_psram: Found 32MB PSRAM device
[   1.98] I esp_psram: Speed: 200MHz
[   1.98] I (455) mmu_psram: .rodata xip on psram
[   1.98] I (505) mmu_psram: .text xip on psram
[   1.98] I (506) hex_psram: psram CS IO is dedicated
[   1.98] I (506) cpu_start: Multicore app
[   2.61] I (933) esp_psram: SPI SRAM memory test OK
[   2.61] I (943) cpu_start: GPIO 38 and 37 are used as console UART I/O pins
[   2.61] I (943) cpu_start: Pro cpu start user code
[   2.61] I (943) cpu_start: cpu freq: 400000000 Hz
[   2.61] I (945) app_init: Application information:
[   2.61] I (949) app_init: Project name:     fnos_monitor
[   2.61] I (953) app_init: App version:      0.1.0
[   2.61] I (957) app_init: Compile time:     Sep 28 2026 00:46:10
[   2.61] I (962) app_init: ELF file SHA256:  972a3064c...
[   2.61] I (967) app_init: ESP-IDF:          5.5.3
[   2.61] I (970) efuse_init: Min chip rev:     v3.0
[   2.61] I (974) efuse_init: Max chip rev:     v3.99 
[   2.61] I (978) efuse_init: Chip rev:         v3.2
[   2.61] I (982) heap_init: Initializing. RAM available for dynamic allocation:
[   2.61] I (988) heap_init: At 4FF5E490 len 0005CB30 (370 KiB): RETENT_RAM
[   2.61] I (994) heap_init: At 4FFBAFC0 len 00004BF0 (18 KiB): RAM
[   2.61] I (999) heap_init: At 501080D8 len 00000028 (0 KiB): RTCRAM
[   2.61] I (1005) heap_init: At 501081A0 len 00007E60 (31 KiB): RTCRAM
[   2.61] I (1010) heap_init: At 30100198 len 00001E68 (7 KiB): TCM
[   2.96] I (1015) esp_psram: Adding pool of 31151K of PSRAM memory to heap allocator
[   2.96] I (1022) esp_psram: Adding pool of 60K of PSRAM memory gap generated due to end address alignment of irom to the heap allocator
[   2.96] I (1033) esp_psram: Adding pool of 35K of PSRAM memory gap generated due to end address alignment of drom to the heap allocator
[   2.96] I (1044) spi_flash: detected chip: gd
[   2.96] I (1047) spi_flash: flash io: qio
[   2.96] I (1051) host_init: ESP Hosted : Host chip_ip[18]
[   2.96] I (1055) H_API: ESP-Hosted starting. Hosted_Tasks: prio:23, stack: 5120 RPC_task_stack: 5120
[   2.96] sdio_mempool_create free:32401000 min-free:32401000 lfb-def:31457280 lfb-8bit:31457280
[   2.96] 
[   2.96] I (1071) H_API: ** add_esp_wifi_remote_channels **
[   2.96] I (1076) transport: Add ESP-Hosted channel IF[1]: S[0] Tx[0x4800b6dc] Rx[0x4801a922]
[   2.96] I (1083) transport: Add ESP-Hosted channel IF[2]: S[0] Tx[0x4800b622] Rx[0x4801a922]
[   2.96] I (1091) sleep_gpio: Configure to isolate all GPIO pins in sleep state
[   2.96] I (1097) sleep_gpio: Enable automatic switching of GPIO sleep configuration
[   2.96] I (1104) main_task: Started on CPU0
[   2.96] I (1108) main_task: Calling app_main()
[   2.96] I (1114) main: fnOS NAS dashboard booting (agent http://192.168.0.119:8799)
[   2.96] I (1117) main: heap boot           internal=363KB largest=304KB dma=325KB psram=31242KB
[   2.96] I (1126) transport: Attempt connection with slave: retry[0]
[   2.96] I (1130) transport: Reset slave using GPIO[54]
[   2.96] I (1134) os_wrapper_esp: GPIO [54] configured
[   3.93] I (2304) sdio_wrapper: SDIO master: Data-Lines: 4-bit Freq(KHz)[40000 KHz]
[   3.93] I (2304) sdio_wrapper: GPIOs: CLK[18] CMD[19] D0[14] D1[15] D2[16] D3[17] Slave_Reset[54]
[   3.93] I (2304) H_SDIO_DRV: Starting SDIO process rx task
[   3.93] I (2307) sdio_wrapper: Queues: Tx[20] Rx[20] SDIO-Rx-Mode[1]
[   3.93] Name: 
[   3.93] Type: SDIO
[   3.93] Speed: 40.00 MHz (limit: 40.00 MHz)
[   3.93] Size: 0MB
[   3.93] CSD: ver=1, sector_size=0, capacity=0 read_bl_len=0
[   3.93] SCR: sd_spec=0, bus_width=0
[   3.93] TUPLE: DEVICE, size: 3: D9 01 FF 
[   3.93] TUPLE: MANFID, size: 4
[   3.93]   MANF: 0092, CARD: 6666
[   3.93] TUPLE: FUNCID, size: 2: 0C 00 
[   3.93] TUPLE: FUNCE, size: 4: 00 00 02 32 
[   3.93] TUPLE: CONFIG, size: 5: 01 01 00 02 07 
[   3.93] TUPLE: CFTABLE_ENTRY, size: 8
[   3.93]   INDX: C1, Intface: 1, Default: 1, Conf-Entry-Num: 1
[   3.93]   IF: 41
[   3.93]   FS: 30, misc: 0, mem_space: 1, irq: 1, io_space: 0, timing: 0, power: 0
[   3.93]   IR: 30, mask: 1,   IRQ: FF FF
[   3.93]   LEN: FFFF
[   3.93] TUPLE: END
[   3.93] I (2390) sdio_wrapper: Function 0 Blocksize: 512
[   3.93] I (2394) sdio_wrapper: Function 1 Blocksize: 512
[   3.93] I (2398) H_SDIO_DRV: SDIO Host operating in STREAMING MODE
[   3.93] I (2403) H_SDIO_DRV: generate slave intr
[   3.93] I (2408) transport: Received INIT event from ESP32 peripheral
[   3.93] I (2412) transport: EVENT: 12
[   3.93] I (2415) transport: EVENT: 11
[   3.93] I (2418) transport: capabilities: 0xd
[   3.93] I (2421) transport: Features supported are:
[   3.93] I (2425) transport: 	 * WLAN
[   4.28] I (2428) transport: 	   - HCI over SDIO
[   4.28] I (2431) transport: 	   - BLE only
[   4.28] I (2434) transport: EVENT: 13
[   4.28] I (2437) transport: ESP board type is : 13 
[   4.28] 
[   4.28] I (2441) transport: Base transport is set-up
[   4.28] 
[   4.28] I (2445) transport: Slave chip Id[12]
[   4.28] I (2449) hci_stub_drv: Host BT Support: Disabled
[   4.28] I (2453) H_SDIO_DRV: Received INIT event
[   4.96] I (3458) fnos_net: wifi station started; awaiting ip
[   4.96] I (3459) esp_lvgl:adapter: LVGL adapter initialized successfully
[   4.96] W (3459) ledc: GPIO 32 is not usable, maybe conflict with others
[   4.96] I (3463) ESP32_P4_EV: MIPI DSI PHY Powered on
[   4.96] I (3468) ESP32_P4_EV: Install MIPI DSI LCD control panel
[   4.96] I (3472) ESP32_P4_EV: Install EK79007 LCD control panel
[   4.96] I (3477) ek79007: version: 2.0.2
[   4.96] I (3479) H_API: esp_wifi_remote_connect
[   5.21] I (3654) ESP32_P4_EV: Display initialized
[   5.21] I (3655) esp_lvgl:bridge_v9: Initializing hardware resources
[   5.21] I (3655) esp_lvgl:bridge_v9: Hardware resources initialized successfully
[   5.21] I (3658) esp_lvgl:bridge: Initializing hardware resources
[   5.21] I (3663) esp_lvgl:bridge: Hardware resources initialized successfully
[   5.21] W (3669) esp_lvgl:bridge_v9: on_frame_buf_complete unavailable; buffer-switch release and dummy-draw may not function on MIPI DSI
[   5.21] I (3681) ESP32_P4_EV: Touch 0x5d found
[   5.21] I (3684) GT911: I2C address initialization procedure skipped - using default GT9xx setup
[   5.21] I (3692) GT911: TouchPad_ID:0x39,0x31,0x31
[   5.21] I (3696) GT911: TouchPad_Config_Version:91
[   5.21] W (3700) esp_lvgl:touch: LV_USE_GESTURE_RECOGNITION is disabled; only single-point pointer events are available
[   5.21] I (3709) esp_lvgl:touch: Touch input device registered successfully (IRQ mode: disabled)
[   5.21] I (3718) esp_lvgl:adapter: LVGL task started successfully
[   5.21] I (3722) ESP32_P4_EV: Setting LCD backlight: 100%
[   5.55] I (3727) ESP32_P4_EV: Setting LCD backlight: 45%
[   5.55] I (3731) main: heap display        internal=243KB largest=204KB dma=205KB psram=27600KB
[   5.55] I (3880) fnos_view: dashboard v2 created (4 pages, 180 s window)
[   5.55] W (3880) main: VERIFY MODE: auto page every 10 s
[   5.55] I (3880) main: heap ui             internal=243KB largest=204KB dma=205KB psram=27508KB
[   5.55] I (3887) fnos_data: polling http://192.168.0.119:8799/api/v1/status every 1000 ms
[   5.55] I (3894) main: heap polling        internal=243KB largest=204KB dma=205KB psram=27494KB
[   5.55] I (3901) ESP32_P4_EV: Setting LCD backlight: 45%
[   5.55] I (3906) main: backlight 45% (day)
[   5.55] I (3909) main: boot complete
[   5.55] I (3911) main_task: Returned from app_main()
[   5.85] I (4380) uidbg: unit0 x=85 y=57 w=0 h=22 style_x=85 style_y=57 hidden=0 text='' par_w=209
[   5.85] I (4380) uidbg: val0 x=18 y=32 w=42 h=52 text='--'
[   6.26] 
[   6.26] assert failed: heap_caps_free heap_caps_base.c:80 (heap != NULL && "free() target pointer is outside heap areas")
[   6.26] Core  1 register dump:
[   6.26] MEPC    : 0x4ff4abec  RA      : 0x4ff4a76c  SP      : 0x48103bd0  GP      : 0x4ff56f80  
[   6.26] TP      : 0x48103f90  T0      : 0x37363534  T1      : 0x7271706f  T2      : 0x33323130  
[   6.26] S0/FP   : 0x00000001  S1      : 0x00000056  A0      : 0x48103c18  A1      : 0x4ff58e05  
[   6.26] A2      : 0x00000001  A3      : 0x4ff5e000  A4      : 0x00000001  A5      : 0x4ff5e000  
[   6.26] A6      : 0x0000000c  A7      : 0x76757473  S2      : 0x48103c18  S3      : 0x48103c51  
[   6.26] S4      : 0x4ff58e04  S5      : 0x48103c18  S6      : 0x4ff5c564  S7      : 0x4ff5c548  
[   6.26] S8      : 0x48134000  S9      : 0x48194000  S10     : 0x48123000  S11     : 0x4811e000  
[   6.26] T3      : 0x6e6d6c6b  T4      : 0x6a696867  T5      : 0x66656463  T6      : 0x62613938  
[   6.26] MSTATUS : 0x00011881  MTVEC   : 0x4ff40003  MCAUSE  : 0x00000002  MTVAL   : 0x00000000  
[   6.26] MHARTID : 0x00000001  
[   6.26] 
[   6.26] Stack memory:
[   6.26] 48103bd0: 0x00000000 0x48103bf4 0x48136e1c 0x4ff54140 0x00003038 0x000001fd 0x00000000 0x00000000
[   6.26] 48103bf0: 0x00000000 0x4ff5983c 0x48136e1c 0x4ff59820 0x48112d12 0x4ff5984c 0x48103be0 0x4ff59850
[   6.26] 48103c10: 0x48112cbc 0x4ff58e04 0x65737361 0x66207472 0x656c6961 0x68203a64 0x5f706165 0x73706163
[   6.26] 48103c30: 0x6572665f 0x65682065 0x635f7061 0x5f737061 0x65736162 0x383a632e 0x68282030 0x20706165
[   6.26] 48103c50: 0x4e203d21 0x204c4c55 0x22202626 0x65657266 0x74202928 0x65677261 0x6f702074 0x65746e69
[   6.26] 48103c70: 0x73692072 0x74756f20 0x65646973 0x61656820 0x72612070 0x22736165 0x48190029 0x4ff52506
[   6.26] 48103c90: 0x485228c8 0x0000003c 0x48522908 0x4801aaf0 0x4ff5c68c 0x00000404 0x0000000c 0x48063d50
[   6.26] 48103cb0: 0x00000001 0x00000013 0x4818c584 0x48057232 0x00000404 0x0000000c 0x4818c584 0x480849c8
[   6.26] 48103cd0: 0x00000042 0x48103cfc 0x4818c584 0x48084b78 0x4ff5c564 0x00000000 0x4ff5c558 0x4ff5c538
[   6.26] 48103cf0: 0x00000001 0x48134d48 0x48109a84 0x4ff40ac2 0x00000001 0x48135000 0x48108354 0x48063e9a
[   6.26] 48103d10: 0x48103db0 0x48135000 0x48193970 0x4801ea28 0x00000034 0x4810807c 0x00000039 0x00000000
[   6.26] 48103d30: 0x481079d8 0x000000d1 0x00000000 0x00000002 0x00000900 0x48103df0 0x00000000 0x00000001
[   6.26] 48103d50: 0x00001000 0x00000000 0x00000000 0x48194150 0x00000000 0x00000000 0x00000000 0x00000000
[   6.26] 48103d70: 0x00000000 0x00000000 0x0022c55e 0x00000000 0x00000000 0x00000003 0x00000000 0x00000001
[   6.26] 48103d90: 0x00000000 0x00000046 0x00000004 0x00000000 0x00000000 0x48103de0 0x4818ee20 0x4802c728
[   6.26] 48103db0: 0x48432036 0x534b4345 0xaab8e400 0xe6b095e6 0xb8e5ae8d 0x481000a7 0x48103e40 0x4802d4d8
[   6.26] 48103dd0: 0x48103dc6 0x00000002 0x48103df0 0x00000001 0x4ff5c68c 0x00000000 0x4818ee20 0x4802ca5e
[   6.26] 48103df0: 0xe98787e9 0x3120869b 0x312e3239 0x302e3836 0x3931312e 0x3937383a 0xb7c22039 0x89ade720
[   6.26] 48103e10: 0xe985bee5 0xb8e496a6 0xb095e6aa 0xe5ae8de6 0x4800a7b8 0x00000004 0x00000002 0xffffffff
[   6.26] 48103e30: 0x4ff5c68c 0x48103e70 0x4ff877e4 0x48026fb4 0x4ff5c000 0x00000004 0x00000000 0x00000000
[   6.26] 48103e50: 0x4ff5c68c 0x00000001 0x00000000 0x00000000 0x00000000 0x00000001 0x4ff87928 0x4ff4f1ee
[   6.26] 48103e70: 0x00000000 0x00000003 0x00000000 0x4ffbe9e8 0x4ffbea18 0x00000000 0x4ffbe9c4 0x4ff4f3ee
[   6.26] 48103e90: 0x4ffbea18 0x00000000 0x4ffbe9c4 0x4ff4bd10 0x48103f90 0x00000000 0x381e0000 0xffffffff
[   6.26] 48103eb0: 0x4ff5df9c 0x00000003 0x00000000 0x00000000 0x4ffbf160 0x00000000 0x00000001 0x00000000
[   6.26] 48103ed0: 0x00000000 0x00000000 0x00000000 0x485226c4 0x00000399 0x00000001 0x00010000 0xffffffff
[   6.26] 48103ef0: 0x4ff5c000 0x4ff5c68c 0x4818f018 0x48056978 0x48103dc6 0x00000003 0x00000001 0x000003e8
[   6.26] 48103f10: 0x00000000 0xffffffff 0x4ffbf10c 0x00000000 0x00000000 0x00000003 0x00000001 0x000003e8
[   6.26] 48103f30: 0x10624dd3 0x0000000f 0x4ff5c5a8 0x48023dc0 0x00000000 0x00000000 0x00000000 0x00000000
[   6.26] 48103f50: 0x00000000 0x00000000 0x00000000 0x00000000 0x00000000 0x00000000 0x00000000 0x00000000
[   6.26] 48103f70: 0x00000000 0x00000000 0x00000000 0x00000000 0x00000000 0xa5a5a5a5 0xa5a5a5a5 0xa5a5a5a5
[   6.26] 48103f90: 0x30100000 0x00000144 0x50115737 0x15c72683 0x01000637 0x501117b7 0x2e238ed1 0x43b814d7
[   6.54] 48103fb0: 0x100006b7 0xc3b88f55 0x05378082 0x05133010 0x80821545 0x00000000 0x34029073 0x00000517
[   6.54] 
[   6.54] 
[   6.54] 
[   6.54] ELF file SHA256: 972a3064c
[   6.54] 
[   6.54] Rebooting...
[   6.55] ESP-ROM:esp32p4-eco7-20260109
[   6.55] Build:Jan  9 2026
[   6.55] rst:0xc (SW_CPU_RESET),boot:0xf (SPI_FAST_FLASH_BOOT)
[   6.55] Core0 Saved PC:0x4ff444de
[   6.55] Core1 Saved PC:0x4ff4ace6
[   6.55] SPI mode:DIO, clock div:1
[   6.55] load:0x4ffb60d0,len:0x11f0
[   6.55] load:0x4ffac2c0,len:0xd5c
[   6.55] load:0x4ffaefc0,len:0x3408
[   6.55] entry 0x4ffac2c0
[   6.55] I (226) hex_psram: vendor id    : 0x0d (AP)
[   6.55] I (227) hex_psram: Latency      : 0x01 (Fixed)
[   6.55] I (227) hex_psram: DriveStr.    : 0x00 (25 Ohm)
[   6.55] I (227) hex_psram: dev id       : 0x03 (generation 4)
[   6.55] I (232) hex_psram: density      : 0x07 (256 Mbit)
[   6.55] I (237) hex_psram: good-die     : 0x06 (Pass)
[   6.55] I (241) hex_psram: SRF          : 0x02 (Slow Refresh)
[   6.55] I (245) hex_psram: BurstType    : 0x00 ( Wrap)
[   6.55] I (250) hex_psram: BurstLen     : 0x03 (2048 Byte)
[   6.55] I (254) hex_psram: BitMode      : 0x01 (X16 Mode)
[   6.55] I (258) hex_psram: Readlatency  : 0x04 (14 cycles@Fixed)
[   6.55] I (264) hex_psram: DriveStrength: 0x00 (1/1)
[   6.55] I (268) MSPI Timing: Enter psram timing tuning
[   6.77] I esp_psram: Found 32MB PSRAM device
[   6.77] I esp_psram: Speed: 200MHz
[   6.77] I (455) mmu_psram: .rodata xip on psram
[   6.77] I (505) mmu_psram: .text xip on psram
[   6.77] I (506) hex_psram: psram CS IO is dedicated
[   6.77] I (506) cpu_start: Multicore app
[   7.41] I (933) esp_psram: SPI SRAM memory test OK
[   7.41] I (943) cpu_start: GPIO 38 and 37 are used as console UART I/O pins
[   7.41] I (943) cpu_start: Pro cpu start user code
[   7.41] I (943) cpu_start: cpu freq: 400000000 Hz
[   7.41] I (945) app_init: Application information:
[   7.41] I (949) app_init: Project name:     fnos_monitor
[   7.41] I (953) app_init: App version:      0.1.0
[   7.41] I (957) app_init: Compile time:     Sep 28 2026 00:46:10
[   7.41] I (962) app_init: ELF file SHA256:  972a3064c...
[   7.41] I (967) app_init: ESP-IDF:          5.5.3
[   7.41] I (970) efuse_init: Min chip rev:     v3.0
[   7.41] I (974) efuse_init: Max chip rev:     v3.99 
[   7.41] I (978) efuse_init: Chip rev:         v3.2
[   7.41] I (982) heap_init: Initializing. RAM available for dynamic allocation:
[   7.41] I (988) heap_init: At 4FF5E490 len 0005CB30 (370 KiB): RETENT_RAM
[   7.41] I (994) heap_init: At 4FFBAFC0 len 00004BF0 (18 KiB): RAM
[   7.41] I (999) heap_init: At 501080D8 len 00000028 (0 KiB): RTCRAM
[   7.41] I (1005) heap_init: At 501081A0 len 00007E60 (31 KiB): RTCRAM
[   7.41] I (1010) heap_init: At 30100198 len 00001E68 (7 KiB): TCM
[   7.76] I (1015) esp_psram: Adding pool of 31151K of PSRAM memory to heap allocator
[   7.76] I (1022) esp_psram: Adding pool of 60K of PSRAM memory gap generated due to end address alignment of irom to the heap allocator
[   7.76] I (1033) esp_psram: Adding pool of 35K of PSRAM memory gap generated due to end address alignment of drom to the heap allocator
[   7.76] I (1044) spi_flash: detected chip: gd
[   7.76] I (1047) spi_flash: flash io: qio
[   7.76] I (1051) host_init: ESP Hosted : Host chip_ip[18]
[   7.76] I (1055) H_API: ESP-Hosted starting. Hosted_Tasks: prio:23, stack: 5120 RPC_task_stack: 5120
[   7.76] sdio_mempool_create free:32401000 min-free:32401000 lfb-def:31457280 lfb-8bit:31457280
[   7.76] 
[   7.76] I (1071) H_API: ** add_esp_wifi_remote_channels **
[   7.76] I (1075) transport: Add ESP-Hosted channel IF[1]: S[0] Tx[0x4800b6dc] Rx[0x4801a922]
[   7.76] I (1083) transport: Add ESP-Hosted channel IF[2]: S[0] Tx[0x4800b622] Rx[0x4801a922]
[   7.76] I (1091) sleep_gpio: Configure to isolate all GPIO pins in sleep state
[   7.76] I (1097) sleep_gpio: Enable automatic switching of GPIO sleep configuration
[   7.76] I (1104) main_task: Started on CPU0
[   7.76] I (1108) main_task: Calling app_main()
[   7.76] I (1114) main: fnOS NAS dashboard booting (agent http://192.168.0.119:8799)
[   7.76] I (1117) main: heap boot           internal=363KB largest=304KB dma=325KB psram=31242KB
[   7.76] I (1126) transport: Attempt connection with slave: retry[0]
[   7.76] I (1130) transport: Reset slave using GPIO[54]
[   7.76] I (1134) os_wrapper_esp: GPIO [54] configured
[   8.73] I (2304) sdio_wrapper: SDIO master: Data-Lines: 4-bit Freq(KHz)[40000 KHz]
[   8.73] I (2304) sdio_wrapper: GPIOs: CLK[18] CMD[19] D0[14] D1[15] D2[16] D3[17] Slave_Reset[54]
[   8.73] I (2304) H_SDIO_DRV: Starting SDIO process rx task
[   8.73] I (2307) sdio_wrapper: Queues: Tx[20] Rx[20] SDIO-Rx-Mode[1]
[   8.73] Name: 
[   8.73] Type: SDIO
[   8.73] Speed: 40.00 MHz (limit: 40.00 MHz)
[   8.73] Size: 0MB
[   8.73] CSD: ver=1, sector_size=0, capacity=0 read_bl_len=0
[   8.73] SCR: sd_spec=0, bus_width=0
[   8.73] TUPLE: DEVICE, size: 3: D9 01 FF 
[   8.73] TUPLE: MANFID, size: 4
[   8.73]   MANF: 0092, CARD: 6666
[   8.73] TUPLE: FUNCID, size: 2: 0C 00 
[   8.73] TUPLE: FUNCE, size: 4: 00 00 02 32 
[   8.73] TUPLE: CONFIG, size: 5: 01 01 00 02 07 
[   8.73] TUPLE: CFTABLE_ENTRY, size: 8
[   8.73]   INDX: C1, Intface: 1, Default: 1, Conf-Entry-Num: 1
[   8.73]   IF: 41
[   8.73]   FS: 30, misc: 0, mem_space: 1, irq: 1, io_space: 0, timing: 0, power: 0
[   8.73]   IR: 30, mask: 1,   IRQ: FF FF
[   8.73]   LEN: FFFF
[   8.73] TUPLE: END
[   8.73] I (2390) sdio_wrapper: Function 0 Blocksize: 512
[   8.73] I (2394) sdio_wrapper: Function 1 Blocksize: 512
[   8.73] I (2398) H_SDIO_DRV: SDIO Host operating in STREAMING MODE
[   8.73] I (2403) H_SDIO_DRV: generate slave intr
[   8.73] I (2408) transport: Received INIT event from ESP32 peripheral
[   8.73] I (2412) transport: EVENT: 12
[   8.73] I (2415) transport: EVENT: 11
[   8.73] I (2418) transport: capabilities: 0xd
[   8.73] I (2421) transport: Features supported are:
[   8.73] I (2425) transport: 	 * WLAN
[   9.07] I (2428) transport: 	   - HCI over SDIO
[   9.07] I (2431) transport: 	   - BLE only
[   9.07] I (2434) transport: EVENT: 13
[   9.07] I (2437) transport: ESP board type is : 13 
[   9.07] 
[   9.07] I (2441) transport: Base transport is set-up
[   9.07] 
[   9.07] I (2445) transport: Slave chip Id[12]
[   9.07] I (2449) hci_stub_drv: Host BT Support: Disabled
[   9.07] I (2453) H_SDIO_DRV: Received INIT event
[  10.01] I (3458) fnos_net: wifi station started; awaiting ip
[  10.01] I (3459) esp_lvgl:adapter: LVGL adapter initialized successfully
[  10.01] W (3459) ledc: GPIO 32 is not usable, maybe conflict with others
[  10.01] I (3463) ESP32_P4_EV: MIPI DSI PHY Powered on
[  10.01] I (3468) ESP32_P4_EV: Install MIPI DSI LCD control panel
[  10.01] I (3472) ESP32_P4_EV: Install EK79007 LCD control panel
[  10.01] I (3477) ek79007: version: 2.0.2
[  10.01] I (3479) H_API: esp_wifi_remote_connect
[  10.01] I (3654) ESP32_P4_EV: Display initialized
[  10.01] I (3655) esp_lvgl:bridge_v9: Initializing hardware resources
[  10.01] I (3655) esp_lvgl:bridge_v9: Hardware resources initialized successfully
[  10.01] I (3658) esp_lvgl:bridge: Initializing hardware resources
[  10.01] I (3663) esp_lvgl:bridge: Hardware resources initialized successfully
[  10.01] W (3669) esp_lvgl:bridge_v9: on_frame_buf_complete unavailable; buffer-switch release and dummy-draw may not function on MIPI DSI
[  10.01] I (3681) ESP32_P4_EV: Touch 0x5d found
[  10.01] I (3684) GT911: I2C address initialization procedure skipped - using default GT9xx setup
[  10.01] I (3692) GT911: TouchPad_ID:0x39,0x31,0x31
[  10.01] I (3696) GT911: TouchPad_Config_Version:91
[  10.01] W (3700) esp_lvgl:touch: LV_USE_GESTURE_RECOGNITION is disabled; only single-point pointer events are available
[  10.01] I (3709) esp_lvgl:touch: Touch input device registered successfully (IRQ mode: disabled)
[  10.01] I (3718) esp_lvgl:adapter: LVGL task started successfully
[  10.01] I (3722) ESP32_P4_EV: Setting LCD backlight: 100%
[  10.36] I (3727) ESP32_P4_EV: Setting LCD backlight: 45%
[  10.36] I (3731) main: heap display        internal=243KB largest=204KB dma=205KB psram=27600KB
[  10.36] I (3880) fnos_view: dashboard v2 created (4 pages, 180 s window)
[  10.36] W (3880) main: VERIFY MODE: auto page every 10 s
[  10.36] I (3880) main: heap ui             internal=243KB largest=204KB dma=205KB psram=27508KB
[  10.36] I (3887) fnos_data: polling http://192.168.0.119:8799/api/v1/status every 1000 ms
[  10.36] I (3894) main: heap polling        internal=243KB largest=204KB dma=205KB psram=27494KB
[  10.36] I (3901) ESP32_P4_EV: Setting LCD backlight: 45%
[  10.36] I (3906) main: backlight 45% (day)
[  10.36] I (3909) main: boot complete
[  10.36] I (3911) main_task: Returned from app_main()
[  10.65] I (4380) uidbg: unit0 x=85 y=57 w=0 h=22 style_x=85 style_y=57 hidden=0 text='' par_w=209
[  10.65] I (4380) uidbg: val0 x=18 y=32 w=42 h=52 text='--'
[  11.06] 
[  11.06] assert failed: heap_caps_free heap_caps_base.c:80 (heap != NULL && "free() target pointer is outside heap areas")
[  11.06] Core  1 register dump:
[  11.06] MEPC    : 0x4ff4abec  RA      : 0x4ff4a76c  SP      : 0x48103bd0  GP      : 0x4ff56f80  
[  11.06] TP      : 0x48103f90  T0      : 0x37363534  T1      : 0x7271706f  T2      : 0x33323130  
[  11.06] S0/FP   : 0x00000001  S1      : 0x00000056  A0      : 0x48103c18  A1      : 0x4ff58e05  
[  11.06] A2      : 0x00000001  A3      : 0x4ff5e000  A4      : 0x00000001  A5      : 0x4ff5e000  
[  11.06] A6      : 0x0000000c  A7      : 0x76757473  S2      : 0x48103c18  S3      : 0x48103c51  
[  11.06] S4      : 0x4ff58e04  S5      : 0x48103c18  S6      : 0x4ff5c564  S7      : 0x4ff5c548  
[  11.06] S8      : 0x48134000  S9      : 0x48194000  S10     : 0x48123000  S11     : 0x4811e000  
[  11.06] T3      : 0x6e6d6c6b  T4      : 0x6a696867  T5      : 0x66656463  T6      : 0x62613938  
[  11.06] MSTATUS : 0x00011881  MTVEC   : 0x4ff40003  MCAUSE  : 0x00000002  MTVAL   : 0x00000000  
[  11.06] MHARTID : 0x00000001  
[  11.06] 
[  11.06] Stack memory:
[  11.06] 48103bd0: 0x00000000 0x48103bf4 0x48136e1c 0x4ff54140 0x00003038 0x000001fd 0x00000000 0x00000000
[  11.06] 48103bf0: 0x00000000 0x4ff5983c 0x48136e1c 0x4ff59820 0x48112d12 0x4ff5984c 0x48103be0 0x4ff59850
[  11.06] 48103c10: 0x48112cbc 0x4ff58e04 0x65737361 0x66207472 0x656c6961 0x68203a64 0x5f706165 0x73706163
[  11.06] 48103c30: 0x6572665f 0x65682065 0x635f7061 0x5f737061 0x65736162 0x383a632e 0x68282030 0x20706165
[  11.06] 48103c50: 0x4e203d21 0x204c4c55 0x22202626 0x65657266 0x74202928 0x65677261 0x6f702074 0x65746e69
[  11.06] 48103c70: 0x73692072 0x74756f20 0x65646973 0x61656820 0x72612070 0x22736165 0x48190029 0x4ff52506
[  11.06] 48103c90: 0x485228c8 0x0000003c 0x48522908 0x4801aaf0 0x4ff5c68c 0x00000404 0x0000000c 0x48063d50
[  11.06] 48103cb0: 0x00000001 0x00000013 0x4818c584 0x48057232 0x00000404 0x0000000c 0x4818c584 0x480849c8
[  11.06] 48103cd0: 0x00000042 0x48103cfc 0x4818c584 0x48084b78 0x4ff5c564 0x00000000 0x4ff5c558 0x4ff5c538
[  11.06] 48103cf0: 0x00000001 0x48134d48 0x48109a84 0x4ff40ac2 0x00000001 0x48135000 0x48108354 0x48063e9a
[  11.06] 48103d10: 0x48103db0 0x48135000 0x48193970 0x4801ea28 0x00000034 0x4810807c 0x00000039 0x00000000
[  11.06] 48103d30: 0x481079d8 0x000000d1 0x00000000 0x00000002 0x00000900 0x48103df0 0x00000000 0x00000001
[  11.06] 48103d50: 0x00001000 0x00000000 0x00000000 0x48194150 0x00000000 0x00000000 0x00000000 0x00000000
[  11.06] 48103d70: 0x00000000 0x00000000 0x0022c55e 0x00000000 0x00000000 0x00000003 0x00000000 0x00000001
[  11.06] 48103d90: 0x00000000 0x00000046 0x00000004 0x00000000 0x00000000 0x48103de0 0x4818ee20 0x4802c728
[  11.06] 48103db0: 0x48432036 0x534b4345 0xaab8e400 0xe6b095e6 0xb8e5ae8d 0x481000a7 0x48103e40 0x4802d4d8
[  11.06] 48103dd0: 0x48103dc6 0x00000002 0x48103df0 0x00000001 0x4ff5c68c 0x00000000 0x4818ee20 0x4802ca5e
[  11.06] 48103df0: 0xe98787e9 0x3120869b 0x312e3239 0x302e3836 0x3931312e 0x3937383a 0xb7c22039 0x89ade720
[  11.06] 48103e10: 0xe985bee5 0xb8e496a6 0xb095e6aa 0xe5ae8de6 0x4800a7b8 0x00000004 0x00000002 0xffffffff
[  11.06] 48103e30: 0x4ff5c68c 0x48103e70 0x4ff877e4 0x48026fb4 0x4ff5c000 0x00000004 0x00000000 0x00000000
[  11.06] 48103e50: 0x4ff5c68c 0x00000001 0x00000000 0x00000000 0x00000000 0x00000001 0x4ff87928 0x4ff4f1ee
[  11.06] 48103e70: 0x00000000 0x00000003 0x00000000 0x4ffbe9e8 0x4ffbea18 0x00000000 0x4ffbe9c4 0x4ff4f3ee
[  11.06] 48103e90: 0x4ffbea18 0x00000000 0x4ffbe9c4 0x4ff4bd10 0x48103f90 0x00000000 0x381e0000 0xffffffff
[  11.06] 48103eb0: 0x4ff5df9c 0x00000003 0x00000000 0x00000000 0x4ffbf160 0x00000000 0x00000001 0x00000000
[  11.06] 48103ed0: 0x00000000 0x00000000 0x00000000 0x485226c4 0x00000399 0x00000001 0x00010000 0xffffffff
[  11.06] 48103ef0: 0x4ff5c000 0x4ff5c68c 0x4818f018 0x48056978 0x48103dc6 0x00000003 0x00000001 0x000003e8
[  11.06] 48103f10: 0x00000000 0xffffffff 0x4ffbf10c 0x00000000 0x00000000 0x00000003 0x00000001 0x000003e8
[  11.06] 48103f30: 0x10624dd3 0x0000000f 0x4ff5c5a8 0x48023dc0 0x00000000 0x00000000 0x00000000 0x00000000
[  11.06] 48103f50: 0x00000000 0x00000000 0x00000000 0x00000000 0x00000000 0x00000000 0x00000000 0x00000000
[  11.06] 48103f70: 0x00000000 0x00000000 0x00000000 0x00000000 0x00000000 0xa5a5a5a5 0xa5a5a5a5 0xa5a5a5a5
[  11.06] 48103f90: 0x30100000 0x00000144 0x50115737 0x15c72683 0x01000637 0x501117b7 0x2e238ed1 0x43b814d7
[  11.34] 48103fb0: 0x100006b7 0xc3b88f55 0x05378082 0x05133010 0x80821545 0x00000000 0x34029073 0x00000517
[  11.34] 
[  11.34] 
[  11.34] 
[  11.34] ELF file SHA256: 972a3064c
[  11.34] 
[  11.34] Rebooting...
[  11.34] ESP-ROM:esp32p4-eco7-20260109
[  11.34] Build:Jan  9 2026
[  11.34] rst:0xc (SW_CPU_RESET),boot:0xf (SPI_FAST_FLASH_BOOT)
[  11.34] Core0 Saved PC:0x4ff444de
[  11.34] Core1 Saved PC:0x4ff4ace6
[  11.34] SPI mode:DIO, clock div:1
[  11.34] load:0x4ffb60d0,len:0x11f0
[  11.34] load:0x4ffac2c0,len:0xd5c
[  11.34] load:0x4ffaefc0,len:0x3408
[  11.34] entry 0x4ffac2c0
[  11.34] I (226) hex_psram: vendor id    : 0x0d (AP)
[  11.34] I (227) hex_psram: Latency      : 0x01 (Fixed)
[  11.34] I (227) hex_psram: DriveStr.    : 0x00 (25 Ohm)
[  11.34] I (227) hex_psram: dev id       : 0x03 (generation 4)
[  11.34] I (232) hex_psram: density      : 0x07 (256 Mbit)
[  11.34] I (237) hex_psram: good-die     : 0x06 (Pass)
[  11.34] I (241) hex_psram: SRF          : 0x02 (Slow Refresh)
[  11.34] I (245) hex_psram: BurstType    : 0x00 ( Wrap)
[  11.34] I (250) hex_psram: BurstLen     : 0x03 (2048 Byte)
[  11.34] I (254) hex_psram: BitMode      : 0x01 (X16 Mode)
[  11.34] I (258) hex_psram: Readlatency  : 0x04 (14 cycles@Fixed)
[  11.34] I (264) hex_psram: DriveStrength: 0x00 (1/1)
[  11.34] I (268) MSPI Timing: Enter psram timing tuning
[  11.57] I esp_psram: Found 32MB PSRAM device
[  11.57] I esp_psram: Speed: 200MHz
[  11.57] I (455) mmu_psram: .rodata xip on psram
[  11.57] I (505) mmu_psram: .text xip on psram
[  11.57] I (506) hex_psram: psram CS IO is dedicated
[  11.57] I (506) cpu_start: Multicore app
[  12.21] I (933) esp_psram: SPI SRAM memory test OK
[  12.21] I (943) cpu_start: GPIO 38 and 37 are used as console UART I/O pins
[  12.21] I (943) cpu_start: Pro cpu start user code
[  12.21] I (943) cpu_start: cpu freq: 400000000 Hz
[  12.21] I (945) app_init: Application information:
[  12.21] I (949) app_init: Project name:     fnos_monitor
[  12.21] I (953) app_init: App version:      0.1.0
[  12.21] I (957) app_init: Compile time:     Sep 28 2026 00:46:10
[  12.21] I (962) app_init: ELF file SHA256:  972a3064c...
[  12.21] I (967) app_init: ESP-IDF:          5.5.3
[  12.21] I (970) efuse_init: Min chip rev:     v3.0
[  12.21] I (974) efuse_init: Max chip rev:     v3.99 
[  12.21] I (978) efuse_init: Chip rev:         v3.2
[  12.21] I (982) heap_init: Initializing. RAM available for dynamic allocation:
[  12.21] I (988) heap_init: At 4FF5E490 len 0005CB30 (370 KiB): RETENT_RAM
[  12.21] I (994) heap_init: At 4FFBAFC0 len 00004BF0 (18 KiB): RAM
[  12.21] I (999) heap_init: At 501080D8 len 00000028 (0 KiB): RTCRAM
[  12.21] I (1005) heap_init: At 501081A0 len 00007E60 (31 KiB): RTCRAM
[  12.21] I (1010) heap_init: At 30100198 len 00001E68 (7 KiB): TCM
[  12.55] I (1015) esp_psram: Adding pool of 31151K of PSRAM memory to heap allocator
[  12.56] I (1022) esp_psram: Adding pool of 60K of PSRAM memory gap generated due to end address alignment of irom to the heap allocator
[  12.56] I (1033) esp_psram: Adding pool of 35K of PSRAM memory gap generated due to end address alignment of drom to the heap allocator
[  12.56] I (1044) spi_flash: detected chip: gd
[  12.56] I (1047) spi_flash: flash io: qio
[  12.56] I (1051) host_init: ESP Hosted : Host chip_ip[18]
[  12.56] I (1055) H_API: ESP-Hosted starting. Hosted_Tasks: prio:23, stack: 5120 RPC_task_stack: 5120
[  12.56] sdio_mempool_create free:32401000 min-free:32401000 lfb-def:31457280 lfb-8bit:31457280
[  12.56] 
[  12.56] I (1071) H_API: ** add_esp_wifi_remote_channels **
[  12.56] I (1075) transport: Add ESP-Hosted channel IF[1]: S[0] Tx[0x4800b6dc] Rx[0x4801a922]
[  12.56] I (1083) transport: Add ESP-Hosted channel IF[2]: S[0] Tx[0x4800b622] Rx[0x4801a922]
[  12.56] I (1091) sleep_gpio: Configure to isolate all GPIO pins in sleep state
[  12.56] I (1097) sleep_gpio: Enable automatic switching of GPIO sleep configuration
[  12.56] I (1104) main_task: Started on CPU0
[  12.56] I (1108) main_task: Calling app_main()
[  12.56] I (1114) main: fnOS NAS dashboard booting (agent http://192.168.0.119:8799)
[  12.56] I (1117) main: heap boot           internal=363KB largest=304KB dma=325KB psram=31242KB
[  12.56] I (1126) transport: Attempt connection with slave: retry[0]
[  12.56] I (1130) transport: Reset slave using GPIO[54]
[  12.56] I (1134) os_wrapper_esp: GPIO [54] configured
[  13.52] I (2304) sdio_wrapper: SDIO master: Data-Lines: 4-bit Freq(KHz)[40000 KHz]
[  13.53] I (2304) sdio_wrapper: GPIOs: CLK[18] CMD[19] D0[14] D1[15] D2[16] D3[17] Slave_Reset[54]
[  13.53] I (2304) H_SDIO_DRV: Starting SDIO process rx task
[  13.53] I (2307) sdio_wrapper: Queues: Tx[20] Rx[20] SDIO-Rx-Mode[1]
[  13.53] Name: 
[  13.53] Type: SDIO
[  13.53] Speed: 40.00 MHz (limit: 40.00 MHz)
[  13.53] Size: 0MB
[  13.53] CSD: ver=1, sector_size=0, capacity=0 read_bl_len=0
[  13.53] SCR: sd_spec=0, bus_width=0
[  13.53] TUPLE: DEVICE, size: 3: D9 01 FF 
[  13.53] TUPLE: MANFID, size: 4
[  13.53]   MANF: 0092, CARD: 6666
[  13.53] TUPLE: FUNCID, size: 2: 0C 00 
[  13.53] TUPLE: FUNCE, size: 4: 00 00 02 32 
[  13.53] TUPLE: CONFIG, size: 5: 01 01 00 02 07 
[  13.53] TUPLE: CFTABLE_ENTRY, size: 8
[  13.53]   INDX: C1, Intface: 1, Default: 1, Conf-Entry-Num: 1
[  13.53]   IF: 41
[  13.53]   FS: 30, misc: 0, mem_space: 1, irq: 1, io_space: 0, timing: 0, power: 0
[  13.53]   IR: 30, mask: 1,   IRQ: FF FF
[  13.53]   LEN: FFFF
[  13.53] TUPLE: END
[  13.53] I (2390) sdio_wrapper: Function 0 Blocksize: 512
[  13.53] I (2394) sdio_wrapper: Function 1 Blocksize: 512
[  13.53] I (2398) H_SDIO_DRV: SDIO Host operating in STREAMING MODE
[  13.53] I (2403) H_SDIO_DRV: generate slave intr
[  13.53] I (2408) transport: Received INIT event from ESP32 peripheral
[  13.53] I (2412) transport: EVENT: 12
[  13.53] I (2415) transport: EVENT: 11
[  13.53] I (2418) transport: capabilities: 0xd
[  13.53] I (2421) transport: Features supported are:
[  13.53] I (2425) transport: 	 * WLAN
[  13.87] I (2428) transport: 	   - HCI over SDIO
[  13.87] I (2431) transport: 	   - BLE only
[  13.87] I (2434) transport: EVENT: 13
[  13.87] I (2437) transport: ESP board type is : 13 
[  13.87] 
[  13.87] I (2441) transport: Base transport is set-up
[  13.87] 
[  13.87] I (2445) transport: Slave chip Id[12]
[  13.87] I (2449) hci_stub_drv: Host BT Support: Disabled
[  13.87] I (2453) H_SDIO_DRV: Received INIT event
[  14.55] I (3458) fnos_net: wifi station started; awaiting ip
[  14.55] I (3459) esp_lvgl:adapter: LVGL adapter initialized successfully
[  14.55] W (3459) ledc: GPIO 32 is not usable, maybe conflict with others
[  14.55] I (3463) ESP32_P4_EV: MIPI DSI PHY Powered on
[  14.55] I (3468) ESP32_P4_EV: Install MIPI DSI LCD control panel
[  14.55] I (3472) ESP32_P4_EV: Install EK79007 LCD control panel
[  14.55] I (3477) ek79007: version: 2.0.2
[  14.55] I (3479) H_API: esp_wifi_remote_connect
[  14.81] I (3654) ESP32_P4_EV: Display initialized
[  14.81] I (3655) esp_lvgl:bridge_v9: Initializing hardware resources
[  14.81] I (3655) esp_lvgl:bridge_v9: Hardware resources initialized successfully
[  14.81] I (3658) esp_lvgl:bridge: Initializing hardware resources
[  14.81] I (3663) esp_lvgl:bridge: Hardware resources initialized successfully
[  14.81] W (3669) esp_lvgl:bridge_v9: on_frame_buf_complete unavailable; buffer-switch release and dummy-draw may not function on MIPI DSI
[  14.81] I (3681) ESP32_P4_EV: Touch 0x5d found
[  14.81] I (3684) GT911: I2C address initialization procedure skipped - using default GT9xx setup
[  14.81] I (3692) GT911: TouchPad_ID:0x39,0x31,0x31
[  14.81] I (3696) GT911: TouchPad_Config_Version:91
[  14.81] W (3700) esp_lvgl:touch: LV_USE_GESTURE_RECOGNITION is disabled; only single-point pointer events are available
[  14.81] I (3709) esp_lvgl:touch: Touch input device registered successfully (IRQ mode: disabled)
[  14.81] I (3718) esp_lvgl:adapter: LVGL task started successfully
[  14.81] I (3722) ESP32_P4_EV: Setting LCD backlight: 100%
[  15.16] I (3727) ESP32_P4_EV: Setting LCD backlight: 45%
[  15.16] I (3731) main: heap display        internal=243KB largest=204KB dma=205KB psram=27600KB
[  15.16] I (3880) fnos_view: dashboard v2 created (4 pages, 180 s window)
[  15.16] W (3880) main: VERIFY MODE: auto page every 10 s
[  15.16] I (3880) main: heap ui             internal=243KB largest=204KB dma=205KB psram=27508KB
[  15.16] I (3887) fnos_data: polling http://192.168.0.119:8799/api/v1/status every 1000 ms
[  15.16] I (3894) main: heap polling        internal=243KB largest=204KB dma=205KB psram=27494KB
[  15.16] I (3901) ESP32_P4_EV: Setting LCD backlight: 45%
[  15.16] I (3906) main: backlight 45% (day)
[  15.16] I (3909) main: boot complete
[  15.16] I (3911) main_task: Returned from app_main()
[  15.45] I (4380) uidbg: unit0 x=85 y=57 w=0 h=22 style_x=85 style_y=57 hidden=0 text='' par_w=209
[  15.45] I (4380) uidbg: val0 x=18 y=32 w=42 h=52 text='--'
[  15.86] 
[  15.86] assert failed: heap_caps_free heap_caps_base.c:80 (heap != NULL && "free() target pointer is outside heap areas")
[  15.86] Core  1 register dump:
[  15.86] MEPC    : 0x4ff4abec  RA      : 0x4ff4a76c  SP      : 0x48103bd0  GP      : 0x4ff56f80  
[  15.86] TP      : 0x48103f90  T0      : 0x37363534  T1      : 0x7271706f  T2      : 0x33323130  
[  15.86] S0/FP   : 0x00000001  S1      : 0x00000056  A0      : 0x48103c18  A1      : 0x4ff58e05  
[  15.86] A2      : 0x00000001  A3      : 0x4ff5e000  A4      : 0x00000001  A5      : 0x4ff5e000  
[  15.86] A6      : 0x0000000c  A7      : 0x76757473  S2      : 0x48103c18  S3      : 0x48103c51  
[  15.86] S4      : 0x4ff58e04  S5      : 0x48103c18  S6      : 0x4ff5c564  S7      : 0x4ff5c548  
[  15.86] S8      : 0x48134000  S9      : 0x48194000  S10     : 0x48123000  S11     : 0x4811e000  
[  15.86] T3      : 0x6e6d6c6b  T4      : 0x6a696867  T5      : 0x66656463  T6      : 0x62613938  
[  15.86] MSTATUS : 0x00011881  MTVEC   : 0x4ff40003  MCAUSE  : 0x00000002  MTVAL   : 0x00000000  
[  15.86] MHARTID : 0x00000001  
[  15.86] 
[  15.86] Stack memory:
[  15.86] 48103bd0: 0x00000000 0x48103bf4 0x48136e1c 0x4ff54140 0x00003038 0x000001fd 0x00000000 0x00000000
[  15.86] 48103bf0: 0x00000000 0x4ff5983c 0x48136e1c 0x4ff59820 0x48112d12 0x4ff5984c 0x48103be0 0x4ff59850
[  15.86] 48103c10: 0x48112cbc 0x4ff58e04 0x65737361 0x66207472 0x656c6961 0x68203a64 0x5f706165 0x73706163
[  15.86] 48103c30: 0x6572665f 0x65682065 0x635f7061 0x5f737061 0x65736162 0x383a632e 0x68282030 0x20706165
[  15.86] 48103c50: 0x4e203d21 0x204c4c55 0x22202626 0x65657266 0x74202928 0x65677261 0x6f702074 0x65746e69
[  15.86] 48103c70: 0x73692072 0x74756f20 0x65646973 0x61656820 0x72612070 0x22736165 0x48190029 0x4ff52506
[  15.86] 48103c90: 0x485228c8 0x0000003c 0x48522908 0x4801aaf0 0x4ff5c68c 0x00000404 0x0000000c 0x48063d50
[  15.86] 48103cb0: 0x00000001 0x00000013 0x4818c584 0x48057232 0x00000404 0x0000000c 0x4818c584 0x480849c8
[  15.86] 48103cd0: 0x00000042 0x48103cfc 0x4818c584 0x48084b78 0x4ff5c564 0x00000000 0x4ff5c558 0x4ff5c538
[  15.86] 48103cf0: 0x00000001 0x48134d48 0x48109a84 0x4ff40ac2 0x00000001 0x48135000 0x48108354 0x48063e9a
[  15.86] 48103d10: 0x48103db0 0x48135000 0x48193970 0x4801ea28 0x00000034 0x4810807c 0x00000039 0x00000000
[  15.86] 48103d30: 0x481079d8 0x000000d1 0x00000000 0x00000002 0x00000900 0x48103df0 0x00000000 0x00000001
[  15.86] 48103d50: 0x00001000 0x00000000 0x00000000 0x48194150 0x00000000 0x00000000 0x00000000 0x00000000
[  15.86] 48103d70: 0x00000000 0x00000000 0x0022c55e 0x00000000 0x00000000 0x00000004 0x00000000 0x00000001
[  15.86] 48103d90: 0x00000000 0x00000046 0x00000004 0x00000000 0x00000000 0x48103de0 0x4818ee20 0x4802c728
[  15.86] 48103db0: 0x48432036 0x534b4345 0xaab8e400 0xe6b095e6 0xb8e5ae8d 0x481000a7 0x48103e40 0x4802d4d8
[  15.86] 48103dd0: 0x48103dc6 0x00000002 0x48103df0 0x00000001 0x4ff5c68c 0x00000000 0x4818ee20 0x4802ca5e
[  15.86] 48103df0: 0xe98787e9 0x3120869b 0x312e3239 0x302e3836 0x3931312e 0x3937383a 0xb7c22039 0x89ade720
[  15.86] 48103e10: 0xe985bee5 0xb8e496a6 0xb095e6aa 0xe5ae8de6 0x4800a7b8 0x00000004 0x00000002 0xffffffff
[  15.86] 48103e30: 0x4ff5c68c 0x48103e70 0x4ff877e4 0x48026fb4 0x4ff5c000 0x00000004 0x00000000 0x00000000
[  15.86] 48103e50: 0x4ff5c68c 0x00000001 0x00000000 0x00000000 0x00000000 0x00000001 0x4ff87928 0x4ff4f1ee
[  15.86] 48103e70: 0x00000000 0x00000003 0x00000000 0x4ffbe9e8 0x4ffbea18 0x00000000 0x4ffbe9c4 0x4ff4f3ee
[  15.86] 48103e90: 0x4ffbea18 0x00000000 0x4ffbe9c4 0x4ff4bd10 0x48103f90 0x00000000 0x381e0000 0xffffffff
[  15.86] 48103eb0: 0x4ff5df9c 0x00000003 0x00000000 0x00000000 0x4ffbf160 0x00000000 0x00000001 0x00000000
[  15.86] 48103ed0: 0x00000000 0x00000000 0x00000000 0x485226c4 0x00000399 0x00000001 0x00010000 0xffffffff
[  15.86] 48103ef0: 0x4ff5c000 0x4ff5c68c 0x4818f018 0x48056978 0x48103dc6 0x00000003 0x00000001 0x000003e8
[  15.86] 48103f10: 0x00000000 0xffffffff 0x4ffbf10c 0x00000000 0x00000000 0x00000003 0x00000001 0x000003e8
[  15.86] 48103f30: 0x10624dd3 0x0000000f 0x4ff5c5a8 0x48023dc0 0x00000000 0x00000000 0x00000000 0x00000000
[  15.86] 48103f50: 0x00000000 0x00000000 0x00000000 0x00000000 0x00000000 0x00000000 0x00000000 0x00000000
[  15.86] 48103f70: 0x00000000 0x00000000 0x00000000 0x00000000 0x00000000 0xa5a5a5a5 0xa5a5a5a5 0xa5a5a5a5
[  15.86] 48103f90: 0x30100000 0x00000144 0x50115737 0x15c72683 0x01000637 0x501117b7 0x2e238ed1 0x43b814d7
[  16.14] 48103fb0: 0x100006b7 0xc3b88f55 0x05378082 0x05133010 0x80821545 0x00000000 0x34029073 0x00000517
[  16.14] 
[  16.14] 
[  16.14] 
[  16.14] ELF file SHA256: 972a3064c
[  16.14] 
[  16.14] Rebooting...
[  16.14] ESP-ROM:esp32p4-eco7-20260109
[  16.14] Build:Jan  9 2026
[  16.14] rst:0xc (SW_CPU_RESET),boot:0xf (SPI_FAST_FLASH_BOOT)
[  16.14] Core0 Saved PC:0x4ff444de
[  16.14] Core1 Saved PC:0x4ff4ace6
[  16.14] SPI mode:DIO, clock div:1
[  16.14] load:0x4ffb60d0,len:0x11f0
[  16.14] load:0x4ffac2c0,len:0xd5c
[  16.14] load:0x4ffaefc0,len:0x3408
[  16.14] entry 0x4ffac2c0
[  16.14] I (226) hex_psram: vendor id    : 0x0d (AP)
[  16.14] I (227) hex_psram: Latency      : 0x01 (Fixed)
[  16.14] I (227) hex_psram: DriveStr.    : 0x00 (25 Ohm)
[  16.14] I (227) hex_psram: dev id       : 0x03 (generation 4)
[  16.14] I (232) hex_psram: density      : 0x07 (256 Mbit)
[  16.14] I (237) hex_psram: good-die     : 0x06 (Pass)
[  16.14] I (241) hex_psram: SRF          : 0x02 (Slow Refresh)
[  16.14] I (245) hex_psram: BurstType    : 0x00 ( Wrap)
[  16.14] I (250) hex_psram: BurstLen     : 0x03 (2048 Byte)
[  16.14] I (254) hex_psram: BitMode      : 0x01 (X16 Mode)
[  16.14] I (258) hex_psram: Readlatency  : 0x04 (14 cycles@Fixed)
[  16.14] I (264) hex_psram: DriveStrength: 0x00 (1/1)
[  16.14] I (268) MSPI Timing: Enter psram timing tuning
[  16.37] I esp_psram: Found 32MB PSRAM device
[  16.37] I esp_psram: Speed: 200MHz
[  16.37] I (455) mmu_psram: .rodata xip on psram
[  16.37] I (505) mmu_psram: .text xip on psram
[  16.37] I (506) hex_psram: psram CS IO is dedicated
[  16.37] I (506) cpu_start: Multicore app
[  17.00] I (933) esp_psram: SPI SRAM memory test OK
[  17.01] I (943) cpu_start: GPIO 38 and 37 are used as console UART I/O pins
[  17.01] I (943) cpu_start: Pro cpu start user code
[  17.01] I (943) cpu_start: cpu freq: 400000000 Hz
[  17.01] I (945) app_init: Application information:
[  17.01] I (949) app_init: Project name:     fnos_monitor
[  17.01] I (953) app_init: App version:      0.1.0
[  17.01] I (957) app_init: Compile time:     Sep 28 2026 00:46:10
[  17.01] I (962) app_init: ELF file SHA256:  972a3064c...
[  17.01] I (967) app_init: ESP-IDF:          5.5.3
[  17.01] I (970) efuse_init: Min chip rev:     v3.0
[  17.01] I (974) efuse_init: Max chip rev:     v3.99 
[  17.01] I (978) efuse_init: Chip rev:         v3.2
[  17.01] I (982) heap_init: Initializing. RAM available for dynamic allocation:
[  17.01] I (988) heap_init: At 4FF5E490 len 0005CB30 (370 KiB): RETENT_RAM
[  17.01] I (994) heap_init: At 4FFBAFC0 len 00004BF0 (18 KiB): RAM
[  17.01] I (999) heap_init: At 501080D8 len 00000028 (0 KiB): RTCRAM
[  17.01] I (1005) heap_init: At 501081A0 len 00007E60 (31 KiB): RTCRAM
[  17.01] I (1010) heap_init: At 30100198 len 00001E68 (7 KiB): TCM
[  17.35] I (1015) esp_psram: Adding pool of 31151K of PSRAM memory to heap allocator
[  17.35] I (1022) esp_psram: Adding pool of 60K of PSRAM memory gap generated due to end address alignment of irom to the heap allocator
[  17.35] I (1033) esp_psram: Adding pool of 35K of PSRAM memory gap generated due to end address alignment of drom to the heap allocator
[  17.35] I (1044) spi_flash: detected chip: gd
[  17.35] I (1047) spi_flash: flash io: qio
[  17.35] I (1050) host_init: ESP Hosted : Host chip_ip[18]
[  17.35] I (1055) H_API: ESP-Hosted starting. Hosted_Tasks: prio:23, stack: 5120 RPC_task_stack: 5120
[  17.35] sdio_mempool_create free:32401000 min-free:32401000 lfb-def:31457280 lfb-8bit:31457280
[  17.35] 
[  17.35] I (1071) H_API: ** add_esp_wifi_remote_channels **
[  17.35] I (1075) transport: Add ESP-Hosted channel IF[1]: S[0] Tx[0x4800b6dc] Rx[0x4801a922]
[  17.35] I (1083) transport: Add ESP-Hosted channel IF[2]: S[0] Tx[0x4800b622] Rx[0x4801a922]
[  17.35] I (1090) sleep_gpio: Configure to isolate all GPIO pins in sleep state
[  17.35] I (1097) sleep_gpio: Enable automatic switching of GPIO sleep configuration
[  17.35] I (1104) main_task: Started on CPU0
[  17.35] I (1108) main_task: Calling app_main()
[  17.35] I (1114) main: fnOS NAS dashboard booting (agent http://192.168.0.119:8799)
[  17.35] I (1117) main: heap boot           internal=363KB largest=304KB dma=325KB psram=31242KB
[  17.35] I (1126) transport: Attempt connection with slave: retry[0]
[  17.35] I (1130) transport: Reset slave using GPIO[54]
[  17.35] I (1134) os_wrapper_esp: GPIO [54] configured
[  18.32] I (2304) sdio_wrapper: SDIO master: Data-Lines: 4-bit Freq(KHz)[40000 KHz]
[  18.32] I (2304) sdio_wrapper: GPIOs: CLK[18] CMD[19] D0[14] D1[15] D2[16] D3[17] Slave_Reset[54]
[  18.32] I (2304) H_SDIO_DRV: Starting SDIO process rx task
[  18.32] I (2307) sdio_wrapper: Queues: Tx[20] Rx[20] SDIO-Rx-Mode[1]
[  18.32] Name: 
[  18.32] Type: SDIO
[  18.32] Speed: 40.00 MHz (limit: 40.00 MHz)
[  18.32] Size: 0MB
[  18.32] CSD: ver=1, sector_size=0, capacity=0 read_bl_len=0
[  18.32] SCR: sd_spec=0, bus_width=0
[  18.32] TUPLE: DEVICE, size: 3: D9 01 FF 
[  18.32] TUPLE: MANFID, size: 4
[  18.32]   MANF: 0092, CARD: 6666
[  18.32] TUPLE: FUNCID, size: 2: 0C 00 
[  18.32] TUPLE: FUNCE, size: 4: 00 00 02 32 
[  18.32] TUPLE: CONFIG, size: 5: 01 01 00 02 07 
[  18.32] TUPLE: CFTABLE_ENTRY, size: 8
[  18.32]   INDX: C1, Intface: 1, Default: 1, Conf-Entry-Num: 1
[  18.32]   IF: 41
[  18.32]   FS: 30, misc: 0, mem_space: 1, irq: 1, io_space: 0, timing: 0, power: 0
[  18.32]   IR: 30, mask: 1,   IRQ: FF FF
[  18.32]   LEN: FFFF
[  18.32] TUPLE: END
[  18.32] I (2390) sdio_wrapper: Function 0 Blocksize: 512
[  18.32] I (2394) sdio_wrapper: Function 1 Blocksize: 512
[  18.32] I (2398) H_SDIO_DRV: SDIO Host operating in STREAMING MODE
[  18.32] I (2403) H_SDIO_DRV: generate slave intr
[  18.32] I (2409) transport: Received INIT event from ESP32 peripheral
[  18.32] I (2412) transport: EVENT: 12
[  18.32] I (2415) transport: EVENT: 11
[  18.32] I (2418) transport: capabilities: 0xd
[  18.32] I (2421) transport: Features supported are:
[  18.32] I (2425) transport: 	 * WLAN
[  18.66] I (2428) transport: 	   - HCI over SDIO
[  18.66] I (2431) transport: 	   - BLE only
[  18.66] I (2434) transport: EVENT: 13
[  18.66] I (2437) transport: ESP board type is : 13 
[  18.66] 
[  18.66] I (2441) transport: Base transport is set-up
[  18.66] 
[  18.66] I (2445) transport: Slave chip Id[12]
[  18.66] I (2449) hci_stub_drv: Host BT Support: Disabled
[  18.66] I (2453) H_SDIO_DRV: Received INIT event
[  19.61] I (3458) fnos_net: wifi station started; awaiting ip
[  19.61] I (3459) esp_lvgl:adapter: LVGL adapter initialized successfully
[  19.61] W (3459) ledc: GPIO 32 is not usable, maybe conflict with others
[  19.61] I (3463) ESP32_P4_EV: MIPI DSI PHY Powered on
[  19.61] I (3468) ESP32_P4_EV: Install MIPI DSI LCD control panel
[  19.61] I (3472) ESP32_P4_EV: Install EK79007 LCD control panel
[  19.61] I (3477) ek79007: version: 2.0.2
[  19.61] I (3479) H_API: esp_wifi_remote_connect
[  19.61] I (3654) ESP32_P4_EV: Display initialized
[  19.61] I (3655) esp_lvgl:bridge_v9: Initializing hardware resources
[  19.61] I (3655) esp_lvgl:bridge_v9: Hardware resources initialized successfully
[  19.61] I (3658) esp_lvgl:bridge: Initializing hardware resources
[  19.61] I (3663) esp_lvgl:bridge: Hardware resources initialized successfully
[  19.61] W (3669) esp_lvgl:bridge_v9: on_frame_buf_complete unavailable; buffer-switch release and dummy-draw may not function on MIPI DSI
[  19.61] I (3681) ESP32_P4_EV: Touch 0x5d found
[  19.61] I (3684) GT911: I2C address initialization procedure skipped - using default GT9xx setup
[  19.61] I (3692) GT911: TouchPad_ID:0x39,0x31,0x31
[  19.61] I (3696) GT911: TouchPad_Config_Version:91
[  19.61] W (3700) esp_lvgl:touch: LV_USE_GESTURE_RECOGNITION is disabled; only single-point pointer events are available
[  19.61] I (3709) esp_lvgl:touch: Touch input device registered successfully (IRQ mode: disabled)
[  19.61] I (3718) esp_lvgl:adapter: LVGL task started successfully
[  19.61] I (3722) ESP32_P4_EV: Setting LCD backlight: 100%
[  19.90] I (3727) ESP32_P4_EV: Setting LCD backlight: 45%
[  19.90] I (3731) main: heap display        internal=243KB largest=204KB dma=205KB psram=27600KB
[  19.90] I (3880) fnos_view: dashboard v2 created (4 pages, 180 s window)
[  19.90] W (3880) main: VERIFY MODE: auto page every 10 s
[  19.90] I (3880) main: heap ui             internal=243KB largest=204KB dma=205KB psram=27508KB
[  19.90] I (3887) fnos_data: polling http://192.168.0.119:8799/api/v1/status every 1000 ms
[  19.90] I (3894) main: heap polling        internal=243KB largest=204KB dma=205KB psram=27494KB
[  19.90] I (3901) ESP32_P4_EV: Setting LCD backlight: 45%
[  19.90] I (3906) main: backlight 45% (day)
[  19.90] I (3909) main: boot complete
[  19.90] I (3911) main_task: Returned from app_main()
[  20.59] I (4380) uidbg: unit0 x=85 y=57 w=0 h=22 style_x=85 style_y=57 hidden=0 text='' par_w=209
[  20.59] I (4380) uidbg: val0 x=18 y=32 w=42 h=52 text='--'
[  20.65] 
[  20.65] assert failed: heap_caps_free heap_caps_base.c:80 (heap != NULL && "free() target pointer is outside heap areas")
[  20.65] Core  1 register dump:
[  20.65] MEPC    : 0x4ff4abec  RA      : 0x4ff4a76c  SP      : 0x48103bd0  GP      : 0x4ff56f80  
[  20.65] TP      : 0x48103f90  T0      : 0x37363534  T1      : 0x7271706f  T2      : 0x33323130  
[  20.65] S0/FP   : 0x00000001  S1      : 0x00000056  A0      : 0x48103c18  A1      : 0x4ff58e05  
[  20.65] A2      : 0x00000001  A3      : 0x4ff5e000  A4      : 0x00000001  A5      : 0x4ff5e000  
[  20.65] A6      : 0x0000000c  A7      : 0x76757473  S2      : 0x48103c18  S3      : 0x48103c51  
[  20.65] S4      : 0x4ff58e04  S5      : 0x48103c18  S6      : 0x4ff5c564  S7      : 0x4ff5c548  
[  20.65] S8      : 0x48134000  S9      : 0x48194000  S10     : 0x48123000  S11     : 0x4811e000  
[  20.66] T3      : 0x6e6d6c6b  T4      : 0x6a696867  T5      : 0x66656463  T6      : 0x62613938  
[  20.66] MSTATUS : 0x00011881  MTVEC   : 0x4ff40003  MCAUSE  : 0x00000002  MTVAL   : 0x00000000  
[  20.66] MHARTID : 0x00000001  
[  20.66] 
[  20.66] Stack memory:
[  20.66] 48103bd0: 0x00000002 0x48034694 0x48136e1c 0x4ff54140 0x00003038 0x000001fd 0x00000000 0x00000000
[  20.66] 48103bf0: 0x00000000 0x4ff5983c 0x48136e1c 0x4ff59820 0x48112d12 0x4ff5984c 0x48103be0 0x4ff59850
[  20.66] 48103c10: 0x48112cbc 0x4ff58e04 0x65737361 0x66207472 0x656c6961 0x68203a64 0x5f706165 0x73706163
[  20.66] 48103c30: 0x6572665f 0x65682065 0x635f7061 0x5f737061 0x65736162 0x383a632e 0x68282030 0x20706165
[  20.66] 48103c50: 0x4e203d21 0x204c4c55 0x22202626 0x65657266 0x74202928 0x65677261 0x6f702074 0x65746e69
[  20.66] 48103c70: 0x73692072 0x74756f20 0x65646973 0x61656820 0x72612070 0x22736165 0x48190029 0x4ff52506
[  20.66] 48103c90: 0x485228c8 0x0000003c 0x48522908 0x4801aaf0 0x4ff5c68c 0x00000404 0x0000000c 0x48063d50
[  20.66] 48103cb0: 0x00000001 0x00000013 0x4818c584 0x48057232 0x00000404 0x0000000c 0x4818c584 0x480849c8
[  20.66] 48103cd0: 0x00000042 0x48103cfc 0x4818c584 0x48084b78 0x4ff5c564 0x00000000 0x4ff5c558 0x4ff5c538
[  20.66] 48103cf0: 0x00000001 0x48134d48 0x48109a84 0x4ff40ac2 0x00000001 0x48135000 0x48108354 0x48063e9a
[  20.66] 48103d10: 0x48103db0 0x48135000 0x48193970 0x4801ea28 0x00000034 0x4810807c 0x00000039 0x00000000
[  20.66] 48103d30: 0x481079d8 0x000000d1 0x00000000 0x00000002 0x00000900 0x48103df0 0x00000000 0x00000001
[  20.66] 48103d50: 0x00001000 0x00000000 0x00000000 0x48194150 0x00000000 0x00000000 0x00000000 0x00000000
[  20.66] 48103d70: 0x00000000 0x00000000 0x0022c55e 0x00000000 0x00000000 0x00000004 0x00000000 0x00000001
[  20.66] 48103d90: 0x00000000 0x00000046 0x00000004 0x00000000 0x00000000 0x48103de0 0x4818ee20 0x4802c728
[  20.66] 48103db0: 0x48432036 0x534b4345 0xaab8e400 0xe6b095e6 0xb8e5ae8d 0x481000a7 0x48103e40 0x4802d4d8
[  20.66] 48103dd0: 0x48103dc6 0x00000002 0x48103df0 0x00000001 0x4ff5c68c 0x00000000 0x4818ee20 0x4802ca5e
[  20.66] 48103df0: 0xe98787e9 0x3120869b 0x312e3239 0x302e3836 0x3931312e 0x3937383a 0xb7c22039 0x89ade720
[  20.66] 48103e10: 0xe985bee5 0xb8e496a6 0xb095e6aa 0xe5ae8de6 0x4800a7b8 0x00000004 0x00000002 0xffffffff
[  20.66] 48103e30: 0x4ff5c68c 0x48103e70 0x4ff877e4 0x48026fb4 0x4ff5c000 0x00000004 0x00000000 0x00000000
[  20.66] 48103e50: 0x4ff5c68c 0x00000001 0x00000000 0x00000000 0x00000000 0x00000001 0x4ff87928 0x4ff4f1ee
[  20.66] 48103e70: 0x00000000 0x00000003 0x00000000 0x4ffbe9e8 0x4ffbea18 0x00000000 0x4ffbe9c4 0x4ff4f3ee
[  20.66] 48103e90: 0x4ffbea18 0x00000000 0x4ffbe9c4 0x4ff4bd10 0x48103f90 0x00000000 0x381e0000 0xffffffff
[  20.66] 48103eb0: 0x4ff5df9c 0x00000003 0x00000000 0x00000000 0x4ffbf160 0x00000000 0x00000001 0x00000000
[  20.66] 48103ed0: 0x00000000 0x00000000 0x00000000 0x485226c4 0x00000399 0x00000001 0x00010000 0xffffffff
[  20.66] 48103ef0: 0x4ff5c000 0x4ff5c68c 0x4818f018 0x48056978 0x48103dc6 0x00000003 0x00000001 0x000003e8
[  20.66] 48103f10: 0x00000000 0xffffffff 0x4ffbf10c 0x00000000 0x00000000 0x00000003 0x00000001 0x000003e8
[  20.66] 48103f30: 0x10624dd3 0x0000000f 0x4ff5c5a8 0x48023dc0 0x00000000 0x00000000 0x00000000 0x00000000
[  20.66] 48103f50: 0x00000000 0x00000000 0x00000000 0x00000000 0x00000000 0x00000000 0x00000000 0x00000000
[  20.66] 48103f70: 0x00000000 0x00000000 0x00000000 0x00000000 0x00000000 0xa5a5a5a5 0xa5a5a5a5 0xa5a5a5a5
[  20.66] 48103f90: 0x30100000 0x00000144 0x50115737 0x15c72683 0x01000637 0x501117b7 0x2e238ed1 0x43b814d7
[  20.94] 48103fb0: 0x100006b7 0xc3b88f55 0x05378082 0x05133010 0x80821545 0x00000000 0x34029073 0x00000517
[  20.94] 
[  20.94] 
[  20.94] 
[  20.94] ELF file SHA256: 972a3064c
[  20.94] 
[  20.94] Rebooting...
[  20.94] ESP-ROM:esp32p4-eco7-20260109
[  20.94] Build:Jan  9 2026
[  20.94] rst:0xc (SW_CPU_RESET),boot:0xf (SPI_FAST_FLASH_BOOT)
[  20.94] Core0 Saved PC:0x4ff444de
[  20.94] Core1 Saved PC:0x4ff4ace6
[  20.94] SPI mode:DIO, clock div:1
[  20.94] load:0x4ffb60d0,len:0x11f0
[  20.94] load:0x4ffac2c0,len:0xd5c
[  20.94] load:0x4ffaefc0,len:0x3408
[  20.94] entry 0x4ffac2c0
[  20.94] I (226) hex_psram: vendor id    : 0x0d (AP)
[  20.94] I (227) hex_psram: Latency      : 0x01 (Fixed)
[  20.94] I (227) hex_psram: DriveStr.    : 0x00 (25 Ohm)
[  20.94] I (227) hex_psram: dev id       : 0x03 (generation 4)
[  20.94] I (232) hex_psram: density      : 0x07 (256 Mbit)
[  20.94] I (237) hex_psram: good-die     : 0x06 (Pass)
[  20.94] I (241) hex_psram: SRF          : 0x02 (Slow Refresh)
[  20.94] I (245) hex_psram: BurstType    : 0x00 ( Wrap)
[  20.94] I (250) hex_psram: BurstLen     : 0x03 (2048 Byte)
[  20.94] I (254) hex_psram: BitMode      : 0x01 (X16 Mode)
[  20.94] I (258) hex_psram: Readlatency  : 0x04 (14 cycles@Fixed)
[  20.94] I (264) hex_psram: DriveStrength: 0x00 (1/1)
[  20.94] I (268) MSPI Timing: Enter psram timing tuning
[  21.17] I esp_psram: Found 32MB PSRAM device
[  21.17] I esp_psram: Speed: 200MHz
[  21.17] I (455) mmu_psram: .rodata xip on psram
[  21.17] I (505) mmu_psram: .text xip on psram
[  21.17] I (506) hex_psram: psram CS IO is dedicated
[  21.17] I (506) cpu_start: Multicore app
[  21.80] I (933) esp_psram: SPI SRAM memory test OK
[  21.80] I (943) cpu_start: GPIO 38 and 37 are used as console UART I/O pins
[  21.80] I (943) cpu_start: Pro cpu start user code
[  21.80] I (943) cpu_start: cpu freq: 400000000 Hz
[  21.80] I (945) app_init: Application information:
[  21.80] I (949) app_init: Project name:     fnos_monitor
[  21.80] I (953) app_init: App version:      0.1.0
[  21.80] I (957) app_init: Compile time:     Sep 28 2026 00:46:10
[  21.80] I (962) app_init: ELF file SHA256:  972a3064c...
[  21.80] I (967) app_init: ESP-IDF:          5.5.3
[  21.80] I (970) efuse_init: Min chip rev:     v3.0
[  21.80] I (974) efuse_init: Max chip rev:     v3.99 
[  21.80] I (978) efuse_init: Chip rev:         v3.2
[  21.80] I (982) heap_init: Initializing. RAM available for dynamic allocation:
[  21.80] I (988) heap_init: At 4FF5E490 len 0005CB30 (370 KiB): RETENT_RAM
[  21.80] I (994) heap_init: At 4FFBAFC0 len 00004BF0 (18 KiB): RAM
[  21.80] I (999) heap_init: At 501080D8 len 00000028 (0 KiB): RTCRAM
[  21.80] I (1005) heap_init: At 501081A0 len 00007E60 (31 KiB): RTCRAM
[  21.80] I (1010) heap_init: At 30100198 len 00001E68 (7 KiB): TCM
[  22.15] I (1015) esp_psram: Adding pool of 31151K of PSRAM memory to heap allocator
[  22.15] I (1022) esp_psram: Adding pool of 60K of PSRAM memory gap generated due to end address alignment of irom to the heap allocator
[  22.15] I (1033) esp_psram: Adding pool of 35K of PSRAM memory gap generated due to end address alignment of drom to the heap allocator
[  22.15] I (1044) spi_flash: detected chip: gd
[  22.15] I (1047) spi_flash: flash io: qio
[  22.15] I (1051) host_init: ESP Hosted : Host chip_ip[18]
[  22.15] I (1055) H_API: ESP-Hosted starting. Hosted_Tasks: prio:23, stack: 5120 RPC_task_stack: 5120
[  22.15] sdio_mempool_create free:32401000 min-free:32401000 lfb-def:31457280 lfb-8bit:31457280
[  22.15] 
[  22.15] I (1071) H_API: ** add_esp_wifi_remote_channels **
[  22.15] I (1076) transport: Add ESP-Hosted channel IF[1]: S[0] Tx[0x4800b6dc] Rx[0x4801a922]
[  22.15] I (1083) transport: Add ESP-Hosted channel IF[2]: S[0] Tx[0x4800b622] Rx[0x4801a922]
[  22.15] I (1091) sleep_gpio: Configure to isolate all GPIO pins in sleep state
[  22.15] I (1097) sleep_gpio: Enable automatic switching of GPIO sleep configuration
[  22.15] I (1104) main_task: Started on CPU0
[  22.15] I (1108) main_task: Calling app_main()
[  22.15] I (1114) main: fnOS NAS dashboard booting (agent http://192.168.0.119:8799)
[  22.15] I (1117) main: heap boot           internal=363KB largest=304KB dma=325KB psram=31242KB
[  22.15] I (1126) transport: Attempt connection with slave: retry[0]
[  22.15] I (1130) transport: Reset slave using GPIO[54]
[  22.15] I (1134) os_wrapper_esp: GPIO [54] configured
[  23.12] I (2304) sdio_wrapper: SDIO master: Data-Lines: 4-bit Freq(KHz)[40000 KHz]
[  23.12] I (2304) sdio_wrapper: GPIOs: CLK[18] CMD[19] D0[14] D1[15] D2[16] D3[17] Slave_Reset[54]
[  23.12] I (2304) H_SDIO_DRV: Starting SDIO process rx task
[  23.12] I (2307) sdio_wrapper: Queues: Tx[20] Rx[20] SDIO-Rx-Mode[1]
[  23.12] Name: 
[  23.12] Type: SDIO
[  23.12] Speed: 40.00 MHz (limit: 40.00 MHz)
[  23.12] Size: 0MB
[  23.12] CSD: ver=1, sector_size=0, capacity=0 read_bl_len=0
[  23.12] SCR: sd_spec=0, bus_width=0
[  23.12] TUPLE: DEVICE, size: 3: D9 01 FF 
[  23.12] TUPLE: MANFID, size: 4
[  23.12]   MANF: 0092, CARD: 6666
[  23.12] TUPLE: FUNCID, size: 2: 0C 00 
[  23.12] TUPLE: FUNCE, size: 4: 00 00 02 32 
[  23.12] TUPLE: CONFIG, size: 5: 01 01 00 02 07 
[  23.12] TUPLE: CFTABLE_ENTRY, size: 8
[  23.12]   INDX: C1, Intface: 1, Default: 1, Conf-Entry-Num: 1
[  23.12]   IF: 41
[  23.12]   FS: 30, misc: 0, mem_space: 1, irq: 1, io_space: 0, timing: 0, power: 0
[  23.12]   IR: 30, mask: 1,   IRQ: FF FF
[  23.12]   LEN: FFFF
[  23.12] TUPLE: END
[  23.12] I (2390) sdio_wrapper: Function 0 Blocksize: 512
[  23.12] I (2394) sdio_wrapper: Function 1 Blocksize: 512
[  23.12] I (2398) H_SDIO_DRV: SDIO Host operating in STREAMING MODE
[  23.12] I (2403) H_SDIO_DRV: generate slave intr
[  23.12] I (2408) transport: Received INIT event from ESP32 peripheral
[  23.12] I (2412) transport: EVENT: 12
[  23.12] I (2415) transport: EVENT: 11
[  23.12] I (2418) transport: capabilities: 0xd
[  23.12] I (2421) transport: Features supported are:
[  23.12] I (2425) transport: 	 * WLAN
[  23.46] I (2428) transport: 	   - HCI over SDIO
[  23.47] I (2431) transport: 	   - BLE only
[  23.47] I (2434) transport: EVENT: 13
[  23.47] I (2437) transport: ESP board type is : 13 
[  23.47] 
[  23.47] I (2441) transport: Base transport is set-up
[  23.47] 
[  23.47] I (2445) transport: Slave chip Id[12]
[  23.47] I (2449) hci_stub_drv: Host BT Support: Disabled
[  23.47] I (2453) H_SDIO_DRV: Received INIT event
[  24.15] I (3458) fnos_net: wifi station started; awaiting ip
[  24.15] I (3459) esp_lvgl:adapter: LVGL adapter initialized successfully
[  24.15] W (3459) ledc: GPIO 32 is not usable, maybe conflict with others
[  24.15] I (3463) ESP32_P4_EV: MIPI DSI PHY Powered on
[  24.15] I (3468) ESP32_P4_EV: Install MIPI DSI LCD control panel
[  24.15] I (3472) ESP32_P4_EV: Install EK79007 LCD control panel
[  24.15] I (3477) ek79007: version: 2.0.2
[  24.15] I (3479) H_API: esp_wifi_remote_connect
[  24.40] I (3654) ESP32_P4_EV: Display initialized
[  24.40] I (3655) esp_lvgl:bridge_v9: Initializing hardware resources
[  24.40] I (3655) esp_lvgl:bridge_v9: Hardware resources initialized successfully
[  24.40] I (3658) esp_lvgl:bridge: Initializing hardware resources
[  24.40] I (3663) esp_lvgl:bridge: Hardware resources initialized successfully
[  24.40] W (3669) esp_lvgl:bridge_v9: on_frame_buf_complete unavailable; buffer-switch release and dummy-draw may not function on MIPI DSI
[  24.40] I (3681) ESP32_P4_EV: Touch 0x5d found
[  24.40] I (3684) GT911: I2C address initialization procedure skipped - using default GT9xx setup
[  24.40] I (3692) GT911: TouchPad_ID:0x39,0x31,0x31
[  24.40] I (3696) GT911: TouchPad_Config_Version:91
[  24.40] W (3700) esp_lvgl:touch: LV_USE_GESTURE_RECOGNITION is disabled; only single-point pointer events are available
[  24.40] I (3709) esp_lvgl:touch: Touch input device registered successfully (IRQ mode: disabled)
[  24.41] I (3718) esp_lvgl:adapter: LVGL task started successfully
[  24.41] I (3722) ESP32_P4_EV: Setting LCD backlight: 100%
[  24.75] I (3727) ESP32_P4_EV: Setting LCD backlight: 45%
[  24.76] I (3731) main: heap display        internal=243KB largest=204KB dma=205KB psram=27600KB
[  24.76] I (3880) fnos_view: dashboard v2 created (4 pages, 180 s window)
[  24.76] W (3880) main: VERIFY MODE: auto page every 10 s
[  24.76] I (3880) main: heap ui             internal=243KB largest=204KB dma=205KB psram=27508KB
[  24.76] I (3887) fnos_data: polling http://192.168.0.119:8799/api/v1/status every 1000 ms
[  24.76] I (3894) main: heap polling        internal=243KB largest=204KB dma=205KB psram=27494KB
[  24.76] I (3901) ESP32_P4_EV: Setting LCD backlight: 45%
[  24.76] I (3906) main: backlight 45% (day)
[  24.76] I (3909) main: boot complete
[  24.76] I (3911) main_task: Returned from app_main()
[  25.05] I (4380) uidbg: unit0 x=85 y=57 w=0 h=22 style_x=85 style_y=57 hidden=0 text='' par_w=209
[  25.05] I (4380) uidbg: val0 x=18 y=32 w=42 h=52 text='--'
