[   0.77] I (2303) sdio_wrapper: SDIO master: Data-Lines: 4-bit Freq(KHz)[40000 KHz]
[   0.77] I (2303) sdio_wrapper: GPIOs: CLK[18] CMD[19] D0[14] D1[15] D2[16] D3[17] Slave_Reset[54]
[   0.77] I (2303) H_SDIO_DRV: Starting SDIO process rx task
[   0.77] I (2306) sdio_wrapper: Queues: Tx[20] Rx[20] SDIO-Rx-Mode[1]
[   0.77] Name: 
[   0.77] Type: SDIO
[   0.77] Speed: 40.00 MHz (limit: 40.00 MHz)
[   0.77] Size: 0MB
[   0.77] CSD: ver=1, sector_size=0, capacity=0 read_bl_len=0
[   0.77] SCR: sd_spec=0, bus_width=0
[   0.77] TUPLE: DEVICE, size: 3: D9 01 FF 
[   0.77] TUPLE: MANFID, size: 4
[   0.77]   MANF: 0092, CARD: 6666
[   0.77] TUPLE: FUNCID, size: 2: 0C 00 
[   0.77] TUPLE: FUNCE, size: 4: 00 00 02 32 
[   0.77] TUPLE: CONFIG, size: 5: 01 01 00 02 07 
[   0.77] TUPLE: CFTABLE_ENTRY, size: 8
[   0.77]   INDX: C1, Intface: 1, Default: 1, Conf-Entry-Num: 1
[   0.77]   IF: 41
[   0.77]   FS: 30, misc: 0, mem_space: 1, irq: 1, io_space: 0, timing: 0, power: 0
[   0.77]   IR: 30, mask: 1,   IRQ: FF FF
[   0.77]   LEN: FFFF
[   0.77] TUPLE: END
[   0.77] I (2389) sdio_wrapper: Function 0 Blocksize: 512
[   0.77] I (2393) sdio_wrapper: Function 1 Blocksize: 512
[   0.77] I (2397) H_SDIO_DRV: SDIO Host operating in STREAMING MODE
[   0.77] I (2402) H_SDIO_DRV: generate slave intr
[   0.77] I (2408) transport: Received INIT event from ESP32 peripheral
[   0.77] I (2411) transport: EVENT: 12
[   0.77] I (2414) transport: EVENT: 11
[   0.77] I (2417) transport: capabilities: 0xd
[   0.77] I (2420) transport: Features supported are:
[   0.77] I (2424) transport: 	 * WLAN
[   0.77] I (2427) transport: 	   - HCI over SDIO
[   0.77] I (2430) transport: 	   - BLE only
[   0.77] I (2433) transport: EVENT: 13
[   0.77] I (2436) transport: ESP board type is : 13 
[   0.77] 
[   0.77] I (2440) transport: Base transport is set-up
[   0.77] 
[   0.77] I (2444) transport: Slave chip Id[12]
[   0.77] I (2448) hci_stub_drv: Host BT Support: Disabled
[   0.77] I (2452) H_SDIO_DRV: Received INIT event
[   1.87] I (3457) fnos_net: wifi station started; awaiting ip
[   1.87] I (3458) esp_lvgl:adapter: LVGL adapter initialized successfully
[   1.87] W (3458) ledc: GPIO 32 is not usable, maybe conflict with others
[   1.87] I (3462) ESP32_P4_EV: MIPI DSI PHY Powered on
[   1.87] I (3467) ESP32_P4_EV: Install MIPI DSI LCD control panel
[   1.87] I (3471) ESP32_P4_EV: Install EK79007 LCD control panel
[   1.87] I (3476) ek79007: version: 2.0.2
[   1.87] I (3478) H_API: esp_wifi_remote_connect
[   2.11] I (3653) ESP32_P4_EV: Display initialized
[   2.11] I (3654) esp_lvgl:bridge_v9: Initializing hardware resources
[   2.11] I (3654) esp_lvgl:bridge_v9: Hardware resources initialized successfully
[   2.11] I (3657) esp_lvgl:bridge: Initializing hardware resources
[   2.11] I (3662) esp_lvgl:bridge: Hardware resources initialized successfully
[   2.11] W (3668) esp_lvgl:bridge_v9: on_frame_buf_complete unavailable; buffer-switch release and dummy-draw may not function on MIPI DSI
[   2.11] I (3680) ESP32_P4_EV: Touch 0x5d found
[   2.11] I (3683) GT911: I2C address initialization procedure skipped - using default GT9xx setup
[   2.11] I (3691) GT911: TouchPad_ID:0x39,0x31,0x31
[   2.11] I (3695) GT911: TouchPad_Config_Version:91
[   2.11] W (3699) esp_lvgl:touch: LV_USE_GESTURE_RECOGNITION is disabled; only single-point pointer events are available
[   2.11] I (3708) esp_lvgl:touch: Touch input device registered successfully (IRQ mode: disabled)
[   2.11] I (3717) esp_lvgl:adapter: LVGL task started successfully
[   2.11] I (3721) ESP32_P4_EV: Setting LCD backlight: 100%
[   2.11] I (3726) ESP32_P4_EV: Setting LCD backlight: 45%
[   2.11] I (3730) main: heap display        internal=244KB largest=204KB dma=206KB psram=27578KB
[   2.11] I (3871) fnos_view: dashboard v2 created (4 pages, 180 s window)
[   2.11] I (3871) main: heap ui             internal=244KB largest=204KB dma=206KB psram=27490KB
[   2.11] I (3874) fnos_data: polling http://192.168.0.119:8799/api/v1/status every 1000 ms
[   2.11] I (3881) main: heap polling        internal=243KB largest=204KB dma=205KB psram=27476KB
[   2.11] I (3888) ESP32_P4_EV: Setting LCD backlight: 45%
[   2.11] I (3893) main: backlight 45% (day)
[   2.11] I (3896) main: boot complete
[   2.11] I (3898) main_task: Returned from app_main()
[   2.98] Guru Meditation Error: Core  1 panic'ed (Load access fault). Exception was unhandled.
[   2.98] 
[   2.98] Core  1 register dump:
[   2.98] MEPC    : 0x4fc1b714  RA      : 0x480ef1a4  SP      : 0x485111e0  GP      : 0x4ff56f80  
[   2.98] TP      : 0x48511790  T0      : 0x0000000d  T1      : 0x90000000  T2      : 0xffffffff  
[   2.98] S0/FP   : 0x00000000  S1      : 0x00000014  A0      : 0x00000014  A1      : 0xffffffff  
[   2.98] A2      : 0x0000000a  A3      : 0x7f7f7f7f  A4      : 0x00000000  A5      : 0x00000018  
[   2.98] A6      : 0xa0000000  A7      : 0x0000000a  S2      : 0x4817f000  S3      : 0x00000009  
[   2.98] S4      : 0xffffffff  S5      : 0x0000000a  S6      : 0x00000002  S7      : 0x00000073  
[   2.98] S8      : 0x00000009  S9      : 0x00000000  S10     : 0xffffffff  S11     : 0x48511304  
[   2.98] T3      : 0x00000000  T4      : 0x00000000  T5      : 0xffffffff  T6      : 0x00000000  
[   2.98] MSTATUS : 0x00011881  MTVEC   : 0x4ff40003  MCAUSE  : 0x00000005  MTVAL   : 0x00000014  
[   2.98] MHARTID : 0x00000001  
[   2.98] 
[   2.98] Stack memory:
[   2.98] 485111e0: 0x00000001 0x4ff5ec14 0x4ff87710 0x4810dea6 0x00000000 0x00000000 0x00000000 0x00000000
[   2.98] 48511200: 0x00000000 0x00000001 0x0000004f 0x00000001 0x00000000 0x48113730 0x00000000 0x00000000
[   2.98] 48511220: 0x00000000 0x00000258 0xffffffc0 0x00000002 0x000003f0 0x4ff6da00 0x00000080 0x00000000
[   2.98] 48511240: 0x0012c000 0x482b4e80 0x00000006 0x4fc116ea 0x0012c000 0x482b4e80 0x00000006 0x4ff505c0
[   2.98] 48511260: 0x00000000 0x4ff6da00 0x482b4e80 0x0012c000 0x4ff4c35c 0x4ff4f440 0x485112f0 0x4ff56f80
[   2.98] 48511280: 0x48511790 0x4fc114ec 0x4ff4c64c 0x00000001 0x00000000 0x4ff86da8 0x00000000 0x500e5014
[   2.98] 485112a0: 0x500e5010 0x00000004 0x00000000 0x0000001f 0x08000000 0x4fc11284 0x00000001 0x485116b4
[   2.98] 485112c0: 0x48110000 0x4ff6da00 0x000003f0 0x00000002 0x0000000a 0x00000000 0x00000000 0x482b4e80
[   2.98] 485112e0: 0x1fffffff 0x4ff6da00 0x48110000 0xffffffff 0x485112fc 0x00000001 0x00000007 0x4810de9d
[   2.98] 48511300: 0x00000007 0x4851139f 0x00000001 0x48110000 0x00000000 0x00000258 0xffffffc0 0x00000002
[   2.98] 48511320: 0x000003f0 0x4ff6da00 0x480feca0 0x00000004 0x4ff5dfa8 0x4ff86d90 0x4ff86a04 0x4802727a
[   2.98] 48511340: 0x480ffdd0 0x00000001 0x48511374 0x4802ede6 0x00000000 0x480fefe4 0x4ff5c48c 0x00000000
[   2.98] 48511360: 0x480ff018 0x00000004 0x00000400 0x00000002 0x00000095 0x480ffd1c 0x480ffd1c 0x00010001
[   2.98] 48511380: 0x000003f0 0x000001c2 0x000003f3 0x00000202 0x00000041 0x00000000 0x00000000 0x30393134
[   2.98] 485113a0: 0xffffffff 0x00000000 0x482b4e80 0x0012c000 0x4ff4c35e 0x4ff4bb5e 0x48511430 0x4ff56f80
[   2.98] 485113c0: 0x48511790 0x00000000 0x381e0000 0x00003000 0x00000001 0x00000000 0x4850e5ec 0x500e5014
[   2.98] 485113e0: 0x500e5010 0x00000004 0x00000000 0x0000001f 0x00000004 0x00000002 0x4850e5ec 0x4850e598
[   2.98] 48511400: 0x4850e5bc 0x4851148c 0x02625a00 0x4850e49c 0x4850e4ac 0x00000000 0x00000000 0x00000000
[   2.98] 48511420: 0x00001113 0x4850e4ac 0x00000000 0x00000000 0x4810de50 0x4850e58c 0x4850e538 0x4ff4b6a0
[   2.98] 48511440: 0x00000012 0x485115c6 0x00000000 0x00000000 0x0000005c 0x00000000 0x00000000 0x00000cb6
[   2.98] 48511460: 0x000000ad 0x4850e4ac 0x4850e49c 0x00000000 0x00000006 0xffffffff 0x4850e188 0x480f27b2
[   2.98] 48511480: 0x00000012 0xffffffff 0x0001e188 0x00000001 0x0000005c 0x00000000 0x0000000a 0x4850e49c
[   2.98] 485114a0: 0x00000000 0x00000004 0x00000000 0x00000000 0x00000014 0x4850e52c 0x4850e4d8 0x4ff4b6d8
[   2.98] 485114c0: 0x00000006 0x4850e52c 0x00000000 0x00000000 0x4ff56ebc 0x0000000c 0x00000000 0x48114000
[   2.98] 485114e0: 0x48177000 0x00000004 0x48511520 0x00000000 0x00000004 0xffffffff 0x4850e5f8 0x480f2d00
[   2.99] 48511500: 0x00000006 0xffffffff 0x00000002 0x4850e5f8 0x00000003 0xffffffff 0x485115c8 0x480f3d44
[   2.99] 48511520: 0x00003000 0x00000000 0x00000000 0x00000000 0x00000900 0x485115c6 0x00000000 0x00000002
[   2.99] 48511540: 0x00000900 0x485115f0 0x00000000 0x00000001 0x00001000 0x00000000 0x00000000 0x00000000
[   2.99] 48511560: 0x00000000 0x00000000 0x00000000 0x00000000 0x00000000 0x00000000 0x00000000 0x00000000
[   2.99] 48511580: 0x00000000 0x00000000 0x00000000 0x00000000 0x00000000 0x00000001 0x485115f0 0x48511600
[   2.99] 485115a0: 0x48511647 0x4810e000 0x00000000 0x00000000 0x00000000 0x00000001 0x4ff876a8 0x4ff4f1ee
[   3.25] 485115c0: 0x4ff5fa68 0x00000000 0x4ff5fa14 0x4ff4f3ee 0x00000000 0x00000001 0x4ff5fa14 0x4ff4b182
[   3.25] 
[   3.25] 
[   3.25] 
[   3.25] ELF file SHA256: 39ac117b1
[   3.25] 
[   3.25] Rebooting...
[   3.25] ESP-ROM:esp32p4-eco7-20260109
[   3.25] Build:Jan  9 2026
[   3.25] rst:0xc (SW_CPU_RESET),boot:0xf (SPI_FAST_FLASH_BOOT)
[   3.25] Core0 Saved PC:0x4ff444de
[   3.25] Core1 Saved PC:0x4ff4ace6
[   3.25] SPI mode:DIO, clock div:1
[   3.25] load:0x4ffb60d0,len:0x11f0
[   3.25] load:0x4ffac2c0,len:0xd5c
[   3.25] load:0x4ffaefc0,len:0x3408
[   3.25] entry 0x4ffac2c0
[   3.50] I (229) hex_psram: vendor id    : 0x0d (AP)
[   3.50] I (229) hex_psram: Latency      : 0x01 (Fixed)
[   3.50] I (229) hex_psram: DriveStr.    : 0x00 (25 Ohm)
[   3.50] I (230) hex_psram: dev id       : 0x03 (generation 4)
[   3.50] I (235) hex_psram: density      : 0x07 (256 Mbit)
[   3.50] I (239) hex_psram: good-die     : 0x06 (Pass)
[   3.50] I (243) hex_psram: SRF          : 0x02 (Slow Refresh)
[   3.50] I (248) hex_psram: BurstType    : 0x00 ( Wrap)
[   3.50] I (252) hex_psram: BurstLen     : 0x03 (2048 Byte)
[   3.50] I (256) hex_psram: BitMode      : 0x01 (X16 Mode)
[   3.50] I (261) hex_psram: Readlatency  : 0x04 (14 cycles@Fixed)
[   3.50] I (266) hex_psram: DriveStrength: 0x00 (1/1)
[   3.50] I (270) MSPI Timing: Enter psram timing tuning
[   3.50] I esp_psram: Found 32MB PSRAM device
[   3.50] I esp_psram: Speed: 200MHz
[   3.50] I (457) mmu_psram: .rodata xip on psram
[   3.77] I (505) mmu_psram: .text xip on psram
[   3.77] I (505) hex_psram: psram CS IO is dedicated
[   3.77] I (506) cpu_start: Multicore app
[   4.04] I (934) esp_psram: SPI SRAM memory test OK
[   4.31] I (943) cpu_start: GPIO 38 and 37 are used as console UART I/O pins
[   4.31] I (944) cpu_start: Pro cpu start user code
[   4.31] I (944) cpu_start: cpu freq: 400000000 Hz
[   4.31] I (946) app_init: Application information:
[   4.31] I (949) app_init: Project name:     fnos_monitor
[   4.31] I (954) app_init: App version:      0.1.0
[   4.31] I (957) app_init: Compile time:     Sep 28 2026 07:59:20
[   4.31] I (962) app_init: ELF file SHA256:  39ac117b1...
[   4.31] I (967) app_init: ESP-IDF:          5.5.3
[   4.31] I (971) efuse_init: Min chip rev:     v3.0
[   4.31] I (974) efuse_init: Max chip rev:     v3.99 
[   4.31] I (978) efuse_init: Chip rev:         v3.2
[   4.31] I (982) heap_init: Initializing. RAM available for dynamic allocation:
[   4.31] I (988) heap_init: At 4FF5E210 len 0005CDB0 (371 KiB): RETENT_RAM
[   4.31] I (994) heap_init: At 4FFBAFC0 len 00004BF0 (18 KiB): RAM
[   4.31] I (999) heap_init: At 501080D8 len 00000028 (0 KiB): RTCRAM
[   4.31] I (1005) heap_init: At 501081A0 len 00007E60 (31 KiB): RTCRAM
[   4.31] I (1010) heap_init: At 30100198 len 00001E68 (7 KiB): TCM
[   4.31] I (1015) esp_psram: Adding pool of 31215K of PSRAM memory to heap allocator
[   4.31] I (1022) esp_psram: Adding pool of 8K of PSRAM memory gap generated due to end address alignment of irom to the heap allocator
[   4.31] I (1033) esp_psram: Adding pool of 0K of PSRAM memory gap generated due to end address alignment of drom to the heap allocator
[   4.31] I (1044) spi_flash: detected chip: gd
[   4.31] I (1048) spi_flash: flash io: qio
[   4.31] I (1051) host_init: ESP Hosted : Host chip_ip[18]
[   4.31] I (1055) H_API: ESP-Hosted starting. Hosted_Tasks: prio:23, stack: 5120 RPC_task_stack: 5120
[   4.31] sdio_mempool_create free:32378696 min-free:32378696 lfb-def:31457280 lfb-8bit:31457280
[   4.31] 
[   4.31] I (1071) H_API: ** add_esp_wifi_remote_channels **
[   4.31] I (1076) transport: Add ESP-Hosted channel IF[1]: S[0] Tx[0x4800b6dc] Rx[0x4801a922]
[   4.31] I (1083) transport: Add ESP-Hosted channel IF[2]: S[0] Tx[0x4800b622] Rx[0x4801a922]
[   4.31] I (1091) sleep_gpio: Configure to isolate all GPIO pins in sleep state
[   4.31] I (1097) sleep_gpio: Enable automatic switching of GPIO sleep configuration
[   4.31] I (1104) main_task: Started on CPU0
[   4.31] I (1108) main_task: Calling app_main()
[   4.31] I (1114) main: fnOS NAS dashboard booting (agent http://192.168.0.119:8799)
[   4.31] I (1117) main: heap boot           internal=364KB largest=304KB dma=326KB psram=31220KB
[   4.31] I (1126) transport: Attempt connection with slave: retry[0]
[   4.31] I (1130) transport: Reset slave using GPIO[54]
[   4.31] I (1134) os_wrapper_esp: GPIO [54] configured
[   5.41] I (2304) sdio_wrapper: SDIO master: Data-Lines: 4-bit Freq(KHz)[40000 KHz]
[   5.41] I (2304) sdio_wrapper: GPIOs: CLK[18] CMD[19] D0[14] D1[15] D2[16] D3[17] Slave_Reset[54]
[   5.41] I (2304) H_SDIO_DRV: Starting SDIO process rx task
[   5.41] I (2307) sdio_wrapper: Queues: Tx[20] Rx[20] SDIO-Rx-Mode[1]
[   5.68] Name: 
[   5.68] Type: SDIO
[   5.68] Speed: 40.00 MHz (limit: 40.00 MHz)
[   5.68] Size: 0MB
[   5.68] CSD: ver=1, sector_size=0, capacity=0 read_bl_len=0
[   5.68] SCR: sd_spec=0, bus_width=0
[   5.68] TUPLE: DEVICE, size: 3: D9 01 FF 
[   5.68] TUPLE: MANFID, size: 4
[   5.68]   MANF: 0092, CARD: 6666
[   5.68] TUPLE: FUNCID, size: 2: 0C 00 
[   5.68] TUPLE: FUNCE, size: 4: 00 00 02 32 
[   5.68] TUPLE: CONFIG, size: 5: 01 01 00 02 07 
[   5.68] TUPLE: CFTABLE_ENTRY, size: 8
[   5.68]   INDX: C1, Intface: 1, Default: 1, Conf-Entry-Num: 1
[   5.68]   IF: 41
[   5.68]   FS: 30, misc: 0, mem_space: 1, irq: 1, io_space: 0, timing: 0, power: 0
[   5.68]   IR: 30, mask: 1,   IRQ: FF FF
[   5.68]   LEN: FFFF
[   5.68] TUPLE: END
[   5.68] I (2390) sdio_wrapper: Function 0 Blocksize: 512
[   5.68] I (2394) sdio_wrapper: Function 1 Blocksize: 512
[   5.68] I (2398) H_SDIO_DRV: SDIO Host operating in STREAMING MODE
[   5.68] I (2403) H_SDIO_DRV: generate slave intr
[   5.68] I (2410) transport: Received INIT event from ESP32 peripheral
[   5.68] I (2412) transport: EVENT: 12
[   5.68] I (2415) transport: EVENT: 11
[   5.68] I (2418) transport: capabilities: 0xd
[   5.68] I (2421) transport: Features supported are:
[   5.68] I (2425) transport: 	 * WLAN
[   5.68] I (2428) transport: 	   - HCI over SDIO
[   5.68] I (2431) transport: 	   - BLE only
[   5.68] I (2434) transport: EVENT: 13
[   5.68] I (2437) transport: ESP board type is : 13 
[   5.68] 
[   5.68] I (2441) transport: Base transport is set-up
[   5.68] 
[   5.68] I (2445) transport: Slave chip Id[12]
[   5.68] I (2449) hci_stub_drv: Host BT Support: Disabled
[   5.68] I (2453) H_SDIO_DRV: Received INIT event
[   6.48] I (3458) fnos_net: wifi station started; awaiting ip
[   6.48] I (3458) esp_lvgl:adapter: LVGL adapter initialized successfully
[   6.48] W (3459) ledc: GPIO 32 is not usable, maybe conflict with others
[   6.48] I (3463) ESP32_P4_EV: MIPI DSI PHY Powered on
[   6.48] I (3468) ESP32_P4_EV: Install MIPI DSI LCD control panel
[   6.48] I (3472) ESP32_P4_EV: Install EK79007 LCD control panel
[   6.48] I (3477) ek79007: version: 2.0.2
[   6.48] I (3479) H_API: esp_wifi_remote_connect
[   6.73] I (3654) ESP32_P4_EV: Display initialized
[   6.73] I (3655) esp_lvgl:bridge_v9: Initializing hardware resources
[   6.73] I (3655) esp_lvgl:bridge_v9: Hardware resources initialized successfully
[   6.73] I (3658) esp_lvgl:bridge: Initializing hardware resources
[   6.73] I (3663) esp_lvgl:bridge: Hardware resources initialized successfully
[   6.73] W (3669) esp_lvgl:bridge_v9: on_frame_buf_complete unavailable; buffer-switch release and dummy-draw may not function on MIPI DSI
[   6.73] I (3681) ESP32_P4_EV: Touch 0x5d found
[   6.73] I (3684) GT911: I2C address initialization procedure skipped - using default GT9xx setup
[   6.73] I (3692) GT911: TouchPad_ID:0x39,0x31,0x31
[   6.73] I (3696) GT911: TouchPad_Config_Version:91
[   6.73] W (3700) esp_lvgl:touch: LV_USE_GESTURE_RECOGNITION is disabled; only single-point pointer events are available
[   6.73] I (3709) esp_lvgl:touch: Touch input device registered successfully (IRQ mode: disabled)
[   6.73] I (3718) esp_lvgl:adapter: LVGL task started successfully
[   6.73] I (3722) ESP32_P4_EV: Setting LCD backlight: 100%
[   7.01] I (3727) ESP32_P4_EV: Setting LCD backlight: 45%
[   7.01] I (3731) main: heap display        internal=244KB largest=204KB dma=206KB psram=27578KB
[   7.01] I (3872) fnos_view: dashboard v2 created (4 pages, 180 s window)
[   7.01] I (3872) main: heap ui             internal=244KB largest=204KB dma=206KB psram=27490KB
[   7.01] I (3875) fnos_data: polling http://192.168.0.119:8799/api/v1/status every 1000 ms
[   7.01] I (3882) main: heap polling        internal=243KB largest=204KB dma=205KB psram=27476KB
[   7.01] I (3889) ESP32_P4_EV: Setting LCD backlight: 45%
[   7.01] I (3894) main: backlight 45% (day)
[   7.01] I (3897) main: boot complete
[   7.01] I (3899) main_task: Returned from app_main()
[   7.77] Guru Meditation Error: Core  1 panic'ed (Load access fault). Exception was unhandled.
[   7.77] 
[   7.77] Core  1 register dump:
[   7.77] MEPC    : 0x4fc1b714  RA      : 0x480ef1a4  SP      : 0x485111e0  GP      : 0x4ff56f80  
[   7.77] TP      : 0x48511790  T0      : 0x0000000d  T1      : 0x90000000  T2      : 0xffffffff  
[   7.77] S0/FP   : 0x00000000  S1      : 0x00000014  A0      : 0x00000014  A1      : 0xffffffff  
[   7.77] A2      : 0x0000000a  A3      : 0x7f7f7f7f  A4      : 0x00000000  A5      : 0x00000018  
[   7.77] A6      : 0xa0000000  A7      : 0x0000000a  S2      : 0x4817f000  S3      : 0x00000009  
[   7.77] S4      : 0xffffffff  S5      : 0x0000000a  S6      : 0x00000002  S7      : 0x00000073  
[   7.77] S8      : 0x00000009  S9      : 0x00000000  S10     : 0xffffffff  S11     : 0x48511304  
[   7.77] T3      : 0x00000000  T4      : 0x00000000  T5      : 0xffffffff  T6      : 0x00000000  
[   7.77] MSTATUS : 0x00011881  MTVEC   : 0x4ff40003  MCAUSE  : 0x00000005  MTVAL   : 0x00000014  
[   7.77] MHARTID : 0x00000001  
[   7.77] 
[   7.77] Stack memory:
[   8.04] 485111e0: 0x00000001 0x4ff5ec14 0x4ff87710 0x4810dea6 0x00000000 0x00000000 0x00000000 0x00000000
[   8.04] 48511200: 0x00000000 0x00000001 0x0000004f 0x00000001 0x00000000 0x48113730 0x00000000 0x00000000
[   8.04] 48511220: 0x00000000 0x00000258 0xffffffc0 0x00000002 0x000003f0 0x4ff6da00 0x00000080 0x00000000
[   8.04] 48511240: 0x0012c000 0x482b4e80 0x00000006 0x4fc116ea 0x0012c000 0x482b4e80 0x00000006 0x4ff505c0
[   8.04] 48511260: 0x00000000 0x4ff6da00 0x482b4e80 0x0012c000 0x4ff4c35e 0x4ff4f440 0x485112f0 0x4ff56f80
[   8.04] 48511280: 0x48511790 0x4fc114ec 0x4ff4c64c 0x00000001 0x00000000 0x4ff86da8 0x00000000 0x500e5014
[   8.04] 485112a0: 0x500e5010 0x00000004 0x00000000 0x0000001f 0x08000000 0x4fc11284 0x00000001 0x485116b4
[   8.04] 485112c0: 0x48110000 0x4ff6da00 0x000003f0 0x00000002 0x0000000a 0x00000000 0x00000000 0x482b4e80
[   8.04] 485112e0: 0x1fffffff 0x4ff6da00 0x48110000 0xffffffff 0x485112fc 0x00000001 0x00000007 0x4810de9d
[   8.04] 48511300: 0x00000007 0x4851139f 0x00000001 0x48110000 0x00000000 0x00000258 0xffffffc0 0x00000002
[   8.04] 48511320: 0x000003f0 0x4ff6da00 0x480feca0 0x00000004 0x4ff5dfa8 0x4ff86d90 0x4ff86a04 0x4802727a
[   8.04] 48511340: 0x480ffdd0 0x00000001 0x48511374 0x4802ede6 0x00000000 0x480fefe4 0x4ff5c48c 0x00000000
[   8.04] 48511360: 0x480ff018 0x00000004 0x00000400 0x00000002 0x00000095 0x480ffd1c 0x480ffd1c 0x00010001
[   8.04] 48511380: 0x000003f0 0x000001c2 0x000003f3 0x00000202 0x00000041 0x00000000 0x00000000 0x30393134
[   8.04] 485113a0: 0xffffffff 0x00000000 0x482b4e80 0x0012c000 0x4ff4c35e 0x4ff4bb5e 0x48511430 0x4ff56f80
[   8.04] 485113c0: 0x48511790 0x00000000 0x381e0000 0x00003000 0x00000001 0x00000000 0x4850e5ec 0x500e5014
[   8.04] 485113e0: 0x500e5010 0x00000004 0x00000000 0x0000001f 0x00000004 0x00000002 0x4850e5ec 0x4850e598
[   8.04] 48511400: 0x4850e5bc 0x4851148c 0x02625a00 0x4850e49c 0x4850e4ac 0x00000000 0x00000000 0x00000000
[   8.04] 48511420: 0x00001114 0x4850e4ac 0x00000000 0x00000000 0x4810de50 0x4850e58c 0x4850e538 0x4ff4b6a0
[   8.04] 48511440: 0x00000012 0x485115c6 0x00000000 0x00000000 0x0000005c 0x00000000 0x00000000 0x00000cb5
[   8.04] 48511460: 0x000000ad 0x4850e4ac 0x4850e49c 0x00000000 0x00000006 0xffffffff 0x4850e188 0x480f27b2
[   8.04] 48511480: 0x00000012 0xffffffff 0x0001e188 0x00000001 0x0000005c 0x00000000 0x0000000a 0x4850e49c
[   8.04] 485114a0: 0x00000000 0x00000004 0x00000000 0x00000000 0x00000014 0x4850e52c 0x4850e4d8 0x4ff4b6d8
[   8.04] 485114c0: 0x00000006 0x4850e52c 0x00000000 0x00000000 0x4ff56ebc 0x0000000c 0x00000000 0x48114000
[   8.04] 485114e0: 0x48177000 0x00000004 0x48511520 0x00000000 0x00000004 0xffffffff 0x4850e5f8 0x480f2d00
[   8.04] 48511500: 0x00000006 0xffffffff 0x00000002 0x4850e5f8 0x00000003 0xffffffff 0x485115c8 0x480f3d44
[   8.04] 48511520: 0x00003000 0x00000000 0x00000000 0x00000000 0x00000900 0x485115c6 0x00000000 0x00000002
[   8.04] 48511540: 0x00000900 0x485115f0 0x00000000 0x00000001 0x00001000 0x00000000 0x00000000 0x00000000
[   8.04] 48511560: 0x00000000 0x00000000 0x00000000 0x00000000 0x00000000 0x00000000 0x00000000 0x00000000
[   8.04] 48511580: 0x00000000 0x00000000 0x00000000 0x00000000 0x00000000 0x00000001 0x485115f0 0x48511600
[   8.04] 485115a0: 0x48511647 0x4810e000 0x00000000 0x00000000 0x00000000 0x00000001 0x4ff876a8 0x4ff4f1ee
[   8.04] 485115c0: 0x4ff5fa68 0x00000000 0x4ff5fa14 0x4ff4f3ee 0x00000000 0x00000001 0x4ff5fa14 0x4ff4b182
[   8.04] 
[   8.04] 
[   8.04] 
[   8.04] ELF file SHA256: 39ac117b1
[   8.04] 
[   8.04] Rebooting...
[   8.04] ESP-ROM:esp32p4-eco7-20260109
[   8.04] Build:Jan  9 2026
[   8.04] rst:0xc (SW_CPU_RESET),boot:0xf (SPI_FAST_FLASH_BOOT)
[   8.04] Core0 Saved PC:0x4ff444de
[   8.04] Core1 Saved PC:0x4ff4ace6
[   8.04] SPI mode:DIO, clock div:1
[   8.04] load:0x4ffb60d0,len:0x11f0
[   8.04] load:0x4ffac2c0,len:0xd5c
[   8.04] load:0x4ffaefc0,len:0x3408
[   8.04] entry 0x4ffac2c0
[   8.28] I (229) hex_psram: vendor id    : 0x0d (AP)
[   8.28] I (229) hex_psram: Latency      : 0x01 (Fixed)
[   8.28] I (229) hex_psram: DriveStr.    : 0x00 (25 Ohm)
[   8.28] I (230) hex_psram: dev id       : 0x03 (generation 4)
[   8.28] I (235) hex_psram: density      : 0x07 (256 Mbit)
[   8.28] I (239) hex_psram: good-die     : 0x06 (Pass)
[   8.28] I (243) hex_psram: SRF          : 0x02 (Slow Refresh)
[   8.28] I (248) hex_psram: BurstType    : 0x00 ( Wrap)
[   8.28] I (252) hex_psram: BurstLen     : 0x03 (2048 Byte)
[   8.28] I (256) hex_psram: BitMode      : 0x01 (X16 Mode)
[   8.28] I (261) hex_psram: Readlatency  : 0x04 (14 cycles@Fixed)
[   8.28] I (266) hex_psram: DriveStrength: 0x00 (1/1)
[   8.28] I (270) MSPI Timing: Enter psram timing tuning
[   8.28] I esp_psram: Found 32MB PSRAM device
[   8.28] I esp_psram: Speed: 200MHz
[   8.28] I (457) mmu_psram: .rodata xip on psram
[   8.28] I (505) mmu_psram: .text xip on psram
[   8.28] I (506) hex_psram: psram CS IO is dedicated
[   8.28] I (506) cpu_start: Multicore app
[   8.83] I (934) esp_psram: SPI SRAM memory test OK
[   9.10] I (943) cpu_start: GPIO 38 and 37 are used as console UART I/O pins
[   9.10] I (944) cpu_start: Pro cpu start user code
[   9.10] I (944) cpu_start: cpu freq: 400000000 Hz
[   9.10] I (946) app_init: Application information:
[   9.10] I (949) app_init: Project name:     fnos_monitor
[   9.10] I (954) app_init: App version:      0.1.0
[   9.10] I (957) app_init: Compile time:     Sep 28 2026 07:59:20
[   9.10] I (962) app_init: ELF file SHA256:  39ac117b1...
[   9.10] I (967) app_init: ESP-IDF:          5.5.3
[   9.10] I (971) efuse_init: Min chip rev:     v3.0
[   9.10] I (974) efuse_init: Max chip rev:     v3.99 
[   9.10] I (978) efuse_init: Chip rev:         v3.2
[   9.10] I (982) heap_init: Initializing. RAM available for dynamic allocation:
[   9.10] I (988) heap_init: At 4FF5E210 len 0005CDB0 (371 KiB): RETENT_RAM
[   9.10] I (994) heap_init: At 4FFBAFC0 len 00004BF0 (18 KiB): RAM
[   9.10] I (999) heap_init: At 501080D8 len 00000028 (0 KiB): RTCRAM
[   9.10] I (1005) heap_init: At 501081A0 len 00007E60 (31 KiB): RTCRAM
[   9.10] I (1010) heap_init: At 30100198 len 00001E68 (7 KiB): TCM
[   9.10] I (1015) esp_psram: Adding pool of 31215K of PSRAM memory to heap allocator
[   9.10] I (1022) esp_psram: Adding pool of 8K of PSRAM memory gap generated due to end address alignment of irom to the heap allocator
[   9.10] I (1033) esp_psram: Adding pool of 0K of PSRAM memory gap generated due to end address alignment of drom to the heap allocator
[   9.10] I (1044) spi_flash: detected chip: gd
[   9.10] I (1048) spi_flash: flash io: qio
[   9.10] I (1051) host_init: ESP Hosted : Host chip_ip[18]
[   9.10] I (1055) H_API: ESP-Hosted starting. Hosted_Tasks: prio:23, stack: 5120 RPC_task_stack: 5120
[   9.10] sdio_mempool_create free:32378696 min-free:32378696 lfb-def:31457280 lfb-8bit:31457280
[   9.10] 
[   9.10] I (1071) H_API: ** add_esp_wifi_remote_channels **
[   9.10] I (1076) transport: Add ESP-Hosted channel IF[1]: S[0] Tx[0x4800b6dc] Rx[0x4801a922]
[   9.10] I (1083) transport: Add ESP-Hosted channel IF[2]: S[0] Tx[0x4800b622] Rx[0x4801a922]
[   9.10] I (1091) sleep_gpio: Configure to isolate all GPIO pins in sleep state
[   9.10] I (1097) sleep_gpio: Enable automatic switching of GPIO sleep configuration
[   9.10] I (1104) main_task: Started on CPU0
[   9.10] I (1108) main_task: Calling app_main()
[   9.10] I (1114) main: fnOS NAS dashboard booting (agent http://192.168.0.119:8799)
[   9.10] I (1117) main: heap boot           internal=364KB largest=304KB dma=326KB psram=31220KB
[   9.10] I (1126) transport: Attempt connection with slave: retry[0]
[   9.10] I (1130) transport: Reset slave using GPIO[54]
[   9.10] I (1134) os_wrapper_esp: GPIO [54] configured
[  10.20] I (2304) sdio_wrapper: SDIO master: Data-Lines: 4-bit Freq(KHz)[40000 KHz]
[  10.20] I (2304) sdio_wrapper: GPIOs: CLK[18] CMD[19] D0[14] D1[15] D2[16] D3[17] Slave_Reset[54]
[  10.20] I (2304) H_SDIO_DRV: Starting SDIO process rx task
[  10.20] I (2307) sdio_wrapper: Queues: Tx[20] Rx[20] SDIO-Rx-Mode[1]
[  10.47] Name: 
[  10.47] Type: SDIO
[  10.47] Speed: 40.00 MHz (limit: 40.00 MHz)
[  10.47] Size: 0MB
[  10.47] CSD: ver=1, sector_size=0, capacity=0 read_bl_len=0
[  10.47] SCR: sd_spec=0, bus_width=0
[  10.47] TUPLE: DEVICE, size: 3: D9 01 FF 
[  10.47] TUPLE: MANFID, size: 4
[  10.47]   MANF: 0092, CARD: 6666
[  10.47] TUPLE: FUNCID, size: 2: 0C 00 
[  10.47] TUPLE: FUNCE, size: 4: 00 00 02 32 
[  10.47] TUPLE: CONFIG, size: 5: 01 01 00 02 07 
[  10.47] TUPLE: CFTABLE_ENTRY, size: 8
[  10.47]   INDX: C1, Intface: 1, Default: 1, Conf-Entry-Num: 1
[  10.47]   IF: 41
[  10.47]   FS: 30, misc: 0, mem_space: 1, irq: 1, io_space: 0, timing: 0, power: 0
[  10.47]   IR: 30, mask: 1,   IRQ: FF FF
[  10.47]   LEN: FFFF
[  10.47] TUPLE: END
[  10.47] I (2390) sdio_wrapper: Function 0 Blocksize: 512
[  10.47] I (2394) sdio_wrapper: Function 1 Blocksize: 512
[  10.47] I (2398) H_SDIO_DRV: SDIO Host operating in STREAMING MODE
[  10.47] I (2403) H_SDIO_DRV: generate slave intr
[  10.47] I (2409) transport: Received INIT event from ESP32 peripheral
[  10.47] I (2412) transport: EVENT: 12
[  10.47] I (2415) transport: EVENT: 11
[  10.47] I (2418) transport: capabilities: 0xd
[  10.47] I (2421) transport: Features supported are:
[  10.47] I (2425) transport: 	 * WLAN
[  10.47] I (2428) transport: 	   - HCI over SDIO
[  10.47] I (2431) transport: 	   - BLE only
[  10.47] I (2434) transport: EVENT: 13
[  10.47] I (2437) transport: ESP board type is : 13 
[  10.47] 
[  10.47] I (2441) transport: Base transport is set-up
[  10.47] 
[  10.47] I (2445) transport: Slave chip Id[12]
[  10.47] I (2449) hci_stub_drv: Host BT Support: Disabled
[  10.47] I (2453) H_SDIO_DRV: Received INIT event
[  11.26] I (3458) fnos_net: wifi station started; awaiting ip
[  11.26] I (3459) esp_lvgl:adapter: LVGL adapter initialized successfully
[  11.26] W (3459) ledc: GPIO 32 is not usable, maybe conflict with others
[  11.26] I (3463) ESP32_P4_EV: MIPI DSI PHY Powered on
[  11.26] I (3468) ESP32_P4_EV: Install MIPI DSI LCD control panel
[  11.26] I (3472) ESP32_P4_EV: Install EK79007 LCD control panel
[  11.26] I (3477) ek79007: version: 2.0.2
[  11.26] I (3479) H_API: esp_wifi_remote_connect
[  11.52] I (3654) ESP32_P4_EV: Display initialized
[  11.52] I (3655) esp_lvgl:bridge_v9: Initializing hardware resources
[  11.52] I (3655) esp_lvgl:bridge_v9: Hardware resources initialized successfully
[  11.52] I (3658) esp_lvgl:bridge: Initializing hardware resources
[  11.52] I (3663) esp_lvgl:bridge: Hardware resources initialized successfully
[  11.52] W (3669) esp_lvgl:bridge_v9: on_frame_buf_complete unavailable; buffer-switch release and dummy-draw may not function on MIPI DSI
[  11.52] I (3681) ESP32_P4_EV: Touch 0x5d found
[  11.52] I (3684) GT911: I2C address initialization procedure skipped - using default GT9xx setup
[  11.52] I (3692) GT911: TouchPad_ID:0x39,0x31,0x31
[  11.52] I (3696) GT911: TouchPad_Config_Version:91
[  11.52] W (3700) esp_lvgl:touch: LV_USE_GESTURE_RECOGNITION is disabled; only single-point pointer events are available
[  11.52] I (3709) esp_lvgl:touch: Touch input device registered successfully (IRQ mode: disabled)
[  11.52] I (3718) esp_lvgl:adapter: LVGL task started successfully
[  11.52] I (3722) ESP32_P4_EV: Setting LCD backlight: 100%
[  11.79] I (3727) ESP32_P4_EV: Setting LCD backlight: 45%
[  11.79] I (3731) main: heap display        internal=244KB largest=204KB dma=206KB psram=27578KB
[  11.79] I (3872) fnos_view: dashboard v2 created (4 pages, 180 s window)
[  11.79] I (3872) main: heap ui             internal=244KB largest=204KB dma=206KB psram=27490KB
[  11.79] I (3875) fnos_data: polling http://192.168.0.119:8799/api/v1/status every 1000 ms
[  11.79] I (3882) main: heap polling        internal=243KB largest=204KB dma=205KB psram=27476KB
[  11.79] I (3889) ESP32_P4_EV: Setting LCD backlight: 45%
[  11.79] I (3894) main: backlight 45% (day)
[  11.79] I (3897) main: boot complete
[  11.79] I (3899) main_task: Returned from app_main()
[  12.55] Guru Meditation Error: Core  1 panic'ed (Load access fault). Exception was unhandled.
[  12.55] 
[  12.55] Core  1 register dump:
[  12.55] MEPC    : 0x4fc1b714  RA      : 0x480ef1a4  SP      : 0x485111e0  GP      : 0x4ff56f80  
[  12.55] TP      : 0x48511790  T0      : 0x0000000d  T1      : 0x90000000  T2      : 0xffffffff  
[  12.55] S0/FP   : 0x00000000  S1      : 0x00000014  A0      : 0x00000014  A1      : 0xffffffff  
[  12.55] A2      : 0x0000000a  A3      : 0x7f7f7f7f  A4      : 0x00000000  A5      : 0x00000018  
[  12.55] A6      : 0xa0000000  A7      : 0x0000000a  S2      : 0x4817f000  S3      : 0x00000009  
[  12.55] S4      : 0xffffffff  S5      : 0x0000000a  S6      : 0x00000002  S7      : 0x00000073  
[  12.55] S8      : 0x00000009  S9      : 0x00000000  S10     : 0xffffffff  S11     : 0x48511304  
[  12.55] T3      : 0x00000000  T4      : 0x00000000  T5      : 0xffffffff  T6      : 0x00000000  
[  12.55] MSTATUS : 0x00011881  MTVEC   : 0x4ff40003  MCAUSE  : 0x00000005  MTVAL   : 0x00000014  
[  12.55] MHARTID : 0x00000001  
[  12.55] 
[  12.55] Stack memory:
[  12.82] 485111e0: 0x00000001 0x4ff5ec14 0x4ff87710 0x4810dea6 0x00000000 0x00000000 0x00000000 0x00000000
[  12.82] 48511200: 0x00000000 0x00000001 0x0000004f 0x00000001 0x00000000 0x48113730 0x00000000 0x00000000
[  12.82] 48511220: 0x00000000 0x00000258 0xffffffc0 0x00000002 0x000003f0 0x4ff6da00 0x00000080 0x00000000
[  12.83] 48511240: 0x0012c000 0x482b4e80 0x00000006 0x4fc116ea 0x0012c000 0x482b4e80 0x00000006 0x4ff505c0
[  12.83] 48511260: 0x00000000 0x4ff6da00 0x482b4e80 0x0012c000 0x4ff4c35c 0x4ff4f440 0x485112f0 0x4ff56f80
[  12.83] 48511280: 0x48511790 0x4fc114ec 0x4ff4c64c 0x00000001 0x00000000 0x4ff86da8 0x00000000 0x500e5014
[  12.83] 485112a0: 0x500e5010 0x00000004 0x00000000 0x0000001f 0x08000000 0x4fc11284 0x00000001 0x485116b4
[  12.83] 485112c0: 0x48110000 0x4ff6da00 0x000003f0 0x00000002 0x0000000a 0x00000000 0x00000000 0x482b4e80
[  12.83] 485112e0: 0x1fffffff 0x4ff6da00 0x48110000 0xffffffff 0x485112fc 0x00000001 0x00000007 0x4810de9d
[  12.83] 48511300: 0x00000007 0x4851139f 0x00000001 0x48110000 0x00000000 0x00000258 0xffffffc0 0x00000002
[  12.83] 48511320: 0x000003f0 0x4ff6da00 0x480feca0 0x00000004 0x4ff5dfa8 0x4ff86d90 0x4ff86a04 0x4802727a
[  12.83] 48511340: 0x480ffdd0 0x00000001 0x48511374 0x4802ede6 0x00000000 0x480fefe4 0x4ff5c48c 0x00000000
[  12.83] 48511360: 0x480ff018 0x00000004 0x00000400 0x00000002 0x00000095 0x480ffd1c 0x480ffd1c 0x00010001
[  12.83] 48511380: 0x000003f0 0x000001c2 0x000003f3 0x00000202 0x00000041 0x00000000 0x00000000 0x30393134
[  12.83] 485113a0: 0xffffffff 0x00000000 0x482b4e80 0x0012c000 0x4ff4c35e 0x4ff4bb5e 0x48511430 0x4ff56f80
[  12.83] 485113c0: 0x48511790 0x00000000 0x381e0000 0x00003000 0x00000001 0x00000000 0x4850e5ec 0x500e5014
[  12.83] 485113e0: 0x500e5010 0x00000004 0x00000000 0x0000001f 0x00000004 0x00000002 0x4850e5ec 0x4850e598
[  12.83] 48511400: 0x4850e5bc 0x4851148c 0x02625a00 0x4850e49c 0x4850e4ac 0x00000000 0x00000000 0x00000000
[  12.83] 48511420: 0x00001114 0x4850e4ac 0x00000000 0x00000000 0x4810de50 0x4850e58c 0x4850e538 0x4ff4b6a0
[  12.83] 48511440: 0x00000012 0x485115c6 0x00000000 0x00000000 0x0000005c 0x00000000 0x00000000 0x00000cb6
[  12.83] 48511460: 0x000000ad 0x4850e4ac 0x4850e49c 0x00000000 0x00000006 0xffffffff 0x4850e188 0x480f27b2
[  12.83] 48511480: 0x00000012 0xffffffff 0x0001e188 0x00000001 0x0000005c 0x00000000 0x0000000a 0x4850e49c
[  12.83] 485114a0: 0x00000000 0x00000004 0x00000000 0x00000000 0x00000014 0x4850e52c 0x4850e4d8 0x4ff4b6d8
[  12.83] 485114c0: 0x00000006 0x4850e52c 0x00000000 0x00000000 0x4ff56ebc 0x0000000c 0x00000000 0x48114000
[  12.83] 485114e0: 0x48177000 0x00000004 0x48511520 0x00000000 0x00000004 0xffffffff 0x4850e5f8 0x480f2d00
[  12.83] 48511500: 0x00000006 0xffffffff 0x00000002 0x4850e5f8 0x00000003 0xffffffff 0x485115c8 0x480f3d44
[  12.83] 48511520: 0x00003000 0x00000000 0x00000000 0x00000000 0x00000900 0x485115c6 0x00000000 0x00000002
[  12.83] 48511540: 0x00000900 0x485115f0 0x00000000 0x00000001 0x00001000 0x00000000 0x00000000 0x00000000
[  12.83] 48511560: 0x00000000 0x00000000 0x00000000 0x00000000 0x00000000 0x00000000 0x00000000 0x00000000
[  12.83] 48511580: 0x00000000 0x00000000 0x00000000 0x00000000 0x00000000 0x00000001 0x485115f0 0x48511600
[  12.83] 485115a0: 0x48511647 0x4810e000 0x00000000 0x00000000 0x00000000 0x00000001 0x4ff876a8 0x4ff4f1ee
[  12.83] 485115c0: 0x4ff5fa68 0x00000000 0x4ff5fa14 0x4ff4f3ee 0x00000000 0x00000001 0x4ff5fa14 0x4ff4b182
[  12.83] 
[  12.83] 
[  12.83] 
[  12.83] ELF file SHA256: 39ac117b1
[  12.83] 
[  12.83] Rebooting...
[  12.83] ESP-ROM:esp32p4-eco7-20260109
[  12.83] Build:Jan  9 2026
[  12.83] rst:0xc (SW_CPU_RESET),boot:0xf (SPI_FAST_FLASH_BOOT)
[  12.83] Core0 Saved PC:0x4ff444de
[  12.83] Core1 Saved PC:0x4ff4ace6
[  12.83] SPI mode:DIO, clock div:1
[  12.83] load:0x4ffb60d0,len:0x11f0
[  12.83] load:0x4ffac2c0,len:0xd5c
[  12.83] load:0x4ffaefc0,len:0x3408
[  12.83] entry 0x4ffac2c0
[  13.07] I (229) hex_psram: vendor id    : 0x0d (AP)
[  13.07] I (229) hex_psram: Latency      : 0x01 (Fixed)
[  13.07] I (229) hex_psram: DriveStr.    : 0x00 (25 Ohm)
[  13.07] I (230) hex_psram: dev id       : 0x03 (generation 4)
[  13.07] I (235) hex_psram: density      : 0x07 (256 Mbit)
[  13.07] I (239) hex_psram: good-die     : 0x06 (Pass)
[  13.07] I (243) hex_psram: SRF          : 0x02 (Slow Refresh)
[  13.07] I (248) hex_psram: BurstType    : 0x00 ( Wrap)
[  13.07] I (252) hex_psram: BurstLen     : 0x03 (2048 Byte)
[  13.07] I (256) hex_psram: BitMode      : 0x01 (X16 Mode)
[  13.07] I (261) hex_psram: Readlatency  : 0x04 (14 cycles@Fixed)
[  13.07] I (266) hex_psram: DriveStrength: 0x00 (1/1)
[  13.07] I (270) MSPI Timing: Enter psram timing tuning
[  13.07] I esp_psram: Found 32MB PSRAM device
[  13.07] I esp_psram: Speed: 200MHz
[  13.07] I (457) mmu_psram: .rodata xip on psram
[  13.07] I (505) mmu_psram: .text xip on psram
[  13.07] I (505) hex_psram: psram CS IO is dedicated
[  13.07] I (506) cpu_start: Multicore app
[  13.62] I (934) esp_psram: SPI SRAM memory test OK
[  13.89] I (943) cpu_start: GPIO 38 and 37 are used as console UART I/O pins
[  13.89] I (944) cpu_start: Pro cpu start user code
[  13.89] I (944) cpu_start: cpu freq: 400000000 Hz
[  13.89] I (946) app_init: Application information:
[  13.89] I (949) app_init: Project name:     fnos_monitor
[  13.89] I (954) app_init: App version:      0.1.0
[  13.89] I (957) app_init: Compile time:     Sep 28 2026 07:59:20
[  13.89] I (962) app_init: ELF file SHA256:  39ac117b1...
[  13.89] I (967) app_init: ESP-IDF:          5.5.3
[  13.89] I (971) efuse_init: Min chip rev:     v3.0
[  13.89] I (974) efuse_init: Max chip rev:     v3.99 
[  13.89] I (978) efuse_init: Chip rev:         v3.2
[  13.89] I (982) heap_init: Initializing. RAM available for dynamic allocation:
[  13.89] I (988) heap_init: At 4FF5E210 len 0005CDB0 (371 KiB): RETENT_RAM
[  13.89] I (994) heap_init: At 4FFBAFC0 len 00004BF0 (18 KiB): RAM
[  13.89] I (999) heap_init: At 501080D8 len 00000028 (0 KiB): RTCRAM
[  13.89] I (1005) heap_init: At 501081A0 len 00007E60 (31 KiB): RTCRAM
[  13.89] I (1010) heap_init: At 30100198 len 00001E68 (7 KiB): TCM
[  13.89] I (1015) esp_psram: Adding pool of 31215K of PSRAM memory to heap allocator
[  13.89] I (1022) esp_psram: Adding pool of 8K of PSRAM memory gap generated due to end address alignment of irom to the heap allocator
[  13.89] I (1033) esp_psram: Adding pool of 0K of PSRAM memory gap generated due to end address alignment of drom to the heap allocator
[  13.89] I (1044) spi_flash: detected chip: gd
[  13.89] I (1048) spi_flash: flash io: qio
[  13.89] I (1051) host_init: ESP Hosted : Host chip_ip[18]
[  13.89] I (1055) H_API: ESP-Hosted starting. Hosted_Tasks: prio:23, stack: 5120 RPC_task_stack: 5120
[  13.89] sdio_mempool_create free:32378696 min-free:32378696 lfb-def:31457280 lfb-8bit:31457280
[  13.89] 
[  13.89] I (1071) H_API: ** add_esp_wifi_remote_channels **
[  13.89] I (1076) transport: Add ESP-Hosted channel IF[1]: S[0] Tx[0x4800b6dc] Rx[0x4801a922]
[  13.89] I (1083) transport: Add ESP-Hosted channel IF[2]: S[0] Tx[0x4800b622] Rx[0x4801a922]
[  13.89] I (1091) sleep_gpio: Configure to isolate all GPIO pins in sleep state
[  13.89] I (1097) sleep_gpio: Enable automatic switching of GPIO sleep configuration
[  13.89] I (1104) main_task: Started on CPU0
[  13.89] I (1108) main_task: Calling app_main()
[  13.89] I (1114) main: fnOS NAS dashboard booting (agent http://192.168.0.119:8799)
[  13.89] I (1117) main: heap boot           internal=364KB largest=304KB dma=326KB psram=31220KB
[  13.89] I (1126) transport: Attempt connection with slave: retry[0]
[  13.89] I (1130) transport: Reset slave using GPIO[54]
[  13.89] I (1134) os_wrapper_esp: GPIO [54] configured
[  14.99] I (2304) sdio_wrapper: SDIO master: Data-Lines: 4-bit Freq(KHz)[40000 KHz]
[  14.99] I (2304) sdio_wrapper: GPIOs: CLK[18] CMD[19] D0[14] D1[15] D2[16] D3[17] Slave_Reset[54]
[  14.99] I (2304) H_SDIO_DRV: Starting SDIO process rx task
[  14.99] I (2307) sdio_wrapper: Queues: Tx[20] Rx[20] SDIO-Rx-Mode[1]
[  15.26] Name: 
[  15.26] Type: SDIO
[  15.26] Speed: 40.00 MHz (limit: 40.00 MHz)
[  15.26] Size: 0MB
[  15.26] CSD: ver=1, sector_size=0, capacity=0 read_bl_len=0
[  15.26] SCR: sd_spec=0, bus_width=0
[  15.26] TUPLE: DEVICE, size: 3: D9 01 FF 
[  15.26] TUPLE: MANFID, size: 4
[  15.26]   MANF: 0092, CARD: 6666
[  15.26] TUPLE: FUNCID, size: 2: 0C 00 
[  15.26] TUPLE: FUNCE, size: 4: 00 00 02 32 
[  15.26] TUPLE: CONFIG, size: 5: 01 01 00 02 07 
[  15.26] TUPLE: CFTABLE_ENTRY, size: 8
[  15.26]   INDX: C1, Intface: 1, Default: 1, Conf-Entry-Num: 1
[  15.26]   IF: 41
[  15.26]   FS: 30, misc: 0, mem_space: 1, irq: 1, io_space: 0, timing: 0, power: 0
[  15.26]   IR: 30, mask: 1,   IRQ: FF FF
[  15.26]   LEN: FFFF
[  15.26] TUPLE: END
[  15.26] I (2390) sdio_wrapper: Function 0 Blocksize: 512
[  15.26] I (2394) sdio_wrapper: Function 1 Blocksize: 512
[  15.26] I (2398) H_SDIO_DRV: SDIO Host operating in STREAMING MODE
[  15.26] I (2403) H_SDIO_DRV: generate slave intr
[  15.26] I (2409) transport: Received INIT event from ESP32 peripheral
[  15.26] I (2412) transport: EVENT: 12
[  15.26] I (2415) transport: EVENT: 11
[  15.26] I (2418) transport: capabilities: 0xd
[  15.26] I (2421) transport: Features supported are:
[  15.26] I (2425) transport: 	 * WLAN
[  15.26] I (2428) transport: 	   - HCI over SDIO
[  15.26] I (2431) transport: 	   - BLE only
[  15.26] I (2434) transport: EVENT: 13
[  15.26] I (2437) transport: ESP board type is : 13 
[  15.26] 
[  15.26] I (2441) transport: Base transport is set-up
[  15.26] 
[  15.26] I (2445) transport: Slave chip Id[12]
[  15.26] I (2449) hci_stub_drv: Host BT Support: Disabled
[  15.26] I (2453) H_SDIO_DRV: Received INIT event
[  16.05] I (3458) fnos_net: wifi station started; awaiting ip
[  16.05] I (3458) esp_lvgl:adapter: LVGL adapter initialized successfully
[  16.05] W (3459) ledc: GPIO 32 is not usable, maybe conflict with others
[  16.05] I (3463) ESP32_P4_EV: MIPI DSI PHY Powered on
[  16.05] I (3468) ESP32_P4_EV: Install MIPI DSI LCD control panel
[  16.05] I (3472) ESP32_P4_EV: Install EK79007 LCD control panel
[  16.05] I (3477) ek79007: version: 2.0.2
[  16.05] I (3479) H_API: esp_wifi_remote_connect
[  16.30] I (3654) ESP32_P4_EV: Display initialized
[  16.30] I (3655) esp_lvgl:bridge_v9: Initializing hardware resources
[  16.30] I (3655) esp_lvgl:bridge_v9: Hardware resources initialized successfully
[  16.30] I (3658) esp_lvgl:bridge: Initializing hardware resources
[  16.30] I (3663) esp_lvgl:bridge: Hardware resources initialized successfully
[  16.30] W (3669) esp_lvgl:bridge_v9: on_frame_buf_complete unavailable; buffer-switch release and dummy-draw may not function on MIPI DSI
[  16.30] I (3681) ESP32_P4_EV: Touch 0x5d found
[  16.30] I (3684) GT911: I2C address initialization procedure skipped - using default GT9xx setup
[  16.30] I (3692) GT911: TouchPad_ID:0x39,0x31,0x31
[  16.30] I (3696) GT911: TouchPad_Config_Version:91
[  16.30] W (3700) esp_lvgl:touch: LV_USE_GESTURE_RECOGNITION is disabled; only single-point pointer events are available
[  16.30] I (3709) esp_lvgl:touch: Touch input device registered successfully (IRQ mode: disabled)
[  16.30] I (3718) esp_lvgl:adapter: LVGL task started successfully
[  16.30] I (3722) ESP32_P4_EV: Setting LCD backlight: 100%
[  16.57] I (3727) ESP32_P4_EV: Setting LCD backlight: 45%
[  16.57] I (3731) main: heap display        internal=244KB largest=204KB dma=206KB psram=27578KB
[  16.57] I (3872) fnos_view: dashboard v2 created (4 pages, 180 s window)
[  16.57] I (3872) main: heap ui             internal=244KB largest=204KB dma=206KB psram=27490KB
[  16.57] I (3875) fnos_data: polling http://192.168.0.119:8799/api/v1/status every 1000 ms
[  16.57] I (3882) main: heap polling        internal=243KB largest=204KB dma=205KB psram=27476KB
[  16.57] I (3889) ESP32_P4_EV: Setting LCD backlight: 45%
[  16.57] I (3894) main: backlight 45% (day)
[  16.57] I (3897) main: boot complete
[  16.57] I (3899) main_task: Returned from app_main()
[  17.34] Guru Meditation Error: Core  1 panic'ed (Load access fault). Exception was unhandled.
[  17.34] 
[  17.34] Core  1 register dump:
[  17.34] MEPC    : 0x4fc1b714  RA      : 0x480ef1a4  SP      : 0x485111e0  GP      : 0x4ff56f80  
[  17.34] TP      : 0x48511790  T0      : 0x0000000d  T1      : 0x90000000  T2      : 0xffffffff  
[  17.34] S0/FP   : 0x00000000  S1      : 0x00000014  A0      : 0x00000014  A1      : 0xffffffff  
[  17.34] A2      : 0x0000000a  A3      : 0x7f7f7f7f  A4      : 0x00000000  A5      : 0x00000018  
[  17.34] A6      : 0xa0000000  A7      : 0x0000000a  S2      : 0x4817f000  S3      : 0x00000009  
[  17.34] S4      : 0xffffffff  S5      : 0x0000000a  S6      : 0x00000002  S7      : 0x00000073  
[  17.34] S8      : 0x00000009  S9      : 0x00000000  S10     : 0xffffffff  S11     : 0x48511304  
[  17.34] T3      : 0x00000000  T4      : 0x00000000  T5      : 0xffffffff  T6      : 0x00000000  
[  17.34] MSTATUS : 0x00011881  MTVEC   : 0x4ff40003  MCAUSE  : 0x00000005  MTVAL   : 0x00000014  
[  17.34] MHARTID : 0x00000001  
[  17.34] 
[  17.34] Stack memory:
[  17.61] 485111e0: 0x00000001 0x4ff5ec14 0x4ff87710 0x4810dea6 0x00000000 0x00000000 0x00000000 0x00000000
[  17.61] 48511200: 0x00000000 0x00000001 0x0000004f 0x00000001 0x00000000 0x48113730 0x00000000 0x00000000
[  17.61] 48511220: 0x00000000 0x00000258 0xffffffc0 0x00000002 0x000003f0 0x4ff6da00 0x00000080 0x00000000
[  17.61] 48511240: 0x0012c000 0x482b4e80 0x00000006 0x4fc116ea 0x0012c000 0x482b4e80 0x00000006 0x4ff505c0
[  17.61] 48511260: 0x00000000 0x4ff6da00 0x482b4e80 0x0012c000 0x4ff4c35e 0x4ff4f440 0x485112f0 0x4ff56f80
[  17.61] 48511280: 0x48511790 0x4fc114ec 0x4ff4c64c 0x00000001 0x00000000 0x4ff86da8 0x00000000 0x500e5014
[  17.61] 485112a0: 0x500e5010 0x00000004 0x00000000 0x0000001f 0x08000000 0x4fc11284 0x00000001 0x485116b4
[  17.61] 485112c0: 0x48110000 0x4ff6da00 0x000003f0 0x00000002 0x0000000a 0x00000000 0x00000000 0x482b4e80
[  17.61] 485112e0: 0x1fffffff 0x4ff6da00 0x48110000 0xffffffff 0x485112fc 0x00000001 0x00000007 0x4810de9d
[  17.61] 48511300: 0x00000007 0x4851139f 0x00000001 0x48110000 0x00000000 0x00000258 0xffffffc0 0x00000002
[  17.61] 48511320: 0x000003f0 0x4ff6da00 0x480feca0 0x00000004 0x4ff5dfa8 0x4ff86d90 0x4ff86a04 0x4802727a
[  17.61] 48511340: 0x480ffdd0 0x00000001 0x48511374 0x4802ede6 0x00000000 0x480fefe4 0x4ff5c48c 0x00000000
[  17.61] 48511360: 0x480ff018 0x00000004 0x00000400 0x00000002 0x00000095 0x480ffd1c 0x480ffd1c 0x00010001
[  17.61] 48511380: 0x000003f0 0x000001c2 0x000003f3 0x00000202 0x00000041 0x00000000 0x00000000 0x30393134
[  17.61] 485113a0: 0xffffffff 0x00000000 0x482b4e80 0x0012c000 0x4ff4c35c 0x4ff4bb5e 0x48511430 0x4ff56f80
[  17.61] 485113c0: 0x48511790 0x00000000 0x381e0000 0x00003000 0x00000001 0x00000000 0x4850e5ec 0x500e5014
[  17.61] 485113e0: 0x500e5010 0x00000004 0x00000000 0x0000001f 0x00000004 0x00000002 0x4850e5ec 0x4850e598
[  17.61] 48511400: 0x4850e5bc 0x4851148c 0x02625a00 0x4850e49c 0x4850e4ac 0x00000000 0x00000000 0x00000000
[  17.61] 48511420: 0x00001114 0x4850e4ac 0x00000000 0x00000000 0x4810de50 0x4850e58c 0x4850e538 0x4ff4b6a0
[  17.61] 48511440: 0x00000012 0x485115c6 0x00000000 0x00000000 0x0000005c 0x00000000 0x00000000 0x00000cb5
[  17.61] 48511460: 0x000000ad 0x4850e4ac 0x4850e49c 0x00000000 0x00000006 0xffffffff 0x4850e188 0x480f27b2
[  17.61] 48511480: 0x00000012 0xffffffff 0x0001e188 0x00000001 0x0000005c 0x00000000 0x0000000a 0x4850e49c
[  17.61] 485114a0: 0x00000000 0x00000004 0x00000000 0x00000000 0x00000014 0x4850e52c 0x4850e4d8 0x4ff4b6d8
[  17.61] 485114c0: 0x00000006 0x4850e52c 0x00000000 0x00000000 0x4ff56ebc 0x0000000c 0x00000000 0x48114000
[  17.61] 485114e0: 0x48177000 0x00000004 0x48511520 0x00000000 0x00000004 0xffffffff 0x4850e5f8 0x480f2d00
[  17.61] 48511500: 0x00000006 0xffffffff 0x00000002 0x4850e5f8 0x00000003 0xffffffff 0x485115c8 0x480f3d44
[  17.61] 48511520: 0x00003000 0x00000000 0x00000000 0x00000000 0x00000900 0x485115c6 0x00000000 0x00000002
[  17.61] 48511540: 0x00000900 0x485115f0 0x00000000 0x00000001 0x00001000 0x00000000 0x00000000 0x00000000
[  17.61] 48511560: 0x00000000 0x00000000 0x00000000 0x00000000 0x00000000 0x00000000 0x00000000 0x00000000
[  17.61] 48511580: 0x00000000 0x00000000 0x00000000 0x00000000 0x00000000 0x00000001 0x485115f0 0x48511600
[  17.61] 485115a0: 0x48511647 0x4810e000 0x00000000 0x00000000 0x00000000 0x00000001 0x4ff876a8 0x4ff4f1ee
[  17.61] 485115c0: 0x4ff5fa68 0x00000000 0x4ff5fa14 0x4ff4f3ee 0x00000000 0x00000001 0x4ff5fa14 0x4ff4b182
[  17.63] 
[  17.63] 
[  17.63] 
[  17.63] ELF file SHA256: 39ac117b1
[  17.63] 
[  17.63] Rebooting...
[  17.63] ESP-ROM:esp32p4-eco7-20260109
[  17.63] Build:Jan  9 2026
[  17.63] rst:0xc (SW_CPU_RESET),boot:0xf (SPI_FAST_FLASH_BOOT)
[  17.63] Core0 Saved PC:0x4ff444de
[  17.63] Core1 Saved PC:0x4ff4ace6
[  17.63] SPI mode:DIO, clock div:1
[  17.63] load:0x4ffb60d0,len:0x11f0
[  17.63] load:0x4ffac2c0,len:0xd5c
[  17.63] load:0x4ffaefc0,len:0x3408
[  17.63] entry 0x4ffac2c0
[  17.85] I (229) hex_psram: vendor id    : 0x0d (AP)
[  17.85] I (229) hex_psram: Latency      : 0x01 (Fixed)
[  17.86] I (229) hex_psram: DriveStr.    : 0x00 (25 Ohm)
[  17.86] I (230) hex_psram: dev id       : 0x03 (generation 4)
[  17.86] I (235) hex_psram: density      : 0x07 (256 Mbit)
[  17.86] I (239) hex_psram: good-die     : 0x06 (Pass)
[  17.86] I (243) hex_psram: SRF          : 0x02 (Slow Refresh)
[  17.86] I (248) hex_psram: BurstType    : 0x00 ( Wrap)
[  17.86] I (252) hex_psram: BurstLen     : 0x03 (2048 Byte)
[  17.86] I (256) hex_psram: BitMode      : 0x01 (X16 Mode)
[  17.86] I (261) hex_psram: Readlatency  : 0x04 (14 cycles@Fixed)
[  17.86] I (266) hex_psram: DriveStrength: 0x00 (1/1)
[  17.86] I (270) MSPI Timing: Enter psram timing tuning
[  17.86] I esp_psram: Found 32MB PSRAM device
[  17.86] I esp_psram: Speed: 200MHz
[  17.86] I (457) mmu_psram: .rodata xip on psram
[  17.86] I (505) mmu_psram: .text xip on psram
[  17.86] I (505) hex_psram: psram CS IO is dedicated
[  17.86] I (506) cpu_start: Multicore app
[  18.40] I (934) esp_psram: SPI SRAM memory test OK
[  18.67] I (943) cpu_start: GPIO 38 and 37 are used as console UART I/O pins
[  18.67] I (943) cpu_start: Pro cpu start user code
[  18.67] I (944) cpu_start: cpu freq: 400000000 Hz
[  18.67] I (945) app_init: Application information:
[  18.67] I (949) app_init: Project name:     fnos_monitor
[  18.67] I (954) app_init: App version:      0.1.0
[  18.67] I (957) app_init: Compile time:     Sep 28 2026 07:59:20
[  18.67] I (962) app_init: ELF file SHA256:  39ac117b1...
[  18.67] I (967) app_init: ESP-IDF:          5.5.3
[  18.67] I (970) efuse_init: Min chip rev:     v3.0
[  18.67] I (974) efuse_init: Max chip rev:     v3.99 
[  18.67] I (978) efuse_init: Chip rev:         v3.2
[  18.67] I (982) heap_init: Initializing. RAM available for dynamic allocation:
[  18.67] I (988) heap_init: At 4FF5E210 len 0005CDB0 (371 KiB): RETENT_RAM
[  18.67] I (994) heap_init: At 4FFBAFC0 len 00004BF0 (18 KiB): RAM
[  18.67] I (999) heap_init: At 501080D8 len 00000028 (0 KiB): RTCRAM
[  18.67] I (1005) heap_init: At 501081A0 len 00007E60 (31 KiB): RTCRAM
[  18.67] I (1010) heap_init: At 30100198 len 00001E68 (7 KiB): TCM
[  18.67] I (1015) esp_psram: Adding pool of 31215K of PSRAM memory to heap allocator
[  18.67] I (1022) esp_psram: Adding pool of 8K of PSRAM memory gap generated due to end address alignment of irom to the heap allocator
[  18.67] I (1033) esp_psram: Adding pool of 0K of PSRAM memory gap generated due to end address alignment of drom to the heap allocator
[  18.67] I (1044) spi_flash: detected chip: gd
[  18.67] I (1047) spi_flash: flash io: qio
[  18.67] I (1051) host_init: ESP Hosted : Host chip_ip[18]
[  18.67] I (1055) H_API: ESP-Hosted starting. Hosted_Tasks: prio:23, stack: 5120 RPC_task_stack: 5120
[  18.67] sdio_mempool_create free:32378696 min-free:32378696 lfb-def:31457280 lfb-8bit:31457280
[  18.67] 
[  18.67] I (1071) H_API: ** add_esp_wifi_remote_channels **
[  18.67] I (1076) transport: Add ESP-Hosted channel IF[1]: S[0] Tx[0x4800b6dc] Rx[0x4801a922]
[  18.67] I (1083) transport: Add ESP-Hosted channel IF[2]: S[0] Tx[0x4800b622] Rx[0x4801a922]
[  18.67] I (1091) sleep_gpio: Configure to isolate all GPIO pins in sleep state
[  18.67] I (1097) sleep_gpio: Enable automatic switching of GPIO sleep configuration
[  18.67] I (1104) main_task: Started on CPU0
[  18.67] I (1108) main_task: Calling app_main()
[  18.67] I (1114) main: fnOS NAS dashboard booting (agent http://192.168.0.119:8799)
[  18.67] I (1117) main: heap boot           internal=364KB largest=304KB dma=326KB psram=31220KB
[  18.67] I (1126) transport: Attempt connection with slave: retry[0]
[  18.67] I (1130) transport: Reset slave using GPIO[54]
[  18.67] I (1134) os_wrapper_esp: GPIO [54] configured
[  19.77] I (2304) sdio_wrapper: SDIO master: Data-Lines: 4-bit Freq(KHz)[40000 KHz]
[  19.77] I (2304) sdio_wrapper: GPIOs: CLK[18] CMD[19] D0[14] D1[15] D2[16] D3[17] Slave_Reset[54]
[  19.77] I (2304) H_SDIO_DRV: Starting SDIO process rx task
[  19.77] I (2307) sdio_wrapper: Queues: Tx[20] Rx[20] SDIO-Rx-Mode[1]
[  20.05] Name: 
[  20.05] Type: SDIO
[  20.05] Speed: 40.00 MHz (limit: 40.00 MHz)
[  20.05] Size: 0MB
[  20.05] CSD: ver=1, sector_size=0, capacity=0 read_bl_len=0
[  20.05] SCR: sd_spec=0, bus_width=0
[  20.05] TUPLE: DEVICE, size: 3: D9 01 FF 
[  20.05] TUPLE: MANFID, size: 4
[  20.05]   MANF: 0092, CARD: 6666
[  20.05] TUPLE: FUNCID, size: 2: 0C 00 
[  20.05] TUPLE: FUNCE, size: 4: 00 00 02 32 
[  20.05] TUPLE: CONFIG, size: 5: 01 01 00 02 07 
[  20.05] TUPLE: CFTABLE_ENTRY, size: 8
[  20.05]   INDX: C1, Intface: 1, Default: 1, Conf-Entry-Num: 1
[  20.05]   IF: 41
[  20.05]   FS: 30, misc: 0, mem_space: 1, irq: 1, io_space: 0, timing: 0, power: 0
[  20.05]   IR: 30, mask: 1,   IRQ: FF FF
[  20.05]   LEN: FFFF
[  20.05] TUPLE: END
[  20.05] I (2390) sdio_wrapper: Function 0 Blocksize: 512
[  20.06] I (2394) sdio_wrapper: Function 1 Blocksize: 512
[  20.06] I (2398) H_SDIO_DRV: SDIO Host operating in STREAMING MODE
[  20.06] I (2403) H_SDIO_DRV: generate slave intr
[  20.06] I (2410) transport: Received INIT event from ESP32 peripheral
[  20.06] I (2412) transport: EVENT: 12
[  20.06] I (2415) transport: EVENT: 11
[  20.06] I (2418) transport: capabilities: 0xd
[  20.06] I (2421) transport: Features supported are:
[  20.06] I (2425) transport: 	 * WLAN
[  20.06] I (2428) transport: 	   - HCI over SDIO
[  20.06] I (2431) transport: 	   - BLE only
[  20.06] I (2434) transport: EVENT: 13
[  20.06] I (2437) transport: ESP board type is : 13 
[  20.06] 
[  20.06] I (2441) transport: Base transport is set-up
[  20.06] 
[  20.06] I (2445) transport: Slave chip Id[12]
[  20.06] I (2449) hci_stub_drv: Host BT Support: Disabled
[  20.06] I (2453) H_SDIO_DRV: Received INIT event
[  20.83] I (3458) fnos_net: wifi station started; awaiting ip
[  20.83] I (3458) esp_lvgl:adapter: LVGL adapter initialized successfully
[  20.83] W (3459) ledc: GPIO 32 is not usable, maybe conflict with others
[  20.83] I (3463) ESP32_P4_EV: MIPI DSI PHY Powered on
[  20.83] I (3468) ESP32_P4_EV: Install MIPI DSI LCD control panel
[  20.83] I (3472) ESP32_P4_EV: Install EK79007 LCD control panel
[  20.83] I (3477) ek79007: version: 2.0.2
[  20.83] I (3479) H_API: esp_wifi_remote_connect
[  21.09] I (3654) ESP32_P4_EV: Display initialized
[  21.09] I (3655) esp_lvgl:bridge_v9: Initializing hardware resources
[  21.09] I (3655) esp_lvgl:bridge_v9: Hardware resources initialized successfully
[  21.09] I (3658) esp_lvgl:bridge: Initializing hardware resources
[  21.09] I (3663) esp_lvgl:bridge: Hardware resources initialized successfully
[  21.09] W (3669) esp_lvgl:bridge_v9: on_frame_buf_complete unavailable; buffer-switch release and dummy-draw may not function on MIPI DSI
[  21.09] I (3681) ESP32_P4_EV: Touch 0x5d found
[  21.09] I (3684) GT911: I2C address initialization procedure skipped - using default GT9xx setup
[  21.09] I (3692) GT911: TouchPad_ID:0x39,0x31,0x31
[  21.09] I (3696) GT911: TouchPad_Config_Version:91
[  21.09] W (3700) esp_lvgl:touch: LV_USE_GESTURE_RECOGNITION is disabled; only single-point pointer events are available
[  21.09] I (3709) esp_lvgl:touch: Touch input device registered successfully (IRQ mode: disabled)
[  21.09] I (3718) esp_lvgl:adapter: LVGL task started successfully
[  21.09] I (3722) ESP32_P4_EV: Setting LCD backlight: 100%
[  21.36] I (3727) ESP32_P4_EV: Setting LCD backlight: 45%
[  21.36] I (3731) main: heap display        internal=244KB largest=204KB dma=206KB psram=27578KB
[  21.36] I (3872) fnos_view: dashboard v2 created (4 pages, 180 s window)
[  21.36] I (3872) main: heap ui             internal=244KB largest=204KB dma=206KB psram=27490KB
[  21.36] I (3875) fnos_data: polling http://192.168.0.119:8799/api/v1/status every 1000 ms
[  21.36] I (3882) main: heap polling        internal=243KB largest=204KB dma=205KB psram=27476KB
[  21.36] I (3890) ESP32_P4_EV: Setting LCD backlight: 45%
[  21.36] I (3894) main: backlight 45% (day)
[  21.36] I (3897) main: boot complete
[  21.36] I (3900) main_task: Returned from app_main()
[  22.12] Guru Meditation Error: Core  1 panic'ed (Load access fault). Exception was unhandled.
[  22.12] 
[  22.12] Core  1 register dump:
[  22.12] MEPC    : 0x4fc1b714  RA      : 0x480ef1a4  SP      : 0x485111e0  GP      : 0x4ff56f80  
[  22.12] TP      : 0x48511790  T0      : 0x0000000d  T1      : 0x90000000  T2      : 0xffffffff  
[  22.12] S0/FP   : 0x00000000  S1      : 0x00000014  A0      : 0x00000014  A1      : 0xffffffff  
[  22.12] A2      : 0x0000000a  A3      : 0x7f7f7f7f  A4      : 0x00000000  A5      : 0x00000018  
[  22.12] A6      : 0xa0000000  A7      : 0x0000000a  S2      : 0x4817f000  S3      : 0x00000009  
[  22.12] S4      : 0xffffffff  S5      : 0x0000000a  S6      : 0x00000002  S7      : 0x00000073  
[  22.12] S8      : 0x00000009  S9      : 0x00000000  S10     : 0xffffffff  S11     : 0x48511304  
[  22.12] T3      : 0x00000000  T4      : 0x00000000  T5      : 0xffffffff  T6      : 0x00000000  
[  22.12] MSTATUS : 0x00011881  MTVEC   : 0x4ff40003  MCAUSE  : 0x00000005  MTVAL   : 0x00000014  
[  22.12] MHARTID : 0x00000001  
[  22.12] 
[  22.12] Stack memory:
[  22.40] 485111e0: 0x00000001 0x4ff5ec14 0x4ff87710 0x4810dea6 0x00000000 0x00000000 0x00000000 0x00000000
[  22.40] 48511200: 0x00000000 0x00000001 0x0000004f 0x00000001 0x00000000 0x48113730 0x00000000 0x00000000
[  22.40] 48511220: 0x00000000 0x00000258 0xffffffc0 0x00000002 0x000003f0 0x4ff6da00 0x00000080 0x00000000
[  22.40] 48511240: 0x0012c000 0x482b4e80 0x00000006 0x4fc116ea 0x0012c000 0x482b4e80 0x00000006 0x4ff505c0
[  22.40] 48511260: 0x00000000 0x4ff6da00 0x482b4e80 0x0012c000 0x4ff4c35c 0x4ff4f440 0x485112f0 0x4ff56f80
[  22.40] 48511280: 0x48511790 0x4fc114ec 0x4ff4c64c 0x00000001 0x00000000 0x4ff86da8 0x00000000 0x500e5014
[  22.40] 485112a0: 0x500e5010 0x00000004 0x00000000 0x0000001f 0x08000000 0x4fc11284 0x00000001 0x485116b4
[  22.40] 485112c0: 0x48110000 0x4ff6da00 0x000003f0 0x00000002 0x0000000a 0x00000000 0x00000000 0x482b4e80
[  22.40] 485112e0: 0x1fffffff 0x4ff6da00 0x48110000 0xffffffff 0x485112fc 0x00000001 0x00000007 0x4810de9d
[  22.40] 48511300: 0x00000007 0x4851139f 0x00000001 0x48110000 0x00000000 0x00000258 0xffffffc0 0x00000002
[  22.40] 48511320: 0x000003f0 0x4ff6da00 0x480feca0 0x00000004 0x4ff5dfa8 0x4ff86d90 0x4ff86a04 0x4802727a
[  22.40] 48511340: 0x480ffdd0 0x00000001 0x48511374 0x4802ede6 0x00000000 0x480fefe4 0x4ff5c48c 0x00000000
[  22.40] 48511360: 0x480ff018 0x00000004 0x00000400 0x00000002 0x00000095 0x480ffd1c 0x480ffd1c 0x00010001
[  22.40] 48511380: 0x000003f0 0x000001c2 0x000003f3 0x00000202 0x00000041 0x00000000 0x00000000 0x30393134
[  22.40] 485113a0: 0xffffffff 0x00000000 0x482b4e80 0x0012c000 0x4ff4c35e 0x4ff4bb5e 0x48511430 0x4ff56f80
[  22.40] 485113c0: 0x48511790 0x00000000 0x381e0000 0x00003000 0x00000001 0x00000000 0x4850e5ec 0x500e5014
[  22.40] 485113e0: 0x500e5010 0x00000004 0x00000000 0x0000001f 0x00000004 0x00000002 0x4850e5ec 0x4850e598
[  22.40] 48511400: 0x4850e5bc 0x4851148c 0x02625a00 0x4850e49c 0x4850e4ac 0x00000000 0x00000000 0x00000000
[  22.40] 48511420: 0x00001114 0x4850e4ac 0x00000000 0x00000000 0x4810de50 0x4850e58c 0x4850e538 0x4ff4b6a0
[  22.40] 48511440: 0x00000012 0x485115c6 0x00000000 0x00000000 0x0000005c 0x00000000 0x00000000 0x00000cb5
[  22.40] 48511460: 0x000000ad 0x4850e4ac 0x4850e49c 0x00000000 0x00000006 0xffffffff 0x4850e188 0x480f27b2
[  22.40] 48511480: 0x00000012 0xffffffff 0x0001e188 0x00000001 0x0000005c 0x00000000 0x0000000a 0x4850e49c
[  22.40] 485114a0: 0x00000000 0x00000004 0x00000000 0x00000000 0x00000014 0x4850e52c 0x4850e4d8 0x4ff4b6d8
[  22.40] 485114c0: 0x00000006 0x4850e52c 0x00000000 0x00000000 0x4ff56ebc 0x0000000c 0x00000000 0x48114000
[  22.40] 485114e0: 0x48177000 0x00000004 0x48511520 0x00000000 0x00000004 0xffffffff 0x4850e5f8 0x480f2d00
[  22.40] 48511500: 0x00000006 0xffffffff 0x00000002 0x4850e5f8 0x00000003 0xffffffff 0x485115c8 0x480f3d44
[  22.40] 48511520: 0x00003000 0x00000000 0x00000000 0x00000000 0x00000900 0x485115c6 0x00000000 0x00000002
[  22.40] 48511540: 0x00000900 0x485115f0 0x00000000 0x00000001 0x00001000 0x00000000 0x00000000 0x00000000
[  22.40] 48511560: 0x00000000 0x00000000 0x00000000 0x00000000 0x00000000 0x00000000 0x00000000 0x00000000
[  22.40] 48511580: 0x00000000 0x00000000 0x00000000 0x00000000 0x00000000 0x00000001 0x485115f0 0x48511600
[  22.40] 485115a0: 0x48511647 0x4810e000 0x00000000 0x00000000 0x00000000 0x00000001 0x4ff876a8 0x4ff4f1ee
[  22.40] 485115c0: 0x4ff5fa68 0x00000000 0x4ff5fa14 0x4ff4f3ee 0x00000000 0x00000001 0x4ff5fa14 0x4ff4b182
[  22.40] 
[  22.40] 
[  22.40] 
[  22.40] ELF file SHA256: 39ac117b1
[  22.40] 
[  22.40] Rebooting...
[  22.40] ESP-ROM:esp32p4-eco7-20260109
[  22.40] Build:Jan  9 2026
[  22.40] rst:0xc (SW_CPU_RESET),boot:0xf (SPI_FAST_FLASH_BOOT)
[  22.40] Core0 Saved PC:0x4ff444de
[  22.40] Core1 Saved PC:0x4ff4ace6
[  22.40] SPI mode:DIO, clock div:1
[  22.40] load:0x4ffb60d0,len:0x11f0
[  22.40] load:0x4ffac2c0,len:0xd5c
[  22.40] load:0x4ffaefc0,len:0x3408
[  22.40] entry 0x4ffac2c0
[  22.64] I (229) hex_psram: vendor id    : 0x0d (AP)
[  22.64] I (229) hex_psram: Latency      : 0x01 (Fixed)
[  22.64] I (229) hex_psram: DriveStr.    : 0x00 (25 Ohm)
[  22.64] I (230) hex_psram: dev id       : 0x03 (generation 4)
[  22.64] I (235) hex_psram: density      : 0x07 (256 Mbit)
[  22.64] I (239) hex_psram: good-die     : 0x06 (Pass)
[  22.64] I (243) hex_psram: SRF          : 0x02 (Slow Refresh)
[  22.64] I (248) hex_psram: BurstType    : 0x00 ( Wrap)
[  22.64] I (252) hex_psram: BurstLen     : 0x03 (2048 Byte)
[  22.64] I (256) hex_psram: BitMode      : 0x01 (X16 Mode)
[  22.64] I (261) hex_psram: Readlatency  : 0x04 (14 cycles@Fixed)
[  22.64] I (266) hex_psram: DriveStrength: 0x00 (1/1)
[  22.64] I (270) MSPI Timing: Enter psram timing tuning
[  22.64] I esp_psram: Found 32MB PSRAM device
[  22.64] I esp_psram: Speed: 200MHz
[  22.64] I (457) mmu_psram: .rodata xip on psram
[  22.64] I (505) mmu_psram: .text xip on psram
[  22.64] I (505) hex_psram: psram CS IO is dedicated
[  22.64] I (506) cpu_start: Multicore app
[  23.19] I (934) esp_psram: SPI SRAM memory test OK
[  23.46] I (943) cpu_start: GPIO 38 and 37 are used as console UART I/O pins
[  23.47] I (944) cpu_start: Pro cpu start user code
[  23.47] I (944) cpu_start: cpu freq: 400000000 Hz
[  23.47] I (946) app_init: Application information:
[  23.47] I (949) app_init: Project name:     fnos_monitor
[  23.47] I (954) app_init: App version:      0.1.0
[  23.47] I (957) app_init: Compile time:     Sep 28 2026 07:59:20
[  23.47] I (962) app_init: ELF file SHA256:  39ac117b1...
[  23.47] I (967) app_init: ESP-IDF:          5.5.3
[  23.47] I (971) efuse_init: Min chip rev:     v3.0
[  23.47] I (974) efuse_init: Max chip rev:     v3.99 
[  23.47] I (978) efuse_init: Chip rev:         v3.2
[  23.47] I (982) heap_init: Initializing. RAM available for dynamic allocation:
[  23.47] I (988) heap_init: At 4FF5E210 len 0005CDB0 (371 KiB): RETENT_RAM
[  23.47] I (994) heap_init: At 4FFBAFC0 len 00004BF0 (18 KiB): RAM
[  23.47] I (999) heap_init: At 501080D8 len 00000028 (0 KiB): RTCRAM
[  23.47] I (1005) heap_init: At 501081A0 len 00007E60 (31 KiB): RTCRAM
[  23.47] I (1010) heap_init: At 30100198 len 00001E68 (7 KiB): TCM
[  23.47] I (1015) esp_psram: Adding pool of 31215K of PSRAM memory to heap allocator
[  23.47] I (1022) esp_psram: Adding pool of 8K of PSRAM memory gap generated due to end address alignment of irom to the heap allocator
[  23.47] I (1033) esp_psram: Adding pool of 0K of PSRAM memory gap generated due to end address alignment of drom to the heap allocator
[  23.47] I (1044) spi_flash: detected chip: gd
[  23.47] I (1048) spi_flash: flash io: qio
[  23.47] I (1051) host_init: ESP Hosted : Host chip_ip[18]
[  23.47] I (1055) H_API: ESP-Hosted starting. Hosted_Tasks: prio:23, stack: 5120 RPC_task_stack: 5120
[  23.47] sdio_mempool_create free:32378696 min-free:32378696 lfb-def:31457280 lfb-8bit:31457280
[  23.47] 
[  23.47] I (1071) H_API: ** add_esp_wifi_remote_channels **
[  23.47] I (1076) transport: Add ESP-Hosted channel IF[1]: S[0] Tx[0x4800b6dc] Rx[0x4801a922]
[  23.47] I (1083) transport: Add ESP-Hosted channel IF[2]: S[0] Tx[0x4800b622] Rx[0x4801a922]
[  23.47] I (1091) sleep_gpio: Configure to isolate all GPIO pins in sleep state
[  23.47] I (1097) sleep_gpio: Enable automatic switching of GPIO sleep configuration
[  23.47] I (1104) main_task: Started on CPU0
[  23.47] I (1108) main_task: Calling app_main()
[  23.47] I (1114) main: fnOS NAS dashboard booting (agent http://192.168.0.119:8799)
[  23.47] I (1117) main: heap boot           internal=364KB largest=304KB dma=326KB psram=31220KB
[  23.47] I (1126) transport: Attempt connection with slave: retry[0]
[  23.47] I (1130) transport: Reset slave using GPIO[54]
[  23.47] I (1134) os_wrapper_esp: GPIO [54] configured
[  24.56] I (2304) sdio_wrapper: SDIO master: Data-Lines: 4-bit Freq(KHz)[40000 KHz]
[  24.56] I (2304) sdio_wrapper: GPIOs: CLK[18] CMD[19] D0[14] D1[15] D2[16] D3[17] Slave_Reset[54]
[  24.56] I (2304) H_SDIO_DRV: Starting SDIO process rx task
[  24.56] I (2307) sdio_wrapper: Queues: Tx[20] Rx[20] SDIO-Rx-Mode[1]
[  24.82] Name: 
[  24.82] Type: SDIO
[  24.82] Speed: 40.00 MHz (limit: 40.00 MHz)
[  24.82] Size: 0MB
[  24.82] CSD: ver=1, sector_size=0, capacity=0 read_bl_len=0
[  24.82] SCR: sd_spec=0, bus_width=0
[  24.82] TUPLE: DEVICE, size: 3: D9 01 FF 
[  24.82] TUPLE: MANFID, size: 4
[  24.82]   MANF: 0092, CARD: 6666
[  24.82] TUPLE: FUNCID, size: 2: 0C 00 
[  24.82] TUPLE: FUNCE, size: 4: 00 00 02 32 
[  24.82] TUPLE: CONFIG, size: 5: 01 01 00 02 07 
[  24.82] TUPLE: CFTABLE_ENTRY, size: 8
[  24.82]   INDX: C1, Intface: 1, Default: 1, Conf-Entry-Num: 1
[  24.82]   IF: 41
[  24.82]   FS: 30, misc: 0, mem_space: 1, irq: 1, io_space: 0, timing: 0, power: 0
[  24.82]   IR: 30, mask: 1,   IRQ: FF FF
[  24.82]   LEN: FFFF
[  24.82] TUPLE: END
[  24.82] I (2390) sdio_wrapper: Function 0 Blocksize: 512
[  24.82] I (2394) sdio_wrapper: Function 1 Blocksize: 512
[  24.82] I (2398) H_SDIO_DRV: SDIO Host operating in STREAMING MODE
[  24.82] I (2403) H_SDIO_DRV: generate slave intr
[  24.82] I (2408) transport: Received INIT event from ESP32 peripheral
[  24.82] I (2412) transport: EVENT: 12
[  24.82] I (2415) transport: EVENT: 11
[  24.82] I (2418) transport: capabilities: 0xd
[  24.82] I (2421) transport: Features supported are:
[  24.82] I (2425) transport: 	 * WLAN
[  24.82] I (2428) transport: 	   - HCI over SDIO
[  24.82] I (2431) transport: 	   - BLE only
[  24.82] I (2434) transport: EVENT: 13
[  24.82] I (2437) transport: ESP board type is : 13 
[  24.82] 
[  24.82] I (2441) transport: Base transport is set-up
[  24.82] 
[  24.82] I (2445) transport: Slave chip Id[12]
[  24.82] I (2449) hci_stub_drv: Host BT Support: Disabled
[  24.82] I (2453) H_SDIO_DRV: Received INIT event
[  25.62] I (3458) fnos_net: wifi station started; awaiting ip
[  25.62] I (3458) esp_lvgl:adapter: LVGL adapter initialized successfully
[  25.62] W (3459) ledc: GPIO 32 is not usable, maybe conflict with others
[  25.62] I (3463) ESP32_P4_EV: MIPI DSI PHY Powered on
[  25.62] I (3468) ESP32_P4_EV: Install MIPI DSI LCD control panel
[  25.62] I (3472) ESP32_P4_EV: Install EK79007 LCD control panel
[  25.62] I (3477) ek79007: version: 2.0.2
[  25.62] I (3479) H_API: esp_wifi_remote_connect
[  25.87] I (3654) ESP32_P4_EV: Display initialized
[  25.87] I (3655) esp_lvgl:bridge_v9: Initializing hardware resources
[  25.87] I (3655) esp_lvgl:bridge_v9: Hardware resources initialized successfully
[  25.87] I (3658) esp_lvgl:bridge: Initializing hardware resources
[  25.87] I (3663) esp_lvgl:bridge: Hardware resources initialized successfully
[  25.87] W (3669) esp_lvgl:bridge_v9: on_frame_buf_complete unavailable; buffer-switch release and dummy-draw may not function on MIPI DSI
[  25.87] I (3681) ESP32_P4_EV: Touch 0x5d found
[  25.87] I (3684) GT911: I2C address initialization procedure skipped - using default GT9xx setup
[  25.87] I (3692) GT911: TouchPad_ID:0x39,0x31,0x31
[  25.87] I (3696) GT911: TouchPad_Config_Version:91
[  25.87] W (3700) esp_lvgl:touch: LV_USE_GESTURE_RECOGNITION is disabled; only single-point pointer events are available
[  25.87] I (3709) esp_lvgl:touch: Touch input device registered successfully (IRQ mode: disabled)
[  25.87] I (3718) esp_lvgl:adapter: LVGL task started successfully
[  25.87] I (3722) ESP32_P4_EV: Setting LCD backlight: 100%
[  26.15] I (3727) ESP32_P4_EV: Setting LCD backlight: 45%
[  26.15] I (3731) main: heap display        internal=244KB largest=204KB dma=206KB psram=27578KB
[  26.15] I (3872) fnos_view: dashboard v2 created (4 pages, 180 s window)
[  26.15] I (3872) main: heap ui             internal=244KB largest=204KB dma=206KB psram=27490KB
[  26.15] I (3875) fnos_data: polling http://192.168.0.119:8799/api/v1/status every 1000 ms
[  26.15] I (3882) main: heap polling        internal=243KB largest=204KB dma=205KB psram=27476KB
[  26.15] I (3889) ESP32_P4_EV: Setting LCD backlight: 45%
[  26.15] I (3894) main: backlight 45% (day)
[  26.15] I (3897) main: boot complete
[  26.15] I (3899) main_task: Returned from app_main()
