[   0.45] I (2299) sdio_wrapper: SDIO master: Data-Lines: 4-bit Freq(KHz)[40000 KHz]
[   0.45] I (2299) sdio_wrapper: GPIOs: CLK[18] CMD[19] D0[14] D1[15] D2[16] D3[17] Slave_Reset[54]
[   0.45] I (2299) H_SDIO_DRV: Starting SDIO process rx task
[   0.45] I (2302) sdio_wrapper: Queues: Tx[20] Rx[20] SDIO-Rx-Mode[1]
[   0.80] Name: 
[   0.80] Type: SDIO
[   0.80] Speed: 40.00 MHz (limit: 40.00 MHz)
[   0.80] Size: 0MB
[   0.80] CSD: ver=1, sector_size=0, capacity=0 read_bl_len=0
[   0.80] SCR: sd_spec=0, bus_width=0
[   0.80] TUPLE: DEVICE, size: 3: D9 01 FF 
[   0.80] TUPLE: MANFID, size: 4
[   0.80]   MANF: 0092, CARD: 6666
[   0.80] TUPLE: FUNCID, size: 2: 0C 00 
[   0.80] TUPLE: FUNCE, size: 4: 00 00 02 32 
[   0.80] TUPLE: CONFIG, size: 5: 01 01 00 02 07 
[   0.80] TUPLE: CFTABLE_ENTRY, size: 8
[   0.80]   INDX: C1, Intface: 1, Default: 1, Conf-Entry-Num: 1
[   0.80]   IF: 41
[   0.80]   FS: 30, misc: 0, mem_space: 1, irq: 1, io_space: 0, timing: 0, power: 0
[   0.80]   IR: 30, mask: 1,   IRQ: FF FF
[   0.80]   LEN: FFFF
[   0.80] TUPLE: END
[   0.80] I (2385) sdio_wrapper: Function 0 Blocksize: 512
[   0.80] I (2389) sdio_wrapper: Function 1 Blocksize: 512
[   0.80] I (2393) H_SDIO_DRV: SDIO Host operating in STREAMING MODE
[   0.80] I (2398) H_SDIO_DRV: generate slave intr
[   0.80] I (2405) transport: Received INIT event from ESP32 peripheral
[   0.80] I (2407) transport: EVENT: 12
[   0.80] I (2410) transport: EVENT: 11
[   0.80] I (2413) transport: capabilities: 0xd
[   0.80] I (2416) transport: Features supported are:
[   0.80] I (2420) transport: 	 * WLAN
[   0.80] I (2423) transport: 	   - HCI over SDIO
[   0.80] I (2426) transport: 	   - BLE only
[   0.80] I (2429) transport: EVENT: 13
[   0.80] I (2432) transport: ESP board type is : 13 
[   0.80] 
[   0.80] I (2436) transport: Base transport is set-up
[   0.80] 
[   0.80] I (2440) transport: Slave chip Id[12]
[   0.80] I (2444) hci_stub_drv: Host BT Support: Disabled
[   0.80] I (2448) H_SDIO_DRV: Received INIT event
[   1.84] I (3453) fnos_net: wifi station started; awaiting ip
[   1.84] I (3454) esp_lvgl:adapter: LVGL adapter initialized successfully
[   1.84] W (3454) ledc: GPIO 32 is not usable, maybe conflict with others
[   1.84] I (3458) ESP32_P4_EV: MIPI DSI PHY Powered on
[   1.84] I (3463) ESP32_P4_EV: Install MIPI DSI LCD control panel
[   1.84] I (3467) ESP32_P4_EV: Install EK79007 LCD control panel
[   1.84] I (3472) ek79007: version: 2.0.2
[   1.84] I (3474) H_API: esp_wifi_remote_connect
[   2.08] I (3649) ESP32_P4_EV: Display initialized
[   2.08] I (3650) esp_lvgl:bridge_v9: Initializing hardware resources
[   2.08] I (3650) esp_lvgl:bridge_v9: Hardware resources initialized successfully
[   2.08] I (3653) esp_lvgl:bridge: Initializing hardware resources
[   2.08] I (3658) esp_lvgl:bridge: Hardware resources initialized successfully
[   2.08] W (3664) esp_lvgl:bridge_v9: on_frame_buf_complete unavailable; buffer-switch release and dummy-draw may not function on MIPI DSI
[   2.08] I (3676) ESP32_P4_EV: Touch 0x5d found
[   2.08] I (3679) GT911: I2C address initialization procedure skipped - using default GT9xx setup
[   2.08] I (3687) GT911: TouchPad_ID:0x39,0x31,0x31
[   2.08] I (3691) GT911: TouchPad_Config_Version:91
[   2.08] W (3695) esp_lvgl:touch: LV_USE_GESTURE_RECOGNITION is disabled; only single-point pointer events are available
[   2.08] I (3704) esp_lvgl:touch: Touch input device registered successfully (IRQ mode: disabled)
[   2.08] I (3713) esp_lvgl:adapter: LVGL task started successfully
[   2.08] I (3717) ESP32_P4_EV: Setting LCD backlight: 100%
[   2.08] I (3722) ESP32_P4_EV: Setting LCD backlight: 45%
[   2.08] I (3726) main: heap display        internal=244KB largest=204KB dma=206KB psram=27577KB
[   2.08] I (3867) fnos_view: dashboard v2 created (4 pages, 180 s window)
[   2.08] I (3867) main: heap ui             internal=244KB largest=204KB dma=206KB psram=27490KB
[   2.08] I (3921) fnos_data: polling http://192.168.0.119:8799/api/v1/status every 1000 ms
[   2.08] I (3921) main: heap polling        internal=243KB largest=204KB dma=205KB psram=27479KB
[   2.08] I (3928) ESP32_P4_EV: Setting LCD backlight: 45%
[   2.08] I (3931) main: backlight 45% (day)
[   2.08] I (3934) main: boot complete
[   2.08] I (3937) main_task: Returned from app_main()
[   2.91] Guru Meditation Error: Core  0 panic'ed (Load access fault). Exception was unhandled.
[   2.91] 
[   2.91] Core  0 register dump:
[   2.91] MEPC    : 0x4fc1b714  RA      : 0x480ef1a6  SP      : 0x48511250  GP      : 0x4ff56f80  
[   2.91] TP      : 0x48511800  T0      : 0x0000000d  T1      : 0x90000000  T2      : 0xffffffff  
[   2.91] S0/FP   : 0x00000000  S1      : 0x00000014  A0      : 0x00000014  A1      : 0xffffffff  
[   2.91] A2      : 0x0000000a  A3      : 0x7f7f7f7f  A4      : 0x00000000  A5      : 0x00000018  
[   2.91] A6      : 0xa0000000  A7      : 0x0000000a  S2      : 0x4817f000  S3      : 0x00000009  
[   2.91] S4      : 0xffffffff  S5      : 0x0000000a  S6      : 0x00000002  S7      : 0x00000073  
[   2.91] S8      : 0x00000009  S9      : 0x00000000  S10     : 0xffffffff  S11     : 0x48511374  
[   2.91] T3      : 0x00000000  T4      : 0x00000000  T5      : 0xffffffff  T6      : 0x00000000  
[   2.91] MSTATUS : 0x00011881  MTVEC   : 0x4ff40003  MCAUSE  : 0x00000005  MTVAL   : 0x00000014  
[   2.91] MHARTID : 0x00000000  
[   2.91] 
[   2.91] Stack memory:
[   2.91] 48511250: 0x00000001 0x4ff5ec14 0x4ff87710 0x4810dea6 0x00000000 0x00000000 0x00000000 0x00000000
[   2.91] 48511270: 0x00000000 0x00000001 0x0000004f 0x00000001 0x00000000 0x48113730 0x00000000 0x00000000
[   2.91] 48511290: 0x00000000 0x00000258 0xffffffc0 0x00000002 0x000003f0 0x4ff6da00 0x00000080 0x00000000
[   2.91] 485112b0: 0x0012c000 0x482b4e80 0x00000006 0x4fc116ea 0x0012c000 0x482b4e80 0x00000006 0x4ff505c0
[   2.91] 485112d0: 0x00000000 0x4ff6da00 0x482b4e80 0x0012c000 0x4ff4c35e 0x4ff4f440 0x48511360 0x4ff56f80
[   2.91] 485112f0: 0x48511800 0x4fc114ec 0x4ff4c64e 0x00000001 0x00000000 0x4ff86da8 0x00000000 0x500e5014
[   2.91] 48511310: 0x500e5010 0x00000000 0x00000000 0x0000001f 0x08000000 0x4fc11284 0x00000001 0x48511724
[   2.91] 48511330: 0x48110000 0x4ff6da00 0x000003f0 0x00000002 0x0000000a 0x00000000 0x00000000 0x482b4e80
[   2.91] 48511350: 0x1fffffff 0x4ff6da00 0x48110000 0xffffffff 0x4851136c 0x00000001 0x00000007 0x4810de9d
[   2.91] 48511370: 0x00000007 0x4851140f 0x00000001 0x48110000 0x00000000 0x00000258 0xffffffc0 0x00000002
[   2.91] 48511390: 0x000003f0 0x4ff6da00 0x480fed20 0x00000004 0x4ff5dfa8 0x4ff86d90 0x4ff86a04 0x4802727c
[   2.91] 485113b0: 0x480ffe50 0x00000001 0x485113e4 0x4802ede8 0x00000000 0x480ff064 0x4ff5c48c 0x00000000
[   2.91] 485113d0: 0x480ff098 0x00000004 0x00000400 0x00000002 0x00000095 0x480ffd9c 0x480ffd9c 0x00010001
[   2.91] 485113f0: 0x000003f0 0x000001c2 0x000003f3 0x00000202 0x00000041 0x00000000 0x00000000 0x30393134
[   2.91] 48511410: 0xffffffff 0x00000000 0x482b4e80 0x0012c000 0x4ff4c35c 0x4ff4bb5e 0x485114a0 0x4ff56f80
[   2.91] 48511430: 0x48511800 0x00000000 0x381e0000 0x00003000 0x00000001 0x00000000 0x4850e668 0x500e5014
[   2.91] 48511450: 0x500e5010 0x00000000 0x00000000 0x0000001f 0x00000004 0x00000002 0x4850e668 0x4850e614
[   2.91] 48511470: 0x4850e638 0x485114fc 0x02625a00 0x4850e518 0x4850e528 0x00000000 0x00000000 0x00000000
[   2.91] 48511490: 0x00001110 0x4850e528 0x00000000 0x00000000 0x4810de50 0x4850e608 0x4850e5b4 0x4ff4b6a0
[   2.91] 485114b0: 0x00000012 0x48511636 0x00000000 0x00000000 0x0000005c 0x00000000 0x00000000 0x00000cc2
[   2.91] 485114d0: 0x000000ad 0x4850e528 0x4850e518 0x00000000 0x00000006 0xffffffff 0x4850e204 0x480f27b4
[   2.91] 485114f0: 0x00000012 0xffffffff 0x0001e204 0x00000001 0x0000005c 0x00000000 0x0000000a 0x4850e518
[   2.91] 48511510: 0x00000000 0x00000004 0x00000000 0x00000000 0x00000014 0x4850e5a8 0x4850e554 0x4ff4b6d8
[   2.91] 48511530: 0x00000006 0x4850e5a8 0x00000000 0x00000000 0x485139b4 0x00000000 0x00000000 0x48114000
[   2.91] 48511550: 0x48177000 0x00000004 0x48511590 0x00000000 0x00000004 0xffffffff 0x4850e674 0x480f2d02
[   2.91] 48511570: 0x00000006 0xffffffff 0x00000002 0x4850e674 0x00000003 0xffffffff 0x48511638 0x480f3d46
[   2.91] 48511590: 0x00003000 0x00000000 0x00000000 0x00000000 0x00000900 0x48511636 0x00000000 0x00000002
[   2.91] 485115b0: 0x00000900 0x48511660 0x00000000 0x00000001 0x00001000 0x00000000 0x00000000 0x00000000
[   2.91] 485115d0: 0x00000000 0x00000000 0x00000000 0x00000000 0x00000000 0x00000000 0x00000000 0x00000000
[   2.91] 485115f0: 0x00000000 0x00000000 0x00000000 0x00000000 0x00000000 0x00000001 0x48511660 0x48511670
[   2.91] 48511610: 0x485116b7 0x4810e000 0x00000000 0x00000000 0x00000000 0x00000001 0x4ff876a8 0x4ff4f1ee
[   3.20] 48511630: 0x4ff5fa68 0x00000000 0x4ff5fa14 0x4ff4f3ee 0x00000000 0x00000001 0x4ff5fa14 0x4ff4b182
[   3.20] 
[   3.20] 
[   3.20] 
[   3.20] ELF file SHA256: 6ce6d87de
[   3.20] 
[   3.20] Rebooting...
[   3.20] ESP-ROM:esp32p4-eco7-20260109
[   3.20] Build:Jan  9 2026
[   3.20] rst:0xc (SW_CPU_RESET),boot:0xf (SPI_FAST_FLASH_BOOT)
[   3.20] Core0 Saved PC:0x4ff4ace6
[   3.20] Core1 Saved PC:0x4ff444ce
[   3.20] SPI mode:DIO, clock div:1
[   3.20] load:0x4ffb60d0,len:0x11f0
[   3.20] load:0x4ffac2c0,len:0xd5c
[   3.20] load:0x4ffaefc0,len:0x3408
[   3.20] entry 0x4ffac2c0
[   3.20] I (228) hex_psram: vendor id    : 0x0d (AP)
[   3.20] I (229) hex_psram: Latency      : 0x01 (Fixed)
[   3.20] I (229) hex_psram: DriveStr.    : 0x00 (25 Ohm)
[   3.20] I (229) hex_psram: dev id       : 0x03 (generation 4)
[   3.20] I (234) hex_psram: density      : 0x07 (256 Mbit)
[   3.20] I (239) hex_psram: good-die     : 0x06 (Pass)
[   3.20] I (243) hex_psram: SRF          : 0x02 (Slow Refresh)
[   3.20] I (247) hex_psram: BurstType    : 0x00 ( Wrap)
[   3.20] I (252) hex_psram: BurstLen     : 0x03 (2048 Byte)
[   3.20] I (256) hex_psram: BitMode      : 0x01 (X16 Mode)
[   3.20] I (260) hex_psram: Readlatency  : 0x04 (14 cycles@Fixed)
[   3.20] I (266) hex_psram: DriveStrength: 0x00 (1/1)
[   3.20] I (270) MSPI Timing: Enter psram timing tuning
[   3.43] I esp_psram: Found 32MB PSRAM device
[   3.43] I esp_psram: Speed: 200MHz
[   3.43] I (457) mmu_psram: .rodata xip on psram
[   3.43] I (504) mmu_psram: .text xip on psram
[   3.43] I (505) hex_psram: psram CS IO is dedicated
[   3.43] I (505) cpu_start: Multicore app
[   4.05] I (928) esp_psram: SPI SRAM memory test OK
[   4.05] I (938) cpu_start: GPIO 38 and 37 are used as console UART I/O pins
[   4.05] I (938) cpu_start: Pro cpu start user code
[   4.05] I (938) cpu_start: cpu freq: 400000000 Hz
[   4.05] I (940) app_init: Application information:
[   4.06] I (944) app_init: Project name:     fnos_monitor
[   4.06] I (948) app_init: App version:      0.1.0
[   4.06] I (952) app_init: Compile time:     Sep 28 2026 07:59:20
[   4.06] I (957) app_init: ELF file SHA256:  6ce6d87de...
[   4.06] I (961) app_init: ESP-IDF:          5.5.3
[   4.06] I (965) efuse_init: Min chip rev:     v3.0
[   4.06] I (969) efuse_init: Max chip rev:     v3.99 
[   4.06] I (973) efuse_init: Chip rev:         v3.2
[   4.06] I (976) heap_init: Initializing. RAM available for dynamic allocation:
[   4.06] I (983) heap_init: At 4FF5E210 len 0005CDB0 (371 KiB): RETENT_RAM
[   4.06] I (989) heap_init: At 4FFBAFC0 len 00004BF0 (18 KiB): RAM
[   4.06] I (994) heap_init: At 501080D8 len 00000028 (0 KiB): RTCRAM
[   4.06] I (999) heap_init: At 501081A0 len 00007E60 (31 KiB): RTCRAM
[   4.06] I (1004) heap_init: At 30100198 len 00001E68 (7 KiB): TCM
[   4.40] I (1009) esp_psram: Adding pool of 31215K of PSRAM memory to heap allocator
[   4.40] I (1016) esp_psram: Adding pool of 8K of PSRAM memory gap generated due to end address alignment of irom to the heap allocator
[   4.40] I (1027) esp_psram: Adding pool of 0K of PSRAM memory gap generated due to end address alignment of drom to the heap allocator
[   4.40] I (1039) spi_flash: detected chip: gd
[   4.40] I (1042) spi_flash: flash io: qio
[   4.40] I (1045) host_init: ESP Hosted : Host chip_ip[18]
[   4.40] I (1049) H_API: ESP-Hosted starting. Hosted_Tasks: prio:23, stack: 5120 RPC_task_stack: 5120
[   4.40] sdio_mempool_create free:32378568 min-free:32378568 lfb-def:31457280 lfb-8bit:31457280
[   4.40] 
[   4.40] I (1066) H_API: ** add_esp_wifi_remote_channels **
[   4.40] I (1070) transport: Add ESP-Hosted channel IF[1]: S[0] Tx[0x4800b6dc] Rx[0x4801a922]
[   4.40] I (1077) transport: Add ESP-Hosted channel IF[2]: S[0] Tx[0x4800b622] Rx[0x4801a922]
[   4.40] I (1085) sleep_gpio: Configure to isolate all GPIO pins in sleep state
[   4.40] I (1091) sleep_gpio: Enable automatic switching of GPIO sleep configuration
[   4.40] I (1098) main_task: Started on CPU0
[   4.40] I (1102) main_task: Calling app_main()
[   4.40] I (1108) main: fnOS NAS dashboard booting (agent http://192.168.0.119:8799)
[   4.40] I (1111) main: heap boot           internal=364KB largest=304KB dma=326KB psram=31220KB
[   4.40] I (1120) transport: Attempt connection with slave: retry[0]
[   4.40] I (1124) transport: Reset slave using GPIO[54]
[   4.40] I (1128) os_wrapper_esp: GPIO [54] configured
[   5.37] I (2298) sdio_wrapper: SDIO master: Data-Lines: 4-bit Freq(KHz)[40000 KHz]
[   5.37] I (2298) sdio_wrapper: GPIOs: CLK[18] CMD[19] D0[14] D1[15] D2[16] D3[17] Slave_Reset[54]
[   5.37] I (2298) H_SDIO_DRV: Starting SDIO process rx task
[   5.37] I (2301) sdio_wrapper: Queues: Tx[20] Rx[20] SDIO-Rx-Mode[1]
[   5.37] Name: 
[   5.37] Type: SDIO
[   5.37] Speed: 40.00 MHz (limit: 40.00 MHz)
[   5.37] Size: 0MB
[   5.37] CSD: ver=1, sector_size=0, capacity=0 read_bl_len=0
[   5.37] SCR: sd_spec=0, bus_width=0
[   5.37] TUPLE: DEVICE, size: 3: D9 01 FF 
[   5.37] TUPLE: MANFID, size: 4
[   5.37]   MANF: 0092, CARD: 6666
[   5.37] TUPLE: FUNCID, size: 2: 0C 00 
[   5.37] TUPLE: FUNCE, size: 4: 00 00 02 32 
[   5.37] TUPLE: CONFIG, size: 5: 01 01 00 02 07 
[   5.37] TUPLE: CFTABLE_ENTRY, size: 8
[   5.37]   INDX: C1, Intface: 1, Default: 1, Conf-Entry-Num: 1
[   5.37]   IF: 41
[   5.37]   FS: 30, misc: 0, mem_space: 1, irq: 1, io_space: 0, timing: 0, power: 0
[   5.37]   IR: 30, mask: 1,   IRQ: FF FF
[   5.37]   LEN: FFFF
[   5.37] TUPLE: END
[   5.37] I (2384) sdio_wrapper: Function 0 Blocksize: 512
[   5.37] I (2388) sdio_wrapper: Function 1 Blocksize: 512
[   5.37] I (2392) H_SDIO_DRV: SDIO Host operating in STREAMING MODE
[   5.37] I (2397) H_SDIO_DRV: generate slave intr
[   5.37] I (2404) transport: Received INIT event from ESP32 peripheral
[   5.37] I (2406) transport: EVENT: 12
[   5.37] I (2409) transport: EVENT: 11
[   5.37] I (2412) transport: capabilities: 0xd
[   5.37] I (2415) transport: Features supported are:
[   5.37] I (2419) transport: 	 * WLAN
[   5.72] I (2422) transport: 	   - HCI over SDIO
[   5.72] I (2425) transport: 	   - BLE only
[   5.72] I (2428) transport: EVENT: 13
[   5.72] I (2431) transport: ESP board type is : 13 
[   5.72] 
[   5.72] I (2435) transport: Base transport is set-up
[   5.72] 
[   5.72] I (2439) transport: Slave chip Id[12]
[   5.72] I (2443) hci_stub_drv: Host BT Support: Disabled
[   5.72] I (2447) H_SDIO_DRV: Received INIT event
[   6.40] I (3452) fnos_net: wifi station started; awaiting ip
[   6.40] I (3453) esp_lvgl:adapter: LVGL adapter initialized successfully
[   6.40] W (3453) ledc: GPIO 32 is not usable, maybe conflict with others
[   6.40] I (3457) ESP32_P4_EV: MIPI DSI PHY Powered on
[   6.40] I (3462) ESP32_P4_EV: Install MIPI DSI LCD control panel
[   6.40] I (3466) ESP32_P4_EV: Install EK79007 LCD control panel
[   6.40] I (3471) ek79007: version: 2.0.2
[   6.40] I (3473) H_API: esp_wifi_remote_connect
[   6.65] I (3648) ESP32_P4_EV: Display initialized
[   6.65] I (3649) esp_lvgl:bridge_v9: Initializing hardware resources
[   6.65] I (3649) esp_lvgl:bridge_v9: Hardware resources initialized successfully
[   6.65] I (3652) esp_lvgl:bridge: Initializing hardware resources
[   6.65] I (3657) esp_lvgl:bridge: Hardware resources initialized successfully
[   6.65] W (3663) esp_lvgl:bridge_v9: on_frame_buf_complete unavailable; buffer-switch release and dummy-draw may not function on MIPI DSI
[   6.65] I (3675) ESP32_P4_EV: Touch 0x5d found
[   6.65] I (3678) GT911: I2C address initialization procedure skipped - using default GT9xx setup
[   6.65] I (3686) GT911: TouchPad_ID:0x39,0x31,0x31
[   6.66] I (3690) GT911: TouchPad_Config_Version:91
[   6.66] W (3694) esp_lvgl:touch: LV_USE_GESTURE_RECOGNITION is disabled; only single-point pointer events are available
[   6.66] I (3703) esp_lvgl:touch: Touch input device registered successfully (IRQ mode: disabled)
[   6.66] I (3712) esp_lvgl:adapter: LVGL task started successfully
[   6.66] I (3716) ESP32_P4_EV: Setting LCD backlight: 100%
[   6.86] I (3721) ESP32_P4_EV: Setting LCD backlight: 45%
[   6.86] I (3725) main: heap display        internal=244KB largest=204KB dma=206KB psram=27577KB
[   6.86] I (3866) fnos_view: dashboard v2 created (4 pages, 180 s window)
[   6.86] I (3866) main: heap ui             internal=244KB largest=204KB dma=206KB psram=27490KB
[   6.86] I (3920) fnos_data: polling http://192.168.0.119:8799/api/v1/status every 1000 ms
[   6.86] I (3920) main: heap polling        internal=243KB largest=204KB dma=205KB psram=27479KB
[   6.86] I (3926) ESP32_P4_EV: Setting LCD backlight: 45%
[   6.86] I (3930) main: backlight 45% (day)
[   6.86] I (3933) main: boot complete
[   6.86] I (3936) main_task: Returned from app_main()
[   7.69] Guru Meditation Error: Core  0 panic'ed (Load access fault). Exception was unhandled.
[   7.69] 
[   7.69] Core  0 register dump:
[   7.69] MEPC    : 0x4fc1b714  RA      : 0x480ef1a6  SP      : 0x48511250  GP      : 0x4ff56f80  
[   7.69] TP      : 0x48511800  T0      : 0x0000000d  T1      : 0x90000000  T2      : 0xffffffff  
[   7.69] S0/FP   : 0x00000000  S1      : 0x00000014  A0      : 0x00000014  A1      : 0xffffffff  
[   7.69] A2      : 0x0000000a  A3      : 0x7f7f7f7f  A4      : 0x00000000  A5      : 0x00000018  
[   7.69] A6      : 0xa0000000  A7      : 0x0000000a  S2      : 0x4817f000  S3      : 0x00000009  
[   7.69] S4      : 0xffffffff  S5      : 0x0000000a  S6      : 0x00000002  S7      : 0x00000073  
[   7.69] S8      : 0x00000009  S9      : 0x00000000  S10     : 0xffffffff  S11     : 0x48511374  
[   7.69] T3      : 0x00000000  T4      : 0x00000000  T5      : 0xffffffff  T6      : 0x00000000  
[   7.69] MSTATUS : 0x00011881  MTVEC   : 0x4ff40003  MCAUSE  : 0x00000005  MTVAL   : 0x00000014  
[   7.69] MHARTID : 0x00000000  
[   7.69] 
[   7.69] Stack memory:
[   7.69] 48511250: 0x00000001 0x4ff5ec14 0x4ff87710 0x4810dea6 0x00000000 0x00000000 0x00000000 0x00000000
[   7.69] 48511270: 0x00000000 0x00000001 0x0000004f 0x00000001 0x00000000 0x48113730 0x00000000 0x00000000
[   7.69] 48511290: 0x00000000 0x00000258 0xffffffc0 0x00000002 0x000003f0 0x4ff6da00 0x00000080 0x00000000
[   7.69] 485112b0: 0x0012c000 0x482b4e80 0x00000006 0x4fc116ea 0x0012c000 0x482b4e80 0x00000006 0x4ff505c0
[   7.69] 485112d0: 0x00000000 0x4ff6da00 0x482b4e80 0x0012c000 0x4ff4c35c 0x4ff4f440 0x48511360 0x4ff56f80
[   7.69] 485112f0: 0x48511800 0x4fc114ec 0x4ff4c64e 0x00000001 0x00000000 0x4ff86da8 0x00000000 0x500e5014
[   7.69] 48511310: 0x500e5010 0x00000000 0x00000000 0x0000001f 0x08000000 0x4fc11284 0x00000001 0x48511724
[   7.69] 48511330: 0x48110000 0x4ff6da00 0x000003f0 0x00000002 0x0000000a 0x00000000 0x00000000 0x482b4e80
[   7.69] 48511350: 0x1fffffff 0x4ff6da00 0x48110000 0xffffffff 0x4851136c 0x00000001 0x00000007 0x4810de9d
[   7.69] 48511370: 0x00000007 0x4851140f 0x00000001 0x48110000 0x00000000 0x00000258 0xffffffc0 0x00000002
[   7.69] 48511390: 0x000003f0 0x4ff6da00 0x480fed20 0x00000004 0x4ff5dfa8 0x4ff86d90 0x4ff86a04 0x4802727c
[   7.69] 485113b0: 0x480ffe50 0x00000001 0x485113e4 0x4802ede8 0x00000000 0x480ff064 0x4ff5c48c 0x00000000
[   7.69] 485113d0: 0x480ff098 0x00000004 0x00000400 0x00000002 0x00000095 0x480ffd9c 0x480ffd9c 0x00010001
[   7.69] 485113f0: 0x000003f0 0x000001c2 0x000003f3 0x00000202 0x00000041 0x00000000 0x00000000 0x30393134
[   7.69] 48511410: 0xffffffff 0x00000000 0x482b4e80 0x0012c000 0x4ff4c35c 0x4ff4bb5e 0x485114a0 0x4ff56f80
[   7.69] 48511430: 0x48511800 0x00000000 0x381e0000 0x00003000 0x00000001 0x00000000 0x4850e668 0x500e5014
[   7.69] 48511450: 0x500e5010 0x00000000 0x00000000 0x0000001f 0x00000004 0x00000002 0x4850e668 0x4850e614
[   7.69] 48511470: 0x4850e638 0x485114fc 0x02625a00 0x4850e518 0x4850e528 0x00000000 0x00000000 0x00000000
[   7.69] 48511490: 0x0000110f 0x4850e528 0x00000000 0x00000000 0x4810de50 0x4850e608 0x4850e5b4 0x4ff4b6a0
[   7.69] 485114b0: 0x00000012 0x48511636 0x00000000 0x00000000 0x0000005c 0x00000000 0x00000000 0x00000cc2
[   7.69] 485114d0: 0x000000ad 0x4850e528 0x4850e518 0x00000000 0x00000006 0xffffffff 0x4850e204 0x480f27b4
[   7.69] 485114f0: 0x00000012 0xffffffff 0x0001e204 0x00000001 0x0000005c 0x00000000 0x0000000a 0x4850e518
[   7.69] 48511510: 0x00000000 0x00000004 0x00000000 0x00000000 0x00000014 0x4850e5a8 0x4850e554 0x4ff4b6d8
[   7.69] 48511530: 0x00000006 0x4850e5a8 0x00000000 0x00000000 0x48050262 0x480364a0 0x00000000 0x48114000
[   7.69] 48511550: 0x48177000 0x00000004 0x48511590 0x00000000 0x00000004 0xffffffff 0x4850e674 0x480f2d02
[   7.69] 48511570: 0x00000006 0xffffffff 0x00000002 0x4850e674 0x00000003 0xffffffff 0x48511638 0x480f3d46
[   7.69] 48511590: 0x00003000 0x00000000 0x00000000 0x00000000 0x00000900 0x48511636 0x00000000 0x00000002
[   7.69] 485115b0: 0x00000900 0x48511660 0x00000000 0x00000001 0x00001000 0x00000000 0x00000000 0x00000000
[   7.69] 485115d0: 0x00000000 0x00000000 0x00000000 0x00000000 0x00000000 0x00000000 0x00000000 0x00000000
[   7.69] 485115f0: 0x00000000 0x00000000 0x00000000 0x00000000 0x00000000 0x00000001 0x48511660 0x48511670
[   7.69] 48511610: 0x485116b7 0x4810e000 0x00000000 0x00000000 0x00000000 0x00000001 0x4ff876a8 0x4ff4f1ee
[   7.98] 48511630: 0x4ff5fa68 0x00000000 0x4ff5fa14 0x4ff4f3ee 0x00000000 0x00000001 0x4ff5fa14 0x4ff4b182
[   7.98] 
[   7.98] 
[   7.98] 
[   7.98] ELF file SHA256: 6ce6d87de
[   7.98] 
[   7.98] Rebooting...
[   7.98] ESP-ROM:esp32p4-eco7-20260109
[   7.98] Build:Jan  9 2026
[   7.98] rst:0xc (SW_CPU_RESET),boot:0xf (SPI_FAST_FLASH_BOOT)
[   7.98] Core0 Saved PC:0x4ff4ace6
[   7.98] Core1 Saved PC:0x4ff444ce
[   7.98] SPI mode:DIO, clock div:1
[   7.98] load:0x4ffb60d0,len:0x11f0
[   7.98] load:0x4ffac2c0,len:0xd5c
[   7.98] load:0x4ffaefc0,len:0x3408
[   7.98] entry 0x4ffac2c0
[   7.98] I (228) hex_psram: vendor id    : 0x0d (AP)
[   7.98] I (229) hex_psram: Latency      : 0x01 (Fixed)
[   7.98] I (229) hex_psram: DriveStr.    : 0x00 (25 Ohm)
[   7.98] I (229) hex_psram: dev id       : 0x03 (generation 4)
[   7.98] I (234) hex_psram: density      : 0x07 (256 Mbit)
[   7.98] I (239) hex_psram: good-die     : 0x06 (Pass)
[   7.98] I (243) hex_psram: SRF          : 0x02 (Slow Refresh)
[   7.98] I (247) hex_psram: BurstType    : 0x00 ( Wrap)
[   7.98] I (252) hex_psram: BurstLen     : 0x03 (2048 Byte)
[   7.98] I (256) hex_psram: BitMode      : 0x01 (X16 Mode)
[   7.98] I (260) hex_psram: Readlatency  : 0x04 (14 cycles@Fixed)
[   7.98] I (266) hex_psram: DriveStrength: 0x00 (1/1)
[   7.98] I (270) MSPI Timing: Enter psram timing tuning
[   8.21] I esp_psram: Found 32MB PSRAM device
[   8.21] I esp_psram: Speed: 200MHz
[   8.21] I (457) mmu_psram: .rodata xip on psram
[   8.21] I (504) mmu_psram: .text xip on psram
[   8.21] I (505) hex_psram: psram CS IO is dedicated
[   8.21] I (505) cpu_start: Multicore app
[   8.83] I (928) esp_psram: SPI SRAM memory test OK
[   8.83] I (937) cpu_start: GPIO 38 and 37 are used as console UART I/O pins
[   8.83] I (938) cpu_start: Pro cpu start user code
[   8.83] I (938) cpu_start: cpu freq: 400000000 Hz
[   8.83] I (940) app_init: Application information:
[   8.83] I (944) app_init: Project name:     fnos_monitor
[   8.83] I (948) app_init: App version:      0.1.0
[   8.83] I (952) app_init: Compile time:     Sep 28 2026 07:59:20
[   8.83] I (957) app_init: ELF file SHA256:  6ce6d87de...
[   8.83] I (961) app_init: ESP-IDF:          5.5.3
[   8.83] I (965) efuse_init: Min chip rev:     v3.0
[   8.83] I (969) efuse_init: Max chip rev:     v3.99 
[   8.83] I (973) efuse_init: Chip rev:         v3.2
[   8.83] I (976) heap_init: Initializing. RAM available for dynamic allocation:
[   8.83] I (983) heap_init: At 4FF5E210 len 0005CDB0 (371 KiB): RETENT_RAM
[   8.83] I (988) heap_init: At 4FFBAFC0 len 00004BF0 (18 KiB): RAM
[   8.83] I (994) heap_init: At 501080D8 len 00000028 (0 KiB): RTCRAM
[   8.83] I (999) heap_init: At 501081A0 len 00007E60 (31 KiB): RTCRAM
[   8.83] I (1004) heap_init: At 30100198 len 00001E68 (7 KiB): TCM
[   9.18] I (1009) esp_psram: Adding pool of 31215K of PSRAM memory to heap allocator
[   9.18] I (1016) esp_psram: Adding pool of 8K of PSRAM memory gap generated due to end address alignment of irom to the heap allocator
[   9.18] I (1027) esp_psram: Adding pool of 0K of PSRAM memory gap generated due to end address alignment of drom to the heap allocator
[   9.18] I (1038) spi_flash: detected chip: gd
[   9.18] I (1042) spi_flash: flash io: qio
[   9.18] I (1045) host_init: ESP Hosted : Host chip_ip[18]
[   9.18] I (1049) H_API: ESP-Hosted starting. Hosted_Tasks: prio:23, stack: 5120 RPC_task_stack: 5120
[   9.18] sdio_mempool_create free:32378568 min-free:32378568 lfb-def:31457280 lfb-8bit:31457280
[   9.18] 
[   9.18] I (1065) H_API: ** add_esp_wifi_remote_channels **
[   9.18] I (1070) transport: Add ESP-Hosted channel IF[1]: S[0] Tx[0x4800b6dc] Rx[0x4801a922]
[   9.18] I (1077) transport: Add ESP-Hosted channel IF[2]: S[0] Tx[0x4800b622] Rx[0x4801a922]
[   9.18] I (1085) sleep_gpio: Configure to isolate all GPIO pins in sleep state
[   9.18] I (1091) sleep_gpio: Enable automatic switching of GPIO sleep configuration
[   9.18] I (1098) main_task: Started on CPU0
[   9.18] I (1102) main_task: Calling app_main()
[   9.18] I (1108) main: fnOS NAS dashboard booting (agent http://192.168.0.119:8799)
[   9.18] I (1111) main: heap boot           internal=364KB largest=304KB dma=326KB psram=31220KB
[   9.18] I (1120) transport: Attempt connection with slave: retry[0]
[   9.18] I (1124) transport: Reset slave using GPIO[54]
[   9.18] I (1128) os_wrapper_esp: GPIO [54] configured
[  10.15] I (2298) sdio_wrapper: SDIO master: Data-Lines: 4-bit Freq(KHz)[40000 KHz]
[  10.15] I (2298) sdio_wrapper: GPIOs: CLK[18] CMD[19] D0[14] D1[15] D2[16] D3[17] Slave_Reset[54]
[  10.15] I (2298) H_SDIO_DRV: Starting SDIO process rx task
[  10.15] I (2301) sdio_wrapper: Queues: Tx[20] Rx[20] SDIO-Rx-Mode[1]
[  10.15] Name: 
[  10.15] Type: SDIO
[  10.15] Speed: 40.00 MHz (limit: 40.00 MHz)
[  10.15] Size: 0MB
[  10.15] CSD: ver=1, sector_size=0, capacity=0 read_bl_len=0
[  10.15] SCR: sd_spec=0, bus_width=0
[  10.15] TUPLE: DEVICE, size: 3: D9 01 FF 
[  10.15] TUPLE: MANFID, size: 4
[  10.15]   MANF: 0092, CARD: 6666
[  10.15] TUPLE: FUNCID, size: 2: 0C 00 
[  10.15] TUPLE: FUNCE, size: 4: 00 00 02 32 
[  10.15] TUPLE: CONFIG, size: 5: 01 01 00 02 07 
[  10.15] TUPLE: CFTABLE_ENTRY, size: 8
[  10.15]   INDX: C1, Intface: 1, Default: 1, Conf-Entry-Num: 1
[  10.15]   IF: 41
[  10.15]   FS: 30, misc: 0, mem_space: 1, irq: 1, io_space: 0, timing: 0, power: 0
[  10.15]   IR: 30, mask: 1,   IRQ: FF FF
[  10.15]   LEN: FFFF
[  10.15] TUPLE: END
[  10.15] I (2384) sdio_wrapper: Function 0 Blocksize: 512
[  10.15] I (2388) sdio_wrapper: Function 1 Blocksize: 512
[  10.15] I (2392) H_SDIO_DRV: SDIO Host operating in STREAMING MODE
[  10.15] I (2397) H_SDIO_DRV: generate slave intr
[  10.15] I (2403) transport: Received INIT event from ESP32 peripheral
[  10.15] I (2406) transport: EVENT: 12
[  10.15] I (2409) transport: EVENT: 11
[  10.15] I (2412) transport: capabilities: 0xd
[  10.15] I (2415) transport: Features supported are:
[  10.15] I (2419) transport: 	 * WLAN
[  10.50] I (2422) transport: 	   - HCI over SDIO
[  10.50] I (2425) transport: 	   - BLE only
[  10.50] I (2428) transport: EVENT: 13
[  10.50] I (2431) transport: ESP board type is : 13 
[  10.50] 
[  10.50] I (2435) transport: Base transport is set-up
[  10.50] 
[  10.50] I (2439) transport: Slave chip Id[12]
[  10.50] I (2443) hci_stub_drv: Host BT Support: Disabled
[  10.50] I (2447) H_SDIO_DRV: Received INIT event
[  11.44] I (3452) fnos_net: wifi station started; awaiting ip
[  11.44] I (3453) esp_lvgl:adapter: LVGL adapter initialized successfully
[  11.44] W (3453) ledc: GPIO 32 is not usable, maybe conflict with others
[  11.44] I (3457) ESP32_P4_EV: MIPI DSI PHY Powered on
[  11.44] I (3462) ESP32_P4_EV: Install MIPI DSI LCD control panel
[  11.44] I (3466) ESP32_P4_EV: Install EK79007 LCD control panel
[  11.44] I (3471) ek79007: version: 2.0.2
[  11.44] I (3473) H_API: esp_wifi_remote_connect
[  11.44] I (3648) ESP32_P4_EV: Display initialized
[  11.44] I (3649) esp_lvgl:bridge_v9: Initializing hardware resources
[  11.44] I (3649) esp_lvgl:bridge_v9: Hardware resources initialized successfully
[  11.44] I (3652) esp_lvgl:bridge: Initializing hardware resources
[  11.44] I (3657) esp_lvgl:bridge: Hardware resources initialized successfully
[  11.44] W (3663) esp_lvgl:bridge_v9: on_frame_buf_complete unavailable; buffer-switch release and dummy-draw may not function on MIPI DSI
[  11.44] I (3675) ESP32_P4_EV: Touch 0x5d found
[  11.44] I (3678) GT911: I2C address initialization procedure skipped - using default GT9xx setup
[  11.44] I (3686) GT911: TouchPad_ID:0x39,0x31,0x31
[  11.44] I (3690) GT911: TouchPad_Config_Version:91
[  11.44] W (3694) esp_lvgl:touch: LV_USE_GESTURE_RECOGNITION is disabled; only single-point pointer events are available
[  11.44] I (3703) esp_lvgl:touch: Touch input device registered successfully (IRQ mode: disabled)
[  11.44] I (3712) esp_lvgl:adapter: LVGL task started successfully
[  11.44] I (3716) ESP32_P4_EV: Setting LCD backlight: 100%
[  11.64] I (3721) ESP32_P4_EV: Setting LCD backlight: 45%
[  11.64] I (3725) main: heap display        internal=244KB largest=204KB dma=206KB psram=27577KB
[  11.64] I (3866) fnos_view: dashboard v2 created (4 pages, 180 s window)
[  11.64] I (3866) main: heap ui             internal=244KB largest=204KB dma=206KB psram=27490KB
[  11.64] I (3920) fnos_data: polling http://192.168.0.119:8799/api/v1/status every 1000 ms
[  11.64] I (3920) main: heap polling        internal=243KB largest=204KB dma=205KB psram=27479KB
[  11.64] I (3927) ESP32_P4_EV: Setting LCD backlight: 45%
[  11.64] I (3930) main: backlight 45% (day)
[  11.64] I (3933) main: boot complete
[  11.64] I (3936) main_task: Returned from app_main()
[  12.47] Guru Meditation Error: Core  0 panic'ed (Load access fault). Exception was unhandled.
[  12.47] 
[  12.47] Core  0 register dump:
[  12.47] MEPC    : 0x4fc1b714  RA      : 0x480ef1a6  SP      : 0x48511250  GP      : 0x4ff56f80  
[  12.47] TP      : 0x48511800  T0      : 0x0000000d  T1      : 0x90000000  T2      : 0xffffffff  
[  12.47] S0/FP   : 0x00000000  S1      : 0x00000014  A0      : 0x00000014  A1      : 0xffffffff  
[  12.47] A2      : 0x0000000a  A3      : 0x7f7f7f7f  A4      : 0x00000000  A5      : 0x00000018  
[  12.47] A6      : 0xa0000000  A7      : 0x0000000a  S2      : 0x4817f000  S3      : 0x00000009  
[  12.47] S4      : 0xffffffff  S5      : 0x0000000a  S6      : 0x00000002  S7      : 0x00000073  
[  12.47] S8      : 0x00000009  S9      : 0x00000000  S10     : 0xffffffff  S11     : 0x48511374  
[  12.47] T3      : 0x00000000  T4      : 0x00000000  T5      : 0xffffffff  T6      : 0x00000000  
[  12.47] MSTATUS : 0x00011881  MTVEC   : 0x4ff40003  MCAUSE  : 0x00000005  MTVAL   : 0x00000014  
[  12.47] MHARTID : 0x00000000  
[  12.47] 
[  12.47] Stack memory:
[  12.47] 48511250: 0x00000001 0x4ff5ec14 0x4ff87710 0x4810dea6 0x00000000 0x00000000 0x00000000 0x00000000
[  12.47] 48511270: 0x00000000 0x00000001 0x0000004f 0x00000001 0x00000000 0x48113730 0x00000000 0x00000000
[  12.47] 48511290: 0x00000000 0x00000258 0xffffffc0 0x00000002 0x000003f0 0x4ff6da00 0x00000080 0x00000000
[  12.47] 485112b0: 0x0012c000 0x482b4e80 0x00000006 0x4fc116ea 0x0012c000 0x482b4e80 0x00000006 0x4ff505c0
[  12.47] 485112d0: 0x00000000 0x4ff6da00 0x482b4e80 0x0012c000 0x4ff4c35e 0x4ff4f440 0x48511360 0x4ff56f80
[  12.47] 485112f0: 0x48511800 0x4fc114ec 0x4ff4c64e 0x00000001 0x00000000 0x4ff86da8 0x00000000 0x500e5014
[  12.47] 48511310: 0x500e5010 0x00000000 0x00000000 0x0000001f 0x08000000 0x4fc11284 0x00000001 0x48511724
[  12.47] 48511330: 0x48110000 0x4ff6da00 0x000003f0 0x00000002 0x0000000a 0x00000000 0x00000000 0x482b4e80
[  12.47] 48511350: 0x1fffffff 0x4ff6da00 0x48110000 0xffffffff 0x4851136c 0x00000001 0x00000007 0x4810de9d
[  12.47] 48511370: 0x00000007 0x4851140f 0x00000001 0x48110000 0x00000000 0x00000258 0xffffffc0 0x00000002
[  12.47] 48511390: 0x000003f0 0x4ff6da00 0x480fed20 0x00000004 0x4ff5dfa8 0x4ff86d90 0x4ff86a04 0x4802727c
[  12.47] 485113b0: 0x480ffe50 0x00000001 0x485113e4 0x4802ede8 0x4ff4c35c 0x4ff4b6d8 0x48511440 0x4ff56f80
[  12.47] 485113d0: 0x48511800 0x00000000 0x381e0000 0x00003000 0x4850e5b4 0x4850e608 0x4850e608 0x00000000
[  12.47] 485113f0: 0x00000000 0x00000000 0x00000000 0x0000001f 0x00000000 0x00000002 0x00000000 0x30393134
[  12.47] 48511410: 0xffffffff 0x485114fa 0x00000001 0x00000000 0x4ff4c35e 0x4ff4bb5e 0x485114a0 0x4ff56f80
[  12.47] 48511430: 0x48511800 0x00000000 0x381e0000 0x00003000 0x00000001 0x00000000 0x4850e668 0x500e5014
[  12.47] 48511450: 0x500e5010 0x00000000 0x00000000 0x0000001f 0x00000004 0x00000002 0x4850e668 0x4850e614
[  12.47] 48511470: 0x4850e638 0x485114fc 0x02625a00 0x4850e518 0x4850e528 0x00000000 0x00000000 0x00000000
[  12.47] 48511490: 0x0000110f 0x4850e528 0x00000000 0x00000000 0x4810de50 0x4850e608 0x4850e5b4 0x4ff4b6a0
[  12.47] 485114b0: 0x00000012 0x48511636 0x00000000 0x00000000 0x0000005c 0x00000000 0x00000000 0x00000cc2
[  12.47] 485114d0: 0x000000ad 0x4850e528 0x4850e518 0x00000000 0x00000006 0xffffffff 0x4850e204 0x480f27b4
[  12.47] 485114f0: 0x00000012 0xffffffff 0x0001e204 0x00000001 0x0000005c 0x00000000 0x0000000a 0x4850e518
[  12.47] 48511510: 0x00000000 0x00000004 0x00000000 0x00000000 0x00000014 0x4850e5a8 0x4850e554 0x4ff4b6d8
[  12.47] 48511530: 0x00000006 0x4850e5a8 0x00000000 0x00000000 0x4ff56ebc 0x0000000c 0x00000000 0x48114000
[  12.47] 48511550: 0x48177000 0x00000004 0x48511590 0x00000000 0x00000004 0xffffffff 0x4850e674 0x480f2d02
[  12.47] 48511570: 0x00000006 0xffffffff 0x00000002 0x4850e674 0x00000003 0xffffffff 0x48511638 0x480f3d46
[  12.47] 48511590: 0x00003000 0x00000000 0x00000000 0x00000000 0x00000900 0x48511636 0x00000000 0x00000002
[  12.47] 485115b0: 0x00000900 0x48511660 0x00000000 0x00000001 0x00001000 0x00000000 0x00000000 0x00000000
[  12.47] 485115d0: 0x00000000 0x00000000 0x00000000 0x00000000 0x00000000 0x00000000 0x00000000 0x00000000
[  12.47] 485115f0: 0x00000000 0x00000000 0x00000000 0x00000000 0x00000000 0x00000001 0x48511660 0x48511670
[  12.47] 48511610: 0x485116b7 0x4810e000 0x00000000 0x00000000 0x00000000 0x00000001 0x4ff876a8 0x4ff4f1ee
[  12.76] 48511630: 0x4ff5fa68 0x00000000 0x4ff5fa14 0x4ff4f3ee 0x00000000 0x00000001 0x4ff5fa14 0x4ff4b182
[  12.76] 
[  12.76] 
[  12.76] 
[  12.76] ELF file SHA256: 6ce6d87de
[  12.76] 
[  12.76] Rebooting...
[  12.76] ESP-ROM:esp32p4-eco7-20260109
[  12.76] Build:Jan  9 2026
[  12.76] rst:0xc (SW_CPU_RESET),boot:0xf (SPI_FAST_FLASH_BOOT)
[  12.76] Core0 Saved PC:0x4ff4ace6
[  12.76] Core1 Saved PC:0x4ff444ce
[  12.76] SPI mode:DIO, clock div:1
[  12.76] load:0x4ffb60d0,len:0x11f0
[  12.76] load:0x4ffac2c0,len:0xd5c
[  12.76] load:0x4ffaefc0,len:0x3408
[  12.76] entry 0x4ffac2c0
[  12.76] I (228) hex_psram: vendor id    : 0x0d (AP)
[  12.76] I (229) hex_psram: Latency      : 0x01 (Fixed)
[  12.76] I (229) hex_psram: DriveStr.    : 0x00 (25 Ohm)
[  12.76] I (229) hex_psram: dev id       : 0x03 (generation 4)
[  12.76] I (234) hex_psram: density      : 0x07 (256 Mbit)
[  12.76] I (239) hex_psram: good-die     : 0x06 (Pass)
[  12.76] I (243) hex_psram: SRF          : 0x02 (Slow Refresh)
[  12.76] I (247) hex_psram: BurstType    : 0x00 ( Wrap)
[  12.76] I (252) hex_psram: BurstLen     : 0x03 (2048 Byte)
[  12.76] I (256) hex_psram: BitMode      : 0x01 (X16 Mode)
[  12.76] I (260) hex_psram: Readlatency  : 0x04 (14 cycles@Fixed)
[  12.76] I (266) hex_psram: DriveStrength: 0x00 (1/1)
[  12.76] I (270) MSPI Timing: Enter psram timing tuning
[  12.99] I esp_psram: Found 32MB PSRAM device
[  12.99] I esp_psram: Speed: 200MHz
[  12.99] I (457) mmu_psram: .rodata xip on psram
[  12.99] I (504) mmu_psram: .text xip on psram
[  12.99] I (505) hex_psram: psram CS IO is dedicated
[  12.99] I (505) cpu_start: Multicore app
[  13.61] I (928) esp_psram: SPI SRAM memory test OK
[  13.61] I (937) cpu_start: GPIO 38 and 37 are used as console UART I/O pins
[  13.61] I (938) cpu_start: Pro cpu start user code
[  13.61] I (938) cpu_start: cpu freq: 400000000 Hz
[  13.61] I (940) app_init: Application information:
[  13.61] I (944) app_init: Project name:     fnos_monitor
[  13.61] I (948) app_init: App version:      0.1.0
[  13.61] I (952) app_init: Compile time:     Sep 28 2026 07:59:20
[  13.61] I (957) app_init: ELF file SHA256:  6ce6d87de...
[  13.61] I (961) app_init: ESP-IDF:          5.5.3
[  13.61] I (965) efuse_init: Min chip rev:     v3.0
[  13.61] I (969) efuse_init: Max chip rev:     v3.99 
[  13.61] I (973) efuse_init: Chip rev:         v3.2
[  13.61] I (976) heap_init: Initializing. RAM available for dynamic allocation:
[  13.61] I (983) heap_init: At 4FF5E210 len 0005CDB0 (371 KiB): RETENT_RAM
[  13.61] I (988) heap_init: At 4FFBAFC0 len 00004BF0 (18 KiB): RAM
[  13.61] I (994) heap_init: At 501080D8 len 00000028 (0 KiB): RTCRAM
[  13.61] I (999) heap_init: At 501081A0 len 00007E60 (31 KiB): RTCRAM
[  13.61] I (1004) heap_init: At 30100198 len 00001E68 (7 KiB): TCM
[  13.96] I (1009) esp_psram: Adding pool of 31215K of PSRAM memory to heap allocator
[  13.96] I (1016) esp_psram: Adding pool of 8K of PSRAM memory gap generated due to end address alignment of irom to the heap allocator
[  13.96] I (1027) esp_psram: Adding pool of 0K of PSRAM memory gap generated due to end address alignment of drom to the heap allocator
[  13.96] I (1038) spi_flash: detected chip: gd
[  13.96] I (1042) spi_flash: flash io: qio
[  13.96] I (1045) host_init: ESP Hosted : Host chip_ip[18]
[  13.96] I (1049) H_API: ESP-Hosted starting. Hosted_Tasks: prio:23, stack: 5120 RPC_task_stack: 5120
[  13.96] sdio_mempool_create free:32378568 min-free:32378568 lfb-def:31457280 lfb-8bit:31457280
[  13.96] 
[  13.96] I (1065) H_API: ** add_esp_wifi_remote_channels **
[  13.96] I (1070) transport: Add ESP-Hosted channel IF[1]: S[0] Tx[0x4800b6dc] Rx[0x4801a922]
[  13.96] I (1077) transport: Add ESP-Hosted channel IF[2]: S[0] Tx[0x4800b622] Rx[0x4801a922]
[  13.96] I (1085) sleep_gpio: Configure to isolate all GPIO pins in sleep state
[  13.96] I (1091) sleep_gpio: Enable automatic switching of GPIO sleep configuration
[  13.96] I (1098) main_task: Started on CPU0
[  13.96] I (1102) main_task: Calling app_main()
[  13.96] I (1108) main: fnOS NAS dashboard booting (agent http://192.168.0.119:8799)
[  13.96] I (1111) main: heap boot           internal=364KB largest=304KB dma=326KB psram=31220KB
[  13.96] I (1120) transport: Attempt connection with slave: retry[0]
[  13.96] I (1124) transport: Reset slave using GPIO[54]
[  13.96] I (1128) os_wrapper_esp: GPIO [54] configured
[  14.93] I (2298) sdio_wrapper: SDIO master: Data-Lines: 4-bit Freq(KHz)[40000 KHz]
[  14.93] I (2298) sdio_wrapper: GPIOs: CLK[18] CMD[19] D0[14] D1[15] D2[16] D3[17] Slave_Reset[54]
[  14.93] I (2298) H_SDIO_DRV: Starting SDIO process rx task
[  14.93] I (2301) sdio_wrapper: Queues: Tx[20] Rx[20] SDIO-Rx-Mode[1]
[  14.93] Name: 
[  14.93] Type: SDIO
[  14.93] Speed: 40.00 MHz (limit: 40.00 MHz)
[  14.93] Size: 0MB
[  14.93] CSD: ver=1, sector_size=0, capacity=0 read_bl_len=0
[  14.93] SCR: sd_spec=0, bus_width=0
[  14.93] TUPLE: DEVICE, size: 3: D9 01 FF 
[  14.93] TUPLE: MANFID, size: 4
[  14.93]   MANF: 0092, CARD: 6666
[  14.93] TUPLE: FUNCID, size: 2: 0C 00 
[  14.93] TUPLE: FUNCE, size: 4: 00 00 02 32 
[  14.93] TUPLE: CONFIG, size: 5: 01 01 00 02 07 
[  14.93] TUPLE: CFTABLE_ENTRY, size: 8
[  14.93]   INDX: C1, Intface: 1, Default: 1, Conf-Entry-Num: 1
[  14.93]   IF: 41
[  14.93]   FS: 30, misc: 0, mem_space: 1, irq: 1, io_space: 0, timing: 0, power: 0
[  14.93]   IR: 30, mask: 1,   IRQ: FF FF
[  14.93]   LEN: FFFF
[  14.93] TUPLE: END
[  14.93] I (2384) sdio_wrapper: Function 0 Blocksize: 512
[  14.93] I (2388) sdio_wrapper: Function 1 Blocksize: 512
[  14.93] I (2392) H_SDIO_DRV: SDIO Host operating in STREAMING MODE
[  14.93] I (2397) H_SDIO_DRV: generate slave intr
[  14.93] I (2404) transport: Received INIT event from ESP32 peripheral
[  14.93] I (2406) transport: EVENT: 12
[  14.93] I (2409) transport: EVENT: 11
[  14.93] I (2412) transport: capabilities: 0xd
[  14.93] I (2415) transport: Features supported are:
[  14.93] I (2419) transport: 	 * WLAN
[  15.28] I (2422) transport: 	   - HCI over SDIO
[  15.28] I (2425) transport: 	   - BLE only
[  15.28] I (2428) transport: EVENT: 13
[  15.28] I (2431) transport: ESP board type is : 13 
[  15.28] 
[  15.28] I (2435) transport: Base transport is set-up
[  15.28] 
[  15.28] I (2439) transport: Slave chip Id[12]
[  15.28] I (2443) hci_stub_drv: Host BT Support: Disabled
[  15.28] I (2447) H_SDIO_DRV: Received INIT event
[  15.96] I (3452) fnos_net: wifi station started; awaiting ip
[  15.96] I (3452) esp_lvgl:adapter: LVGL adapter initialized successfully
[  15.96] W (3453) ledc: GPIO 32 is not usable, maybe conflict with others
[  15.96] I (3457) ESP32_P4_EV: MIPI DSI PHY Powered on
[  15.96] I (3462) ESP32_P4_EV: Install MIPI DSI LCD control panel
[  15.96] I (3466) ESP32_P4_EV: Install EK79007 LCD control panel
[  15.96] I (3471) ek79007: version: 2.0.2
[  15.96] I (3473) H_API: esp_wifi_remote_connect
[  16.22] I (3648) ESP32_P4_EV: Display initialized
[  16.22] I (3649) esp_lvgl:bridge_v9: Initializing hardware resources
[  16.22] I (3649) esp_lvgl:bridge_v9: Hardware resources initialized successfully
[  16.22] I (3652) esp_lvgl:bridge: Initializing hardware resources
[  16.22] I (3657) esp_lvgl:bridge: Hardware resources initialized successfully
[  16.22] W (3663) esp_lvgl:bridge_v9: on_frame_buf_complete unavailable; buffer-switch release and dummy-draw may not function on MIPI DSI
[  16.22] I (3675) ESP32_P4_EV: Touch 0x5d found
[  16.22] I (3678) GT911: I2C address initialization procedure skipped - using default GT9xx setup
[  16.22] I (3686) GT911: TouchPad_ID:0x39,0x31,0x31
[  16.22] I (3690) GT911: TouchPad_Config_Version:91
[  16.22] W (3694) esp_lvgl:touch: LV_USE_GESTURE_RECOGNITION is disabled; only single-point pointer events are available
[  16.22] I (3703) esp_lvgl:touch: Touch input device registered successfully (IRQ mode: disabled)
[  16.22] I (3712) esp_lvgl:adapter: LVGL task started successfully
[  16.22] I (3716) ESP32_P4_EV: Setting LCD backlight: 100%
[  16.56] I (3721) ESP32_P4_EV: Setting LCD backlight: 45%
[  16.56] I (3725) main: heap display        internal=244KB largest=204KB dma=206KB psram=27577KB
[  16.56] I (3866) fnos_view: dashboard v2 created (4 pages, 180 s window)
[  16.56] I (3866) main: heap ui             internal=244KB largest=204KB dma=206KB psram=27490KB
[  16.56] I (3868) fnos_data: polling http://192.168.0.119:8799/api/v1/status every 1000 ms
[  16.56] I (3875) main: heap polling        internal=243KB largest=204KB dma=205KB psram=27476KB
[  16.56] I (3883) ESP32_P4_EV: Setting LCD backlight: 45%
[  16.56] I (3888) main: backlight 45% (day)
[  16.56] I (3891) main: boot complete
[  16.56] I (3893) main_task: Returned from app_main()
[  17.25] Guru Meditation Error: Core  1 panic'ed (Load access fault). Exception was unhandled.
[  17.25] 
[  17.25] Core  1 register dump:
[  17.25] MEPC    : 0x4fc1b714  RA      : 0x480ef1a6  SP      : 0x48511250  GP      : 0x4ff56f80  
[  17.25] TP      : 0x48511800  T0      : 0x0000000d  T1      : 0x90000000  T2      : 0xffffffff  
[  17.25] S0/FP   : 0x00000000  S1      : 0x00000014  A0      : 0x00000014  A1      : 0xffffffff  
[  17.25] A2      : 0x0000000a  A3      : 0x7f7f7f7f  A4      : 0x00000000  A5      : 0x00000018  
[  17.25] A6      : 0xa0000000  A7      : 0x0000000a  S2      : 0x4817f000  S3      : 0x00000009  
[  17.25] S4      : 0xffffffff  S5      : 0x0000000a  S6      : 0x00000002  S7      : 0x00000073  
[  17.25] S8      : 0x00000009  S9      : 0x00000000  S10     : 0xffffffff  S11     : 0x48511374  
[  17.25] T3      : 0x00000000  T4      : 0x00000000  T5      : 0xffffffff  T6      : 0x00000000  
[  17.25] MSTATUS : 0x00011881  MTVEC   : 0x4ff40003  MCAUSE  : 0x00000005  MTVAL   : 0x00000014  
[  17.25] MHARTID : 0x00000001  
[  17.25] 
[  17.25] Stack memory:
[  17.25] 48511250: 0x00000001 0x4ff5ec14 0x4ff87710 0x4810dea6 0x00000000 0x00000000 0x00000000 0x00000000
[  17.25] 48511270: 0x00000000 0x00000001 0x0000004f 0x00000001 0x00000000 0x48113730 0x00000000 0x00000000
[  17.25] 48511290: 0x00000000 0x00000258 0xffffffc0 0x00000002 0x000003f0 0x4ff6da00 0x00000080 0x00000000
[  17.25] 485112b0: 0x0012c000 0x482b4e80 0x00000006 0x4fc116ea 0x0012c000 0x482b4e80 0x00000006 0x4ff505c0
[  17.25] 485112d0: 0x00000000 0x4ff6da00 0x482b4e80 0x0012c000 0x4ff4c35c 0x4ff4f440 0x48511360 0x4ff56f80
[  17.25] 485112f0: 0x48511800 0x4fc114ec 0x4ff4c64e 0x00000001 0x00000000 0x4ff86da8 0x00000000 0x500e5014
[  17.25] 48511310: 0x500e5010 0x00000004 0x00000000 0x0000001f 0x08000000 0x4fc11284 0x00000001 0x48511724
[  17.25] 48511330: 0x48110000 0x4ff6da00 0x000003f0 0x00000002 0x0000000a 0x00000000 0x00000000 0x482b4e80
[  17.25] 48511350: 0x1fffffff 0x4ff6da00 0x48110000 0xffffffff 0x4851136c 0x00000001 0x00000007 0x4810de9d
[  17.25] 48511370: 0x00000007 0x4851140f 0x00000001 0x48110000 0x00000000 0x00000258 0xffffffc0 0x00000002
[  17.25] 48511390: 0x000003f0 0x4ff6da00 0x480fed20 0x00000004 0x4ff5dfa8 0x4ff86d90 0x4ff86a04 0x4802727c
[  17.25] 485113b0: 0x480ffe50 0x00000001 0x485113e4 0x4802ede8 0x00000000 0x480ff064 0x4ff5c48c 0x00000000
[  17.25] 485113d0: 0x480ff098 0x00000004 0x00000400 0x00000002 0x00000095 0x480ffd9c 0x480ffd9c 0x00010001
[  17.25] 485113f0: 0x000003f0 0x000001c2 0x000003f3 0x00000202 0x00000041 0x00000000 0x00000000 0x30393134
[  17.25] 48511410: 0xffffffff 0x00000000 0x482b4e80 0x0012c000 0x4ff4c35e 0x4ff4bb5e 0x485114a0 0x4ff56f80
[  17.25] 48511430: 0x48511800 0x00000000 0x381e0000 0x00003000 0x00000001 0x00000000 0x4850e668 0x500e5014
[  17.25] 48511450: 0x500e5010 0x00000004 0x00000000 0x0000001f 0x00000004 0x00000002 0x4850e668 0x4850e614
[  17.25] 48511470: 0x4850e638 0x485114fc 0x02625a00 0x4850e518 0x4850e528 0x00000000 0x00000000 0x00000000
[  17.25] 48511490: 0x0000110e 0x4850e528 0x00000000 0x00000000 0x4810de50 0x4850e608 0x4850e5b4 0x4ff4b6a0
[  17.25] 485114b0: 0x00000012 0x48511636 0x00000000 0x00000000 0x0000005c 0x00000000 0x00000000 0x00000cb5
[  17.25] 485114d0: 0x000000ad 0x4850e528 0x4850e518 0x00000000 0x00000006 0xffffffff 0x4850e204 0x480f27b4
[  17.25] 485114f0: 0x00000012 0xffffffff 0x0001e204 0x00000001 0x0000005c 0x00000000 0x0000000a 0x4850e518
[  17.25] 48511510: 0x00000000 0x00000004 0x00000000 0x00000000 0x00000014 0x4850e5a8 0x4850e554 0x4ff4b6d8
[  17.25] 48511530: 0x00000006 0x4850e5a8 0x00000000 0x00000000 0x00000000 0x480fefa0 0x00000000 0x48114000
[  17.25] 48511550: 0x48177000 0x00000004 0x48511590 0x00000000 0x00000004 0xffffffff 0x4850e674 0x480f2d02
[  17.25] 48511570: 0x00000006 0xffffffff 0x00000002 0x4850e674 0x00000003 0xffffffff 0x48511638 0x480f3d46
[  17.25] 48511590: 0x00003000 0x00000000 0x00000000 0x00000000 0x00000900 0x48511636 0x00000000 0x00000002
[  17.25] 485115b0: 0x00000900 0x48511660 0x00000000 0x00000001 0x00001000 0x00000000 0x00000000 0x00000000
[  17.25] 485115d0: 0x00000000 0x00000000 0x00000000 0x00000000 0x00000000 0x00000000 0x00000000 0x00000000
[  17.25] 485115f0: 0x00000000 0x00000000 0x00000000 0x00000000 0x00000000 0x00000001 0x48511660 0x48511670
[  17.25] 48511610: 0x485116b7 0x4810e000 0x00000000 0x00000000 0x00000000 0x00000001 0x4ff876a8 0x4ff4f1ee
[  17.54] 48511630: 0x4ff5fa68 0x00000000 0x4ff5fa14 0x4ff4f3ee 0x00000000 0x00000001 0x4ff5fa14 0x4ff4b182
[  17.54] 
[  17.54] 
[  17.54] 
[  17.54] ELF file SHA256: 6ce6d87de
[  17.54] 
[  17.54] Rebooting...
[  17.54] ESP-ROM:esp32p4-eco7-20260109
[  17.54] Build:Jan  9 2026
[  17.54] rst:0xc (SW_CPU_RESET),boot:0xf (SPI_FAST_FLASH_BOOT)
[  17.54] Core0 Saved PC:0x4ff444de
[  17.54] Core1 Saved PC:0x4ff4ace6
[  17.54] SPI mode:DIO, clock div:1
[  17.54] load:0x4ffb60d0,len:0x11f0
[  17.54] load:0x4ffac2c0,len:0xd5c
[  17.54] load:0x4ffaefc0,len:0x3408
[  17.54] entry 0x4ffac2c0
[  17.54] I (229) hex_psram: vendor id    : 0x0d (AP)
[  17.54] I (229) hex_psram: Latency      : 0x01 (Fixed)
[  17.54] I (229) hex_psram: DriveStr.    : 0x00 (25 Ohm)
[  17.54] I (230) hex_psram: dev id       : 0x03 (generation 4)
[  17.54] I (235) hex_psram: density      : 0x07 (256 Mbit)
[  17.54] I (239) hex_psram: good-die     : 0x06 (Pass)
[  17.54] I (243) hex_psram: SRF          : 0x02 (Slow Refresh)
[  17.54] I (248) hex_psram: BurstType    : 0x00 ( Wrap)
[  17.54] I (252) hex_psram: BurstLen     : 0x03 (2048 Byte)
[  17.54] I (256) hex_psram: BitMode      : 0x01 (X16 Mode)
[  17.54] I (261) hex_psram: Readlatency  : 0x04 (14 cycles@Fixed)
[  17.54] I (266) hex_psram: DriveStrength: 0x00 (1/1)
[  17.54] I (270) MSPI Timing: Enter psram timing tuning
[  17.77] I esp_psram: Found 32MB PSRAM device
[  17.77] I esp_psram: Speed: 200MHz
[  17.77] I (457) mmu_psram: .rodata xip on psram
[  17.77] I (505) mmu_psram: .text xip on psram
[  17.77] I (505) hex_psram: psram CS IO is dedicated
[  17.77] I (506) cpu_start: Multicore app
[  18.40] I (929) esp_psram: SPI SRAM memory test OK
[  18.40] I (938) cpu_start: GPIO 38 and 37 are used as console UART I/O pins
[  18.40] I (939) cpu_start: Pro cpu start user code
[  18.40] I (939) cpu_start: cpu freq: 400000000 Hz
[  18.40] I (941) app_init: Application information:
[  18.40] I (944) app_init: Project name:     fnos_monitor
[  18.40] I (949) app_init: App version:      0.1.0
[  18.40] I (952) app_init: Compile time:     Sep 28 2026 07:59:20
[  18.40] I (957) app_init: ELF file SHA256:  6ce6d87de...
[  18.40] I (962) app_init: ESP-IDF:          5.5.3
[  18.40] I (966) efuse_init: Min chip rev:     v3.0
[  18.40] I (969) efuse_init: Max chip rev:     v3.99 
[  18.40] I (973) efuse_init: Chip rev:         v3.2
[  18.40] I (977) heap_init: Initializing. RAM available for dynamic allocation:
[  18.40] I (983) heap_init: At 4FF5E210 len 0005CDB0 (371 KiB): RETENT_RAM
[  18.40] I (989) heap_init: At 4FFBAFC0 len 00004BF0 (18 KiB): RAM
[  18.40] I (994) heap_init: At 501080D8 len 00000028 (0 KiB): RTCRAM
[  18.40] I (1000) heap_init: At 501081A0 len 00007E60 (31 KiB): RTCRAM
[  18.40] I (1005) heap_init: At 30100198 len 00001E68 (7 KiB): TCM
[  18.73] I (1010) esp_psram: Adding pool of 31215K of PSRAM memory to heap allocator
[  18.73] I (1017) esp_psram: Adding pool of 8K of PSRAM memory gap generated due to end address alignment of irom to the heap allocator
[  18.73] I (1028) esp_psram: Adding pool of 0K of PSRAM memory gap generated due to end address alignment of drom to the heap allocator
[  18.73] I (1039) spi_flash: detected chip: gd
[  18.73] I (1043) spi_flash: flash io: qio
[  18.73] I (1046) host_init: ESP Hosted : Host chip_ip[18]
[  18.73] I (1050) H_API: ESP-Hosted starting. Hosted_Tasks: prio:23, stack: 5120 RPC_task_stack: 5120
[  18.73] sdio_mempool_create free:32378568 min-free:32378568 lfb-def:31457280 lfb-8bit:31457280
[  18.73] 
[  18.73] I (1066) H_API: ** add_esp_wifi_remote_channels **
[  18.73] I (1071) transport: Add ESP-Hosted channel IF[1]: S[0] Tx[0x4800b6dc] Rx[0x4801a922]
[  18.73] I (1078) transport: Add ESP-Hosted channel IF[2]: S[0] Tx[0x4800b622] Rx[0x4801a922]
[  18.73] I (1086) sleep_gpio: Configure to isolate all GPIO pins in sleep state
[  18.73] I (1092) sleep_gpio: Enable automatic switching of GPIO sleep configuration
[  18.73] I (1099) main_task: Started on CPU0
[  18.73] I (1103) main_task: Calling app_main()
[  18.73] I (1109) main: fnOS NAS dashboard booting (agent http://192.168.0.119:8799)
[  18.73] I (1112) main: heap boot           internal=364KB largest=304KB dma=326KB psram=31220KB
[  18.73] I (1121) transport: Attempt connection with slave: retry[0]
[  18.73] I (1125) transport: Reset slave using GPIO[54]
[  18.73] I (1129) os_wrapper_esp: GPIO [54] configured
[  19.71] I (2299) sdio_wrapper: SDIO master: Data-Lines: 4-bit Freq(KHz)[40000 KHz]
[  19.71] I (2299) sdio_wrapper: GPIOs: CLK[18] CMD[19] D0[14] D1[15] D2[16] D3[17] Slave_Reset[54]
[  19.71] I (2299) H_SDIO_DRV: Starting SDIO process rx task
[  19.71] I (2302) sdio_wrapper: Queues: Tx[20] Rx[20] SDIO-Rx-Mode[1]
[  19.71] Name: 
[  19.71] Type: SDIO
[  19.71] Speed: 40.00 MHz (limit: 40.00 MHz)
[  19.71] Size: 0MB
[  19.71] CSD: ver=1, sector_size=0, capacity=0 read_bl_len=0
[  19.71] SCR: sd_spec=0, bus_width=0
[  19.71] TUPLE: DEVICE, size: 3: D9 01 FF 
[  19.71] TUPLE: MANFID, size: 4
[  19.71]   MANF: 0092, CARD: 6666
[  19.71] TUPLE: FUNCID, size: 2: 0C 00 
[  19.71] TUPLE: FUNCE, size: 4: 00 00 02 32 
[  19.71] TUPLE: CONFIG, size: 5: 01 01 00 02 07 
[  19.71] TUPLE: CFTABLE_ENTRY, size: 8
[  19.71]   INDX: C1, Intface: 1, Default: 1, Conf-Entry-Num: 1
[  19.71]   IF: 41
[  19.71]   FS: 30, misc: 0, mem_space: 1, irq: 1, io_space: 0, timing: 0, power: 0
[  19.71]   IR: 30, mask: 1,   IRQ: FF FF
[  19.71]   LEN: FFFF
[  19.71] TUPLE: END
[  19.71] I (2385) sdio_wrapper: Function 0 Blocksize: 512
[  19.71] I (2389) sdio_wrapper: Function 1 Blocksize: 512
[  19.71] I (2393) H_SDIO_DRV: SDIO Host operating in STREAMING MODE
[  19.71] I (2398) H_SDIO_DRV: generate slave intr
[  19.71] I (2404) transport: Received INIT event from ESP32 peripheral
[  19.71] I (2407) transport: EVENT: 12
[  19.71] I (2410) transport: EVENT: 11
[  19.71] I (2413) transport: capabilities: 0xd
[  19.71] I (2416) transport: Features supported are:
[  19.71] I (2420) transport: 	 * WLAN
[  20.06] I (2423) transport: 	   - HCI over SDIO
[  20.06] I (2426) transport: 	   - BLE only
[  20.06] I (2429) transport: EVENT: 13
[  20.06] I (2432) transport: ESP board type is : 13 
[  20.06] 
[  20.06] I (2436) transport: Base transport is set-up
[  20.06] 
[  20.06] I (2440) transport: Slave chip Id[12]
[  20.06] I (2444) hci_stub_drv: Host BT Support: Disabled
[  20.06] I (2448) H_SDIO_DRV: Received INIT event
[  20.74] I (3453) fnos_net: wifi station started; awaiting ip
[  20.74] I (3453) esp_lvgl:adapter: LVGL adapter initialized successfully
[  20.74] W (3453) ledc: GPIO 32 is not usable, maybe conflict with others
[  20.74] I (3458) ESP32_P4_EV: MIPI DSI PHY Powered on
[  20.74] I (3463) ESP32_P4_EV: Install MIPI DSI LCD control panel
[  20.74] I (3467) ESP32_P4_EV: Install EK79007 LCD control panel
[  20.74] I (3472) ek79007: version: 2.0.2
[  20.74] I (3474) H_API: esp_wifi_remote_connect
[  21.00] I (3649) ESP32_P4_EV: Display initialized
[  21.00] I (3650) esp_lvgl:bridge_v9: Initializing hardware resources
[  21.00] I (3650) esp_lvgl:bridge_v9: Hardware resources initialized successfully
[  21.00] I (3653) esp_lvgl:bridge: Initializing hardware resources
[  21.00] I (3658) esp_lvgl:bridge: Hardware resources initialized successfully
[  21.00] W (3664) esp_lvgl:bridge_v9: on_frame_buf_complete unavailable; buffer-switch release and dummy-draw may not function on MIPI DSI
[  21.00] I (3676) ESP32_P4_EV: Touch 0x5d found
[  21.00] I (3679) GT911: I2C address initialization procedure skipped - using default GT9xx setup
[  21.00] I (3687) GT911: TouchPad_ID:0x39,0x31,0x31
[  21.00] I (3691) GT911: TouchPad_Config_Version:91
[  21.00] W (3695) esp_lvgl:touch: LV_USE_GESTURE_RECOGNITION is disabled; only single-point pointer events are available
[  21.00] I (3704) esp_lvgl:touch: Touch input device registered successfully (IRQ mode: disabled)
[  21.00] I (3713) esp_lvgl:adapter: LVGL task started successfully
[  21.00] I (3717) ESP32_P4_EV: Setting LCD backlight: 100%
[  21.33] I (3722) ESP32_P4_EV: Setting LCD backlight: 45%
[  21.33] I (3726) main: heap display        internal=244KB largest=204KB dma=206KB psram=27577KB
[  21.33] I (3867) fnos_view: dashboard v2 created (4 pages, 180 s window)
[  21.33] I (3867) main: heap ui             internal=244KB largest=204KB dma=206KB psram=27490KB
[  21.33] I (3869) fnos_data: polling http://192.168.0.119:8799/api/v1/status every 1000 ms
[  21.33] I (3877) main: heap polling        internal=243KB largest=204KB dma=205KB psram=27476KB
[  21.33] I (3884) ESP32_P4_EV: Setting LCD backlight: 45%
[  21.33] I (3889) main: backlight 45% (day)
[  21.33] I (3892) main: boot complete
[  21.33] I (3894) main_task: Returned from app_main()
[  22.03] Guru Meditation Error: Core  1 panic'ed (Load access fault). Exception was unhandled.
[  22.03] 
[  22.03] Core  1 register dump:
[  22.03] MEPC    : 0x4fc1b714  RA      : 0x480ef1a6  SP      : 0x48511250  GP      : 0x4ff56f80  
[  22.03] TP      : 0x48511800  T0      : 0x0000000d  T1      : 0x90000000  T2      : 0xffffffff  
[  22.03] S0/FP   : 0x00000000  S1      : 0x00000014  A0      : 0x00000014  A1      : 0xffffffff  
[  22.03] A2      : 0x0000000a  A3      : 0x7f7f7f7f  A4      : 0x00000000  A5      : 0x00000018  
[  22.03] A6      : 0xa0000000  A7      : 0x0000000a  S2      : 0x4817f000  S3      : 0x00000009  
[  22.03] S4      : 0xffffffff  S5      : 0x0000000a  S6      : 0x00000002  S7      : 0x00000073  
[  22.03] S8      : 0x00000009  S9      : 0x00000000  S10     : 0xffffffff  S11     : 0x48511374  
[  22.03] T3      : 0x00000000  T4      : 0x00000000  T5      : 0xffffffff  T6      : 0x00000000  
[  22.03] MSTATUS : 0x00011881  MTVEC   : 0x4ff40003  MCAUSE  : 0x00000005  MTVAL   : 0x00000014  
[  22.03] MHARTID : 0x00000001  
[  22.03] 
[  22.03] Stack memory:
[  22.03] 48511250: 0x00000001 0x4ff5ec14 0x4ff87710 0x4810dea6 0x00000000 0x00000000 0x00000000 0x00000000
[  22.03] 48511270: 0x00000000 0x00000001 0x0000004f 0x00000001 0x00000000 0x48113730 0x00000000 0x00000000
[  22.03] 48511290: 0x00000000 0x00000258 0xffffffc0 0x00000002 0x000003f0 0x4ff6da00 0x00000080 0x00000000
[  22.03] 485112b0: 0x0012c000 0x482b4e80 0x00000006 0x4fc116ea 0x0012c000 0x482b4e80 0x00000006 0x4ff505c0
[  22.03] 485112d0: 0x00000000 0x4ff6da00 0x482b4e80 0x0012c000 0x4ff4c35e 0x4ff4f440 0x48511360 0x4ff56f80
[  22.03] 485112f0: 0x48511800 0x4fc114ec 0x4ff4c64e 0x00000001 0x00000000 0x4ff86da8 0x00000000 0x500e5014
[  22.03] 48511310: 0x500e5010 0x00000004 0x00000000 0x0000001f 0x08000000 0x4fc11284 0x00000001 0x48511724
[  22.03] 48511330: 0x48110000 0x4ff6da00 0x000003f0 0x00000002 0x0000000a 0x00000000 0x00000000 0x482b4e80
[  22.03] 48511350: 0x1fffffff 0x4ff6da00 0x48110000 0xffffffff 0x4851136c 0x00000001 0x00000007 0x4810de9d
[  22.03] 48511370: 0x00000007 0x4851140f 0x00000001 0x48110000 0x00000000 0x00000258 0xffffffc0 0x00000002
[  22.03] 48511390: 0x000003f0 0x4ff6da00 0x480fed20 0x00000004 0x4ff5dfa8 0x4ff86d90 0x4ff86a04 0x4802727c
[  22.03] 485113b0: 0x480ffe50 0x00000001 0x485113e4 0x4802ede8 0x00000000 0x480ff064 0x4ff5c48c 0x00000000
[  22.03] 485113d0: 0x480ff098 0x00000004 0x00000400 0x00000002 0x00000095 0x480ffd9c 0x480ffd9c 0x00010001
[  22.03] 485113f0: 0x000003f0 0x000001c2 0x000003f3 0x00000202 0x00000041 0x00000000 0x00000000 0x30393134
[  22.03] 48511410: 0xffffffff 0x00000000 0x482b4e80 0x0012c000 0x4ff4c35c 0x4ff4bb5e 0x485114a0 0x4ff56f80
[  22.03] 48511430: 0x48511800 0x00000000 0x381e0000 0x00003000 0x00000001 0x00000000 0x4850e668 0x500e5014
[  22.03] 48511450: 0x500e5010 0x00000004 0x00000000 0x0000001f 0x00000004 0x00000002 0x4850e668 0x4850e614
[  22.03] 48511470: 0x4850e638 0x485114fc 0x02625a00 0x4850e518 0x4850e528 0x00000000 0x00000000 0x00000000
[  22.03] 48511490: 0x0000110f 0x4850e528 0x00000000 0x00000000 0x4810de50 0x4850e608 0x4850e5b4 0x4ff4b6a0
[  22.03] 485114b0: 0x00000012 0x48511636 0x00000000 0x00000000 0x0000005c 0x00000000 0x00000000 0x00000cb5
[  22.03] 485114d0: 0x000000ad 0x4850e528 0x4850e518 0x00000000 0x00000006 0xffffffff 0x4850e204 0x480f27b4
[  22.03] 485114f0: 0x00000012 0xffffffff 0x0001e204 0x00000001 0x0000005c 0x00000000 0x0000000a 0x4850e518
[  22.03] 48511510: 0x00000000 0x00000004 0x00000000 0x00000000 0x00000014 0x4850e5a8 0x4850e554 0x4ff4b6d8
[  22.03] 48511530: 0x00000006 0x4850e5a8 0x00000000 0x00000000 0x4ff56ebc 0x0000000c 0x00000000 0x48114000
[  22.03] 48511550: 0x48177000 0x00000004 0x48511590 0x00000000 0x00000004 0xffffffff 0x4850e674 0x480f2d02
[  22.03] 48511570: 0x00000006 0xffffffff 0x00000002 0x4850e674 0x00000003 0xffffffff 0x48511638 0x480f3d46
[  22.03] 48511590: 0x00003000 0x00000000 0x00000000 0x00000000 0x00000900 0x48511636 0x00000000 0x00000002
[  22.03] 485115b0: 0x00000900 0x48511660 0x00000000 0x00000001 0x00001000 0x00000000 0x00000000 0x00000000
[  22.03] 485115d0: 0x00000000 0x00000000 0x00000000 0x00000000 0x00000000 0x00000000 0x00000000 0x00000000
[  22.03] 485115f0: 0x00000000 0x00000000 0x00000000 0x00000000 0x00000000 0x00000001 0x48511660 0x48511670
[  22.03] 48511610: 0x485116b7 0x4810e000 0x00000000 0x00000000 0x00000000 0x00000001 0x4ff876a8 0x4ff4f1ee
[  22.32] 48511630: 0x4ff5fa68 0x00000000 0x4ff5fa14 0x4ff4f3ee 0x00000000 0x00000001 0x4ff5fa14 0x4ff4b182
[  22.32] 
[  22.32] 
[  22.32] 
[  22.32] ELF file SHA256: 6ce6d87de
[  22.32] 
[  22.32] Rebooting...
[  22.32] ESP-ROM:esp32p4-eco7-20260109
[  22.32] Build:Jan  9 2026
[  22.32] rst:0xc (SW_CPU_RESET),boot:0xf (SPI_FAST_FLASH_BOOT)
[  22.32] Core0 Saved PC:0x4ff444de
[  22.32] Core1 Saved PC:0x4ff4ace6
[  22.32] SPI mode:DIO, clock div:1
[  22.32] load:0x4ffb60d0,len:0x11f0
[  22.32] load:0x4ffac2c0,len:0xd5c
[  22.32] load:0x4ffaefc0,len:0x3408
[  22.32] entry 0x4ffac2c0
[  22.32] I (229) hex_psram: vendor id    : 0x0d (AP)
[  22.32] I (229) hex_psram: Latency      : 0x01 (Fixed)
[  22.32] I (229) hex_psram: DriveStr.    : 0x00 (25 Ohm)
[  22.32] I (230) hex_psram: dev id       : 0x03 (generation 4)
[  22.32] I (235) hex_psram: density      : 0x07 (256 Mbit)
[  22.32] I (239) hex_psram: good-die     : 0x06 (Pass)
[  22.32] I (243) hex_psram: SRF          : 0x02 (Slow Refresh)
[  22.32] I (248) hex_psram: BurstType    : 0x00 ( Wrap)
[  22.32] I (252) hex_psram: BurstLen     : 0x03 (2048 Byte)
[  22.32] I (256) hex_psram: BitMode      : 0x01 (X16 Mode)
[  22.32] I (261) hex_psram: Readlatency  : 0x04 (14 cycles@Fixed)
[  22.32] I (266) hex_psram: DriveStrength: 0x00 (1/1)
[  22.32] I (270) MSPI Timing: Enter psram timing tuning
[  22.55] I esp_psram: Found 32MB PSRAM device
[  22.55] I esp_psram: Speed: 200MHz
[  22.55] I (457) mmu_psram: .rodata xip on psram
[  22.55] I (505) mmu_psram: .text xip on psram
[  22.55] I (505) hex_psram: psram CS IO is dedicated
[  22.55] I (506) cpu_start: Multicore app
[  23.18] I (929) esp_psram: SPI SRAM memory test OK
[  23.18] I (938) cpu_start: GPIO 38 and 37 are used as console UART I/O pins
[  23.18] I (939) cpu_start: Pro cpu start user code
[  23.18] I (939) cpu_start: cpu freq: 400000000 Hz
[  23.18] I (941) app_init: Application information:
[  23.18] I (944) app_init: Project name:     fnos_monitor
[  23.18] I (949) app_init: App version:      0.1.0
[  23.18] I (952) app_init: Compile time:     Sep 28 2026 07:59:20
[  23.18] I (957) app_init: ELF file SHA256:  6ce6d87de...
[  23.18] I (962) app_init: ESP-IDF:          5.5.3
[  23.18] I (965) efuse_init: Min chip rev:     v3.0
[  23.18] I (969) efuse_init: Max chip rev:     v3.99 
[  23.18] I (973) efuse_init: Chip rev:         v3.2
[  23.18] I (977) heap_init: Initializing. RAM available for dynamic allocation:
[  23.18] I (983) heap_init: At 4FF5E210 len 0005CDB0 (371 KiB): RETENT_RAM
[  23.18] I (989) heap_init: At 4FFBAFC0 len 00004BF0 (18 KiB): RAM
[  23.18] I (994) heap_init: At 501080D8 len 00000028 (0 KiB): RTCRAM
[  23.18] I (1000) heap_init: At 501081A0 len 00007E60 (31 KiB): RTCRAM
[  23.18] I (1005) heap_init: At 30100198 len 00001E68 (7 KiB): TCM
[  23.51] I (1010) esp_psram: Adding pool of 31215K of PSRAM memory to heap allocator
[  23.51] I (1017) esp_psram: Adding pool of 8K of PSRAM memory gap generated due to end address alignment of irom to the heap allocator
[  23.51] I (1028) esp_psram: Adding pool of 0K of PSRAM memory gap generated due to end address alignment of drom to the heap allocator
[  23.51] I (1039) spi_flash: detected chip: gd
[  23.51] I (1042) spi_flash: flash io: qio
[  23.51] I (1046) host_init: ESP Hosted : Host chip_ip[18]
[  23.51] I (1050) H_API: ESP-Hosted starting. Hosted_Tasks: prio:23, stack: 5120 RPC_task_stack: 5120
[  23.51] sdio_mempool_create free:32378568 min-free:32378568 lfb-def:31457280 lfb-8bit:31457280
[  23.51] 
[  23.51] I (1066) H_API: ** add_esp_wifi_remote_channels **
[  23.51] I (1071) transport: Add ESP-Hosted channel IF[1]: S[0] Tx[0x4800b6dc] Rx[0x4801a922]
[  23.51] I (1078) transport: Add ESP-Hosted channel IF[2]: S[0] Tx[0x4800b622] Rx[0x4801a922]
[  23.51] I (1086) sleep_gpio: Configure to isolate all GPIO pins in sleep state
[  23.51] I (1092) sleep_gpio: Enable automatic switching of GPIO sleep configuration
[  23.51] I (1099) main_task: Started on CPU0
[  23.51] I (1103) main_task: Calling app_main()
[  23.51] I (1109) main: fnOS NAS dashboard booting (agent http://192.168.0.119:8799)
[  23.51] I (1112) main: heap boot           internal=364KB largest=304KB dma=326KB psram=31220KB
[  23.51] I (1121) transport: Attempt connection with slave: retry[0]
[  23.51] I (1125) transport: Reset slave using GPIO[54]
[  23.51] I (1129) os_wrapper_esp: GPIO [54] configured
[  24.49] I (2299) sdio_wrapper: SDIO master: Data-Lines: 4-bit Freq(KHz)[40000 KHz]
[  24.49] I (2299) sdio_wrapper: GPIOs: CLK[18] CMD[19] D0[14] D1[15] D2[16] D3[17] Slave_Reset[54]
[  24.49] I (2299) H_SDIO_DRV: Starting SDIO process rx task
[  24.49] I (2302) sdio_wrapper: Queues: Tx[20] Rx[20] SDIO-Rx-Mode[1]
[  24.49] Name: 
[  24.49] Type: SDIO
[  24.50] Speed: 40.00 MHz (limit: 40.00 MHz)
[  24.50] Size: 0MB
[  24.50] CSD: ver=1, sector_size=0, capacity=0 read_bl_len=0
[  24.50] SCR: sd_spec=0, bus_width=0
[  24.50] TUPLE: DEVICE, size: 3: D9 01 FF 
[  24.50] TUPLE: MANFID, size: 4
[  24.50]   MANF: 0092, CARD: 6666
[  24.50] TUPLE: FUNCID, size: 2: 0C 00 
[  24.50] TUPLE: FUNCE, size: 4: 00 00 02 32 
[  24.50] TUPLE: CONFIG, size: 5: 01 01 00 02 07 
[  24.50] TUPLE: CFTABLE_ENTRY, size: 8
[  24.50]   INDX: C1, Intface: 1, Default: 1, Conf-Entry-Num: 1
[  24.50]   IF: 41
[  24.50]   FS: 30, misc: 0, mem_space: 1, irq: 1, io_space: 0, timing: 0, power: 0
[  24.50]   IR: 30, mask: 1,   IRQ: FF FF
[  24.50]   LEN: FFFF
[  24.50] TUPLE: END
[  24.50] I (2385) sdio_wrapper: Function 0 Blocksize: 512
[  24.50] I (2389) sdio_wrapper: Function 1 Blocksize: 512
[  24.50] I (2393) H_SDIO_DRV: SDIO Host operating in STREAMING MODE
[  24.50] I (2398) H_SDIO_DRV: generate slave intr
[  24.50] I (2406) transport: Received INIT event from ESP32 peripheral
[  24.50] I (2407) transport: EVENT: 12
[  24.50] I (2410) transport: EVENT: 11
[  24.50] I (2413) transport: capabilities: 0xd
[  24.50] I (2416) transport: Features supported are:
[  24.50] I (2420) transport: 	 * WLAN
[  24.85] I (2423) transport: 	   - HCI over SDIO
[  24.85] I (2426) transport: 	   - BLE only
[  24.85] I (2429) transport: EVENT: 13
[  24.85] I (2432) transport: ESP board type is : 13 
[  24.85] 
[  24.85] I (2436) transport: Base transport is set-up
[  24.85] 
[  24.85] I (2440) transport: Slave chip Id[12]
[  24.85] I (2444) hci_stub_drv: Host BT Support: Disabled
[  24.85] I (2448) H_SDIO_DRV: Received INIT event
[  25.52] I (3453) fnos_net: wifi station started; awaiting ip
[  25.52] I (3454) esp_lvgl:adapter: LVGL adapter initialized successfully
[  25.52] W (3454) ledc: GPIO 32 is not usable, maybe conflict with others
[  25.52] I (3458) ESP32_P4_EV: MIPI DSI PHY Powered on
[  25.52] I (3463) ESP32_P4_EV: Install MIPI DSI LCD control panel
[  25.52] I (3467) ESP32_P4_EV: Install EK79007 LCD control panel
[  25.52] I (3472) ek79007: version: 2.0.2
[  25.52] I (3474) H_API: esp_wifi_remote_connect
[  25.78] I (3649) ESP32_P4_EV: Display initialized
[  25.78] I (3650) esp_lvgl:bridge_v9: Initializing hardware resources
[  25.78] I (3650) esp_lvgl:bridge_v9: Hardware resources initialized successfully
[  25.78] I (3653) esp_lvgl:bridge: Initializing hardware resources
[  25.78] I (3658) esp_lvgl:bridge: Hardware resources initialized successfully
[  25.78] W (3664) esp_lvgl:bridge_v9: on_frame_buf_complete unavailable; buffer-switch release and dummy-draw may not function on MIPI DSI
[  25.78] I (3676) ESP32_P4_EV: Touch 0x5d found
[  25.78] I (3679) GT911: I2C address initialization procedure skipped - using default GT9xx setup
[  25.78] I (3687) GT911: TouchPad_ID:0x39,0x31,0x31
[  25.78] I (3691) GT911: TouchPad_Config_Version:91
[  25.78] W (3695) esp_lvgl:touch: LV_USE_GESTURE_RECOGNITION is disabled; only single-point pointer events are available
[  25.78] I (3704) esp_lvgl:touch: Touch input device registered successfully (IRQ mode: disabled)
[  25.78] I (3713) esp_lvgl:adapter: LVGL task started successfully
[  25.78] I (3717) ESP32_P4_EV: Setting LCD backlight: 100%
[  25.98] I (3722) ESP32_P4_EV: Setting LCD backlight: 45%
[  25.98] I (3726) main: heap display        internal=244KB largest=204KB dma=206KB psram=27577KB
[  25.98] I (3867) fnos_view: dashboard v2 created (4 pages, 180 s window)
[  25.98] I (3867) main: heap ui             internal=244KB largest=204KB dma=206KB psram=27490KB
[  25.98] I (3921) fnos_data: polling http://192.168.0.119:8799/api/v1/status every 1000 ms
[  25.98] I (3921) main: heap polling        internal=243KB largest=204KB dma=205KB psram=27479KB
[  25.98] I (3927) ESP32_P4_EV: Setting LCD backlight: 45%
[  25.98] I (3931) main: backlight 45% (day)
[  25.98] I (3934) main: boot complete
[  25.98] I (3937) main_task: Returned from app_main()
