[   0.54] I (2304) sdio_wrapper: SDIO master: Data-Lines: 4-bit Freq(KHz)[40000 KHz]
[   0.54] I (2304) sdio_wrapper: GPIOs: CLK[18] CMD[19] D0[14] D1[15] D2[16] D3[17] Slave_Reset[54]
[   0.54] I (2304) H_SDIO_DRV: Starting SDIO process rx task
[   0.54] I (2307) sdio_wrapper: Queues: Tx[20] Rx[20] SDIO-Rx-Mode[1]
[   0.54] Name: 
[   0.54] Type: SDIO
[   0.54] Speed: 40.00 MHz (limit: 40.00 MHz)
[   0.54] Size: 0MB
[   0.54] CSD: ver=1, sector_size=0, capacity=0 read_bl_len=0
[   0.54] SCR: sd_spec=0, bus_width=0
[   0.54] TUPLE: DEVICE, size: 3: D9 01 FF 
[   0.54] TUPLE: MANFID, size: 4
[   0.54]   MANF: 0092, CARD: 6666
[   0.54] TUPLE: FUNCID, size: 2: 0C 00 
[   0.54] TUPLE: FUNCE, size: 4: 00 00 02 32 
[   0.54] TUPLE: CONFIG, size: 5: 01 01 00 02 07 
[   0.54] TUPLE: CFTABLE_ENTRY, size: 8
[   0.54]   INDX: C1, Intface: 1, Default: 1, Conf-Entry-Num: 1
[   0.54]   IF: 41
[   0.54]   FS: 30, misc: 0, mem_space: 1, irq: 1, io_space: 0, timing: 0, power: 0
[   0.54]   IR: 30, mask: 1,   IRQ: FF FF
[   0.54]   LEN: FFFF
[   0.54] TUPLE: END
[   0.54] I (2390) sdio_wrapper: Function 0 Blocksize: 512
[   0.54] I (2394) sdio_wrapper: Function 1 Blocksize: 512
[   0.54] I (2398) H_SDIO_DRV: SDIO Host operating in STREAMING MODE
[   0.54] I (2403) H_SDIO_DRV: generate slave intr
[   0.54] I (2409) transport: Received INIT event from ESP32 peripheral
[   0.54] I (2412) transport: EVENT: 12
[   0.54] I (2415) transport: EVENT: 11
[   0.54] I (2418) transport: capabilities: 0xd
[   0.54] I (2421) transport: Features supported are:
[   0.54] I (2425) transport: 	 * WLAN
[   0.89] I (2428) transport: 	   - HCI over SDIO
[   0.89] I (2431) transport: 	   - BLE only
[   0.89] I (2434) transport: EVENT: 13
[   0.89] I (2437) transport: ESP board type is : 13 
[   0.89] 
[   0.89] I (2441) transport: Base transport is set-up
[   0.89] 
[   0.89] I (2445) transport: Slave chip Id[12]
[   0.89] I (2449) hci_stub_drv: Host BT Support: Disabled
[   0.89] I (2453) H_SDIO_DRV: Received INIT event
[   1.57] I (3458) fnos_net: wifi station started; awaiting ip
[   1.57] I (3459) esp_lvgl:adapter: LVGL adapter initialized successfully
[   1.57] W (3459) ledc: GPIO 32 is not usable, maybe conflict with others
[   1.57] I (3463) ESP32_P4_EV: MIPI DSI PHY Powered on
[   1.57] I (3468) ESP32_P4_EV: Install MIPI DSI LCD control panel
[   1.57] I (3472) ESP32_P4_EV: Install EK79007 LCD control panel
[   1.57] I (3477) ek79007: version: 2.0.2
[   1.57] I (3479) H_API: esp_wifi_remote_connect
[   1.83] I (3654) ESP32_P4_EV: Display initialized
[   1.83] I (3655) esp_lvgl:bridge_v9: Initializing hardware resources
[   1.83] I (3655) esp_lvgl:bridge_v9: Hardware resources initialized successfully
[   1.83] I (3658) esp_lvgl:bridge: Initializing hardware resources
[   1.83] I (3663) esp_lvgl:bridge: Hardware resources initialized successfully
[   1.83] W (3669) esp_lvgl:bridge_v9: on_frame_buf_complete unavailable; buffer-switch release and dummy-draw may not function on MIPI DSI
[   1.83] I (3681) ESP32_P4_EV: Touch 0x5d found
[   1.83] I (3684) GT911: I2C address initialization procedure skipped - using default GT9xx setup
[   1.83] I (3692) GT911: TouchPad_ID:0x39,0x31,0x31
[   1.83] I (3696) GT911: TouchPad_Config_Version:91
[   1.83] W (3700) esp_lvgl:touch: LV_USE_GESTURE_RECOGNITION is disabled; only single-point pointer events are available
[   1.83] I (3709) esp_lvgl:touch: Touch input device registered successfully (IRQ mode: disabled)
[   1.83] I (3718) esp_lvgl:adapter: LVGL task started successfully
[   1.83] I (3722) ESP32_P4_EV: Setting LCD backlight: 100%
[   2.03] I (3727) ESP32_P4_EV: Setting LCD backlight: 45%
[   2.03] I (3731) main: heap display        internal=244KB largest=204KB dma=206KB psram=27578KB
[   2.03] I (3872) fnos_view: dashboard v2 created (4 pages, 180 s window)
[   2.03] I (3872) main: heap ui             internal=244KB largest=204KB dma=206KB psram=27490KB
[   2.03] I (3926) fnos_data: polling http://192.168.0.119:8799/api/v1/status every 1000 ms
[   2.03] I (3926) main: heap polling        internal=243KB largest=204KB dma=205KB psram=27479KB
[   2.03] I (3931) ESP32_P4_EV: Setting LCD backlight: 45%
[   2.03] I (3935) main: backlight 45% (day)
[   2.03] I (3938) main: boot complete
[   2.03] I (3941) main_task: Returned from app_main()
[   2.86] Guru Meditation Error: Core  0 panic'ed (Load access fault). Exception was unhandled.
[   2.86] 
[   2.86] Core  0 register dump:
[   2.86] MEPC    : 0x4fc1b714  RA      : 0x480ef198  SP      : 0x485111e0  GP      : 0x4ff56f80  
[   2.86] TP      : 0x48511790  T0      : 0x0000000d  T1      : 0x90000000  T2      : 0xffffffff  
[   2.86] S0/FP   : 0x00000000  S1      : 0x00000014  A0      : 0x00000014  A1      : 0xffffffff  
[   2.86] A2      : 0x0000000a  A3      : 0x7f7f7f7f  A4      : 0x00000000  A5      : 0x00000018  
[   2.86] A6      : 0xa0000000  A7      : 0x0000000a  S2      : 0x4817f000  S3      : 0x00000009  
[   2.86] S4      : 0xffffffff  S5      : 0x0000000a  S6      : 0x00000002  S7      : 0x00000073  
[   2.86] S8      : 0x00000009  S9      : 0x00000000  S10     : 0xffffffff  S11     : 0x48511304  
[   2.86] T3      : 0x00000000  T4      : 0x00000000  T5      : 0xffffffff  T6      : 0x00000000  
[   2.86] MSTATUS : 0x00011881  MTVEC   : 0x4ff40003  MCAUSE  : 0x00000005  MTVAL   : 0x00000014  
[   2.86] MHARTID : 0x00000000  
[   2.86] 
[   2.86] Stack memory:
[   2.86] 485111e0: 0x00000001 0x4ff5ec14 0x4ff87710 0x4810dea6 0x00000000 0x00000000 0x00000000 0x00000000
[   2.86] 48511200: 0x00000000 0x00000001 0x0000004f 0x00000001 0x00000000 0x48113730 0x00000000 0x00000000
[   2.86] 48511220: 0x00000000 0x00000258 0xffffffc0 0x00000002 0x000003f0 0x4ff6da00 0x00000080 0x00000000
[   2.86] 48511240: 0x0012c000 0x482b4e80 0x00000006 0x4fc116ea 0x0012c000 0x482b4e80 0x00000006 0x4ff505c0
[   2.86] 48511260: 0x00000000 0x4ff6da00 0x482b4e80 0x0012c000 0x4ff4c35e 0x4ff4f440 0x485112f0 0x4ff56f80
[   2.86] 48511280: 0x48511790 0x4fc114ec 0x4ff4c640 0x00000001 0x00000000 0x4ff86da8 0x00000000 0x500e5014
[   2.86] 485112a0: 0x500e5010 0x00000000 0x00000000 0x0000001f 0x08000000 0x4fc11284 0x00000001 0x485116b4
[   2.86] 485112c0: 0x48110000 0x4ff6da00 0x000003f0 0x00000002 0x0000000a 0x00000000 0x00000000 0x482b4e80
[   2.86] 485112e0: 0x1fffffff 0x4ff6da00 0x48110000 0xffffffff 0x485112fc 0x00000001 0x00000007 0x4810de9d
[   2.86] 48511300: 0x00000007 0x4851139f 0x00000001 0x48110000 0x00000000 0x00000258 0xffffffc0 0x00000002
[   2.86] 48511320: 0x000003f0 0x4ff6da00 0x480feca0 0x00000004 0x4ff5dfa8 0x4ff86d90 0x4ff86a04 0x4802726e
[   2.86] 48511340: 0x480ffdd0 0x00000001 0x48511374 0x4802edda 0x00000000 0x480fefe4 0x4ff5c48c 0x00000000
[   2.86] 48511360: 0x480ff018 0x00000004 0x00000400 0x00000002 0x00000095 0x480ffd1c 0x480ffd1c 0x00010001
[   2.86] 48511380: 0x000003f0 0x000001c2 0x000003f3 0x00000202 0x00000041 0x00000000 0x00000000 0x30393134
[   2.86] 485113a0: 0xffffffff 0x00000000 0x482b4e80 0x0012c000 0x4ff4c35c 0x4ff4bb5e 0x48511430 0x4ff56f80
[   2.86] 485113c0: 0x48511790 0x00000000 0x381e0000 0x00003000 0x00000001 0x00000000 0x4850e5ec 0x500e5014
[   2.86] 485113e0: 0x500e5010 0x00000000 0x00000000 0x0000001f 0x00000004 0x00000002 0x4850e5ec 0x4850e598
[   2.86] 48511400: 0x4850e5bc 0x4851148c 0x02625a00 0x4850e49c 0x4850e4ac 0x00000000 0x00000000 0x00000000
[   2.86] 48511420: 0x00001115 0x4850e4ac 0x00000000 0x00000000 0x4810de50 0x4850e58c 0x4850e538 0x4ff4b6a0
[   2.86] 48511440: 0x00000012 0x485115c6 0x00000000 0x00000000 0x0000005c 0x00000000 0x00000000 0x00000cc2
[   2.86] 48511460: 0x000000ad 0x4850e4ac 0x4850e49c 0x00000000 0x00000006 0xffffffff 0x4850e188 0x480f27a6
[   2.86] 48511480: 0x00000012 0xffffffff 0x0001e188 0x00000001 0x0000005c 0x00000000 0x0000000a 0x4850e49c
[   2.86] 485114a0: 0x00000000 0x00000004 0x00000000 0x00000000 0x00000014 0x4850e52c 0x4850e4d8 0x4ff4b6d8
[   2.86] 485114c0: 0x00000006 0x4850e52c 0x00000000 0x00000000 0x4ff56ebc 0x0000000c 0x00000000 0x48114000
[   2.86] 485114e0: 0x48177000 0x00000004 0x48511520 0x00000000 0x00000004 0xffffffff 0x4850e5f8 0x480f2cf4
[   2.86] 48511500: 0x00000006 0xffffffff 0x00000002 0x4850e5f8 0x00000003 0xffffffff 0x485115c8 0x480f3d38
[   2.86] 48511520: 0x00003000 0x00000000 0x00000000 0x00000000 0x00000900 0x485115c6 0x00000000 0x00000002
[   2.86] 48511540: 0x00000900 0x485115f0 0x00000000 0x00000001 0x00001000 0x00000000 0x00000000 0x00000000
[   2.86] 48511560: 0x00000000 0x00000000 0x00000000 0x00000000 0x00000000 0x00000000 0x00000000 0x00000000
[   2.86] 48511580: 0x00000000 0x00000000 0x00000000 0x00000000 0x00000000 0x00000001 0x485115f0 0x48511600
[   2.86] 485115a0: 0x48511647 0x4810e000 0x00000000 0x00000000 0x00000000 0x00000001 0x4ff876a8 0x4ff4f1ee
[   3.15] 485115c0: 0x4ff5fa68 0x00000000 0x4ff5fa14 0x4ff4f3ee 0x00000000 0x00000001 0x4ff5fa14 0x4ff4b182
[   3.15] 
[   3.15] 
[   3.15] 
[   3.15] ELF file SHA256: 553f40a97
[   3.15] 
[   3.15] Rebooting...
[   3.15] ESP-ROM:esp32p4-eco7-20260109
[   3.15] Build:Jan  9 2026
[   3.15] rst:0xc (SW_CPU_RESET),boot:0xf (SPI_FAST_FLASH_BOOT)
[   3.15] Core0 Saved PC:0x4ff4ace6
[   3.15] Core1 Saved PC:0x4ff444ce
[   3.15] SPI mode:DIO, clock div:1
[   3.15] load:0x4ffb60d0,len:0x11f0
[   3.15] load:0x4ffac2c0,len:0xd5c
[   3.15] load:0x4ffaefc0,len:0x3408
[   3.15] entry 0x4ffac2c0
[   3.15] I (228) hex_psram: vendor id    : 0x0d (AP)
[   3.15] I (229) hex_psram: Latency      : 0x01 (Fixed)
[   3.15] I (229) hex_psram: DriveStr.    : 0x00 (25 Ohm)
[   3.15] I (229) hex_psram: dev id       : 0x03 (generation 4)
[   3.15] I (234) hex_psram: density      : 0x07 (256 Mbit)
[   3.15] I (239) hex_psram: good-die     : 0x06 (Pass)
[   3.15] I (243) hex_psram: SRF          : 0x02 (Slow Refresh)
[   3.15] I (247) hex_psram: BurstType    : 0x00 ( Wrap)
[   3.15] I (252) hex_psram: BurstLen     : 0x03 (2048 Byte)
[   3.15] I (256) hex_psram: BitMode      : 0x01 (X16 Mode)
[   3.15] I (260) hex_psram: Readlatency  : 0x04 (14 cycles@Fixed)
[   3.15] I (266) hex_psram: DriveStrength: 0x00 (1/1)
[   3.15] I (270) MSPI Timing: Enter psram timing tuning
[   3.38] I esp_psram: Found 32MB PSRAM device
[   3.38] I esp_psram: Speed: 200MHz
[   3.38] I (457) mmu_psram: .rodata xip on psram
[   3.38] I (504) mmu_psram: .text xip on psram
[   3.38] I (505) hex_psram: psram CS IO is dedicated
[   3.38] I (505) cpu_start: Multicore app
[   4.01] I (933) esp_psram: SPI SRAM memory test OK
[   4.01] I (943) cpu_start: GPIO 38 and 37 are used as console UART I/O pins
[   4.01] I (943) cpu_start: Pro cpu start user code
[   4.01] I (943) cpu_start: cpu freq: 400000000 Hz
[   4.01] I (945) app_init: Application information:
[   4.01] I (949) app_init: Project name:     fnos_monitor
[   4.01] I (953) app_init: App version:      0.1.0
[   4.01] I (957) app_init: Compile time:     Sep 28 2026 07:59:20
[   4.01] I (962) app_init: ELF file SHA256:  553f40a97...
[   4.01] I (966) app_init: ESP-IDF:          5.5.3
[   4.01] I (970) efuse_init: Min chip rev:     v3.0
[   4.01] I (974) efuse_init: Max chip rev:     v3.99 
[   4.01] I (978) efuse_init: Chip rev:         v3.2
[   4.01] I (981) heap_init: Initializing. RAM available for dynamic allocation:
[   4.01] I (988) heap_init: At 4FF5E210 len 0005CDB0 (371 KiB): RETENT_RAM
[   4.01] I (994) heap_init: At 4FFBAFC0 len 00004BF0 (18 KiB): RAM
[   4.01] I (999) heap_init: At 501080D8 len 00000028 (0 KiB): RTCRAM
[   4.01] I (1004) heap_init: At 501081A0 len 00007E60 (31 KiB): RTCRAM
[   4.01] I (1009) heap_init: At 30100198 len 00001E68 (7 KiB): TCM
[   4.35] I (1015) esp_psram: Adding pool of 31215K of PSRAM memory to heap allocator
[   4.35] I (1021) esp_psram: Adding pool of 8K of PSRAM memory gap generated due to end address alignment of irom to the heap allocator
[   4.35] I (1032) esp_psram: Adding pool of 0K of PSRAM memory gap generated due to end address alignment of drom to the heap allocator
[   4.35] I (1044) spi_flash: detected chip: gd
[   4.35] I (1047) spi_flash: flash io: qio
[   4.35] I (1050) host_init: ESP Hosted : Host chip_ip[18]
[   4.35] I (1054) H_API: ESP-Hosted starting. Hosted_Tasks: prio:23, stack: 5120 RPC_task_stack: 5120
[   4.35] sdio_mempool_create free:32378696 min-free:32378696 lfb-def:31457280 lfb-8bit:31457280
[   4.35] 
[   4.35] I (1071) H_API: ** add_esp_wifi_remote_channels **
[   4.35] I (1075) transport: Add ESP-Hosted channel IF[1]: S[0] Tx[0x4800b6dc] Rx[0x4801a922]
[   4.35] I (1082) transport: Add ESP-Hosted channel IF[2]: S[0] Tx[0x4800b622] Rx[0x4801a922]
[   4.35] I (1090) sleep_gpio: Configure to isolate all GPIO pins in sleep state
[   4.35] I (1096) sleep_gpio: Enable automatic switching of GPIO sleep configuration
[   4.35] I (1103) main_task: Started on CPU0
[   4.35] I (1107) main_task: Calling app_main()
[   4.35] I (1113) main: fnOS NAS dashboard booting (agent http://192.168.0.119:8799)
[   4.35] I (1116) main: heap boot           internal=364KB largest=304KB dma=326KB psram=31220KB
[   4.35] I (1125) transport: Attempt connection with slave: retry[0]
[   4.35] I (1129) transport: Reset slave using GPIO[54]
[   4.35] I (1133) os_wrapper_esp: GPIO [54] configured
[   5.33] I (2303) sdio_wrapper: SDIO master: Data-Lines: 4-bit Freq(KHz)[40000 KHz]
[   5.33] I (2303) sdio_wrapper: GPIOs: CLK[18] CMD[19] D0[14] D1[15] D2[16] D3[17] Slave_Reset[54]
[   5.33] I (2303) H_SDIO_DRV: Starting SDIO process rx task
[   5.33] I (2306) sdio_wrapper: Queues: Tx[20] Rx[20] SDIO-Rx-Mode[1]
[   5.33] Name: 
[   5.33] Type: SDIO
[   5.33] Speed: 40.00 MHz (limit: 40.00 MHz)
[   5.33] Size: 0MB
[   5.33] CSD: ver=1, sector_size=0, capacity=0 read_bl_len=0
[   5.33] SCR: sd_spec=0, bus_width=0
[   5.33] TUPLE: DEVICE, size: 3: D9 01 FF 
[   5.33] TUPLE: MANFID, size: 4
[   5.33]   MANF: 0092, CARD: 6666
[   5.33] TUPLE: FUNCID, size: 2: 0C 00 
[   5.33] TUPLE: FUNCE, size: 4: 00 00 02 32 
[   5.33] TUPLE: CONFIG, size: 5: 01 01 00 02 07 
[   5.33] TUPLE: CFTABLE_ENTRY, size: 8
[   5.33]   INDX: C1, Intface: 1, Default: 1, Conf-Entry-Num: 1
[   5.33]   IF: 41
[   5.33]   FS: 30, misc: 0, mem_space: 1, irq: 1, io_space: 0, timing: 0, power: 0
[   5.33]   IR: 30, mask: 1,   IRQ: FF FF
[   5.33]   LEN: FFFF
[   5.33] TUPLE: END
[   5.33] I (2389) sdio_wrapper: Function 0 Blocksize: 512
[   5.33] I (2393) sdio_wrapper: Function 1 Blocksize: 512
[   5.33] I (2397) H_SDIO_DRV: SDIO Host operating in STREAMING MODE
[   5.33] I (2402) H_SDIO_DRV: generate slave intr
[   5.33] I (2408) transport: Received INIT event from ESP32 peripheral
[   5.33] I (2411) transport: EVENT: 12
[   5.33] I (2414) transport: EVENT: 11
[   5.33] I (2417) transport: capabilities: 0xd
[   5.33] I (2420) transport: Features supported are:
[   5.33] I (2424) transport: 	 * WLAN
[   5.68] I (2427) transport: 	   - HCI over SDIO
[   5.69] I (2430) transport: 	   - BLE only
[   5.69] I (2433) transport: EVENT: 13
[   5.69] I (2436) transport: ESP board type is : 13 
[   5.69] 
[   5.69] I (2440) transport: Base transport is set-up
[   5.69] 
[   5.69] I (2444) transport: Slave chip Id[12]
[   5.69] I (2448) hci_stub_drv: Host BT Support: Disabled
[   5.69] I (2452) H_SDIO_DRV: Received INIT event
[   6.36] I (3457) fnos_net: wifi station started; awaiting ip
[   6.36] I (3457) esp_lvgl:adapter: LVGL adapter initialized successfully
[   6.36] W (3458) ledc: GPIO 32 is not usable, maybe conflict with others
[   6.36] I (3462) ESP32_P4_EV: MIPI DSI PHY Powered on
[   6.36] I (3467) ESP32_P4_EV: Install MIPI DSI LCD control panel
[   6.36] I (3471) ESP32_P4_EV: Install EK79007 LCD control panel
[   6.36] I (3476) ek79007: version: 2.0.2
[   6.36] I (3478) H_API: esp_wifi_remote_connect
[   6.61] I (3653) ESP32_P4_EV: Display initialized
[   6.61] I (3654) esp_lvgl:bridge_v9: Initializing hardware resources
[   6.61] I (3654) esp_lvgl:bridge_v9: Hardware resources initialized successfully
[   6.61] I (3657) esp_lvgl:bridge: Initializing hardware resources
[   6.61] I (3662) esp_lvgl:bridge: Hardware resources initialized successfully
[   6.61] W (3668) esp_lvgl:bridge_v9: on_frame_buf_complete unavailable; buffer-switch release and dummy-draw may not function on MIPI DSI
[   6.61] I (3680) ESP32_P4_EV: Touch 0x5d found
[   6.61] I (3683) GT911: I2C address initialization procedure skipped - using default GT9xx setup
[   6.61] I (3691) GT911: TouchPad_ID:0x39,0x31,0x31
[   6.61] I (3695) GT911: TouchPad_Config_Version:91
[   6.61] W (3699) esp_lvgl:touch: LV_USE_GESTURE_RECOGNITION is disabled; only single-point pointer events are available
[   6.61] I (3708) esp_lvgl:touch: Touch input device registered successfully (IRQ mode: disabled)
[   6.61] I (3717) esp_lvgl:adapter: LVGL task started successfully
[   6.61] I (3721) ESP32_P4_EV: Setting LCD backlight: 100%
[   6.96] I (3726) ESP32_P4_EV: Setting LCD backlight: 45%
[   6.96] I (3730) main: heap display        internal=244KB largest=204KB dma=206KB psram=27578KB
[   6.96] I (3871) fnos_view: dashboard v2 created (4 pages, 180 s window)
[   6.96] I (3871) main: heap ui             internal=244KB largest=204KB dma=206KB psram=27490KB
[   6.96] I (3873) fnos_data: polling http://192.168.0.119:8799/api/v1/status every 1000 ms
[   6.96] I (3880) main: heap polling        internal=243KB largest=204KB dma=205KB psram=27476KB
[   6.96] I (3888) ESP32_P4_EV: Setting LCD backlight: 45%
[   6.96] I (3893) main: backlight 45% (day)
[   6.96] I (3896) main: boot complete
[   6.96] I (3898) main_task: Returned from app_main()
[   7.65] Guru Meditation Error: Core  1 panic'ed (Load access fault). Exception was unhandled.
[   7.65] 
[   7.65] Core  1 register dump:
[   7.65] MEPC    : 0x4fc1b714  RA      : 0x480ef198  SP      : 0x485111e0  GP      : 0x4ff56f80  
[   7.65] TP      : 0x48511790  T0      : 0x0000000d  T1      : 0x90000000  T2      : 0xffffffff  
[   7.65] S0/FP   : 0x00000000  S1      : 0x00000014  A0      : 0x00000014  A1      : 0xffffffff  
[   7.65] A2      : 0x0000000a  A3      : 0x7f7f7f7f  A4      : 0x00000000  A5      : 0x00000018  
[   7.65] A6      : 0xa0000000  A7      : 0x0000000a  S2      : 0x4817f000  S3      : 0x00000009  
[   7.65] S4      : 0xffffffff  S5      : 0x0000000a  S6      : 0x00000002  S7      : 0x00000073  
[   7.65] S8      : 0x00000009  S9      : 0x00000000  S10     : 0xffffffff  S11     : 0x48511304  
[   7.65] T3      : 0x00000000  T4      : 0x00000000  T5      : 0xffffffff  T6      : 0x00000000  
[   7.65] MSTATUS : 0x00011881  MTVEC   : 0x4ff40003  MCAUSE  : 0x00000005  MTVAL   : 0x00000014  
[   7.65] MHARTID : 0x00000001  
[   7.65] 
[   7.65] Stack memory:
[   7.65] 485111e0: 0x00000001 0x4ff5ec14 0x4ff87710 0x4810dea6 0x00000000 0x00000000 0x00000000 0x00000000
[   7.65] 48511200: 0x00000000 0x00000001 0x0000004f 0x00000001 0x00000000 0x48113730 0x00000000 0x00000000
[   7.65] 48511220: 0x00000000 0x00000258 0xffffffc0 0x00000002 0x000003f0 0x4ff6da00 0x00000080 0x00000000
[   7.65] 48511240: 0x0012c000 0x482b4e80 0x00000006 0x4fc116ea 0x0012c000 0x482b4e80 0x00000006 0x4ff505c0
[   7.65] 48511260: 0x00000000 0x4ff6da00 0x482b4e80 0x0012c000 0x4ff4c35c 0x4ff4f440 0x485112f0 0x4ff56f80
[   7.65] 48511280: 0x48511790 0x4fc114ec 0x4ff4c640 0x00000001 0x00000000 0x4ff86da8 0x00000000 0x500e5014
[   7.65] 485112a0: 0x500e5010 0x00000004 0x00000000 0x0000001f 0x08000000 0x4fc11284 0x00000001 0x485116b4
[   7.65] 485112c0: 0x48110000 0x4ff6da00 0x000003f0 0x00000002 0x0000000a 0x00000000 0x00000000 0x482b4e80
[   7.65] 485112e0: 0x1fffffff 0x4ff6da00 0x48110000 0xffffffff 0x485112fc 0x00000001 0x00000007 0x4810de9d
[   7.65] 48511300: 0x00000007 0x4851139f 0x00000001 0x48110000 0x00000000 0x00000258 0xffffffc0 0x00000002
[   7.65] 48511320: 0x000003f0 0x4ff6da00 0x480feca0 0x00000004 0x4ff5dfa8 0x4ff86d90 0x4ff86a04 0x4802726e
[   7.65] 48511340: 0x480ffdd0 0x00000001 0x48511374 0x4802edda 0x00000000 0x480fefe4 0x4ff5c48c 0x00000000
[   7.65] 48511360: 0x480ff018 0x00000004 0x00000400 0x00000002 0x00000095 0x480ffd1c 0x480ffd1c 0x00010001
[   7.65] 48511380: 0x000003f0 0x000001c2 0x000003f3 0x00000202 0x00000041 0x00000000 0x00000000 0x30393134
[   7.65] 485113a0: 0xffffffff 0x00000000 0x482b4e80 0x0012c000 0x4ff4c35c 0x4ff4bb5e 0x48511430 0x4ff56f80
[   7.65] 485113c0: 0x48511790 0x00000000 0x381e0000 0x00003000 0x00000001 0x00000000 0x4850e5ec 0x500e5014
[   7.65] 485113e0: 0x500e5010 0x00000004 0x00000000 0x0000001f 0x00000004 0x00000002 0x4850e5ec 0x4850e598
[   7.65] 48511400: 0x4850e5bc 0x4851148c 0x02625a00 0x4850e49c 0x4850e4ac 0x00000000 0x00000000 0x00000000
[   7.65] 48511420: 0x00001113 0x4850e4ac 0x00000000 0x00000000 0x4810de50 0x4850e58c 0x4850e538 0x4ff4b6a0
[   7.65] 48511440: 0x00000012 0x485115c6 0x00000000 0x00000000 0x0000005c 0x00000000 0x00000000 0x00000cb5
[   7.65] 48511460: 0x000000ad 0x4850e4ac 0x4850e49c 0x00000000 0x00000006 0xffffffff 0x4850e188 0x480f27a6
[   7.65] 48511480: 0x00000012 0xffffffff 0x0001e188 0x00000001 0x0000005c 0x00000000 0x0000000a 0x4850e49c
[   7.65] 485114a0: 0x00000000 0x00000004 0x00000000 0x00000000 0x00000014 0x4850e52c 0x4850e4d8 0x4ff4b6d8
[   7.65] 485114c0: 0x00000006 0x4850e52c 0x00000000 0x00000000 0x4ff56ebc 0x0000000c 0x00000000 0x48114000
[   7.65] 485114e0: 0x48177000 0x00000004 0x48511520 0x00000000 0x00000004 0xffffffff 0x4850e5f8 0x480f2cf4
[   7.65] 48511500: 0x00000006 0xffffffff 0x00000002 0x4850e5f8 0x00000003 0xffffffff 0x485115c8 0x480f3d38
[   7.65] 48511520: 0x00003000 0x00000000 0x00000000 0x00000000 0x00000900 0x485115c6 0x00000000 0x00000002
[   7.65] 48511540: 0x00000900 0x485115f0 0x00000000 0x00000001 0x00001000 0x00000000 0x00000000 0x00000000
[   7.65] 48511560: 0x00000000 0x00000000 0x00000000 0x00000000 0x00000000 0x00000000 0x00000000 0x00000000
[   7.65] 48511580: 0x00000000 0x00000000 0x00000000 0x00000000 0x00000000 0x00000001 0x485115f0 0x48511600
[   7.65] 485115a0: 0x48511647 0x4810e000 0x00000000 0x00000000 0x00000000 0x00000001 0x4ff876a8 0x4ff4f1ee
[   7.93] 485115c0: 0x4ff5fa68 0x00000000 0x4ff5fa14 0x4ff4f3ee 0x00000000 0x00000001 0x4ff5fa14 0x4ff4b182
[   7.93] 
[   7.93] 
[   7.93] 
[   7.93] ELF file SHA256: 553f40a97
[   7.93] 
[   7.93] Rebooting...
[   7.93] ESP-ROM:esp32p4-eco7-20260109
[   7.93] Build:Jan  9 2026
[   7.93] rst:0xc (SW_CPU_RESET),boot:0xf (SPI_FAST_FLASH_BOOT)
[   7.93] Core0 Saved PC:0x4ff444de
[   7.93] Core1 Saved PC:0x4ff4ace6
[   7.93] SPI mode:DIO, clock div:1
[   7.93] load:0x4ffb60d0,len:0x11f0
[   7.93] load:0x4ffac2c0,len:0xd5c
[   7.93] load:0x4ffaefc0,len:0x3408
[   7.93] entry 0x4ffac2c0
[   7.93] I (229) hex_psram: vendor id    : 0x0d (AP)
[   7.93] I (229) hex_psram: Latency      : 0x01 (Fixed)
[   7.93] I (229) hex_psram: DriveStr.    : 0x00 (25 Ohm)
[   7.93] I (230) hex_psram: dev id       : 0x03 (generation 4)
[   7.93] I (235) hex_psram: density      : 0x07 (256 Mbit)
[   7.93] I (239) hex_psram: good-die     : 0x06 (Pass)
[   7.93] I (243) hex_psram: SRF          : 0x02 (Slow Refresh)
[   7.93] I (248) hex_psram: BurstType    : 0x00 ( Wrap)
[   7.93] I (252) hex_psram: BurstLen     : 0x03 (2048 Byte)
[   7.93] I (256) hex_psram: BitMode      : 0x01 (X16 Mode)
[   7.93] I (261) hex_psram: Readlatency  : 0x04 (14 cycles@Fixed)
[   7.93] I (266) hex_psram: DriveStrength: 0x00 (1/1)
[   7.93] I (270) MSPI Timing: Enter psram timing tuning
[   8.16] I esp_psram: Found 32MB PSRAM device
[   8.16] I esp_psram: Speed: 200MHz
[   8.16] I (457) mmu_psram: .rodata xip on psram
[   8.16] I (505) mmu_psram: .text xip on psram
[   8.16] I (506) hex_psram: psram CS IO is dedicated
[   8.16] I (506) cpu_start: Multicore app
[   8.80] I (934) esp_psram: SPI SRAM memory test OK
[   8.80] I (943) cpu_start: GPIO 38 and 37 are used as console UART I/O pins
[   8.80] I (944) cpu_start: Pro cpu start user code
[   8.80] I (944) cpu_start: cpu freq: 400000000 Hz
[   8.80] I (946) app_init: Application information:
[   8.80] I (949) app_init: Project name:     fnos_monitor
[   8.80] I (954) app_init: App version:      0.1.0
[   8.80] I (957) app_init: Compile time:     Sep 28 2026 07:59:20
[   8.80] I (962) app_init: ELF file SHA256:  553f40a97...
[   8.80] I (967) app_init: ESP-IDF:          5.5.3
[   8.80] I (971) efuse_init: Min chip rev:     v3.0
[   8.80] I (974) efuse_init: Max chip rev:     v3.99 
[   8.80] I (978) efuse_init: Chip rev:         v3.2
[   8.80] I (982) heap_init: Initializing. RAM available for dynamic allocation:
[   8.80] I (988) heap_init: At 4FF5E210 len 0005CDB0 (371 KiB): RETENT_RAM
[   8.80] I (994) heap_init: At 4FFBAFC0 len 00004BF0 (18 KiB): RAM
[   8.80] I (999) heap_init: At 501080D8 len 00000028 (0 KiB): RTCRAM
[   8.80] I (1005) heap_init: At 501081A0 len 00007E60 (31 KiB): RTCRAM
[   8.80] I (1010) heap_init: At 30100198 len 00001E68 (7 KiB): TCM
[   9.14] I (1015) esp_psram: Adding pool of 31215K of PSRAM memory to heap allocator
[   9.14] I (1022) esp_psram: Adding pool of 8K of PSRAM memory gap generated due to end address alignment of irom to the heap allocator
[   9.14] I (1033) esp_psram: Adding pool of 0K of PSRAM memory gap generated due to end address alignment of drom to the heap allocator
[   9.14] I (1044) spi_flash: detected chip: gd
[   9.14] I (1048) spi_flash: flash io: qio
[   9.14] I (1051) host_init: ESP Hosted : Host chip_ip[18]
[   9.14] I (1055) H_API: ESP-Hosted starting. Hosted_Tasks: prio:23, stack: 5120 RPC_task_stack: 5120
[   9.14] sdio_mempool_create free:32378696 min-free:32378696 lfb-def:31457280 lfb-8bit:31457280
[   9.14] 
[   9.14] I (1071) H_API: ** add_esp_wifi_remote_channels **
[   9.14] I (1076) transport: Add ESP-Hosted channel IF[1]: S[0] Tx[0x4800b6dc] Rx[0x4801a922]
[   9.14] I (1083) transport: Add ESP-Hosted channel IF[2]: S[0] Tx[0x4800b622] Rx[0x4801a922]
[   9.14] I (1091) sleep_gpio: Configure to isolate all GPIO pins in sleep state
[   9.14] I (1097) sleep_gpio: Enable automatic switching of GPIO sleep configuration
[   9.14] I (1104) main_task: Started on CPU0
[   9.14] I (1108) main_task: Calling app_main()
[   9.14] I (1114) main: fnOS NAS dashboard booting (agent http://192.168.0.119:8799)
[   9.14] I (1117) main: heap boot           internal=364KB largest=304KB dma=326KB psram=31220KB
[   9.14] I (1126) transport: Attempt connection with slave: retry[0]
[   9.14] I (1130) transport: Reset slave using GPIO[54]
[   9.14] I (1134) os_wrapper_esp: GPIO [54] configured
[  10.11] I (2304) sdio_wrapper: SDIO master: Data-Lines: 4-bit Freq(KHz)[40000 KHz]
[  10.11] I (2304) sdio_wrapper: GPIOs: CLK[18] CMD[19] D0[14] D1[15] D2[16] D3[17] Slave_Reset[54]
[  10.11] I (2304) H_SDIO_DRV: Starting SDIO process rx task
[  10.11] I (2307) sdio_wrapper: Queues: Tx[20] Rx[20] SDIO-Rx-Mode[1]
[  10.11] Name: 
[  10.11] Type: SDIO
[  10.11] Speed: 40.00 MHz (limit: 40.00 MHz)
[  10.11] Size: 0MB
[  10.11] CSD: ver=1, sector_size=0, capacity=0 read_bl_len=0
[  10.11] SCR: sd_spec=0, bus_width=0
[  10.11] TUPLE: DEVICE, size: 3: D9 01 FF 
[  10.11] TUPLE: MANFID, size: 4
[  10.11]   MANF: 0092, CARD: 6666
[  10.11] TUPLE: FUNCID, size: 2: 0C 00 
[  10.11] TUPLE: FUNCE, size: 4: 00 00 02 32 
[  10.11] TUPLE: CONFIG, size: 5: 01 01 00 02 07 
[  10.11] TUPLE: CFTABLE_ENTRY, size: 8
[  10.11]   INDX: C1, Intface: 1, Default: 1, Conf-Entry-Num: 1
[  10.11]   IF: 41
[  10.11]   FS: 30, misc: 0, mem_space: 1, irq: 1, io_space: 0, timing: 0, power: 0
[  10.11]   IR: 30, mask: 1,   IRQ: FF FF
[  10.11]   LEN: FFFF
[  10.11] TUPLE: END
[  10.11] I (2390) sdio_wrapper: Function 0 Blocksize: 512
[  10.11] I (2394) sdio_wrapper: Function 1 Blocksize: 512
[  10.12] I (2398) H_SDIO_DRV: SDIO Host operating in STREAMING MODE
[  10.12] I (2403) H_SDIO_DRV: generate slave intr
[  10.12] I (2410) transport: Received INIT event from ESP32 peripheral
[  10.12] I (2412) transport: EVENT: 12
[  10.12] I (2415) transport: EVENT: 11
[  10.12] I (2418) transport: capabilities: 0xd
[  10.12] I (2421) transport: Features supported are:
[  10.12] I (2425) transport: 	 * WLAN
[  10.46] I (2428) transport: 	   - HCI over SDIO
[  10.46] I (2431) transport: 	   - BLE only
[  10.46] I (2434) transport: EVENT: 13
[  10.46] I (2437) transport: ESP board type is : 13 
[  10.46] 
[  10.46] I (2441) transport: Base transport is set-up
[  10.46] 
[  10.46] I (2445) transport: Slave chip Id[12]
[  10.46] I (2449) hci_stub_drv: Host BT Support: Disabled
[  10.46] I (2453) H_SDIO_DRV: Received INIT event
[  11.14] I (3458) fnos_net: wifi station started; awaiting ip
[  11.14] I (3458) esp_lvgl:adapter: LVGL adapter initialized successfully
[  11.14] W (3459) ledc: GPIO 32 is not usable, maybe conflict with others
[  11.14] I (3463) ESP32_P4_EV: MIPI DSI PHY Powered on
[  11.14] I (3468) ESP32_P4_EV: Install MIPI DSI LCD control panel
[  11.14] I (3472) ESP32_P4_EV: Install EK79007 LCD control panel
[  11.14] I (3477) ek79007: version: 2.0.2
[  11.14] I (3479) H_API: esp_wifi_remote_connect
[  11.40] I (3654) ESP32_P4_EV: Display initialized
[  11.40] I (3655) esp_lvgl:bridge_v9: Initializing hardware resources
[  11.40] I (3655) esp_lvgl:bridge_v9: Hardware resources initialized successfully
[  11.40] I (3658) esp_lvgl:bridge: Initializing hardware resources
[  11.40] I (3663) esp_lvgl:bridge: Hardware resources initialized successfully
[  11.40] W (3669) esp_lvgl:bridge_v9: on_frame_buf_complete unavailable; buffer-switch release and dummy-draw may not function on MIPI DSI
[  11.40] I (3681) ESP32_P4_EV: Touch 0x5d found
[  11.40] I (3684) GT911: I2C address initialization procedure skipped - using default GT9xx setup
[  11.40] I (3692) GT911: TouchPad_ID:0x39,0x31,0x31
[  11.40] I (3696) GT911: TouchPad_Config_Version:91
[  11.40] W (3700) esp_lvgl:touch: LV_USE_GESTURE_RECOGNITION is disabled; only single-point pointer events are available
[  11.40] I (3709) esp_lvgl:touch: Touch input device registered successfully (IRQ mode: disabled)
[  11.40] I (3718) esp_lvgl:adapter: LVGL task started successfully
[  11.40] I (3722) ESP32_P4_EV: Setting LCD backlight: 100%
[  11.74] I (3727) ESP32_P4_EV: Setting LCD backlight: 45%
[  11.74] I (3731) main: heap display        internal=244KB largest=204KB dma=206KB psram=27578KB
[  11.74] I (3872) fnos_view: dashboard v2 created (4 pages, 180 s window)
[  11.74] I (3872) main: heap ui             internal=244KB largest=204KB dma=206KB psram=27490KB
[  11.74] I (3874) fnos_data: polling http://192.168.0.119:8799/api/v1/status every 1000 ms
[  11.74] I (3881) main: heap polling        internal=243KB largest=204KB dma=205KB psram=27476KB
[  11.74] I (3889) ESP32_P4_EV: Setting LCD backlight: 45%
[  11.74] I (3894) main: backlight 45% (day)
[  11.74] I (3897) main: boot complete
[  11.74] I (3899) main_task: Returned from app_main()
[  12.43] Guru Meditation Error: Core  1 panic'ed (Load access fault). Exception was unhandled.
[  12.43] 
[  12.43] Core  1 register dump:
[  12.43] MEPC    : 0x4fc1b714  RA      : 0x480ef198  SP      : 0x485111e0  GP      : 0x4ff56f80  
[  12.43] TP      : 0x48511790  T0      : 0x0000000d  T1      : 0x90000000  T2      : 0xffffffff  
[  12.43] S0/FP   : 0x00000000  S1      : 0x00000014  A0      : 0x00000014  A1      : 0xffffffff  
[  12.43] A2      : 0x0000000a  A3      : 0x7f7f7f7f  A4      : 0x00000000  A5      : 0x00000018  
[  12.43] A6      : 0xa0000000  A7      : 0x0000000a  S2      : 0x4817f000  S3      : 0x00000009  
[  12.43] S4      : 0xffffffff  S5      : 0x0000000a  S6      : 0x00000002  S7      : 0x00000073  
[  12.43] S8      : 0x00000009  S9      : 0x00000000  S10     : 0xffffffff  S11     : 0x48511304  
[  12.43] T3      : 0x00000000  T4      : 0x00000000  T5      : 0xffffffff  T6      : 0x00000000  
[  12.43] MSTATUS : 0x00011881  MTVEC   : 0x4ff40003  MCAUSE  : 0x00000005  MTVAL   : 0x00000014  
[  12.43] MHARTID : 0x00000001  
[  12.43] 
[  12.43] Stack memory:
[  12.43] 485111e0: 0x00000001 0x4ff5ec14 0x4ff87710 0x4810dea6 0x00000000 0x00000000 0x00000000 0x00000000
[  12.43] 48511200: 0x00000000 0x00000001 0x0000004f 0x00000001 0x00000000 0x48113730 0x00000000 0x00000000
[  12.43] 48511220: 0x00000000 0x00000258 0xffffffc0 0x00000002 0x000003f0 0x4ff6da00 0x00000080 0x00000000
[  12.43] 48511240: 0x0012c000 0x482b4e80 0x00000006 0x4fc116ea 0x0012c000 0x482b4e80 0x00000006 0x4ff505c0
[  12.43] 48511260: 0x00000000 0x4ff6da00 0x482b4e80 0x0012c000 0x4ff4c35e 0x4ff4f440 0x485112f0 0x4ff56f80
[  12.43] 48511280: 0x48511790 0x4fc114ec 0x4ff4c640 0x00000001 0x00000000 0x4ff86da8 0x00000000 0x500e5014
[  12.43] 485112a0: 0x500e5010 0x00000004 0x00000000 0x0000001f 0x08000000 0x4fc11284 0x00000001 0x485116b4
[  12.43] 485112c0: 0x48110000 0x4ff6da00 0x000003f0 0x00000002 0x0000000a 0x00000000 0x00000000 0x482b4e80
[  12.43] 485112e0: 0x1fffffff 0x4ff6da00 0x48110000 0xffffffff 0x485112fc 0x00000001 0x00000007 0x4810de9d
[  12.43] 48511300: 0x00000007 0x4851139f 0x00000001 0x48110000 0x00000000 0x00000258 0xffffffc0 0x00000002
[  12.43] 48511320: 0x000003f0 0x4ff6da00 0x480feca0 0x00000004 0x4ff5dfa8 0x4ff86d90 0x4ff86a04 0x4802726e
[  12.43] 48511340: 0x480ffdd0 0x00000001 0x48511374 0x4802edda 0x00000000 0x480fefe4 0x4ff5c48c 0x00000000
[  12.43] 48511360: 0x480ff018 0x00000004 0x00000400 0x00000002 0x00000095 0x480ffd1c 0x480ffd1c 0x00010001
[  12.43] 48511380: 0x000003f0 0x000001c2 0x000003f3 0x00000202 0x00000041 0x00000000 0x00000000 0x30393134
[  12.43] 485113a0: 0xffffffff 0x00000000 0x482b4e80 0x0012c000 0x4ff4c35e 0x4ff4bb5e 0x48511430 0x4ff56f80
[  12.43] 485113c0: 0x48511790 0x00000000 0x381e0000 0x00003000 0x00000001 0x00000000 0x4850e5ec 0x500e5014
[  12.43] 485113e0: 0x500e5010 0x00000004 0x00000000 0x0000001f 0x00000004 0x00000002 0x4850e5ec 0x4850e598
[  12.43] 48511400: 0x4850e5bc 0x4851148c 0x02625a00 0x4850e49c 0x4850e4ac 0x00000000 0x00000000 0x00000000
[  12.43] 48511420: 0x00001114 0x4850e4ac 0x00000000 0x00000000 0x4810de50 0x4850e58c 0x4850e538 0x4ff4b6a0
[  12.43] 48511440: 0x00000012 0x485115c6 0x00000000 0x00000000 0x0000005c 0x00000000 0x00000000 0x00000cb5
[  12.43] 48511460: 0x000000ad 0x4850e4ac 0x4850e49c 0x00000000 0x00000006 0xffffffff 0x4850e188 0x480f27a6
[  12.43] 48511480: 0x00000012 0xffffffff 0x0001e188 0x00000001 0x0000005c 0x00000000 0x0000000a 0x4850e49c
[  12.43] 485114a0: 0x00000000 0x00000004 0x00000000 0x00000000 0x00000014 0x4850e52c 0x4850e4d8 0x4ff4b6d8
[  12.43] 485114c0: 0x00000006 0x4850e52c 0x00000000 0x00000000 0x4ff56ebc 0x0000000c 0x00000000 0x48114000
[  12.43] 485114e0: 0x48177000 0x00000004 0x48511520 0x00000000 0x00000004 0xffffffff 0x4850e5f8 0x480f2cf4
[  12.43] 48511500: 0x00000006 0xffffffff 0x00000002 0x4850e5f8 0x00000003 0xffffffff 0x485115c8 0x480f3d38
[  12.43] 48511520: 0x00003000 0x00000000 0x00000000 0x00000000 0x00000900 0x485115c6 0x00000000 0x00000002
[  12.43] 48511540: 0x00000900 0x485115f0 0x00000000 0x00000001 0x00001000 0x00000000 0x00000000 0x00000000
[  12.43] 48511560: 0x00000000 0x00000000 0x00000000 0x00000000 0x00000000 0x00000000 0x00000000 0x00000000
[  12.43] 48511580: 0x00000000 0x00000000 0x00000000 0x00000000 0x00000000 0x00000001 0x485115f0 0x48511600
[  12.43] 485115a0: 0x48511647 0x4810e000 0x00000000 0x00000000 0x00000000 0x00000001 0x4ff876a8 0x4ff4f1ee
[  12.72] 485115c0: 0x4ff5fa68 0x00000000 0x4ff5fa14 0x4ff4f3ee 0x00000000 0x00000001 0x4ff5fa14 0x4ff4b182
[  12.72] 
[  12.72] 
[  12.72] 
[  12.72] ELF file SHA256: 553f40a97
[  12.72] 
[  12.72] Rebooting...
[  12.72] ESP-ROM:esp32p4-eco7-20260109
[  12.72] Build:Jan  9 2026
[  12.72] rst:0xc (SW_CPU_RESET),boot:0xf (SPI_FAST_FLASH_BOOT)
[  12.72] Core0 Saved PC:0x4ff444de
[  12.72] Core1 Saved PC:0x4ff4ace6
[  12.72] SPI mode:DIO, clock div:1
[  12.72] load:0x4ffb60d0,len:0x11f0
[  12.72] load:0x4ffac2c0,len:0xd5c
[  12.72] load:0x4ffaefc0,len:0x3408
[  12.72] entry 0x4ffac2c0
[  12.72] I (229) hex_psram: vendor id    : 0x0d (AP)
[  12.72] I (229) hex_psram: Latency      : 0x01 (Fixed)
[  12.72] I (229) hex_psram: DriveStr.    : 0x00 (25 Ohm)
[  12.72] I (230) hex_psram: dev id       : 0x03 (generation 4)
[  12.72] I (235) hex_psram: density      : 0x07 (256 Mbit)
[  12.72] I (239) hex_psram: good-die     : 0x06 (Pass)
[  12.72] I (243) hex_psram: SRF          : 0x02 (Slow Refresh)
[  12.72] I (248) hex_psram: BurstType    : 0x00 ( Wrap)
[  12.72] I (252) hex_psram: BurstLen     : 0x03 (2048 Byte)
[  12.72] I (256) hex_psram: BitMode      : 0x01 (X16 Mode)
[  12.72] I (261) hex_psram: Readlatency  : 0x04 (14 cycles@Fixed)
[  12.72] I (266) hex_psram: DriveStrength: 0x00 (1/1)
[  12.72] I (270) MSPI Timing: Enter psram timing tuning
[  12.95] I esp_psram: Found 32MB PSRAM device
[  12.95] I esp_psram: Speed: 200MHz
[  12.95] I (457) mmu_psram: .rodata xip on psram
[  12.95] I (505) mmu_psram: .text xip on psram
[  12.95] I (505) hex_psram: psram CS IO is dedicated
[  12.95] I (506) cpu_start: Multicore app
[  13.58] I (934) esp_psram: SPI SRAM memory test OK
[  13.58] I (943) cpu_start: GPIO 38 and 37 are used as console UART I/O pins
[  13.58] I (944) cpu_start: Pro cpu start user code
[  13.58] I (944) cpu_start: cpu freq: 400000000 Hz
[  13.58] I (946) app_init: Application information:
[  13.58] I (949) app_init: Project name:     fnos_monitor
[  13.58] I (954) app_init: App version:      0.1.0
[  13.58] I (957) app_init: Compile time:     Sep 28 2026 07:59:20
[  13.58] I (962) app_init: ELF file SHA256:  553f40a97...
[  13.58] I (967) app_init: ESP-IDF:          5.5.3
[  13.58] I (971) efuse_init: Min chip rev:     v3.0
[  13.58] I (974) efuse_init: Max chip rev:     v3.99 
[  13.58] I (978) efuse_init: Chip rev:         v3.2
[  13.58] I (982) heap_init: Initializing. RAM available for dynamic allocation:
[  13.58] I (988) heap_init: At 4FF5E210 len 0005CDB0 (371 KiB): RETENT_RAM
[  13.58] I (994) heap_init: At 4FFBAFC0 len 00004BF0 (18 KiB): RAM
[  13.58] I (999) heap_init: At 501080D8 len 00000028 (0 KiB): RTCRAM
[  13.58] I (1005) heap_init: At 501081A0 len 00007E60 (31 KiB): RTCRAM
[  13.58] I (1010) heap_init: At 30100198 len 00001E68 (7 KiB): TCM
[  13.93] I (1015) esp_psram: Adding pool of 31215K of PSRAM memory to heap allocator
[  13.93] I (1022) esp_psram: Adding pool of 8K of PSRAM memory gap generated due to end address alignment of irom to the heap allocator
[  13.93] I (1033) esp_psram: Adding pool of 0K of PSRAM memory gap generated due to end address alignment of drom to the heap allocator
[  13.93] I (1044) spi_flash: detected chip: gd
[  13.93] I (1048) spi_flash: flash io: qio
[  13.93] I (1051) host_init: ESP Hosted : Host chip_ip[18]
[  13.93] I (1055) H_API: ESP-Hosted starting. Hosted_Tasks: prio:23, stack: 5120 RPC_task_stack: 5120
[  13.93] sdio_mempool_create free:32378696 min-free:32378696 lfb-def:31457280 lfb-8bit:31457280
[  13.93] 
[  13.93] I (1071) H_API: ** add_esp_wifi_remote_channels **
[  13.93] I (1076) transport: Add ESP-Hosted channel IF[1]: S[0] Tx[0x4800b6dc] Rx[0x4801a922]
[  13.93] I (1083) transport: Add ESP-Hosted channel IF[2]: S[0] Tx[0x4800b622] Rx[0x4801a922]
[  13.93] I (1091) sleep_gpio: Configure to isolate all GPIO pins in sleep state
[  13.93] I (1097) sleep_gpio: Enable automatic switching of GPIO sleep configuration
[  13.93] I (1104) main_task: Started on CPU0
[  13.93] I (1108) main_task: Calling app_main()
[  13.93] I (1114) main: fnOS NAS dashboard booting (agent http://192.168.0.119:8799)
[  13.93] I (1117) main: heap boot           internal=364KB largest=304KB dma=326KB psram=31220KB
[  13.93] I (1126) transport: Attempt connection with slave: retry[0]
[  13.93] I (1130) transport: Reset slave using GPIO[54]
[  13.93] I (1134) os_wrapper_esp: GPIO [54] configured
[  14.90] I (2304) sdio_wrapper: SDIO master: Data-Lines: 4-bit Freq(KHz)[40000 KHz]
[  14.90] I (2304) sdio_wrapper: GPIOs: CLK[18] CMD[19] D0[14] D1[15] D2[16] D3[17] Slave_Reset[54]
[  14.90] I (2304) H_SDIO_DRV: Starting SDIO process rx task
[  14.90] I (2307) sdio_wrapper: Queues: Tx[20] Rx[20] SDIO-Rx-Mode[1]
[  14.90] Name: 
[  14.90] Type: SDIO
[  14.90] Speed: 40.00 MHz (limit: 40.00 MHz)
[  14.90] Size: 0MB
[  14.90] CSD: ver=1, sector_size=0, capacity=0 read_bl_len=0
[  14.90] SCR: sd_spec=0, bus_width=0
[  14.90] TUPLE: DEVICE, size: 3: D9 01 FF 
[  14.90] TUPLE: MANFID, size: 4
[  14.90]   MANF: 0092, CARD: 6666
[  14.90] TUPLE: FUNCID, size: 2: 0C 00 
[  14.90] TUPLE: FUNCE, size: 4: 00 00 02 32 
[  14.90] TUPLE: CONFIG, size: 5: 01 01 00 02 07 
[  14.90] TUPLE: CFTABLE_ENTRY, size: 8
[  14.90]   INDX: C1, Intface: 1, Default: 1, Conf-Entry-Num: 1
[  14.90]   IF: 41
[  14.90]   FS: 30, misc: 0, mem_space: 1, irq: 1, io_space: 0, timing: 0, power: 0
[  14.90]   IR: 30, mask: 1,   IRQ: FF FF
[  14.90]   LEN: FFFF
[  14.90] TUPLE: END
[  14.90] I (2390) sdio_wrapper: Function 0 Blocksize: 512
[  14.90] I (2394) sdio_wrapper: Function 1 Blocksize: 512
[  14.90] I (2398) H_SDIO_DRV: SDIO Host operating in STREAMING MODE
[  14.90] I (2403) H_SDIO_DRV: generate slave intr
[  14.90] I (2409) transport: Received INIT event from ESP32 peripheral
[  14.90] I (2412) transport: EVENT: 12
[  14.90] I (2415) transport: EVENT: 11
[  14.90] I (2418) transport: capabilities: 0xd
[  14.90] I (2421) transport: Features supported are:
[  14.90] I (2425) transport: 	 * WLAN
[  15.24] I (2428) transport: 	   - HCI over SDIO
[  15.24] I (2431) transport: 	   - BLE only
[  15.24] I (2434) transport: EVENT: 13
[  15.24] I (2437) transport: ESP board type is : 13 
[  15.24] 
[  15.24] I (2441) transport: Base transport is set-up
[  15.24] 
[  15.24] I (2445) transport: Slave chip Id[12]
[  15.24] I (2449) hci_stub_drv: Host BT Support: Disabled
[  15.24] I (2453) H_SDIO_DRV: Received INIT event
[  16.18] I (3458) fnos_net: wifi station started; awaiting ip
[  16.18] I (3458) esp_lvgl:adapter: LVGL adapter initialized successfully
[  16.18] W (3459) ledc: GPIO 32 is not usable, maybe conflict with others
[  16.18] I (3463) ESP32_P4_EV: MIPI DSI PHY Powered on
[  16.18] I (3468) ESP32_P4_EV: Install MIPI DSI LCD control panel
[  16.18] I (3472) ESP32_P4_EV: Install EK79007 LCD control panel
[  16.18] I (3477) ek79007: version: 2.0.2
[  16.18] I (3479) H_API: esp_wifi_remote_connect
[  16.18] I (3654) ESP32_P4_EV: Display initialized
[  16.18] I (3655) esp_lvgl:bridge_v9: Initializing hardware resources
[  16.18] I (3655) esp_lvgl:bridge_v9: Hardware resources initialized successfully
[  16.18] I (3658) esp_lvgl:bridge: Initializing hardware resources
[  16.18] I (3663) esp_lvgl:bridge: Hardware resources initialized successfully
[  16.18] W (3669) esp_lvgl:bridge_v9: on_frame_buf_complete unavailable; buffer-switch release and dummy-draw may not function on MIPI DSI
[  16.18] I (3681) ESP32_P4_EV: Touch 0x5d found
[  16.18] I (3684) GT911: I2C address initialization procedure skipped - using default GT9xx setup
[  16.18] I (3692) GT911: TouchPad_ID:0x39,0x31,0x31
[  16.18] I (3696) GT911: TouchPad_Config_Version:91
[  16.18] W (3700) esp_lvgl:touch: LV_USE_GESTURE_RECOGNITION is disabled; only single-point pointer events are available
[  16.18] I (3709) esp_lvgl:touch: Touch input device registered successfully (IRQ mode: disabled)
[  16.18] I (3718) esp_lvgl:adapter: LVGL task started successfully
[  16.18] I (3722) ESP32_P4_EV: Setting LCD backlight: 100%
[  16.53] I (3727) ESP32_P4_EV: Setting LCD backlight: 45%
[  16.53] I (3731) main: heap display        internal=244KB largest=204KB dma=206KB psram=27578KB
[  16.53] I (3872) fnos_view: dashboard v2 created (4 pages, 180 s window)
[  16.53] I (3872) main: heap ui             internal=244KB largest=204KB dma=206KB psram=27490KB
[  16.53] I (3874) fnos_data: polling http://192.168.0.119:8799/api/v1/status every 1000 ms
[  16.53] I (3881) main: heap polling        internal=243KB largest=204KB dma=205KB psram=27476KB
[  16.53] I (3889) ESP32_P4_EV: Setting LCD backlight: 45%
[  16.53] I (3893) main: backlight 45% (day)
[  16.53] I (3897) main: boot complete
[  16.53] I (3899) main_task: Returned from app_main()
[  17.22] Guru Meditation Error: Core  1 panic'ed (Load access fault). Exception was unhandled.
[  17.22] 
[  17.22] Core  1 register dump:
[  17.22] MEPC    : 0x4fc1b714  RA      : 0x480ef198  SP      : 0x485111e0  GP      : 0x4ff56f80  
[  17.22] TP      : 0x48511790  T0      : 0x0000000d  T1      : 0x90000000  T2      : 0xffffffff  
[  17.22] S0/FP   : 0x00000000  S1      : 0x00000014  A0      : 0x00000014  A1      : 0xffffffff  
[  17.22] A2      : 0x0000000a  A3      : 0x7f7f7f7f  A4      : 0x00000000  A5      : 0x00000018  
[  17.22] A6      : 0xa0000000  A7      : 0x0000000a  S2      : 0x4817f000  S3      : 0x00000009  
[  17.22] S4      : 0xffffffff  S5      : 0x0000000a  S6      : 0x00000002  S7      : 0x00000073  
[  17.22] S8      : 0x00000009  S9      : 0x00000000  S10     : 0xffffffff  S11     : 0x48511304  
[  17.22] T3      : 0x00000000  T4      : 0x00000000  T5      : 0xffffffff  T6      : 0x00000000  
[  17.22] MSTATUS : 0x00011881  MTVEC   : 0x4ff40003  MCAUSE  : 0x00000005  MTVAL   : 0x00000014  
[  17.22] MHARTID : 0x00000001  
[  17.22] 
[  17.22] Stack memory:
[  17.22] 485111e0: 0x00000001 0x4ff5ec14 0x4ff87710 0x4810dea6 0x00000000 0x00000000 0x00000000 0x00000000
[  17.22] 48511200: 0x00000000 0x00000001 0x0000004f 0x00000001 0x00000000 0x48113730 0x00000000 0x00000000
[  17.22] 48511220: 0x00000000 0x00000258 0xffffffc0 0x00000002 0x000003f0 0x4ff6da00 0x00000080 0x00000000
[  17.22] 48511240: 0x0012c000 0x482b4e80 0x00000006 0x4fc116ea 0x0012c000 0x482b4e80 0x00000006 0x4ff505c0
[  17.22] 48511260: 0x00000000 0x4ff6da00 0x482b4e80 0x0012c000 0x4ff4c35e 0x4ff4f440 0x485112f0 0x4ff56f80
[  17.22] 48511280: 0x48511790 0x4fc114ec 0x4ff4c640 0x00000001 0x00000000 0x4ff86da8 0x00000000 0x500e5014
[  17.22] 485112a0: 0x500e5010 0x00000004 0x00000000 0x0000001f 0x08000000 0x4fc11284 0x00000001 0x485116b4
[  17.22] 485112c0: 0x48110000 0x4ff6da00 0x000003f0 0x00000002 0x0000000a 0x00000000 0x00000000 0x482b4e80
[  17.22] 485112e0: 0x1fffffff 0x4ff6da00 0x48110000 0xffffffff 0x485112fc 0x00000001 0x00000007 0x4810de9d
[  17.22] 48511300: 0x00000007 0x4851139f 0x00000001 0x48110000 0x00000000 0x00000258 0xffffffc0 0x00000002
[  17.22] 48511320: 0x000003f0 0x4ff6da00 0x480feca0 0x00000004 0x4ff5dfa8 0x4ff86d90 0x4ff86a04 0x4802726e
[  17.22] 48511340: 0x480ffdd0 0x00000001 0x48511374 0x4802edda 0x00000000 0x480fefe4 0x4ff5c48c 0x00000000
[  17.22] 48511360: 0x480ff018 0x00000004 0x00000400 0x00000002 0x00000095 0x480ffd1c 0x480ffd1c 0x00010001
[  17.22] 48511380: 0x000003f0 0x000001c2 0x000003f3 0x00000202 0x00000041 0x00000000 0x00000000 0x30393134
[  17.22] 485113a0: 0xffffffff 0x00000000 0x482b4e80 0x0012c000 0x4ff4c35c 0x4ff4bb5e 0x48511430 0x4ff56f80
[  17.22] 485113c0: 0x48511790 0x00000000 0x381e0000 0x00003000 0x00000001 0x00000000 0x4850e5ec 0x500e5014
[  17.22] 485113e0: 0x500e5010 0x00000004 0x00000000 0x0000001f 0x00000004 0x00000002 0x4850e5ec 0x4850e598
[  17.22] 48511400: 0x4850e5bc 0x4851148c 0x02625a00 0x4850e49c 0x4850e4ac 0x00000000 0x00000000 0x00000000
[  17.22] 48511420: 0x00001114 0x4850e4ac 0x00000000 0x00000000 0x4810de50 0x4850e58c 0x4850e538 0x4ff4b6a0
[  17.22] 48511440: 0x00000012 0x485115c6 0x00000000 0x00000000 0x0000005c 0x00000000 0x00000000 0x00000cb5
[  17.22] 48511460: 0x000000ad 0x4850e4ac 0x4850e49c 0x00000000 0x00000006 0xffffffff 0x4850e188 0x480f27a6
[  17.22] 48511480: 0x00000012 0xffffffff 0x0001e188 0x00000001 0x0000005c 0x00000000 0x0000000a 0x4850e49c
[  17.22] 485114a0: 0x00000000 0x00000004 0x00000000 0x00000000 0x00000014 0x4850e52c 0x4850e4d8 0x4ff4b6d8
[  17.22] 485114c0: 0x00000006 0x4850e52c 0x00000000 0x00000000 0x4ff56ebc 0x0000000c 0x00000000 0x48114000
[  17.22] 485114e0: 0x48177000 0x00000004 0x48511520 0x00000000 0x00000004 0xffffffff 0x4850e5f8 0x480f2cf4
[  17.22] 48511500: 0x00000006 0xffffffff 0x00000002 0x4850e5f8 0x00000003 0xffffffff 0x485115c8 0x480f3d38
[  17.22] 48511520: 0x00003000 0x00000000 0x00000000 0x00000000 0x00000900 0x485115c6 0x00000000 0x00000002
[  17.22] 48511540: 0x00000900 0x485115f0 0x00000000 0x00000001 0x00001000 0x00000000 0x00000000 0x00000000
[  17.22] 48511560: 0x00000000 0x00000000 0x00000000 0x00000000 0x00000000 0x00000000 0x00000000 0x00000000
[  17.22] 48511580: 0x00000000 0x00000000 0x00000000 0x00000000 0x00000000 0x00000001 0x485115f0 0x48511600
[  17.22] 485115a0: 0x48511647 0x4810e000 0x00000000 0x00000000 0x00000000 0x00000001 0x4ff876a8 0x4ff4f1ee
[  17.50] 485115c0: 0x4ff5fa68 0x00000000 0x4ff5fa14 0x4ff4f3ee 0x00000000 0x00000001 0x4ff5fa14 0x4ff4b182
[  17.50] 
[  17.50] 
[  17.50] 
[  17.50] ELF file SHA256: 553f40a97
[  17.50] 
[  17.50] Rebooting...
[  17.50] ESP-ROM:esp32p4-eco7-20260109
[  17.50] Build:Jan  9 2026
[  17.50] rst:0xc (SW_CPU_RESET),boot:0xf (SPI_FAST_FLASH_BOOT)
[  17.50] Core0 Saved PC:0x4ff444de
[  17.50] Core1 Saved PC:0x4ff4ace6
[  17.50] SPI mode:DIO, clock div:1
[  17.50] load:0x4ffb60d0,len:0x11f0
[  17.50] load:0x4ffac2c0,len:0xd5c
[  17.50] load:0x4ffaefc0,len:0x3408
[  17.50] entry 0x4ffac2c0
[  17.50] I (229) hex_psram: vendor id    : 0x0d (AP)
[  17.50] I (229) hex_psram: Latency      : 0x01 (Fixed)
[  17.50] I (229) hex_psram: DriveStr.    : 0x00 (25 Ohm)
[  17.50] I (230) hex_psram: dev id       : 0x03 (generation 4)
[  17.50] I (235) hex_psram: density      : 0x07 (256 Mbit)
[  17.50] I (239) hex_psram: good-die     : 0x06 (Pass)
[  17.50] I (243) hex_psram: SRF          : 0x02 (Slow Refresh)
[  17.50] I (248) hex_psram: BurstType    : 0x00 ( Wrap)
[  17.50] I (252) hex_psram: BurstLen     : 0x03 (2048 Byte)
[  17.50] I (256) hex_psram: BitMode      : 0x01 (X16 Mode)
[  17.50] I (261) hex_psram: Readlatency  : 0x04 (14 cycles@Fixed)
[  17.50] I (266) hex_psram: DriveStrength: 0x00 (1/1)
[  17.50] I (270) MSPI Timing: Enter psram timing tuning
[  17.73] I esp_psram: Found 32MB PSRAM device
[  17.73] I esp_psram: Speed: 200MHz
[  17.73] I (457) mmu_psram: .rodata xip on psram
[  17.73] I (505) mmu_psram: .text xip on psram
[  17.73] I (506) hex_psram: psram CS IO is dedicated
[  17.73] I (506) cpu_start: Multicore app
[  18.37] I (934) esp_psram: SPI SRAM memory test OK
[  18.37] I (943) cpu_start: GPIO 38 and 37 are used as console UART I/O pins
[  18.37] I (944) cpu_start: Pro cpu start user code
[  18.37] I (944) cpu_start: cpu freq: 400000000 Hz
[  18.37] I (946) app_init: Application information:
[  18.37] I (949) app_init: Project name:     fnos_monitor
[  18.37] I (954) app_init: App version:      0.1.0
[  18.37] I (957) app_init: Compile time:     Sep 28 2026 07:59:20
[  18.37] I (962) app_init: ELF file SHA256:  553f40a97...
[  18.37] I (967) app_init: ESP-IDF:          5.5.3
[  18.37] I (971) efuse_init: Min chip rev:     v3.0
[  18.37] I (974) efuse_init: Max chip rev:     v3.99 
[  18.37] I (978) efuse_init: Chip rev:         v3.2
[  18.37] I (982) heap_init: Initializing. RAM available for dynamic allocation:
[  18.37] I (988) heap_init: At 4FF5E210 len 0005CDB0 (371 KiB): RETENT_RAM
[  18.37] I (994) heap_init: At 4FFBAFC0 len 00004BF0 (18 KiB): RAM
[  18.37] I (999) heap_init: At 501080D8 len 00000028 (0 KiB): RTCRAM
[  18.37] I (1005) heap_init: At 501081A0 len 00007E60 (31 KiB): RTCRAM
[  18.37] I (1010) heap_init: At 30100198 len 00001E68 (7 KiB): TCM
[  18.69] I (1015) esp_psram: Adding pool of 31215K of PSRAM memory to heap allocator
[  18.69] I (1022) esp_psram: Adding pool of 8K of PSRAM memory gap generated due to end address alignment of irom to the heap allocator
[  18.69] I (1033) esp_psram: Adding pool of 0K of PSRAM memory gap generated due to end address alignment of drom to the heap allocator
[  18.69] I (1044) spi_flash: detected chip: gd
[  18.69] I (1048) spi_flash: flash io: qio
[  18.69] I (1051) host_init: ESP Hosted : Host chip_ip[18]
[  18.69] I (1055) H_API: ESP-Hosted starting. Hosted_Tasks: prio:23, stack: 5120 RPC_task_stack: 5120
[  18.69] sdio_mempool_create free:32378696 min-free:32378696 lfb-def:31457280 lfb-8bit:31457280
[  18.69] 
[  18.69] I (1071) H_API: ** add_esp_wifi_remote_channels **
[  18.69] I (1076) transport: Add ESP-Hosted channel IF[1]: S[0] Tx[0x4800b6dc] Rx[0x4801a922]
[  18.69] I (1083) transport: Add ESP-Hosted channel IF[2]: S[0] Tx[0x4800b622] Rx[0x4801a922]
[  18.69] I (1091) sleep_gpio: Configure to isolate all GPIO pins in sleep state
[  18.69] I (1097) sleep_gpio: Enable automatic switching of GPIO sleep configuration
[  18.69] I (1104) main_task: Started on CPU0
[  18.69] I (1108) main_task: Calling app_main()
[  18.69] I (1114) main: fnOS NAS dashboard booting (agent http://192.168.0.119:8799)
[  18.69] I (1117) main: heap boot           internal=364KB largest=304KB dma=326KB psram=31220KB
[  18.69] I (1126) transport: Attempt connection with slave: retry[0]
[  18.69] I (1130) transport: Reset slave using GPIO[54]
[  18.69] I (1134) os_wrapper_esp: GPIO [54] configured
[  19.68] I (2304) sdio_wrapper: SDIO master: Data-Lines: 4-bit Freq(KHz)[40000 KHz]
[  19.69] I (2304) sdio_wrapper: GPIOs: CLK[18] CMD[19] D0[14] D1[15] D2[16] D3[17] Slave_Reset[54]
[  19.69] I (2304) H_SDIO_DRV: Starting SDIO process rx task
[  19.69] I (2307) sdio_wrapper: Queues: Tx[20] Rx[20] SDIO-Rx-Mode[1]
[  19.69] Name: 
[  19.69] Type: SDIO
[  19.69] Speed: 40.00 MHz (limit: 40.00 MHz)
[  19.69] Size: 0MB
[  19.69] CSD: ver=1, sector_size=0, capacity=0 read_bl_len=0
[  19.69] SCR: sd_spec=0, bus_width=0
[  19.69] TUPLE: DEVICE, size: 3: D9 01 FF 
[  19.69] TUPLE: MANFID, size: 4
[  19.69]   MANF: 0092, CARD: 6666
[  19.69] TUPLE: FUNCID, size: 2: 0C 00 
[  19.69] TUPLE: FUNCE, size: 4: 00 00 02 32 
[  19.69] TUPLE: CONFIG, size: 5: 01 01 00 02 07 
[  19.69] TUPLE: CFTABLE_ENTRY, size: 8
[  19.69]   INDX: C1, Intface: 1, Default: 1, Conf-Entry-Num: 1
[  19.69]   IF: 41
[  19.69]   FS: 30, misc: 0, mem_space: 1, irq: 1, io_space: 0, timing: 0, power: 0
[  19.69]   IR: 30, mask: 1,   IRQ: FF FF
[  19.69]   LEN: FFFF
[  19.69] TUPLE: END
[  19.69] I (2390) sdio_wrapper: Function 0 Blocksize: 512
[  19.69] I (2394) sdio_wrapper: Function 1 Blocksize: 512
[  19.69] I (2398) H_SDIO_DRV: SDIO Host operating in STREAMING MODE
[  19.69] I (2403) H_SDIO_DRV: generate slave intr
[  19.69] I (2410) transport: Received INIT event from ESP32 peripheral
[  19.69] I (2412) transport: EVENT: 12
[  19.69] I (2415) transport: EVENT: 11
[  19.69] I (2418) transport: capabilities: 0xd
[  19.69] I (2421) transport: Features supported are:
[  19.69] I (2425) transport: 	 * WLAN
[  20.03] I (2428) transport: 	   - HCI over SDIO
[  20.03] I (2431) transport: 	   - BLE only
[  20.03] I (2434) transport: EVENT: 13
[  20.03] I (2437) transport: ESP board type is : 13 
[  20.03] 
[  20.03] I (2441) transport: Base transport is set-up
[  20.03] 
[  20.03] I (2445) transport: Slave chip Id[12]
[  20.03] I (2449) hci_stub_drv: Host BT Support: Disabled
[  20.03] I (2453) H_SDIO_DRV: Received INIT event
[  20.71] I (3458) fnos_net: wifi station started; awaiting ip
[  20.71] I (3458) esp_lvgl:adapter: LVGL adapter initialized successfully
[  20.71] W (3459) ledc: GPIO 32 is not usable, maybe conflict with others
[  20.71] I (3463) ESP32_P4_EV: MIPI DSI PHY Powered on
[  20.71] I (3468) ESP32_P4_EV: Install MIPI DSI LCD control panel
[  20.71] I (3472) ESP32_P4_EV: Install EK79007 LCD control panel
[  20.71] I (3477) ek79007: version: 2.0.2
[  20.71] I (3479) H_API: esp_wifi_remote_connect
[  20.97] I (3654) ESP32_P4_EV: Display initialized
[  20.97] I (3655) esp_lvgl:bridge_v9: Initializing hardware resources
[  20.97] I (3655) esp_lvgl:bridge_v9: Hardware resources initialized successfully
[  20.97] I (3658) esp_lvgl:bridge: Initializing hardware resources
[  20.97] I (3663) esp_lvgl:bridge: Hardware resources initialized successfully
[  20.97] W (3669) esp_lvgl:bridge_v9: on_frame_buf_complete unavailable; buffer-switch release and dummy-draw may not function on MIPI DSI
[  20.97] I (3681) ESP32_P4_EV: Touch 0x5d found
[  20.97] I (3684) GT911: I2C address initialization procedure skipped - using default GT9xx setup
[  20.97] I (3692) GT911: TouchPad_ID:0x39,0x31,0x31
[  20.97] I (3696) GT911: TouchPad_Config_Version:91
[  20.97] W (3700) esp_lvgl:touch: LV_USE_GESTURE_RECOGNITION is disabled; only single-point pointer events are available
[  20.97] I (3709) esp_lvgl:touch: Touch input device registered successfully (IRQ mode: disabled)
[  20.97] I (3718) esp_lvgl:adapter: LVGL task started successfully
[  20.97] I (3722) ESP32_P4_EV: Setting LCD backlight: 100%
[  21.31] I (3727) ESP32_P4_EV: Setting LCD backlight: 45%
[  21.31] I (3731) main: heap display        internal=244KB largest=204KB dma=206KB psram=27578KB
[  21.31] I (3872) fnos_view: dashboard v2 created (4 pages, 180 s window)
[  21.31] I (3872) main: heap ui             internal=244KB largest=204KB dma=206KB psram=27490KB
[  21.31] I (3874) fnos_data: polling http://192.168.0.119:8799/api/v1/status every 1000 ms
[  21.31] I (3881) main: heap polling        internal=243KB largest=204KB dma=205KB psram=27476KB
[  21.31] I (3889) ESP32_P4_EV: Setting LCD backlight: 45%
[  21.31] I (3894) main: backlight 45% (day)
[  21.31] I (3897) main: boot complete
[  21.31] I (3899) main_task: Returned from app_main()
[  22.00] Guru Meditation Error: Core  1 panic'ed (Load access fault). Exception was unhandled.
[  22.00] 
[  22.00] Core  1 register dump:
[  22.00] MEPC    : 0x4fc1b714  RA      : 0x480ef198  SP      : 0x485111e0  GP      : 0x4ff56f80  
[  22.00] TP      : 0x48511790  T0      : 0x0000000d  T1      : 0x90000000  T2      : 0xffffffff  
[  22.00] S0/FP   : 0x00000000  S1      : 0x00000014  A0      : 0x00000014  A1      : 0xffffffff  
[  22.00] A2      : 0x0000000a  A3      : 0x7f7f7f7f  A4      : 0x00000000  A5      : 0x00000018  
[  22.00] A6      : 0xa0000000  A7      : 0x0000000a  S2      : 0x4817f000  S3      : 0x00000009  
[  22.00] S4      : 0xffffffff  S5      : 0x0000000a  S6      : 0x00000002  S7      : 0x00000073  
[  22.00] S8      : 0x00000009  S9      : 0x00000000  S10     : 0xffffffff  S11     : 0x48511304  
[  22.00] T3      : 0x00000000  T4      : 0x00000000  T5      : 0xffffffff  T6      : 0x00000000  
[  22.00] MSTATUS : 0x00011881  MTVEC   : 0x4ff40003  MCAUSE  : 0x00000005  MTVAL   : 0x00000014  
[  22.00] MHARTID : 0x00000001  
[  22.00] 
[  22.00] Stack memory:
[  22.00] 485111e0: 0x00000001 0x4ff5ec14 0x4ff87710 0x4810dea6 0x00000000 0x00000000 0x00000000 0x00000000
[  22.00] 48511200: 0x00000000 0x00000001 0x0000004f 0x00000001 0x00000000 0x48113730 0x00000000 0x00000000
[  22.00] 48511220: 0x00000000 0x00000258 0xffffffc0 0x00000002 0x000003f0 0x4ff6da00 0x00000080 0x00000000
[  22.00] 48511240: 0x0012c000 0x482b4e80 0x00000006 0x4fc116ea 0x0012c000 0x482b4e80 0x00000006 0x4ff505c0
[  22.00] 48511260: 0x00000000 0x4ff6da00 0x482b4e80 0x0012c000 0x4ff4c35c 0x4ff4f440 0x485112f0 0x4ff56f80
[  22.00] 48511280: 0x48511790 0x4fc114ec 0x4ff4c640 0x00000001 0x00000000 0x4ff86da8 0x00000000 0x500e5014
[  22.00] 485112a0: 0x500e5010 0x00000004 0x00000000 0x0000001f 0x08000000 0x4fc11284 0x00000001 0x485116b4
[  22.00] 485112c0: 0x48110000 0x4ff6da00 0x000003f0 0x00000002 0x0000000a 0x00000000 0x00000000 0x482b4e80
[  22.00] 485112e0: 0x1fffffff 0x4ff6da00 0x48110000 0xffffffff 0x485112fc 0x00000001 0x00000007 0x4810de9d
[  22.00] 48511300: 0x00000007 0x4851139f 0x00000001 0x48110000 0x00000000 0x00000258 0xffffffc0 0x00000002
[  22.00] 48511320: 0x000003f0 0x4ff6da00 0x480feca0 0x00000004 0x4ff5dfa8 0x4ff86d90 0x4ff86a04 0x4802726e
[  22.00] 48511340: 0x480ffdd0 0x00000001 0x48511374 0x4802edda 0x00000000 0x480fefe4 0x4ff5c48c 0x00000000
[  22.00] 48511360: 0x480ff018 0x00000004 0x00000400 0x00000002 0x00000095 0x480ffd1c 0x480ffd1c 0x00010001
[  22.00] 48511380: 0x000003f0 0x000001c2 0x000003f3 0x00000202 0x00000041 0x00000000 0x00000000 0x30393134
[  22.00] 485113a0: 0xffffffff 0x00000000 0x482b4e80 0x0012c000 0x4ff4c35c 0x4ff4bb5e 0x48511430 0x4ff56f80
[  22.00] 485113c0: 0x48511790 0x00000000 0x381e0000 0x00003000 0x00000001 0x00000000 0x4850e5ec 0x500e5014
[  22.00] 485113e0: 0x500e5010 0x00000004 0x00000000 0x0000001f 0x00000004 0x00000002 0x4850e5ec 0x4850e598
[  22.00] 48511400: 0x4850e5bc 0x4851148c 0x02625a00 0x4850e49c 0x4850e4ac 0x00000000 0x00000000 0x00000000
[  22.00] 48511420: 0x00001114 0x4850e4ac 0x00000000 0x00000000 0x4810de50 0x4850e58c 0x4850e538 0x4ff4b6a0
[  22.00] 48511440: 0x00000012 0x485115c6 0x00000000 0x00000000 0x0000005c 0x00000000 0x00000000 0x00000cb5
[  22.00] 48511460: 0x000000ad 0x4850e4ac 0x4850e49c 0x00000000 0x00000006 0xffffffff 0x4850e188 0x480f27a6
[  22.00] 48511480: 0x00000012 0xffffffff 0x0001e188 0x00000001 0x0000005c 0x00000000 0x0000000a 0x4850e49c
[  22.00] 485114a0: 0x00000000 0x00000004 0x00000000 0x00000000 0x00000014 0x4850e52c 0x4850e4d8 0x4ff4b6d8
[  22.00] 485114c0: 0x00000006 0x4850e52c 0x00000000 0x00000000 0x4ff56ebc 0x0000000c 0x00000000 0x48114000
[  22.00] 485114e0: 0x48177000 0x00000004 0x48511520 0x00000000 0x00000004 0xffffffff 0x4850e5f8 0x480f2cf4
[  22.00] 48511500: 0x00000006 0xffffffff 0x00000002 0x4850e5f8 0x00000003 0xffffffff 0x485115c8 0x480f3d38
[  22.00] 48511520: 0x00003000 0x00000000 0x00000000 0x00000000 0x00000900 0x485115c6 0x00000000 0x00000002
[  22.00] 48511540: 0x00000900 0x485115f0 0x00000000 0x00000001 0x00001000 0x00000000 0x00000000 0x00000000
[  22.00] 48511560: 0x00000000 0x00000000 0x00000000 0x00000000 0x00000000 0x00000000 0x00000000 0x00000000
[  22.00] 48511580: 0x00000000 0x00000000 0x00000000 0x00000000 0x00000000 0x00000001 0x485115f0 0x48511600
[  22.00] 485115a0: 0x48511647 0x4810e000 0x00000000 0x00000000 0x00000000 0x00000001 0x4ff876a8 0x4ff4f1ee
[  22.29] 485115c0: 0x4ff5fa68 0x00000000 0x4ff5fa14 0x4ff4f3ee 0x00000000 0x00000001 0x4ff5fa14 0x4ff4b182
[  22.29] 
[  22.29] 
[  22.29] 
[  22.29] ELF file SHA256: 553f40a97
[  22.29] 
[  22.29] Rebooting...
[  22.29] ESP-ROM:esp32p4-eco7-20260109
[  22.29] Build:Jan  9 2026
[  22.29] rst:0xc (SW_CPU_RESET),boot:0xf (SPI_FAST_FLASH_BOOT)
[  22.29] Core0 Saved PC:0x4ff444de
[  22.29] Core1 Saved PC:0x4ff4ace6
[  22.29] SPI mode:DIO, clock div:1
[  22.29] load:0x4ffb60d0,len:0x11f0
[  22.29] load:0x4ffac2c0,len:0xd5c
[  22.29] load:0x4ffaefc0,len:0x3408
[  22.29] entry 0x4ffac2c0
[  22.29] I (229) hex_psram: vendor id    : 0x0d (AP)
[  22.29] I (229) hex_psram: Latency      : 0x01 (Fixed)
[  22.29] I (229) hex_psram: DriveStr.    : 0x00 (25 Ohm)
[  22.29] I (230) hex_psram: dev id       : 0x03 (generation 4)
[  22.29] I (235) hex_psram: density      : 0x07 (256 Mbit)
[  22.29] I (239) hex_psram: good-die     : 0x06 (Pass)
[  22.29] I (243) hex_psram: SRF          : 0x02 (Slow Refresh)
[  22.29] I (248) hex_psram: BurstType    : 0x00 ( Wrap)
[  22.29] I (252) hex_psram: BurstLen     : 0x03 (2048 Byte)
[  22.29] I (256) hex_psram: BitMode      : 0x01 (X16 Mode)
[  22.29] I (261) hex_psram: Readlatency  : 0x04 (14 cycles@Fixed)
[  22.29] I (266) hex_psram: DriveStrength: 0x00 (1/1)
[  22.29] I (270) MSPI Timing: Enter psram timing tuning
[  22.52] I esp_psram: Found 32MB PSRAM device
[  22.52] I esp_psram: Speed: 200MHz
[  22.52] I (457) mmu_psram: .rodata xip on psram
[  22.52] I (505) mmu_psram: .text xip on psram
[  22.52] I (505) hex_psram: psram CS IO is dedicated
[  22.52] I (506) cpu_start: Multicore app
[  23.15] I (934) esp_psram: SPI SRAM memory test OK
[  23.15] I (943) cpu_start: GPIO 38 and 37 are used as console UART I/O pins
[  23.15] I (944) cpu_start: Pro cpu start user code
[  23.15] I (944) cpu_start: cpu freq: 400000000 Hz
[  23.15] I (946) app_init: Application information:
[  23.15] I (949) app_init: Project name:     fnos_monitor
[  23.15] I (954) app_init: App version:      0.1.0
[  23.15] I (957) app_init: Compile time:     Sep 28 2026 07:59:20
[  23.15] I (962) app_init: ELF file SHA256:  553f40a97...
[  23.15] I (967) app_init: ESP-IDF:          5.5.3
[  23.15] I (971) efuse_init: Min chip rev:     v3.0
[  23.15] I (974) efuse_init: Max chip rev:     v3.99 
[  23.15] I (978) efuse_init: Chip rev:         v3.2
[  23.15] I (982) heap_init: Initializing. RAM available for dynamic allocation:
[  23.15] I (988) heap_init: At 4FF5E210 len 0005CDB0 (371 KiB): RETENT_RAM
[  23.15] I (994) heap_init: At 4FFBAFC0 len 00004BF0 (18 KiB): RAM
[  23.15] I (999) heap_init: At 501080D8 len 00000028 (0 KiB): RTCRAM
[  23.15] I (1005) heap_init: At 501081A0 len 00007E60 (31 KiB): RTCRAM
[  23.15] I (1010) heap_init: At 30100198 len 00001E68 (7 KiB): TCM
[  23.50] I (1015) esp_psram: Adding pool of 31215K of PSRAM memory to heap allocator
[  23.50] I (1022) esp_psram: Adding pool of 8K of PSRAM memory gap generated due to end address alignment of irom to the heap allocator
[  23.50] I (1033) esp_psram: Adding pool of 0K of PSRAM memory gap generated due to end address alignment of drom to the heap allocator
[  23.50] I (1044) spi_flash: detected chip: gd
[  23.50] I (1048) spi_flash: flash io: qio
[  23.50] I (1051) host_init: ESP Hosted : Host chip_ip[18]
[  23.50] I (1055) H_API: ESP-Hosted starting. Hosted_Tasks: prio:23, stack: 5120 RPC_task_stack: 5120
[  23.50] sdio_mempool_create free:32378696 min-free:32378696 lfb-def:31457280 lfb-8bit:31457280
[  23.50] 
[  23.50] I (1071) H_API: ** add_esp_wifi_remote_channels **
[  23.50] I (1076) transport: Add ESP-Hosted channel IF[1]: S[0] Tx[0x4800b6dc] Rx[0x4801a922]
[  23.50] I (1083) transport: Add ESP-Hosted channel IF[2]: S[0] Tx[0x4800b622] Rx[0x4801a922]
[  23.50] I (1091) sleep_gpio: Configure to isolate all GPIO pins in sleep state
[  23.50] I (1097) sleep_gpio: Enable automatic switching of GPIO sleep configuration
[  23.50] I (1104) main_task: Started on CPU0
[  23.50] I (1108) main_task: Calling app_main()
[  23.50] I (1114) main: fnOS NAS dashboard booting (agent http://192.168.0.119:8799)
[  23.50] I (1117) main: heap boot           internal=364KB largest=304KB dma=326KB psram=31220KB
[  23.50] I (1126) transport: Attempt connection with slave: retry[0]
[  23.50] I (1130) transport: Reset slave using GPIO[54]
[  23.50] I (1134) os_wrapper_esp: GPIO [54] configured
[  24.47] I (2304) sdio_wrapper: SDIO master: Data-Lines: 4-bit Freq(KHz)[40000 KHz]
[  24.47] I (2304) sdio_wrapper: GPIOs: CLK[18] CMD[19] D0[14] D1[15] D2[16] D3[17] Slave_Reset[54]
[  24.47] I (2304) H_SDIO_DRV: Starting SDIO process rx task
[  24.47] I (2307) sdio_wrapper: Queues: Tx[20] Rx[20] SDIO-Rx-Mode[1]
[  24.47] Name: 
[  24.47] Type: SDIO
[  24.47] Speed: 40.00 MHz (limit: 40.00 MHz)
[  24.47] Size: 0MB
[  24.47] CSD: ver=1, sector_size=0, capacity=0 read_bl_len=0
[  24.47] SCR: sd_spec=0, bus_width=0
[  24.47] TUPLE: DEVICE, size: 3: D9 01 FF 
[  24.47] TUPLE: MANFID, size: 4
[  24.47]   MANF: 0092, CARD: 6666
[  24.47] TUPLE: FUNCID, size: 2: 0C 00 
[  24.47] TUPLE: FUNCE, size: 4: 00 00 02 32 
[  24.47] TUPLE: CONFIG, size: 5: 01 01 00 02 07 
[  24.47] TUPLE: CFTABLE_ENTRY, size: 8
[  24.47]   INDX: C1, Intface: 1, Default: 1, Conf-Entry-Num: 1
[  24.47]   IF: 41
[  24.47]   FS: 30, misc: 0, mem_space: 1, irq: 1, io_space: 0, timing: 0, power: 0
[  24.47]   IR: 30, mask: 1,   IRQ: FF FF
[  24.47]   LEN: FFFF
[  24.47] TUPLE: END
[  24.47] I (2390) sdio_wrapper: Function 0 Blocksize: 512
[  24.47] I (2394) sdio_wrapper: Function 1 Blocksize: 512
[  24.47] I (2398) H_SDIO_DRV: SDIO Host operating in STREAMING MODE
[  24.47] I (2403) H_SDIO_DRV: generate slave intr
[  24.47] I (2410) transport: Received INIT event from ESP32 peripheral
[  24.47] I (2412) transport: EVENT: 12
[  24.47] I (2415) transport: EVENT: 11
[  24.47] I (2418) transport: capabilities: 0xd
[  24.47] I (2421) transport: Features supported are:
[  24.47] I (2425) transport: 	 * WLAN
[  24.81] I (2428) transport: 	   - HCI over SDIO
[  24.81] I (2431) transport: 	   - BLE only
[  24.81] I (2434) transport: EVENT: 13
[  24.81] I (2437) transport: ESP board type is : 13 
[  24.81] 
[  24.81] I (2441) transport: Base transport is set-up
[  24.81] 
[  24.81] I (2445) transport: Slave chip Id[12]
[  24.82] I (2449) hci_stub_drv: Host BT Support: Disabled
[  24.82] I (2453) H_SDIO_DRV: Received INIT event
[  25.50] I (3458) fnos_net: wifi station started; awaiting ip
[  25.50] I (3459) esp_lvgl:adapter: LVGL adapter initialized successfully
[  25.50] W (3459) ledc: GPIO 32 is not usable, maybe conflict with others
[  25.50] I (3463) ESP32_P4_EV: MIPI DSI PHY Powered on
[  25.50] I (3468) ESP32_P4_EV: Install MIPI DSI LCD control panel
[  25.50] I (3472) ESP32_P4_EV: Install EK79007 LCD control panel
[  25.50] I (3477) ek79007: version: 2.0.2
[  25.50] I (3479) H_API: esp_wifi_remote_connect
[  25.75] I (3654) ESP32_P4_EV: Display initialized
[  25.75] I (3655) esp_lvgl:bridge_v9: Initializing hardware resources
[  25.75] I (3655) esp_lvgl:bridge_v9: Hardware resources initialized successfully
[  25.75] I (3658) esp_lvgl:bridge: Initializing hardware resources
[  25.75] I (3663) esp_lvgl:bridge: Hardware resources initialized successfully
[  25.75] W (3669) esp_lvgl:bridge_v9: on_frame_buf_complete unavailable; buffer-switch release and dummy-draw may not function on MIPI DSI
[  25.75] I (3681) ESP32_P4_EV: Touch 0x5d found
[  25.75] I (3684) GT911: I2C address initialization procedure skipped - using default GT9xx setup
[  25.75] I (3692) GT911: TouchPad_ID:0x39,0x31,0x31
[  25.75] I (3696) GT911: TouchPad_Config_Version:91
[  25.75] W (3700) esp_lvgl:touch: LV_USE_GESTURE_RECOGNITION is disabled; only single-point pointer events are available
[  25.75] I (3709) esp_lvgl:touch: Touch input device registered successfully (IRQ mode: disabled)
[  25.75] I (3718) esp_lvgl:adapter: LVGL task started successfully
[  25.75] I (3722) ESP32_P4_EV: Setting LCD backlight: 100%
[  25.96] I (3727) ESP32_P4_EV: Setting LCD backlight: 45%
[  25.96] I (3731) main: heap display        internal=244KB largest=204KB dma=206KB psram=27578KB
[  25.96] I (3872) fnos_view: dashboard v2 created (4 pages, 180 s window)
[  25.96] I (3872) main: heap ui             internal=244KB largest=204KB dma=206KB psram=27490KB
[  25.96] I (3926) fnos_data: polling http://192.168.0.119:8799/api/v1/status every 1000 ms
[  25.96] I (3926) main: heap polling        internal=243KB largest=204KB dma=205KB psram=27479KB
[  25.96] I (3931) ESP32_P4_EV: Setting LCD backlight: 45%
[  25.96] I (3935) main: backlight 45% (day)
[  25.96] I (3938) main: boot complete
[  25.96] I (3941) main_task: Returned from app_main()
