[   0.46] I (2298) sdio_wrapper: SDIO master: Data-Lines: 4-bit Freq(KHz)[40000 KHz]
[   0.46] I (2298) sdio_wrapper: GPIOs: CLK[18] CMD[19] D0[14] D1[15] D2[16] D3[17] Slave_Reset[54]
[   0.46] I (2298) H_SDIO_DRV: Starting SDIO process rx task
[   0.46] I (2301) sdio_wrapper: Queues: Tx[20] Rx[20] SDIO-Rx-Mode[1]
[   0.81] Name: 
[   0.81] Type: SDIO
[   0.81] Speed: 40.00 MHz (limit: 40.00 MHz)
[   0.81] Size: 0MB
[   0.81] CSD: ver=1, sector_size=0, capacity=0 read_bl_len=0
[   0.81] SCR: sd_spec=0, bus_width=0
[   0.81] TUPLE: DEVICE, size: 3: D9 01 FF 
[   0.81] TUPLE: MANFID, size: 4
[   0.81]   MANF: 0092, CARD: 6666
[   0.81] TUPLE: FUNCID, size: 2: 0C 00 
[   0.81] TUPLE: FUNCE, size: 4: 00 00 02 32 
[   0.81] TUPLE: CONFIG, size: 5: 01 01 00 02 07 
[   0.81] TUPLE: CFTABLE_ENTRY, size: 8
[   0.81]   INDX: C1, Intface: 1, Default: 1, Conf-Entry-Num: 1
[   0.81]   IF: 41
[   0.81]   FS: 30, misc: 0, mem_space: 1, irq: 1, io_space: 0, timing: 0, power: 0
[   0.81]   IR: 30, mask: 1,   IRQ: FF FF
[   0.81]   LEN: FFFF
[   0.81] TUPLE: END
[   0.81] I (2384) sdio_wrapper: Function 0 Blocksize: 512
[   0.81] I (2388) sdio_wrapper: Function 1 Blocksize: 512
[   0.81] I (2392) H_SDIO_DRV: SDIO Host operating in STREAMING MODE
[   0.81] I (2397) H_SDIO_DRV: generate slave intr
[   0.81] I (2407) transport: Received INIT event from ESP32 peripheral
[   0.81] I (2407) transport: EVENT: 12
[   0.81] I (2409) transport: EVENT: 11
[   0.81] I (2412) transport: capabilities: 0xd
[   0.81] I (2415) transport: Features supported are:
[   0.81] I (2419) transport: 	 * WLAN
[   0.81] I (2422) transport: 	   - HCI over SDIO
[   0.81] I (2425) transport: 	   - BLE only
[   0.81] I (2428) transport: EVENT: 13
[   0.81] I (2431) transport: ESP board type is : 13 
[   0.81] 
[   0.81] I (2435) transport: Base transport is set-up
[   0.81] 
[   0.81] I (2439) transport: Slave chip Id[12]
[   0.81] I (2443) hci_stub_drv: Host BT Support: Disabled
[   0.81] I (2447) H_SDIO_DRV: Received INIT event
[   1.85] I (3452) fnos_net: wifi station started; awaiting ip
[   1.85] I (3453) esp_lvgl:adapter: LVGL adapter initialized successfully
[   1.85] W (3453) ledc: GPIO 32 is not usable, maybe conflict with others
[   1.85] I (3457) ESP32_P4_EV: MIPI DSI PHY Powered on
[   1.85] I (3462) ESP32_P4_EV: Install MIPI DSI LCD control panel
[   1.85] I (3466) ESP32_P4_EV: Install EK79007 LCD control panel
[   1.85] I (3471) ek79007: version: 2.0.2
[   1.85] I (3473) H_API: esp_wifi_remote_connect
[   2.08] I (3648) ESP32_P4_EV: Display initialized
[   2.08] I (3649) esp_lvgl:bridge_v9: Initializing hardware resources
[   2.08] I (3649) esp_lvgl:bridge_v9: Hardware resources initialized successfully
[   2.08] I (3652) esp_lvgl:bridge: Initializing hardware resources
[   2.08] I (3657) esp_lvgl:bridge: Hardware resources initialized successfully
[   2.08] W (3663) esp_lvgl:bridge_v9: on_frame_buf_complete unavailable; buffer-switch release and dummy-draw may not function on MIPI DSI
[   2.08] I (3675) ESP32_P4_EV: Touch 0x5d found
[   2.08] I (3678) GT911: I2C address initialization procedure skipped - using default GT9xx setup
[   2.08] I (3686) GT911: TouchPad_ID:0x39,0x31,0x31
[   2.08] I (3690) GT911: TouchPad_Config_Version:91
[   2.08] W (3694) esp_lvgl:touch: LV_USE_GESTURE_RECOGNITION is disabled; only single-point pointer events are available
[   2.08] I (3703) esp_lvgl:touch: Touch input device registered successfully (IRQ mode: disabled)
[   2.08] I (3712) esp_lvgl:adapter: LVGL task started successfully
[   2.08] I (3716) ESP32_P4_EV: Setting LCD backlight: 100%
[   2.08] I (3721) ESP32_P4_EV: Setting LCD backlight: 45%
[   2.08] I (3725) main: heap display        internal=244KB largest=204KB dma=206KB psram=27578KB
[   2.08] I (3855) fnos_view: dashboard v2 created (4 pages, 180 s window)
[   2.08] I (3856) main: heap ui             internal=244KB largest=204KB dma=206KB psram=27492KB
[   2.08] I (3910) fnos_data: polling http://192.168.0.119:8799/api/v1/status every 1000 ms
[   2.08] I (3910) main: heap polling        internal=243KB largest=204KB dma=205KB psram=27480KB
[   2.08] I (3915) ESP32_P4_EV: Setting LCD backlight: 45%
[   2.08] I (3920) main: backlight 45% (day)
[   2.08] I (3923) main: boot complete
[   2.08] I (3925) main_task: Returned from app_main()
[   2.90] Guru Meditation Error: Core  0 panic'ed (Load access fault). Exception was unhandled.
[   2.90] 
[   2.90] Core  0 register dump:
[   2.90] MEPC    : 0x4fc1b714  RA      : 0x480ef156  SP      : 0x485111a0  GP      : 0x4ff56f80  
[   2.90] TP      : 0x48511750  T0      : 0x0000000d  T1      : 0x90000000  T2      : 0xffffffff  
[   2.90] S0/FP   : 0x00000000  S1      : 0x00000014  A0      : 0x00000014  A1      : 0xffffffff  
[   2.90] A2      : 0x0000000a  A3      : 0x7f7f7f7f  A4      : 0x00000000  A5      : 0x00000018  
[   2.90] A6      : 0xa0000000  A7      : 0x0000000a  S2      : 0x4817f000  S3      : 0x00000009  
[   2.90] S4      : 0xffffffff  S5      : 0x0000000a  S6      : 0x00000002  S7      : 0x00000073  
[   2.90] S8      : 0x00000009  S9      : 0x00000000  S10     : 0xffffffff  S11     : 0x485112c4  
[   2.90] T3      : 0x00000000  T4      : 0x00000000  T5      : 0xffffffff  T6      : 0x00000000  
[   2.90] MSTATUS : 0x00011881  MTVEC   : 0x4ff40003  MCAUSE  : 0x00000005  MTVAL   : 0x00000014  
[   2.90] MHARTID : 0x00000000  
[   2.90] 
[   2.90] Stack memory:
[   2.90] 485111a0: 0x00000001 0x4ff5ec14 0x4ff87710 0x4810dea6 0x00000000 0x00000000 0x00000000 0x00000000
[   2.90] 485111c0: 0x00000000 0x00000001 0x0000004f 0x00000001 0x00000000 0x48113730 0x00000000 0x00000000
[   2.90] 485111e0: 0x00000000 0x00000258 0xffffffbf 0x00000002 0x000003f0 0x4ff6da00 0x00000080 0x00000000
[   2.90] 48511200: 0x0012c000 0x48188e00 0x00000006 0x4fc116ea 0x0012c000 0x48188e00 0x00000006 0x4ff505c0
[   2.90] 48511220: 0x00000000 0x4ff6da00 0x48188e00 0x0012c000 0x4ff4c35e 0x4ff4f440 0x485112b0 0x4ff56f80
[   2.90] 48511240: 0x48511750 0x4fc114ec 0x4ff4c5fe 0x00000001 0x00000000 0x4ff86da8 0x00000000 0x500e5014
[   2.90] 48511260: 0x500e5010 0x00000000 0x00000000 0x0000001f 0x08000000 0x4fc11284 0x00000001 0x48511674
[   2.90] 48511280: 0x48110000 0x4ff6da00 0x000003f0 0x00000002 0x0000000a 0x00000000 0x00000000 0x48188e00
[   2.90] 485112a0: 0x1fffffff 0x4ff6da00 0x48110000 0xffffffff 0x485112bc 0x00000001 0x00000007 0x4810de9d
[   2.90] 485112c0: 0x00000007 0x4851135f 0x00000001 0x48110000 0x00000000 0x00000258 0xffffffbf 0x00000002
[   2.90] 485112e0: 0x000003f0 0x4ff6da00 0x480feca0 0x00000004 0x4ff5dfa8 0x4ff86d90 0x4ff86a04 0x4802722c
[   2.90] 48511300: 0x480ffd7c 0x00000001 0x48511334 0x4802ed98 0x00000000 0x480fefe4 0x4ff5c48c 0x00000000
[   2.90] 48511320: 0x480ff018 0x00000004 0x00000400 0x00000002 0x00000095 0x480ffcb4 0x480ffcb4 0x00010000
[   2.90] 48511340: 0x000003f0 0x000001c2 0x000003f3 0x00000203 0x00000042 0x00000000 0x00000000 0x30393134
[   2.90] 48511360: 0xffffffff 0x00000000 0x48188e00 0x0012c000 0x4ff4c35c 0x4ff4bb5e 0x485113f0 0x4ff56f80
[   2.90] 48511380: 0x48511750 0x00000000 0x381e0000 0x00003000 0x00000001 0x00000000 0x4850e5b0 0x500e5014
[   2.90] 485113a0: 0x500e5010 0x00000000 0x00000000 0x0000001f 0x00000004 0x00000002 0x4850e5b0 0x4850e55c
[   2.90] 485113c0: 0x4850e580 0x4851144c 0x02625a00 0x4850e460 0x4850e470 0x00000000 0x00000000 0x00000000
[   2.90] 485113e0: 0x00001104 0x4850e470 0x00000000 0x00000000 0x4810de50 0x4850e550 0x4850e4fc 0x4ff4b6a0
[   2.90] 48511400: 0x00000012 0x48511586 0x00000000 0x00000000 0x0000005c 0x00000000 0x00000000 0x00000cac
[   2.90] 48511420: 0x000000ad 0x4850e470 0x4850e460 0x00000000 0x00000006 0xffffffff 0x4850e14c 0x480f2764
[   2.90] 48511440: 0x00000012 0xffffffff 0x0001e14c 0x00000001 0x0000005c 0x00000000 0x0000000a 0x4850e460
[   2.90] 48511460: 0x00000000 0x00000004 0x00000000 0x00000000 0x00000014 0x4850e4f0 0x4850e49c 0x4ff4b6d8
[   2.90] 48511480: 0x00000006 0x4850e4f0 0x00000000 0x00000000 0x4ff56ebc 0x0000000c 0x00000000 0x48114000
[   2.90] 485114a0: 0x48177000 0x00000004 0x485114e0 0x00000000 0x00000004 0xffffffff 0x4850e5bc 0x480f2cb2
[   2.90] 485114c0: 0x00000006 0xffffffff 0x00000002 0x4850e5bc 0x00000003 0xffffffff 0x48511588 0x480f3cf6
[   2.91] 485114e0: 0x00003000 0x00000000 0x00000000 0x00000000 0x00000900 0x48511586 0x00000000 0x00000002
[   2.91] 48511500: 0x00000900 0x485115b0 0x00000000 0x00000001 0x00001000 0x00000000 0x00000000 0x00000000
[   2.91] 48511520: 0x00000000 0x00000000 0x00000000 0x00000000 0x00000000 0x00000000 0x00000000 0x00000000
[   2.91] 48511540: 0x00000000 0x00000000 0x00000000 0x00000000 0x00000000 0x00000001 0x485115b0 0x485115c0
[   2.91] 48511560: 0x48511607 0x4810e000 0x00000000 0x00000000 0x00000000 0x00000001 0x4ff876a8 0x4ff4f1ee
[   3.19] 48511580: 0x4ff5fa68 0x00000000 0x4ff5fa14 0x4ff4f3ee 0x00000000 0x00000001 0x4ff5fa14 0x4ff4b182
[   3.19] 
[   3.19] 
[   3.19] 
[   3.19] ELF file SHA256: fc468d6c3
[   3.19] 
[   3.19] Rebooting...
[   3.19] ESP-ROM:esp32p4-eco7-20260109
[   3.19] Build:Jan  9 2026
[   3.19] rst:0xc (SW_CPU_RESET),boot:0xf (SPI_FAST_FLASH_BOOT)
[   3.19] Core0 Saved PC:0x4ff4ace6
[   3.19] Core1 Saved PC:0x4ff444ce
[   3.19] SPI mode:DIO, clock div:1
[   3.19] load:0x4ffb60d0,len:0x11f0
[   3.19] load:0x4ffac2c0,len:0xd5c
[   3.19] load:0x4ffaefc0,len:0x3408
[   3.19] entry 0x4ffac2c0
[   3.19] I (228) hex_psram: vendor id    : 0x0d (AP)
[   3.19] I (229) hex_psram: Latency      : 0x01 (Fixed)
[   3.19] I (229) hex_psram: DriveStr.    : 0x00 (25 Ohm)
[   3.19] I (229) hex_psram: dev id       : 0x03 (generation 4)
[   3.19] I (234) hex_psram: density      : 0x07 (256 Mbit)
[   3.19] I (239) hex_psram: good-die     : 0x06 (Pass)
[   3.19] I (243) hex_psram: SRF          : 0x02 (Slow Refresh)
[   3.19] I (247) hex_psram: BurstType    : 0x00 ( Wrap)
[   3.19] I (252) hex_psram: BurstLen     : 0x03 (2048 Byte)
[   3.19] I (256) hex_psram: BitMode      : 0x01 (X16 Mode)
[   3.19] I (260) hex_psram: Readlatency  : 0x04 (14 cycles@Fixed)
[   3.19] I (266) hex_psram: DriveStrength: 0x00 (1/1)
[   3.19] I (270) MSPI Timing: Enter psram timing tuning
[   3.42] I esp_psram: Found 32MB PSRAM device
[   3.42] I esp_psram: Speed: 200MHz
[   3.42] I (457) mmu_psram: .rodata xip on psram
[   3.42] I (504) mmu_psram: .text xip on psram
[   3.42] I (505) hex_psram: psram CS IO is dedicated
[   3.42] I (505) cpu_start: Multicore app
[   4.05] I (928) esp_psram: SPI SRAM memory test OK
[   4.05] I (937) cpu_start: GPIO 38 and 37 are used as console UART I/O pins
[   4.05] I (938) cpu_start: Pro cpu start user code
[   4.05] I (938) cpu_start: cpu freq: 400000000 Hz
[   4.05] I (940) app_init: Application information:
[   4.05] I (944) app_init: Project name:     fnos_monitor
[   4.05] I (948) app_init: App version:      0.1.0
[   4.05] I (952) app_init: Compile time:     Sep 28 2026 07:59:20
[   4.05] I (957) app_init: ELF file SHA256:  fc468d6c3...
[   4.05] I (961) app_init: ESP-IDF:          5.5.3
[   4.05] I (965) efuse_init: Min chip rev:     v3.0
[   4.05] I (969) efuse_init: Max chip rev:     v3.99 
[   4.05] I (973) efuse_init: Chip rev:         v3.2
[   4.05] I (976) heap_init: Initializing. RAM available for dynamic allocation:
[   4.05] I (983) heap_init: At 4FF5E210 len 0005CDB0 (371 KiB): RETENT_RAM
[   4.05] I (988) heap_init: At 4FFBAFC0 len 00004BF0 (18 KiB): RAM
[   4.05] I (994) heap_init: At 501080D8 len 00000028 (0 KiB): RTCRAM
[   4.05] I (999) heap_init: At 501081A0 len 00007E60 (31 KiB): RTCRAM
[   4.05] I (1004) heap_init: At 30100198 len 00001E68 (7 KiB): TCM
[   4.40] I (1009) esp_psram: Adding pool of 31215K of PSRAM memory to heap allocator
[   4.40] I (1016) esp_psram: Adding pool of 8K of PSRAM memory gap generated due to end address alignment of irom to the heap allocator
[   4.40] I (1027) esp_psram: Adding pool of 0K of PSRAM memory gap generated due to end address alignment of drom to the heap allocator
[   4.40] I (1038) spi_flash: detected chip: gd
[   4.40] I (1042) spi_flash: flash io: qio
[   4.40] I (1045) host_init: ESP Hosted : Host chip_ip[18]
[   4.40] I (1049) H_API: ESP-Hosted starting. Hosted_Tasks: prio:23, stack: 5120 RPC_task_stack: 5120
[   4.40] sdio_mempool_create free:32378696 min-free:32378696 lfb-def:31457280 lfb-8bit:31457280
[   4.40] 
[   4.40] I (1065) H_API: ** add_esp_wifi_remote_channels **
[   4.40] I (1070) transport: Add ESP-Hosted channel IF[1]: S[0] Tx[0x4800b6dc] Rx[0x4801a922]
[   4.40] I (1077) transport: Add ESP-Hosted channel IF[2]: S[0] Tx[0x4800b622] Rx[0x4801a922]
[   4.40] I (1085) sleep_gpio: Configure to isolate all GPIO pins in sleep state
[   4.40] I (1091) sleep_gpio: Enable automatic switching of GPIO sleep configuration
[   4.40] I (1098) main_task: Started on CPU0
[   4.40] I (1102) main_task: Calling app_main()
[   4.40] I (1108) main: fnOS NAS dashboard booting (agent http://192.168.0.119:8799)
[   4.40] I (1111) main: heap boot           internal=364KB largest=304KB dma=326KB psram=31220KB
[   4.40] I (1120) transport: Attempt connection with slave: retry[0]
[   4.40] I (1124) transport: Reset slave using GPIO[54]
[   4.40] I (1128) os_wrapper_esp: GPIO [54] configured
[   5.37] I (2298) sdio_wrapper: SDIO master: Data-Lines: 4-bit Freq(KHz)[40000 KHz]
[   5.37] I (2298) sdio_wrapper: GPIOs: CLK[18] CMD[19] D0[14] D1[15] D2[16] D3[17] Slave_Reset[54]
[   5.37] I (2298) H_SDIO_DRV: Starting SDIO process rx task
[   5.37] I (2301) sdio_wrapper: Queues: Tx[20] Rx[20] SDIO-Rx-Mode[1]
[   5.37] Name: 
[   5.37] Type: SDIO
[   5.37] Speed: 40.00 MHz (limit: 40.00 MHz)
[   5.37] Size: 0MB
[   5.37] CSD: ver=1, sector_size=0, capacity=0 read_bl_len=0
[   5.37] SCR: sd_spec=0, bus_width=0
[   5.37] TUPLE: DEVICE, size: 3: D9 01 FF 
[   5.37] TUPLE: MANFID, size: 4
[   5.37]   MANF: 0092, CARD: 6666
[   5.37] TUPLE: FUNCID, size: 2: 0C 00 
[   5.37] TUPLE: FUNCE, size: 4: 00 00 02 32 
[   5.37] TUPLE: CONFIG, size: 5: 01 01 00 02 07 
[   5.37] TUPLE: CFTABLE_ENTRY, size: 8
[   5.37]   INDX: C1, Intface: 1, Default: 1, Conf-Entry-Num: 1
[   5.37]   IF: 41
[   5.37]   FS: 30, misc: 0, mem_space: 1, irq: 1, io_space: 0, timing: 0, power: 0
[   5.37]   IR: 30, mask: 1,   IRQ: FF FF
[   5.37]   LEN: FFFF
[   5.37] TUPLE: END
[   5.37] I (2384) sdio_wrapper: Function 0 Blocksize: 512
[   5.37] I (2388) sdio_wrapper: Function 1 Blocksize: 512
[   5.37] I (2392) H_SDIO_DRV: SDIO Host operating in STREAMING MODE
[   5.37] I (2397) H_SDIO_DRV: generate slave intr
[   5.37] I (2407) transport: Received INIT event from ESP32 peripheral
[   5.37] I (2407) transport: EVENT: 12
[   5.37] I (2409) transport: EVENT: 11
[   5.37] I (2412) transport: capabilities: 0xd
[   5.37] I (2415) transport: Features supported are:
[   5.37] I (2419) transport: 	 * WLAN
[   5.72] I (2422) transport: 	   - HCI over SDIO
[   5.72] I (2425) transport: 	   - BLE only
[   5.72] I (2428) transport: EVENT: 13
[   5.72] I (2431) transport: ESP board type is : 13 
[   5.72] 
[   5.72] I (2435) transport: Base transport is set-up
[   5.72] 
[   5.72] I (2439) transport: Slave chip Id[12]
[   5.72] I (2443) hci_stub_drv: Host BT Support: Disabled
[   5.72] I (2447) H_SDIO_DRV: Received INIT event
[   6.39] I (3452) fnos_net: wifi station started; awaiting ip
[   6.39] I (3452) esp_lvgl:adapter: LVGL adapter initialized successfully
[   6.39] W (3453) ledc: GPIO 32 is not usable, maybe conflict with others
[   6.39] I (3457) ESP32_P4_EV: MIPI DSI PHY Powered on
[   6.39] I (3462) ESP32_P4_EV: Install MIPI DSI LCD control panel
[   6.39] I (3466) ESP32_P4_EV: Install EK79007 LCD control panel
[   6.39] I (3471) ek79007: version: 2.0.2
[   6.39] I (3473) H_API: esp_wifi_remote_connect
[   6.65] I (3648) ESP32_P4_EV: Display initialized
[   6.65] I (3649) esp_lvgl:bridge_v9: Initializing hardware resources
[   6.65] I (3649) esp_lvgl:bridge_v9: Hardware resources initialized successfully
[   6.65] I (3652) esp_lvgl:bridge: Initializing hardware resources
[   6.65] I (3657) esp_lvgl:bridge: Hardware resources initialized successfully
[   6.65] W (3663) esp_lvgl:bridge_v9: on_frame_buf_complete unavailable; buffer-switch release and dummy-draw may not function on MIPI DSI
[   6.65] I (3675) ESP32_P4_EV: Touch 0x5d found
[   6.65] I (3678) GT911: I2C address initialization procedure skipped - using default GT9xx setup
[   6.65] I (3686) GT911: TouchPad_ID:0x39,0x31,0x31
[   6.65] I (3690) GT911: TouchPad_Config_Version:91
[   6.65] W (3694) esp_lvgl:touch: LV_USE_GESTURE_RECOGNITION is disabled; only single-point pointer events are available
[   6.65] I (3703) esp_lvgl:touch: Touch input device registered successfully (IRQ mode: disabled)
[   6.65] I (3712) esp_lvgl:adapter: LVGL task started successfully
[   6.65] I (3716) ESP32_P4_EV: Setting LCD backlight: 100%
[   7.00] I (3721) ESP32_P4_EV: Setting LCD backlight: 45%
[   7.00] I (3725) main: heap display        internal=244KB largest=204KB dma=206KB psram=27578KB
[   7.00] I (3856) fnos_view: dashboard v2 created (4 pages, 180 s window)
[   7.00] I (3856) main: heap ui             internal=244KB largest=204KB dma=206KB psram=27492KB
[   7.00] I (3858) fnos_data: polling http://192.168.0.119:8799/api/v1/status every 1000 ms
[   7.00] I (3865) main: heap polling        internal=243KB largest=204KB dma=205KB psram=27478KB
[   7.00] I (3873) ESP32_P4_EV: Setting LCD backlight: 45%
[   7.00] I (3877) main: backlight 45% (day)
[   7.00] I (3880) main: boot complete
[   7.00] I (3883) main_task: Returned from app_main()
[   7.67] Guru Meditation Error: Core  1 panic'ed (Load access fault). Exception was unhandled.
[   7.67] 
[   7.67] Core  1 register dump:
[   7.67] MEPC    : 0x4fc1b714  RA      : 0x480ef156  SP      : 0x485111a0  GP      : 0x4ff56f80  
[   7.67] TP      : 0x48511750  T0      : 0x0000000d  T1      : 0x90000000  T2      : 0xffffffff  
[   7.67] S0/FP   : 0x00000000  S1      : 0x00000014  A0      : 0x00000014  A1      : 0xffffffff  
[   7.67] A2      : 0x0000000a  A3      : 0x7f7f7f7f  A4      : 0x00000000  A5      : 0x00000018  
[   7.67] A6      : 0xa0000000  A7      : 0x0000000a  S2      : 0x4817f000  S3      : 0x00000009  
[   7.67] S4      : 0xffffffff  S5      : 0x0000000a  S6      : 0x00000002  S7      : 0x00000073  
[   7.67] S8      : 0x00000009  S9      : 0x00000000  S10     : 0xffffffff  S11     : 0x485112c4  
[   7.67] T3      : 0x00000000  T4      : 0x00000000  T5      : 0xffffffff  T6      : 0x00000000  
[   7.67] MSTATUS : 0x00011881  MTVEC   : 0x4ff40003  MCAUSE  : 0x00000005  MTVAL   : 0x00000014  
[   7.67] MHARTID : 0x00000001  
[   7.67] 
[   7.67] Stack memory:
[   7.67] 485111a0: 0x00000001 0x4ff5ec14 0x4ff87710 0x4810dea6 0x00000000 0x00000000 0x00000000 0x00000000
[   7.67] 485111c0: 0x00000000 0x00000001 0x0000004f 0x00000001 0x00000000 0x48113730 0x00000000 0x00000000
[   7.67] 485111e0: 0x00000000 0x00000258 0xffffffc0 0x00000002 0x000003f0 0x4ff6da00 0x00000080 0x00000000
[   7.67] 48511200: 0x0012c000 0x482b4e80 0x00000006 0x4fc116ea 0x0012c000 0x482b4e80 0x00000006 0x4ff505c0
[   7.67] 48511220: 0x00000000 0x4ff6da00 0x482b4e80 0x0012c000 0x4ff4c35c 0x4ff4f440 0x485112b0 0x4ff56f80
[   7.67] 48511240: 0x48511750 0x4fc114ec 0x4ff4c5fe 0x00000001 0x00000000 0x4ff86da8 0x00000000 0x500e5014
[   7.67] 48511260: 0x500e5010 0x00000004 0x00000000 0x0000001f 0x08000000 0x4fc11284 0x00000001 0x48511674
[   7.67] 48511280: 0x48110000 0x4ff6da00 0x000003f0 0x00000002 0x0000000a 0x00000000 0x00000000 0x482b4e80
[   7.67] 485112a0: 0x1fffffff 0x4ff6da00 0x48110000 0xffffffff 0x485112bc 0x00000001 0x00000007 0x4810de9d
[   7.67] 485112c0: 0x00000007 0x4851135f 0x00000001 0x48110000 0x00000000 0x00000258 0xffffffc0 0x00000002
[   7.67] 485112e0: 0x000003f0 0x4ff6da00 0x480feca0 0x00000004 0x4ff5dfa8 0x4ff86d90 0x4ff86a04 0x4802722c
[   7.67] 48511300: 0x480ffd7c 0x00000001 0x48511334 0x4802ed98 0x00000000 0x480fefe4 0x4ff5c48c 0x00000000
[   7.67] 48511320: 0x480ff018 0x00000004 0x00000400 0x00000002 0x00000095 0x480ffcb4 0x480ffcb4 0x00010001
[   7.67] 48511340: 0x000003f0 0x000001c2 0x000003f3 0x00000202 0x00000041 0x00000000 0x00000000 0x30393134
[   7.67] 48511360: 0xffffffff 0x00000000 0x482b4e80 0x0012c000 0x4ff4c35e 0x4ff4bb5e 0x485113f0 0x4ff56f80
[   7.67] 48511380: 0x48511750 0x00000000 0x381e0000 0x00003000 0x00000001 0x00000000 0x4850e5b0 0x500e5014
[   7.67] 485113a0: 0x500e5010 0x00000004 0x00000000 0x0000001f 0x00000004 0x00000002 0x4850e5b0 0x4850e55c
[   7.67] 485113c0: 0x4850e580 0x4851144c 0x02625a00 0x4850e460 0x4850e470 0x00000000 0x00000000 0x00000000
[   7.67] 485113e0: 0x00001104 0x4850e470 0x00000000 0x00000000 0x4810de50 0x4850e550 0x4850e4fc 0x4ff4b6a0
[   7.67] 48511400: 0x00000012 0x48511586 0x00000000 0x00000000 0x0000005c 0x00000000 0x00000000 0x00000cb2
[   7.67] 48511420: 0x000000ad 0x4850e470 0x4850e460 0x00000000 0x00000006 0xffffffff 0x4850e14c 0x480f2764
[   7.67] 48511440: 0x00000012 0xffffffff 0x0001e14c 0x00000001 0x0000005c 0x00000000 0x0000000a 0x4850e460
[   7.67] 48511460: 0x00000000 0x00000004 0x00000000 0x00000000 0x00000014 0x4850e4f0 0x4850e49c 0x4ff4b6d8
[   7.67] 48511480: 0x00000006 0x4850e4f0 0x00000000 0x00000000 0x4ff56ebc 0x0000000c 0x00000000 0x48114000
[   7.67] 485114a0: 0x48177000 0x00000004 0x485114e0 0x00000000 0x00000004 0xffffffff 0x4850e5bc 0x480f2cb2
[   7.67] 485114c0: 0x00000006 0xffffffff 0x00000002 0x4850e5bc 0x00000003 0xffffffff 0x48511588 0x480f3cf6
[   7.67] 485114e0: 0x00003000 0x00000000 0x00000000 0x00000000 0x00000900 0x48511586 0x00000000 0x00000002
[   7.67] 48511500: 0x00000900 0x485115b0 0x00000000 0x00000001 0x00001000 0x00000000 0x00000000 0x00000000
[   7.67] 48511520: 0x00000000 0x00000000 0x00000000 0x00000000 0x00000000 0x00000000 0x00000000 0x00000000
[   7.67] 48511540: 0x00000000 0x00000000 0x00000000 0x00000000 0x00000000 0x00000001 0x485115b0 0x485115c0
[   7.67] 48511560: 0x48511607 0x4810e000 0x00000000 0x00000000 0x00000000 0x00000001 0x4ff876a8 0x4ff4f1ee
[   7.96] 48511580: 0x4ff5fa68 0x00000000 0x4ff5fa14 0x4ff4f3ee 0x00000000 0x00000001 0x4ff5fa14 0x4ff4b182
[   7.96] 
[   7.96] 
[   7.96] 
[   7.96] ELF file SHA256: fc468d6c3
[   7.96] 
[   7.96] Rebooting...
[   7.96] ESP-ROM:esp32p4-eco7-20260109
[   7.96] Build:Jan  9 2026
[   7.96] rst:0xc (SW_CPU_RESET),boot:0xf (SPI_FAST_FLASH_BOOT)
[   7.96] Core0 Saved PC:0x4ff444de
[   7.96] Core1 Saved PC:0x4ff4ace6
[   7.96] SPI mode:DIO, clock div:1
[   7.96] load:0x4ffb60d0,len:0x11f0
[   7.96] load:0x4ffac2c0,len:0xd5c
[   7.96] load:0x4ffaefc0,len:0x3408
[   7.96] entry 0x4ffac2c0
[   7.96] I (229) hex_psram: vendor id    : 0x0d (AP)
[   7.96] I (229) hex_psram: Latency      : 0x01 (Fixed)
[   7.96] I (229) hex_psram: DriveStr.    : 0x00 (25 Ohm)
[   7.96] I (230) hex_psram: dev id       : 0x03 (generation 4)
[   7.96] I (235) hex_psram: density      : 0x07 (256 Mbit)
[   7.96] I (239) hex_psram: good-die     : 0x06 (Pass)
[   7.96] I (243) hex_psram: SRF          : 0x02 (Slow Refresh)
[   7.96] I (248) hex_psram: BurstType    : 0x00 ( Wrap)
[   7.96] I (252) hex_psram: BurstLen     : 0x03 (2048 Byte)
[   7.96] I (256) hex_psram: BitMode      : 0x01 (X16 Mode)
[   7.96] I (261) hex_psram: Readlatency  : 0x04 (14 cycles@Fixed)
[   7.96] I (266) hex_psram: DriveStrength: 0x00 (1/1)
[   7.96] I (270) MSPI Timing: Enter psram timing tuning
[   8.19] I esp_psram: Found 32MB PSRAM device
[   8.19] I esp_psram: Speed: 200MHz
[   8.19] I (457) mmu_psram: .rodata xip on psram
[   8.19] I (505) mmu_psram: .text xip on psram
[   8.19] I (505) hex_psram: psram CS IO is dedicated
[   8.19] I (506) cpu_start: Multicore app
[   8.82] I (929) esp_psram: SPI SRAM memory test OK
[   8.82] I (938) cpu_start: GPIO 38 and 37 are used as console UART I/O pins
[   8.82] I (939) cpu_start: Pro cpu start user code
[   8.82] I (939) cpu_start: cpu freq: 400000000 Hz
[   8.82] I (940) app_init: Application information:
[   8.82] I (944) app_init: Project name:     fnos_monitor
[   8.82] I (949) app_init: App version:      0.1.0
[   8.82] I (952) app_init: Compile time:     Sep 28 2026 07:59:20
[   8.82] I (957) app_init: ELF file SHA256:  fc468d6c3...
[   8.82] I (962) app_init: ESP-IDF:          5.5.3
[   8.82] I (965) efuse_init: Min chip rev:     v3.0
[   8.82] I (969) efuse_init: Max chip rev:     v3.99 
[   8.82] I (973) efuse_init: Chip rev:         v3.2
[   8.82] I (977) heap_init: Initializing. RAM available for dynamic allocation:
[   8.82] I (983) heap_init: At 4FF5E210 len 0005CDB0 (371 KiB): RETENT_RAM
[   8.82] I (989) heap_init: At 4FFBAFC0 len 00004BF0 (18 KiB): RAM
[   8.82] I (994) heap_init: At 501080D8 len 00000028 (0 KiB): RTCRAM
[   8.82] I (1000) heap_init: At 501081A0 len 00007E60 (31 KiB): RTCRAM
[   8.82] I (1005) heap_init: At 30100198 len 00001E68 (7 KiB): TCM
[   9.17] I (1010) esp_psram: Adding pool of 31215K of PSRAM memory to heap allocator
[   9.17] I (1017) esp_psram: Adding pool of 8K of PSRAM memory gap generated due to end address alignment of irom to the heap allocator
[   9.17] I (1028) esp_psram: Adding pool of 0K of PSRAM memory gap generated due to end address alignment of drom to the heap allocator
[   9.17] I (1039) spi_flash: detected chip: gd
[   9.17] I (1042) spi_flash: flash io: qio
[   9.17] I (1046) host_init: ESP Hosted : Host chip_ip[18]
[   9.17] I (1050) H_API: ESP-Hosted starting. Hosted_Tasks: prio:23, stack: 5120 RPC_task_stack: 5120
[   9.17] sdio_mempool_create free:32378696 min-free:32378696 lfb-def:31457280 lfb-8bit:31457280
[   9.17] 
[   9.17] I (1066) H_API: ** add_esp_wifi_remote_channels **
[   9.17] I (1071) transport: Add ESP-Hosted channel IF[1]: S[0] Tx[0x4800b6dc] Rx[0x4801a922]
[   9.17] I (1078) transport: Add ESP-Hosted channel IF[2]: S[0] Tx[0x4800b622] Rx[0x4801a922]
[   9.17] I (1086) sleep_gpio: Configure to isolate all GPIO pins in sleep state
[   9.17] I (1092) sleep_gpio: Enable automatic switching of GPIO sleep configuration
[   9.17] I (1099) main_task: Started on CPU0
[   9.17] I (1103) main_task: Calling app_main()
[   9.17] I (1109) main: fnOS NAS dashboard booting (agent http://192.168.0.119:8799)
[   9.17] I (1112) main: heap boot           internal=364KB largest=304KB dma=326KB psram=31220KB
[   9.17] I (1121) transport: Attempt connection with slave: retry[0]
[   9.17] I (1125) transport: Reset slave using GPIO[54]
[   9.17] I (1129) os_wrapper_esp: GPIO [54] configured
[  10.14] I (2299) sdio_wrapper: SDIO master: Data-Lines: 4-bit Freq(KHz)[40000 KHz]
[  10.14] I (2299) sdio_wrapper: GPIOs: CLK[18] CMD[19] D0[14] D1[15] D2[16] D3[17] Slave_Reset[54]
[  10.14] I (2299) H_SDIO_DRV: Starting SDIO process rx task
[  10.14] I (2302) sdio_wrapper: Queues: Tx[20] Rx[20] SDIO-Rx-Mode[1]
[  10.14] Name: 
[  10.14] Type: SDIO
[  10.14] Speed: 40.00 MHz (limit: 40.00 MHz)
[  10.14] Size: 0MB
[  10.14] CSD: ver=1, sector_size=0, capacity=0 read_bl_len=0
[  10.14] SCR: sd_spec=0, bus_width=0
[  10.14] TUPLE: DEVICE, size: 3: D9 01 FF 
[  10.14] TUPLE: MANFID, size: 4
[  10.14]   MANF: 0092, CARD: 6666
[  10.14] TUPLE: FUNCID, size: 2: 0C 00 
[  10.14] TUPLE: FUNCE, size: 4: 00 00 02 32 
[  10.14] TUPLE: CONFIG, size: 5: 01 01 00 02 07 
[  10.14] TUPLE: CFTABLE_ENTRY, size: 8
[  10.14]   INDX: C1, Intface: 1, Default: 1, Conf-Entry-Num: 1
[  10.14]   IF: 41
[  10.14]   FS: 30, misc: 0, mem_space: 1, irq: 1, io_space: 0, timing: 0, power: 0
[  10.14]   IR: 30, mask: 1,   IRQ: FF FF
[  10.14]   LEN: FFFF
[  10.14] TUPLE: END
[  10.14] I (2385) sdio_wrapper: Function 0 Blocksize: 512
[  10.14] I (2389) sdio_wrapper: Function 1 Blocksize: 512
[  10.14] I (2393) H_SDIO_DRV: SDIO Host operating in STREAMING MODE
[  10.14] I (2398) H_SDIO_DRV: generate slave intr
[  10.14] I (2409) transport: Received INIT event from ESP32 peripheral
[  10.14] I (2409) transport: EVENT: 12
[  10.14] I (2410) transport: EVENT: 11
[  10.14] I (2413) transport: capabilities: 0xd
[  10.14] I (2416) transport: Features supported are:
[  10.14] I (2420) transport: 	 * WLAN
[  10.49] I (2423) transport: 	   - HCI over SDIO
[  10.49] I (2426) transport: 	   - BLE only
[  10.49] I (2429) transport: EVENT: 13
[  10.49] I (2432) transport: ESP board type is : 13 
[  10.49] 
[  10.49] I (2436) transport: Base transport is set-up
[  10.49] 
[  10.49] I (2440) transport: Slave chip Id[12]
[  10.49] I (2444) hci_stub_drv: Host BT Support: Disabled
[  10.49] I (2448) H_SDIO_DRV: Received INIT event
[  11.16] I (3453) fnos_net: wifi station started; awaiting ip
[  11.16] I (3454) esp_lvgl:adapter: LVGL adapter initialized successfully
[  11.16] W (3454) ledc: GPIO 32 is not usable, maybe conflict with others
[  11.16] I (3458) ESP32_P4_EV: MIPI DSI PHY Powered on
[  11.16] I (3463) ESP32_P4_EV: Install MIPI DSI LCD control panel
[  11.16] I (3467) ESP32_P4_EV: Install EK79007 LCD control panel
[  11.16] I (3472) ek79007: version: 2.0.2
[  11.16] I (3474) H_API: esp_wifi_remote_connect
[  11.42] I (3649) ESP32_P4_EV: Display initialized
[  11.42] I (3650) esp_lvgl:bridge_v9: Initializing hardware resources
[  11.42] I (3650) esp_lvgl:bridge_v9: Hardware resources initialized successfully
[  11.42] I (3653) esp_lvgl:bridge: Initializing hardware resources
[  11.42] I (3658) esp_lvgl:bridge: Hardware resources initialized successfully
[  11.42] W (3664) esp_lvgl:bridge_v9: on_frame_buf_complete unavailable; buffer-switch release and dummy-draw may not function on MIPI DSI
[  11.42] I (3676) ESP32_P4_EV: Touch 0x5d found
[  11.42] I (3679) GT911: I2C address initialization procedure skipped - using default GT9xx setup
[  11.42] I (3687) GT911: TouchPad_ID:0x39,0x31,0x31
[  11.42] I (3691) GT911: TouchPad_Config_Version:91
[  11.42] W (3695) esp_lvgl:touch: LV_USE_GESTURE_RECOGNITION is disabled; only single-point pointer events are available
[  11.42] I (3704) esp_lvgl:touch: Touch input device registered successfully (IRQ mode: disabled)
[  11.42] I (3713) esp_lvgl:adapter: LVGL task started successfully
[  11.42] I (3717) ESP32_P4_EV: Setting LCD backlight: 100%
[  11.76] I (3722) ESP32_P4_EV: Setting LCD backlight: 45%
[  11.76] I (3726) main: heap display        internal=244KB largest=204KB dma=206KB psram=27578KB
[  11.76] I (3857) fnos_view: dashboard v2 created (4 pages, 180 s window)
[  11.76] I (3857) main: heap ui             internal=244KB largest=204KB dma=206KB psram=27492KB
[  11.76] I (3859) fnos_data: polling http://192.168.0.119:8799/api/v1/status every 1000 ms
[  11.76] I (3866) main: heap polling        internal=243KB largest=204KB dma=205KB psram=27478KB
[  11.76] I (3874) ESP32_P4_EV: Setting LCD backlight: 45%
[  11.76] I (3878) main: backlight 45% (day)
[  11.76] I (3881) main: boot complete
[  11.76] I (3884) main_task: Returned from app_main()
[  12.44] Guru Meditation Error: Core  1 panic'ed (Load access fault). Exception was unhandled.
[  12.44] 
[  12.44] Core  1 register dump:
[  12.44] MEPC    : 0x4fc1b714  RA      : 0x480ef156  SP      : 0x485111a0  GP      : 0x4ff56f80  
[  12.44] TP      : 0x48511750  T0      : 0x0000000d  T1      : 0x90000000  T2      : 0xffffffff  
[  12.44] S0/FP   : 0x00000000  S1      : 0x00000014  A0      : 0x00000014  A1      : 0xffffffff  
[  12.44] A2      : 0x0000000a  A3      : 0x7f7f7f7f  A4      : 0x00000000  A5      : 0x00000018  
[  12.44] A6      : 0xa0000000  A7      : 0x0000000a  S2      : 0x4817f000  S3      : 0x00000009  
[  12.44] S4      : 0xffffffff  S5      : 0x0000000a  S6      : 0x00000002  S7      : 0x00000073  
[  12.44] S8      : 0x00000009  S9      : 0x00000000  S10     : 0xffffffff  S11     : 0x485112c4  
[  12.44] T3      : 0x00000000  T4      : 0x00000000  T5      : 0xffffffff  T6      : 0x00000000  
[  12.44] MSTATUS : 0x00011881  MTVEC   : 0x4ff40003  MCAUSE  : 0x00000005  MTVAL   : 0x00000014  
[  12.44] MHARTID : 0x00000001  
[  12.44] 
[  12.44] Stack memory:
[  12.44] 485111a0: 0x00000001 0x4ff5ec14 0x4ff87710 0x4810dea6 0x00000000 0x00000000 0x00000000 0x00000000
[  12.44] 485111c0: 0x00000000 0x00000001 0x0000004f 0x00000001 0x00000000 0x48113730 0x00000000 0x00000000
[  12.44] 485111e0: 0x00000000 0x00000258 0xffffffc0 0x00000002 0x000003f0 0x4ff6da00 0x00000080 0x00000000
[  12.44] 48511200: 0x0012c000 0x482b4e80 0x00000006 0x4fc116ea 0x0012c000 0x482b4e80 0x00000006 0x4ff505c0
[  12.44] 48511220: 0x00000000 0x4ff6da00 0x482b4e80 0x0012c000 0x4ff4c35e 0x4ff4f440 0x485112b0 0x4ff56f80
[  12.44] 48511240: 0x48511750 0x4fc114ec 0x4ff4c5fe 0x00000001 0x00000000 0x4ff86da8 0x00000000 0x500e5014
[  12.44] 48511260: 0x500e5010 0x00000004 0x00000000 0x0000001f 0x08000000 0x4fc11284 0x00000001 0x48511674
[  12.44] 48511280: 0x48110000 0x4ff6da00 0x000003f0 0x00000002 0x0000000a 0x00000000 0x00000000 0x482b4e80
[  12.44] 485112a0: 0x1fffffff 0x4ff6da00 0x48110000 0xffffffff 0x485112bc 0x00000001 0x00000007 0x4810de9d
[  12.44] 485112c0: 0x00000007 0x4851135f 0x00000001 0x48110000 0x00000000 0x00000258 0xffffffc0 0x00000002
[  12.44] 485112e0: 0x000003f0 0x4ff6da00 0x480feca0 0x00000004 0x4ff5dfa8 0x4ff86d90 0x4ff86a04 0x4802722c
[  12.44] 48511300: 0x480ffd7c 0x00000001 0x48511334 0x4802ed98 0x00000000 0x480fefe4 0x4ff5c48c 0x00000000
[  12.44] 48511320: 0x480ff018 0x00000004 0x00000400 0x00000002 0x00000095 0x480ffcb4 0x480ffcb4 0x00010001
[  12.44] 48511340: 0x000003f0 0x000001c2 0x000003f3 0x00000202 0x00000041 0x00000000 0x00000000 0x30393134
[  12.44] 48511360: 0xffffffff 0x00000000 0x482b4e80 0x0012c000 0x4ff4c35c 0x4ff4bb5e 0x485113f0 0x4ff56f80
[  12.44] 48511380: 0x48511750 0x00000000 0x381e0000 0x00003000 0x00000001 0x00000000 0x4850e5b0 0x500e5014
[  12.44] 485113a0: 0x500e5010 0x00000004 0x00000000 0x0000001f 0x00000004 0x00000002 0x4850e5b0 0x4850e55c
[  12.44] 485113c0: 0x4850e580 0x4851144c 0x02625a00 0x4850e460 0x4850e470 0x00000000 0x00000000 0x00000000
[  12.44] 485113e0: 0x00001104 0x4850e470 0x00000000 0x00000000 0x4810de50 0x4850e550 0x4850e4fc 0x4ff4b6a0
[  12.44] 48511400: 0x00000012 0x48511586 0x00000000 0x00000000 0x0000005c 0x00000000 0x00000000 0x00000cb3
[  12.44] 48511420: 0x000000ad 0x4850e470 0x4850e460 0x00000000 0x00000006 0xffffffff 0x4850e14c 0x480f2764
[  12.44] 48511440: 0x00000012 0xffffffff 0x0001e14c 0x00000001 0x0000005c 0x00000000 0x0000000a 0x4850e460
[  12.44] 48511460: 0x00000000 0x00000004 0x00000000 0x00000000 0x00000014 0x4850e4f0 0x4850e49c 0x4ff4b6d8
[  12.44] 48511480: 0x00000006 0x4850e4f0 0x00000000 0x00000000 0x4ff56ebc 0x0000000c 0x00000000 0x48114000
[  12.44] 485114a0: 0x48177000 0x00000004 0x485114e0 0x00000000 0x00000004 0xffffffff 0x4850e5bc 0x480f2cb2
[  12.44] 485114c0: 0x00000006 0xffffffff 0x00000002 0x4850e5bc 0x00000003 0xffffffff 0x48511588 0x480f3cf6
[  12.44] 485114e0: 0x00003000 0x00000000 0x00000000 0x00000000 0x00000900 0x48511586 0x00000000 0x00000002
[  12.44] 48511500: 0x00000900 0x485115b0 0x00000000 0x00000001 0x00001000 0x00000000 0x00000000 0x00000000
[  12.44] 48511520: 0x00000000 0x00000000 0x00000000 0x00000000 0x00000000 0x00000000 0x00000000 0x00000000
[  12.44] 48511540: 0x00000000 0x00000000 0x00000000 0x00000000 0x00000000 0x00000001 0x485115b0 0x485115c0
[  12.44] 48511560: 0x48511607 0x4810e000 0x00000000 0x00000000 0x00000000 0x00000001 0x4ff876a8 0x4ff4f1ee
[  12.73] 48511580: 0x4ff5fa68 0x00000000 0x4ff5fa14 0x4ff4f3ee 0x00000000 0x00000001 0x4ff5fa14 0x4ff4b182
[  12.73] 
[  12.73] 
[  12.73] 
[  12.73] ELF file SHA256: fc468d6c3
[  12.73] 
[  12.73] Rebooting...
[  12.73] ESP-ROM:esp32p4-eco7-20260109
[  12.73] Build:Jan  9 2026
[  12.73] rst:0xc (SW_CPU_RESET),boot:0xf (SPI_FAST_FLASH_BOOT)
[  12.73] Core0 Saved PC:0x4ff444de
[  12.73] Core1 Saved PC:0x4ff4ace6
[  12.73] SPI mode:DIO, clock div:1
[  12.73] load:0x4ffb60d0,len:0x11f0
[  12.73] load:0x4ffac2c0,len:0xd5c
[  12.73] load:0x4ffaefc0,len:0x3408
[  12.73] entry 0x4ffac2c0
[  12.73] I (229) hex_psram: vendor id    : 0x0d (AP)
[  12.73] I (229) hex_psram: Latency      : 0x01 (Fixed)
[  12.73] I (229) hex_psram: DriveStr.    : 0x00 (25 Ohm)
[  12.73] I (230) hex_psram: dev id       : 0x03 (generation 4)
[  12.73] I (235) hex_psram: density      : 0x07 (256 Mbit)
[  12.73] I (239) hex_psram: good-die     : 0x06 (Pass)
[  12.73] I (243) hex_psram: SRF          : 0x02 (Slow Refresh)
[  12.73] I (248) hex_psram: BurstType    : 0x00 ( Wrap)
[  12.73] I (252) hex_psram: BurstLen     : 0x03 (2048 Byte)
[  12.73] I (256) hex_psram: BitMode      : 0x01 (X16 Mode)
[  12.73] I (261) hex_psram: Readlatency  : 0x04 (14 cycles@Fixed)
[  12.73] I (266) hex_psram: DriveStrength: 0x00 (1/1)
[  12.73] I (270) MSPI Timing: Enter psram timing tuning
[  12.96] I esp_psram: Found 32MB PSRAM device
[  12.96] I esp_psram: Speed: 200MHz
[  12.96] I (457) mmu_psram: .rodata xip on psram
[  12.96] I (505) mmu_psram: .text xip on psram
[  12.96] I (505) hex_psram: psram CS IO is dedicated
[  12.96] I (506) cpu_start: Multicore app
[  13.59] I (929) esp_psram: SPI SRAM memory test OK
[  13.59] I (938) cpu_start: GPIO 38 and 37 are used as console UART I/O pins
[  13.59] I (939) cpu_start: Pro cpu start user code
[  13.59] I (939) cpu_start: cpu freq: 400000000 Hz
[  13.59] I (940) app_init: Application information:
[  13.59] I (944) app_init: Project name:     fnos_monitor
[  13.59] I (949) app_init: App version:      0.1.0
[  13.59] I (952) app_init: Compile time:     Sep 28 2026 07:59:20
[  13.59] I (957) app_init: ELF file SHA256:  fc468d6c3...
[  13.59] I (962) app_init: ESP-IDF:          5.5.3
[  13.59] I (965) efuse_init: Min chip rev:     v3.0
[  13.59] I (969) efuse_init: Max chip rev:     v3.99 
[  13.59] I (973) efuse_init: Chip rev:         v3.2
[  13.59] I (977) heap_init: Initializing. RAM available for dynamic allocation:
[  13.59] I (983) heap_init: At 4FF5E210 len 0005CDB0 (371 KiB): RETENT_RAM
[  13.59] I (989) heap_init: At 4FFBAFC0 len 00004BF0 (18 KiB): RAM
[  13.59] I (994) heap_init: At 501080D8 len 00000028 (0 KiB): RTCRAM
[  13.59] I (1000) heap_init: At 501081A0 len 00007E60 (31 KiB): RTCRAM
[  13.59] I (1005) heap_init: At 30100198 len 00001E68 (7 KiB): TCM
[  13.93] I (1010) esp_psram: Adding pool of 31215K of PSRAM memory to heap allocator
[  13.93] I (1017) esp_psram: Adding pool of 8K of PSRAM memory gap generated due to end address alignment of irom to the heap allocator
[  13.93] I (1028) esp_psram: Adding pool of 0K of PSRAM memory gap generated due to end address alignment of drom to the heap allocator
[  13.93] I (1039) spi_flash: detected chip: gd
[  13.93] I (1042) spi_flash: flash io: qio
[  13.93] I (1046) host_init: ESP Hosted : Host chip_ip[18]
[  13.93] I (1050) H_API: ESP-Hosted starting. Hosted_Tasks: prio:23, stack: 5120 RPC_task_stack: 5120
[  13.93] sdio_mempool_create free:32378696 min-free:32378696 lfb-def:31457280 lfb-8bit:31457280
[  13.93] 
[  13.93] I (1066) H_API: ** add_esp_wifi_remote_channels **
[  13.93] I (1071) transport: Add ESP-Hosted channel IF[1]: S[0] Tx[0x4800b6dc] Rx[0x4801a922]
[  13.93] I (1078) transport: Add ESP-Hosted channel IF[2]: S[0] Tx[0x4800b622] Rx[0x4801a922]
[  13.93] I (1086) sleep_gpio: Configure to isolate all GPIO pins in sleep state
[  13.93] I (1092) sleep_gpio: Enable automatic switching of GPIO sleep configuration
[  13.93] I (1099) main_task: Started on CPU0
[  13.93] I (1103) main_task: Calling app_main()
[  13.93] I (1109) main: fnOS NAS dashboard booting (agent http://192.168.0.119:8799)
[  13.93] I (1112) main: heap boot           internal=364KB largest=304KB dma=326KB psram=31220KB
[  13.93] I (1121) transport: Attempt connection with slave: retry[0]
[  13.93] I (1125) transport: Reset slave using GPIO[54]
[  13.93] I (1129) os_wrapper_esp: GPIO [54] configured
[  14.91] I (2299) sdio_wrapper: SDIO master: Data-Lines: 4-bit Freq(KHz)[40000 KHz]
[  14.91] I (2299) sdio_wrapper: GPIOs: CLK[18] CMD[19] D0[14] D1[15] D2[16] D3[17] Slave_Reset[54]
[  14.91] I (2299) H_SDIO_DRV: Starting SDIO process rx task
[  14.91] I (2302) sdio_wrapper: Queues: Tx[20] Rx[20] SDIO-Rx-Mode[1]
[  14.91] Name: 
[  14.91] Type: SDIO
[  14.91] Speed: 40.00 MHz (limit: 40.00 MHz)
[  14.91] Size: 0MB
[  14.91] CSD: ver=1, sector_size=0, capacity=0 read_bl_len=0
[  14.91] SCR: sd_spec=0, bus_width=0
[  14.91] TUPLE: DEVICE, size: 3: D9 01 FF 
[  14.91] TUPLE: MANFID, size: 4
[  14.91]   MANF: 0092, CARD: 6666
[  14.91] TUPLE: FUNCID, size: 2: 0C 00 
[  14.91] TUPLE: FUNCE, size: 4: 00 00 02 32 
[  14.91] TUPLE: CONFIG, size: 5: 01 01 00 02 07 
[  14.91] TUPLE: CFTABLE_ENTRY, size: 8
[  14.91]   INDX: C1, Intface: 1, Default: 1, Conf-Entry-Num: 1
[  14.91]   IF: 41
[  14.91]   FS: 30, misc: 0, mem_space: 1, irq: 1, io_space: 0, timing: 0, power: 0
[  14.91]   IR: 30, mask: 1,   IRQ: FF FF
[  14.91]   LEN: FFFF
[  14.91] TUPLE: END
[  14.91] I (2385) sdio_wrapper: Function 0 Blocksize: 512
[  14.91] I (2389) sdio_wrapper: Function 1 Blocksize: 512
[  14.91] I (2393) H_SDIO_DRV: SDIO Host operating in STREAMING MODE
[  14.91] I (2398) H_SDIO_DRV: generate slave intr
[  14.91] I (2409) transport: Received INIT event from ESP32 peripheral
[  14.91] I (2409) transport: EVENT: 12
[  14.91] I (2410) transport: EVENT: 11
[  14.91] I (2413) transport: capabilities: 0xd
[  14.91] I (2416) transport: Features supported are:
[  14.91] I (2420) transport: 	 * WLAN
[  15.26] I (2423) transport: 	   - HCI over SDIO
[  15.26] I (2426) transport: 	   - BLE only
[  15.26] I (2429) transport: EVENT: 13
[  15.26] I (2432) transport: ESP board type is : 13 
[  15.26] 
[  15.26] I (2436) transport: Base transport is set-up
[  15.26] 
[  15.26] I (2440) transport: Slave chip Id[12]
[  15.26] I (2444) hci_stub_drv: Host BT Support: Disabled
[  15.26] I (2448) H_SDIO_DRV: Received INIT event
[  15.93] I (3453) fnos_net: wifi station started; awaiting ip
[  15.93] I (3453) esp_lvgl:adapter: LVGL adapter initialized successfully
[  15.93] W (3454) ledc: GPIO 32 is not usable, maybe conflict with others
[  15.93] I (3458) ESP32_P4_EV: MIPI DSI PHY Powered on
[  15.93] I (3463) ESP32_P4_EV: Install MIPI DSI LCD control panel
[  15.93] I (3467) ESP32_P4_EV: Install EK79007 LCD control panel
[  15.93] I (3472) ek79007: version: 2.0.2
[  15.93] I (3474) H_API: esp_wifi_remote_connect
[  16.19] I (3649) ESP32_P4_EV: Display initialized
[  16.19] I (3650) esp_lvgl:bridge_v9: Initializing hardware resources
[  16.19] I (3650) esp_lvgl:bridge_v9: Hardware resources initialized successfully
[  16.19] I (3653) esp_lvgl:bridge: Initializing hardware resources
[  16.19] I (3658) esp_lvgl:bridge: Hardware resources initialized successfully
[  16.19] W (3664) esp_lvgl:bridge_v9: on_frame_buf_complete unavailable; buffer-switch release and dummy-draw may not function on MIPI DSI
[  16.19] I (3676) ESP32_P4_EV: Touch 0x5d found
[  16.19] I (3679) GT911: I2C address initialization procedure skipped - using default GT9xx setup
[  16.19] I (3687) GT911: TouchPad_ID:0x39,0x31,0x31
[  16.19] I (3691) GT911: TouchPad_Config_Version:91
[  16.19] W (3695) esp_lvgl:touch: LV_USE_GESTURE_RECOGNITION is disabled; only single-point pointer events are available
[  16.19] I (3704) esp_lvgl:touch: Touch input device registered successfully (IRQ mode: disabled)
[  16.19] I (3713) esp_lvgl:adapter: LVGL task started successfully
[  16.19] I (3717) ESP32_P4_EV: Setting LCD backlight: 100%
[  16.54] I (3722) ESP32_P4_EV: Setting LCD backlight: 45%
[  16.54] I (3726) main: heap display        internal=244KB largest=204KB dma=206KB psram=27578KB
[  16.54] I (3857) fnos_view: dashboard v2 created (4 pages, 180 s window)
[  16.54] I (3857) main: heap ui             internal=244KB largest=204KB dma=206KB psram=27492KB
[  16.54] I (3859) fnos_data: polling http://192.168.0.119:8799/api/v1/status every 1000 ms
[  16.54] I (3866) main: heap polling        internal=243KB largest=204KB dma=205KB psram=27478KB
[  16.54] I (3874) ESP32_P4_EV: Setting LCD backlight: 45%
[  16.54] I (3878) main: backlight 45% (day)
[  16.54] I (3881) main: boot complete
[  16.54] I (3884) main_task: Returned from app_main()
[  17.21] Guru Meditation Error: Core  1 panic'ed (Load access fault). Exception was unhandled.
[  17.21] 
[  17.21] Core  1 register dump:
[  17.21] MEPC    : 0x4fc1b714  RA      : 0x480ef156  SP      : 0x485111a0  GP      : 0x4ff56f80  
[  17.21] TP      : 0x48511750  T0      : 0x0000000d  T1      : 0x90000000  T2      : 0xffffffff  
[  17.21] S0/FP   : 0x00000000  S1      : 0x00000014  A0      : 0x00000014  A1      : 0xffffffff  
[  17.21] A2      : 0x0000000a  A3      : 0x7f7f7f7f  A4      : 0x00000000  A5      : 0x00000018  
[  17.21] A6      : 0xa0000000  A7      : 0x0000000a  S2      : 0x4817f000  S3      : 0x00000009  
[  17.21] S4      : 0xffffffff  S5      : 0x0000000a  S6      : 0x00000002  S7      : 0x00000073  
[  17.21] S8      : 0x00000009  S9      : 0x00000000  S10     : 0xffffffff  S11     : 0x485112c4  
[  17.21] T3      : 0x00000000  T4      : 0x00000000  T5      : 0xffffffff  T6      : 0x00000000  
[  17.21] MSTATUS : 0x00011881  MTVEC   : 0x4ff40003  MCAUSE  : 0x00000005  MTVAL   : 0x00000014  
[  17.21] MHARTID : 0x00000001  
[  17.21] 
[  17.21] Stack memory:
[  17.21] 485111a0: 0x00000001 0x4ff5ec14 0x4ff87710 0x4810dea6 0x00000000 0x00000000 0x00000000 0x00000000
[  17.21] 485111c0: 0x00000000 0x00000001 0x0000004f 0x00000001 0x00000000 0x48113730 0x00000000 0x00000000
[  17.21] 485111e0: 0x00000000 0x00000258 0xffffffc0 0x00000002 0x000003f0 0x4ff6da00 0x00000080 0x00000000
[  17.21] 48511200: 0x0012c000 0x482b4e80 0x00000006 0x4fc116ea 0x0012c000 0x482b4e80 0x00000006 0x4ff505c0
[  17.21] 48511220: 0x00000000 0x4ff6da00 0x482b4e80 0x0012c000 0x4ff4c35c 0x4ff4f440 0x485112b0 0x4ff56f80
[  17.21] 48511240: 0x48511750 0x4fc114ec 0x4ff4c5fe 0x00000001 0x00000000 0x4ff86da8 0x00000000 0x500e5014
[  17.21] 48511260: 0x500e5010 0x00000004 0x00000000 0x0000001f 0x08000000 0x4fc11284 0x00000001 0x48511674
[  17.21] 48511280: 0x48110000 0x4ff6da00 0x000003f0 0x00000002 0x0000000a 0x00000000 0x00000000 0x482b4e80
[  17.21] 485112a0: 0x1fffffff 0x4ff6da00 0x48110000 0xffffffff 0x485112bc 0x00000001 0x00000007 0x4810de9d
[  17.21] 485112c0: 0x00000007 0x4851135f 0x00000001 0x48110000 0x00000000 0x00000258 0xffffffc0 0x00000002
[  17.21] 485112e0: 0x000003f0 0x4ff6da00 0x480feca0 0x00000004 0x4ff5dfa8 0x4ff86d90 0x4ff86a04 0x4802722c
[  17.21] 48511300: 0x480ffd7c 0x00000001 0x48511334 0x4802ed98 0x00000000 0x480fefe4 0x4ff5c48c 0x00000000
[  17.21] 48511320: 0x480ff018 0x00000004 0x00000400 0x00000002 0x00000095 0x480ffcb4 0x480ffcb4 0x00010001
[  17.21] 48511340: 0x000003f0 0x000001c2 0x000003f3 0x00000202 0x00000041 0x00000000 0x00000000 0x30393134
[  17.21] 48511360: 0xffffffff 0x00000000 0x482b4e80 0x0012c000 0x4ff4c35e 0x4ff4bb5e 0x485113f0 0x4ff56f80
[  17.21] 48511380: 0x48511750 0x00000000 0x381e0000 0x00003000 0x00000001 0x00000000 0x4850e5b0 0x500e5014
[  17.21] 485113a0: 0x500e5010 0x00000004 0x00000000 0x0000001f 0x00000004 0x00000002 0x4850e5b0 0x4850e55c
[  17.21] 485113c0: 0x4850e580 0x4851144c 0x02625a00 0x4850e460 0x4850e470 0x00000000 0x00000000 0x00000000
[  17.21] 485113e0: 0x00001105 0x4850e470 0x00000000 0x00000000 0x4810de50 0x4850e550 0x4850e4fc 0x4ff4b6a0
[  17.21] 48511400: 0x00000012 0x48511586 0x00000000 0x00000000 0x0000005c 0x00000000 0x00000000 0x00000cb2
[  17.21] 48511420: 0x000000ad 0x4850e470 0x4850e460 0x00000000 0x00000006 0xffffffff 0x4850e14c 0x480f2764
[  17.21] 48511440: 0x00000012 0xffffffff 0x0001e14c 0x00000001 0x0000005c 0x00000000 0x0000000a 0x4850e460
[  17.21] 48511460: 0x00000000 0x00000004 0x00000000 0x00000000 0x00000014 0x4850e4f0 0x4850e49c 0x4ff4b6d8
[  17.21] 48511480: 0x00000006 0x4850e4f0 0x00000000 0x00000000 0x4ff56ebc 0x0000000c 0x00000000 0x48114000
[  17.21] 485114a0: 0x48177000 0x00000004 0x485114e0 0x00000000 0x00000004 0xffffffff 0x4850e5bc 0x480f2cb2
[  17.21] 485114c0: 0x00000006 0xffffffff 0x00000002 0x4850e5bc 0x00000003 0xffffffff 0x48511588 0x480f3cf6
[  17.21] 485114e0: 0x00003000 0x00000000 0x00000000 0x00000000 0x00000900 0x48511586 0x00000000 0x00000002
[  17.21] 48511500: 0x00000900 0x485115b0 0x00000000 0x00000001 0x00001000 0x00000000 0x00000000 0x00000000
[  17.21] 48511520: 0x00000000 0x00000000 0x00000000 0x00000000 0x00000000 0x00000000 0x00000000 0x00000000
[  17.21] 48511540: 0x00000000 0x00000000 0x00000000 0x00000000 0x00000000 0x00000001 0x485115b0 0x485115c0
[  17.21] 48511560: 0x48511607 0x4810e000 0x00000000 0x00000000 0x00000000 0x00000001 0x4ff876a8 0x4ff4f1ee
[  17.50] 48511580: 0x4ff5fa68 0x00000000 0x4ff5fa14 0x4ff4f3ee 0x00000000 0x00000001 0x4ff5fa14 0x4ff4b182
[  17.50] 
[  17.50] 
[  17.50] 
[  17.50] ELF file SHA256: fc468d6c3
[  17.50] 
[  17.50] Rebooting...
[  17.50] ESP-ROM:esp32p4-eco7-20260109
[  17.50] Build:Jan  9 2026
[  17.50] rst:0xc (SW_CPU_RESET),boot:0xf (SPI_FAST_FLASH_BOOT)
[  17.50] Core0 Saved PC:0x4ff444de
[  17.50] Core1 Saved PC:0x4ff4ace6
[  17.50] SPI mode:DIO, clock div:1
[  17.50] load:0x4ffb60d0,len:0x11f0
[  17.50] load:0x4ffac2c0,len:0xd5c
[  17.50] load:0x4ffaefc0,len:0x3408
[  17.50] entry 0x4ffac2c0
[  17.50] I (229) hex_psram: vendor id    : 0x0d (AP)
[  17.50] I (229) hex_psram: Latency      : 0x01 (Fixed)
[  17.50] I (229) hex_psram: DriveStr.    : 0x00 (25 Ohm)
[  17.50] I (230) hex_psram: dev id       : 0x03 (generation 4)
[  17.50] I (235) hex_psram: density      : 0x07 (256 Mbit)
[  17.50] I (239) hex_psram: good-die     : 0x06 (Pass)
[  17.50] I (243) hex_psram: SRF          : 0x02 (Slow Refresh)
[  17.50] I (248) hex_psram: BurstType    : 0x00 ( Wrap)
[  17.50] I (252) hex_psram: BurstLen     : 0x03 (2048 Byte)
[  17.50] I (256) hex_psram: BitMode      : 0x01 (X16 Mode)
[  17.50] I (261) hex_psram: Readlatency  : 0x04 (14 cycles@Fixed)
[  17.50] I (266) hex_psram: DriveStrength: 0x00 (1/1)
[  17.50] I (270) MSPI Timing: Enter psram timing tuning
[  17.73] I esp_psram: Found 32MB PSRAM device
[  17.73] I esp_psram: Speed: 200MHz
[  17.73] I (457) mmu_psram: .rodata xip on psram
[  17.73] I (505) mmu_psram: .text xip on psram
[  17.73] I (505) hex_psram: psram CS IO is dedicated
[  17.73] I (506) cpu_start: Multicore app
[  18.36] I (929) esp_psram: SPI SRAM memory test OK
[  18.36] I (938) cpu_start: GPIO 38 and 37 are used as console UART I/O pins
[  18.36] I (939) cpu_start: Pro cpu start user code
[  18.36] I (939) cpu_start: cpu freq: 400000000 Hz
[  18.36] I (941) app_init: Application information:
[  18.36] I (944) app_init: Project name:     fnos_monitor
[  18.36] I (949) app_init: App version:      0.1.0
[  18.36] I (952) app_init: Compile time:     Sep 28 2026 07:59:20
[  18.36] I (957) app_init: ELF file SHA256:  fc468d6c3...
[  18.36] I (962) app_init: ESP-IDF:          5.5.3
[  18.36] I (966) efuse_init: Min chip rev:     v3.0
[  18.36] I (969) efuse_init: Max chip rev:     v3.99 
[  18.36] I (973) efuse_init: Chip rev:         v3.2
[  18.36] I (977) heap_init: Initializing. RAM available for dynamic allocation:
[  18.36] I (983) heap_init: At 4FF5E210 len 0005CDB0 (371 KiB): RETENT_RAM
[  18.36] I (989) heap_init: At 4FFBAFC0 len 00004BF0 (18 KiB): RAM
[  18.36] I (994) heap_init: At 501080D8 len 00000028 (0 KiB): RTCRAM
[  18.36] I (1000) heap_init: At 501081A0 len 00007E60 (31 KiB): RTCRAM
[  18.36] I (1005) heap_init: At 30100198 len 00001E68 (7 KiB): TCM
[  18.70] I (1010) esp_psram: Adding pool of 31215K of PSRAM memory to heap allocator
[  18.70] I (1017) esp_psram: Adding pool of 8K of PSRAM memory gap generated due to end address alignment of irom to the heap allocator
[  18.70] I (1028) esp_psram: Adding pool of 0K of PSRAM memory gap generated due to end address alignment of drom to the heap allocator
[  18.70] I (1039) spi_flash: detected chip: gd
[  18.70] I (1043) spi_flash: flash io: qio
[  18.70] I (1046) host_init: ESP Hosted : Host chip_ip[18]
[  18.70] I (1050) H_API: ESP-Hosted starting. Hosted_Tasks: prio:23, stack: 5120 RPC_task_stack: 5120
[  18.70] sdio_mempool_create free:32378696 min-free:32378696 lfb-def:31457280 lfb-8bit:31457280
[  18.70] 
[  18.70] I (1066) H_API: ** add_esp_wifi_remote_channels **
[  18.70] I (1071) transport: Add ESP-Hosted channel IF[1]: S[0] Tx[0x4800b6dc] Rx[0x4801a922]
[  18.70] I (1078) transport: Add ESP-Hosted channel IF[2]: S[0] Tx[0x4800b622] Rx[0x4801a922]
[  18.70] I (1086) sleep_gpio: Configure to isolate all GPIO pins in sleep state
[  18.70] I (1092) sleep_gpio: Enable automatic switching of GPIO sleep configuration
[  18.70] I (1099) main_task: Started on CPU0
[  18.70] I (1103) main_task: Calling app_main()
[  18.70] I (1109) main: fnOS NAS dashboard booting (agent http://192.168.0.119:8799)
[  18.70] I (1112) main: heap boot           internal=364KB largest=304KB dma=326KB psram=31220KB
[  18.70] I (1121) transport: Attempt connection with slave: retry[0]
[  18.70] I (1125) transport: Reset slave using GPIO[54]
[  18.70] I (1129) os_wrapper_esp: GPIO [54] configured
[  19.68] I (2299) sdio_wrapper: SDIO master: Data-Lines: 4-bit Freq(KHz)[40000 KHz]
[  19.68] I (2299) sdio_wrapper: GPIOs: CLK[18] CMD[19] D0[14] D1[15] D2[16] D3[17] Slave_Reset[54]
[  19.68] I (2299) H_SDIO_DRV: Starting SDIO process rx task
[  19.68] I (2302) sdio_wrapper: Queues: Tx[20] Rx[20] SDIO-Rx-Mode[1]
[  19.68] Name: 
[  19.68] Type: SDIO
[  19.68] Speed: 40.00 MHz (limit: 40.00 MHz)
[  19.68] Size: 0MB
[  19.68] CSD: ver=1, sector_size=0, capacity=0 read_bl_len=0
[  19.68] SCR: sd_spec=0, bus_width=0
[  19.68] TUPLE: DEVICE, size: 3: D9 01 FF 
[  19.68] TUPLE: MANFID, size: 4
[  19.68]   MANF: 0092, CARD: 6666
[  19.68] TUPLE: FUNCID, size: 2: 0C 00 
[  19.68] TUPLE: FUNCE, size: 4: 00 00 02 32 
[  19.68] TUPLE: CONFIG, size: 5: 01 01 00 02 07 
[  19.68] TUPLE: CFTABLE_ENTRY, size: 8
[  19.68]   INDX: C1, Intface: 1, Default: 1, Conf-Entry-Num: 1
[  19.68]   IF: 41
[  19.68]   FS: 30, misc: 0, mem_space: 1, irq: 1, io_space: 0, timing: 0, power: 0
[  19.68]   IR: 30, mask: 1,   IRQ: FF FF
[  19.68]   LEN: FFFF
[  19.68] TUPLE: END
[  19.68] I (2385) sdio_wrapper: Function 0 Blocksize: 512
[  19.68] I (2389) sdio_wrapper: Function 1 Blocksize: 512
[  19.68] I (2393) H_SDIO_DRV: SDIO Host operating in STREAMING MODE
[  19.68] I (2398) H_SDIO_DRV: generate slave intr
[  19.68] I (2408) transport: Received INIT event from ESP32 peripheral
[  19.68] I (2408) transport: EVENT: 12
[  19.68] I (2410) transport: EVENT: 11
[  19.68] I (2413) transport: capabilities: 0xd
[  19.68] I (2416) transport: Features supported are:
[  19.68] I (2420) transport: 	 * WLAN
[  20.03] I (2423) transport: 	   - HCI over SDIO
[  20.03] I (2426) transport: 	   - BLE only
[  20.03] I (2429) transport: EVENT: 13
[  20.03] I (2432) transport: ESP board type is : 13 
[  20.03] 
[  20.03] I (2436) transport: Base transport is set-up
[  20.03] 
[  20.03] I (2440) transport: Slave chip Id[12]
[  20.03] I (2444) hci_stub_drv: Host BT Support: Disabled
[  20.03] I (2448) H_SDIO_DRV: Received INIT event
[  20.96] I (3453) fnos_net: wifi station started; awaiting ip
[  20.96] I (3453) esp_lvgl:adapter: LVGL adapter initialized successfully
[  20.96] W (3454) ledc: GPIO 32 is not usable, maybe conflict with others
[  20.96] I (3458) ESP32_P4_EV: MIPI DSI PHY Powered on
[  20.96] I (3463) ESP32_P4_EV: Install MIPI DSI LCD control panel
[  20.96] I (3467) ESP32_P4_EV: Install EK79007 LCD control panel
[  20.96] I (3472) ek79007: version: 2.0.2
[  20.96] I (3474) H_API: esp_wifi_remote_connect
[  20.96] I (3649) ESP32_P4_EV: Display initialized
[  20.96] I (3650) esp_lvgl:bridge_v9: Initializing hardware resources
[  20.96] I (3650) esp_lvgl:bridge_v9: Hardware resources initialized successfully
[  20.96] I (3653) esp_lvgl:bridge: Initializing hardware resources
[  20.96] I (3658) esp_lvgl:bridge: Hardware resources initialized successfully
[  20.96] W (3664) esp_lvgl:bridge_v9: on_frame_buf_complete unavailable; buffer-switch release and dummy-draw may not function on MIPI DSI
[  20.96] I (3676) ESP32_P4_EV: Touch 0x5d found
[  20.96] I (3679) GT911: I2C address initialization procedure skipped - using default GT9xx setup
[  20.96] I (3687) GT911: TouchPad_ID:0x39,0x31,0x31
[  20.96] I (3691) GT911: TouchPad_Config_Version:91
[  20.96] W (3695) esp_lvgl:touch: LV_USE_GESTURE_RECOGNITION is disabled; only single-point pointer events are available
[  20.96] I (3704) esp_lvgl:touch: Touch input device registered successfully (IRQ mode: disabled)
[  20.96] I (3713) esp_lvgl:adapter: LVGL task started successfully
[  20.96] I (3717) ESP32_P4_EV: Setting LCD backlight: 100%
[  21.30] I (3722) ESP32_P4_EV: Setting LCD backlight: 45%
[  21.30] I (3726) main: heap display        internal=244KB largest=204KB dma=206KB psram=27578KB
[  21.30] I (3857) fnos_view: dashboard v2 created (4 pages, 180 s window)
[  21.30] I (3857) main: heap ui             internal=244KB largest=204KB dma=206KB psram=27492KB
[  21.30] I (3859) fnos_data: polling http://192.168.0.119:8799/api/v1/status every 1000 ms
[  21.30] I (3866) main: heap polling        internal=243KB largest=204KB dma=205KB psram=27478KB
[  21.30] I (3874) ESP32_P4_EV: Setting LCD backlight: 45%
[  21.30] I (3878) main: backlight 45% (day)
[  21.31] I (3881) main: boot complete
[  21.31] I (3884) main_task: Returned from app_main()
[  21.98] Guru Meditation Error: Core  1 panic'ed (Load access fault). Exception was unhandled.
[  21.98] 
[  21.98] Core  1 register dump:
[  21.98] MEPC    : 0x4fc1b714  RA      : 0x480ef156  SP      : 0x485111a0  GP      : 0x4ff56f80  
[  21.98] TP      : 0x48511750  T0      : 0x0000000d  T1      : 0x90000000  T2      : 0xffffffff  
[  21.98] S0/FP   : 0x00000000  S1      : 0x00000014  A0      : 0x00000014  A1      : 0xffffffff  
[  21.98] A2      : 0x0000000a  A3      : 0x7f7f7f7f  A4      : 0x00000000  A5      : 0x00000018  
[  21.98] A6      : 0xa0000000  A7      : 0x0000000a  S2      : 0x4817f000  S3      : 0x00000009  
[  21.98] S4      : 0xffffffff  S5      : 0x0000000a  S6      : 0x00000002  S7      : 0x00000073  
[  21.98] S8      : 0x00000009  S9      : 0x00000000  S10     : 0xffffffff  S11     : 0x485112c4  
[  21.98] T3      : 0x00000000  T4      : 0x00000000  T5      : 0xffffffff  T6      : 0x00000000  
[  21.98] MSTATUS : 0x00011881  MTVEC   : 0x4ff40003  MCAUSE  : 0x00000005  MTVAL   : 0x00000014  
[  21.98] MHARTID : 0x00000001  
[  21.98] 
[  21.98] Stack memory:
[  21.98] 485111a0: 0x00000001 0x4ff5ec14 0x4ff87710 0x4810dea6 0x00000000 0x00000000 0x00000000 0x00000000
[  21.98] 485111c0: 0x00000000 0x00000001 0x0000004f 0x00000001 0x00000000 0x48113730 0x00000000 0x00000000
[  21.98] 485111e0: 0x00000000 0x00000258 0xffffffc0 0x00000002 0x000003f0 0x4ff6da00 0x00000080 0x00000000
[  21.98] 48511200: 0x0012c000 0x482b4e80 0x00000006 0x4fc116ea 0x0012c000 0x482b4e80 0x00000006 0x4ff505c0
[  21.98] 48511220: 0x00000000 0x4ff6da00 0x482b4e80 0x0012c000 0x4ff4c35e 0x4ff4f440 0x485112b0 0x4ff56f80
[  21.98] 48511240: 0x48511750 0x4fc114ec 0x4ff4c5fe 0x00000001 0x00000000 0x4ff86da8 0x00000000 0x500e5014
[  21.99] 48511260: 0x500e5010 0x00000004 0x00000000 0x0000001f 0x08000000 0x4fc11284 0x00000001 0x48511674
[  21.99] 48511280: 0x48110000 0x4ff6da00 0x000003f0 0x00000002 0x0000000a 0x00000000 0x00000000 0x482b4e80
[  21.99] 485112a0: 0x1fffffff 0x4ff6da00 0x48110000 0xffffffff 0x485112bc 0x00000001 0x00000007 0x4810de9d
[  21.99] 485112c0: 0x00000007 0x4851135f 0x00000001 0x48110000 0x00000000 0x00000258 0xffffffc0 0x00000002
[  21.99] 485112e0: 0x000003f0 0x4ff6da00 0x480feca0 0x00000004 0x4ff5dfa8 0x4ff86d90 0x4ff86a04 0x4802722c
[  21.99] 48511300: 0x480ffd7c 0x00000001 0x48511334 0x4802ed98 0x00000000 0x480fefe4 0x4ff5c48c 0x00000000
[  21.99] 48511320: 0x480ff018 0x00000004 0x00000400 0x00000002 0x00000095 0x480ffcb4 0x480ffcb4 0x00010001
[  21.99] 48511340: 0x000003f0 0x000001c2 0x000003f3 0x00000202 0x00000041 0x00000000 0x00000000 0x30393134
[  21.99] 48511360: 0xffffffff 0x00000000 0x482b4e80 0x0012c000 0x4ff4c35c 0x4ff4bb5e 0x485113f0 0x4ff56f80
[  21.99] 48511380: 0x48511750 0x00000000 0x381e0000 0x00003000 0x00000001 0x00000000 0x4850e5b0 0x500e5014
[  21.99] 485113a0: 0x500e5010 0x00000004 0x00000000 0x0000001f 0x00000004 0x00000002 0x4850e5b0 0x4850e55c
[  21.99] 485113c0: 0x4850e580 0x4851144c 0x02625a00 0x4850e460 0x4850e470 0x00000000 0x00000000 0x00000000
[  21.99] 485113e0: 0x00001105 0x4850e470 0x00000000 0x00000000 0x4810de50 0x4850e550 0x4850e4fc 0x4ff4b6a0
[  21.99] 48511400: 0x00000012 0x48511586 0x00000000 0x00000000 0x0000005c 0x00000000 0x00000000 0x00000cb2
[  21.99] 48511420: 0x000000ad 0x4850e470 0x4850e460 0x00000000 0x00000006 0xffffffff 0x4850e14c 0x480f2764
[  21.99] 48511440: 0x00000012 0xffffffff 0x0001e14c 0x00000001 0x0000005c 0x00000000 0x0000000a 0x4850e460
[  21.99] 48511460: 0x00000000 0x00000004 0x00000000 0x00000000 0x00000014 0x4850e4f0 0x4850e49c 0x4ff4b6d8
[  21.99] 48511480: 0x00000006 0x4850e4f0 0x00000000 0x00000000 0x4ff56ebc 0x0000000c 0x00000000 0x48114000
[  21.99] 485114a0: 0x48177000 0x00000004 0x485114e0 0x00000000 0x00000004 0xffffffff 0x4850e5bc 0x480f2cb2
[  21.99] 485114c0: 0x00000006 0xffffffff 0x00000002 0x4850e5bc 0x00000003 0xffffffff 0x48511588 0x480f3cf6
[  21.99] 485114e0: 0x00003000 0x00000000 0x00000000 0x00000000 0x00000900 0x48511586 0x00000000 0x00000002
[  21.99] 48511500: 0x00000900 0x485115b0 0x00000000 0x00000001 0x00001000 0x00000000 0x00000000 0x00000000
[  21.99] 48511520: 0x00000000 0x00000000 0x00000000 0x00000000 0x00000000 0x00000000 0x00000000 0x00000000
[  21.99] 48511540: 0x00000000 0x00000000 0x00000000 0x00000000 0x00000000 0x00000001 0x485115b0 0x485115c0
[  21.99] 48511560: 0x48511607 0x4810e000 0x00000000 0x00000000 0x00000000 0x00000001 0x4ff876a8 0x4ff4f1ee
[  22.27] 48511580: 0x4ff5fa68 0x00000000 0x4ff5fa14 0x4ff4f3ee 0x00000000 0x00000001 0x4ff5fa14 0x4ff4b182
[  22.27] 
[  22.27] 
[  22.27] 
[  22.27] ELF file SHA256: fc468d6c3
[  22.27] 
[  22.27] Rebooting...
[  22.27] ESP-ROM:esp32p4-eco7-20260109
[  22.27] Build:Jan  9 2026
[  22.27] rst:0xc (SW_CPU_RESET),boot:0xf (SPI_FAST_FLASH_BOOT)
[  22.27] Core0 Saved PC:0x4ff444de
[  22.27] Core1 Saved PC:0x4ff4ace6
[  22.27] SPI mode:DIO, clock div:1
[  22.27] load:0x4ffb60d0,len:0x11f0
[  22.27] load:0x4ffac2c0,len:0xd5c
[  22.27] load:0x4ffaefc0,len:0x3408
[  22.27] entry 0x4ffac2c0
[  22.27] I (229) hex_psram: vendor id    : 0x0d (AP)
[  22.27] I (229) hex_psram: Latency      : 0x01 (Fixed)
[  22.27] I (229) hex_psram: DriveStr.    : 0x00 (25 Ohm)
[  22.27] I (230) hex_psram: dev id       : 0x03 (generation 4)
[  22.27] I (235) hex_psram: density      : 0x07 (256 Mbit)
[  22.27] I (239) hex_psram: good-die     : 0x06 (Pass)
[  22.27] I (243) hex_psram: SRF          : 0x02 (Slow Refresh)
[  22.27] I (248) hex_psram: BurstType    : 0x00 ( Wrap)
[  22.27] I (252) hex_psram: BurstLen     : 0x03 (2048 Byte)
[  22.27] I (256) hex_psram: BitMode      : 0x01 (X16 Mode)
[  22.27] I (261) hex_psram: Readlatency  : 0x04 (14 cycles@Fixed)
[  22.27] I (266) hex_psram: DriveStrength: 0x00 (1/1)
[  22.27] I (270) MSPI Timing: Enter psram timing tuning
[  22.50] I esp_psram: Found 32MB PSRAM device
[  22.50] I esp_psram: Speed: 200MHz
[  22.50] I (457) mmu_psram: .rodata xip on psram
[  22.50] I (505) mmu_psram: .text xip on psram
[  22.50] I (505) hex_psram: psram CS IO is dedicated
[  22.50] I (506) cpu_start: Multicore app
[  23.13] I (929) esp_psram: SPI SRAM memory test OK
[  23.13] I (938) cpu_start: GPIO 38 and 37 are used as console UART I/O pins
[  23.13] I (939) cpu_start: Pro cpu start user code
[  23.13] I (939) cpu_start: cpu freq: 400000000 Hz
[  23.13] I (941) app_init: Application information:
[  23.13] I (944) app_init: Project name:     fnos_monitor
[  23.13] I (949) app_init: App version:      0.1.0
[  23.13] I (952) app_init: Compile time:     Sep 28 2026 07:59:20
[  23.13] I (957) app_init: ELF file SHA256:  fc468d6c3...
[  23.13] I (962) app_init: ESP-IDF:          5.5.3
[  23.13] I (966) efuse_init: Min chip rev:     v3.0
[  23.13] I (969) efuse_init: Max chip rev:     v3.99 
[  23.13] I (973) efuse_init: Chip rev:         v3.2
[  23.13] I (977) heap_init: Initializing. RAM available for dynamic allocation:
[  23.13] I (983) heap_init: At 4FF5E210 len 0005CDB0 (371 KiB): RETENT_RAM
[  23.13] I (989) heap_init: At 4FFBAFC0 len 00004BF0 (18 KiB): RAM
[  23.13] I (994) heap_init: At 501080D8 len 00000028 (0 KiB): RTCRAM
[  23.13] I (1000) heap_init: At 501081A0 len 00007E60 (31 KiB): RTCRAM
[  23.13] I (1005) heap_init: At 30100198 len 00001E68 (7 KiB): TCM
[  23.48] I (1010) esp_psram: Adding pool of 31215K of PSRAM memory to heap allocator
[  23.48] I (1017) esp_psram: Adding pool of 8K of PSRAM memory gap generated due to end address alignment of irom to the heap allocator
[  23.48] I (1028) esp_psram: Adding pool of 0K of PSRAM memory gap generated due to end address alignment of drom to the heap allocator
[  23.48] I (1039) spi_flash: detected chip: gd
[  23.48] I (1043) spi_flash: flash io: qio
[  23.48] I (1046) host_init: ESP Hosted : Host chip_ip[18]
[  23.48] I (1050) H_API: ESP-Hosted starting. Hosted_Tasks: prio:23, stack: 5120 RPC_task_stack: 5120
[  23.48] sdio_mempool_create free:32378696 min-free:32378696 lfb-def:31457280 lfb-8bit:31457280
[  23.48] 
[  23.48] I (1066) H_API: ** add_esp_wifi_remote_channels **
[  23.48] I (1071) transport: Add ESP-Hosted channel IF[1]: S[0] Tx[0x4800b6dc] Rx[0x4801a922]
[  23.48] I (1078) transport: Add ESP-Hosted channel IF[2]: S[0] Tx[0x4800b622] Rx[0x4801a922]
[  23.48] I (1086) sleep_gpio: Configure to isolate all GPIO pins in sleep state
[  23.48] I (1092) sleep_gpio: Enable automatic switching of GPIO sleep configuration
[  23.48] I (1099) main_task: Started on CPU0
[  23.48] I (1103) main_task: Calling app_main()
[  23.48] I (1109) main: fnOS NAS dashboard booting (agent http://192.168.0.119:8799)
[  23.48] I (1112) main: heap boot           internal=364KB largest=304KB dma=326KB psram=31220KB
[  23.48] I (1121) transport: Attempt connection with slave: retry[0]
[  23.48] I (1125) transport: Reset slave using GPIO[54]
[  23.48] I (1129) os_wrapper_esp: GPIO [54] configured
[  24.45] I (2299) sdio_wrapper: SDIO master: Data-Lines: 4-bit Freq(KHz)[40000 KHz]
[  24.45] I (2299) sdio_wrapper: GPIOs: CLK[18] CMD[19] D0[14] D1[15] D2[16] D3[17] Slave_Reset[54]
[  24.45] I (2299) H_SDIO_DRV: Starting SDIO process rx task
[  24.45] I (2302) sdio_wrapper: Queues: Tx[20] Rx[20] SDIO-Rx-Mode[1]
[  24.45] Name: 
[  24.45] Type: SDIO
[  24.45] Speed: 40.00 MHz (limit: 40.00 MHz)
[  24.45] Size: 0MB
[  24.45] CSD: ver=1, sector_size=0, capacity=0 read_bl_len=0
[  24.45] SCR: sd_spec=0, bus_width=0
[  24.45] TUPLE: DEVICE, size: 3: D9 01 FF 
[  24.45] TUPLE: MANFID, size: 4
[  24.45]   MANF: 0092, CARD: 6666
[  24.45] TUPLE: FUNCID, size: 2: 0C 00 
[  24.45] TUPLE: FUNCE, size: 4: 00 00 02 32 
[  24.45] TUPLE: CONFIG, size: 5: 01 01 00 02 07 
[  24.45] TUPLE: CFTABLE_ENTRY, size: 8
[  24.45]   INDX: C1, Intface: 1, Default: 1, Conf-Entry-Num: 1
[  24.45]   IF: 41
[  24.45]   FS: 30, misc: 0, mem_space: 1, irq: 1, io_space: 0, timing: 0, power: 0
[  24.45]   IR: 30, mask: 1,   IRQ: FF FF
[  24.45]   LEN: FFFF
[  24.45] TUPLE: END
[  24.45] I (2385) sdio_wrapper: Function 0 Blocksize: 512
[  24.45] I (2389) sdio_wrapper: Function 1 Blocksize: 512
[  24.45] I (2393) H_SDIO_DRV: SDIO Host operating in STREAMING MODE
[  24.45] I (2398) H_SDIO_DRV: generate slave intr
[  24.45] I (2408) transport: Received INIT event from ESP32 peripheral
[  24.45] I (2408) transport: EVENT: 12
[  24.45] I (2410) transport: EVENT: 11
[  24.45] I (2413) transport: capabilities: 0xd
[  24.45] I (2416) transport: Features supported are:
[  24.45] I (2420) transport: 	 * WLAN
[  24.79] I (2423) transport: 	   - HCI over SDIO
[  24.79] I (2426) transport: 	   - BLE only
[  24.79] I (2429) transport: EVENT: 13
[  24.79] I (2432) transport: ESP board type is : 13 
[  24.79] 
[  24.79] I (2436) transport: Base transport is set-up
[  24.79] 
[  24.79] I (2440) transport: Slave chip Id[12]
[  24.79] I (2444) hci_stub_drv: Host BT Support: Disabled
[  24.79] I (2448) H_SDIO_DRV: Received INIT event
[  25.47] I (3453) fnos_net: wifi station started; awaiting ip
[  25.47] I (3453) esp_lvgl:adapter: LVGL adapter initialized successfully
[  25.47] W (3453) ledc: GPIO 32 is not usable, maybe conflict with others
[  25.47] I (3458) ESP32_P4_EV: MIPI DSI PHY Powered on
[  25.47] I (3463) ESP32_P4_EV: Install MIPI DSI LCD control panel
[  25.47] I (3467) ESP32_P4_EV: Install EK79007 LCD control panel
[  25.47] I (3472) ek79007: version: 2.0.2
[  25.47] I (3474) H_API: esp_wifi_remote_connect
[  25.73] I (3649) ESP32_P4_EV: Display initialized
[  25.73] I (3650) esp_lvgl:bridge_v9: Initializing hardware resources
[  25.73] I (3650) esp_lvgl:bridge_v9: Hardware resources initialized successfully
[  25.73] I (3653) esp_lvgl:bridge: Initializing hardware resources
[  25.73] I (3658) esp_lvgl:bridge: Hardware resources initialized successfully
[  25.73] W (3664) esp_lvgl:bridge_v9: on_frame_buf_complete unavailable; buffer-switch release and dummy-draw may not function on MIPI DSI
[  25.73] I (3676) ESP32_P4_EV: Touch 0x5d found
[  25.73] I (3679) GT911: I2C address initialization procedure skipped - using default GT9xx setup
[  25.73] I (3687) GT911: TouchPad_ID:0x39,0x31,0x31
[  25.73] I (3691) GT911: TouchPad_Config_Version:91
[  25.73] W (3695) esp_lvgl:touch: LV_USE_GESTURE_RECOGNITION is disabled; only single-point pointer events are available
[  25.73] I (3704) esp_lvgl:touch: Touch input device registered successfully (IRQ mode: disabled)
[  25.73] I (3713) esp_lvgl:adapter: LVGL task started successfully
[  25.73] I (3717) ESP32_P4_EV: Setting LCD backlight: 100%
[  26.08] I (3722) ESP32_P4_EV: Setting LCD backlight: 45%
[  26.08] I (3726) main: heap display        internal=244KB largest=204KB dma=206KB psram=27578KB
[  26.08] I (3857) fnos_view: dashboard v2 created (4 pages, 180 s window)
[  26.08] I (3857) main: heap ui             internal=244KB largest=204KB dma=206KB psram=27492KB
[  26.08] I (3859) fnos_data: polling http://192.168.0.119:8799/api/v1/status every 1000 ms
[  26.08] I (3866) main: heap polling        internal=243KB largest=204KB dma=205KB psram=27478KB
[  26.08] I (3874) ESP32_P4_EV: Setting LCD backlight: 45%
[  26.08] I (3878) main: backlight 45% (day)
[  26.08] I (3881) main: boot complete
[  26.08] I (3884) main_task: Returned from app_main()
