[   0.50] I (2304) sdio_wrapper: SDIO master: Data-Lines: 4-bit Freq(KHz)[40000 KHz]
[   0.50] I (2304) sdio_wrapper: GPIOs: CLK[18] CMD[19] D0[14] D1[15] D2[16] D3[17] Slave_Reset[54]
[   0.50] I (2304) H_SDIO_DRV: Starting SDIO process rx task
[   0.50] I (2307) sdio_wrapper: Queues: Tx[20] Rx[20] SDIO-Rx-Mode[1]
[   0.77] Name: 
[   0.77] Type: SDIO
[   0.77] Speed: 40.00 MHz (limit: 40.00 MHz)
[   0.77] Size: 0MB
[   0.77] CSD: ver=1, sector_size=0, capacity=0 read_bl_len=0
[   0.77] SCR: sd_spec=0, bus_width=0
[   0.77] TUPLE: DEVICE, size: 3: D9 01 FF 
[   0.77] TUPLE: MANFID, size: 4
[   0.77]   MANF: 0092, CARD: 6666
[   0.77] TUPLE: FUNCID, size: 2: 0C 00 
[   0.77] TUPLE: FUNCE, size: 4: 00 00 02 32 
[   0.77] TUPLE: CONFIG, size: 5: 01 01 00 02 07 
[   0.77] TUPLE: CFTABLE_ENTRY, size: 8
[   0.77]   INDX: C1, Intface: 1, Default: 1, Conf-Entry-Num: 1
[   0.77]   IF: 41
[   0.77]   FS: 30, misc: 0, mem_space: 1, irq: 1, io_space: 0, timing: 0, power: 0
[   0.77]   IR: 30, mask: 1,   IRQ: FF FF
[   0.77]   LEN: FFFF
[   0.77] TUPLE: END
[   0.77] I (2390) sdio_wrapper: Function 0 Blocksize: 512
[   0.77] I (2394) sdio_wrapper: Function 1 Blocksize: 512
[   0.77] I (2398) H_SDIO_DRV: SDIO Host operating in STREAMING MODE
[   0.77] I (2403) H_SDIO_DRV: generate slave intr
[   0.77] I (2409) transport: Received INIT event from ESP32 peripheral
[   0.77] I (2412) transport: EVENT: 12
[   0.77] I (2415) transport: EVENT: 11
[   0.77] I (2418) transport: capabilities: 0xd
[   0.77] I (2421) transport: Features supported are:
[   0.77] I (2425) transport: 	 * WLAN
[   0.77] I (2428) transport: 	   - HCI over SDIO
[   0.77] I (2431) transport: 	   - BLE only
[   0.77] I (2434) transport: EVENT: 13
[   0.77] I (2437) transport: ESP board type is : 13 
[   0.77] 
[   0.77] I (2441) transport: Base transport is set-up
[   0.77] 
[   0.77] I (2445) transport: Slave chip Id[12]
[   0.77] I (2449) hci_stub_drv: Host BT Support: Disabled
[   0.77] I (2453) H_SDIO_DRV: Received INIT event
[   1.86] I (3458) fnos_net: wifi station started; awaiting ip
[   1.86] I (3458) esp_lvgl:adapter: LVGL adapter initialized successfully
[   1.86] W (3459) ledc: GPIO 32 is not usable, maybe conflict with others
[   1.86] I (3463) ESP32_P4_EV: MIPI DSI PHY Powered on
[   1.86] I (3468) ESP32_P4_EV: Install MIPI DSI LCD control panel
[   1.86] I (3472) ESP32_P4_EV: Install EK79007 LCD control panel
[   1.86] I (3477) ek79007: version: 2.0.2
[   1.86] I (3479) H_API: esp_wifi_remote_connect
[   2.10] I (3654) ESP32_P4_EV: Display initialized
[   2.10] I (3655) esp_lvgl:bridge_v9: Initializing hardware resources
[   2.10] I (3655) esp_lvgl:bridge_v9: Hardware resources initialized successfully
[   2.10] I (3658) esp_lvgl:bridge: Initializing hardware resources
[   2.10] I (3663) esp_lvgl:bridge: Hardware resources initialized successfully
[   2.10] W (3669) esp_lvgl:bridge_v9: on_frame_buf_complete unavailable; buffer-switch release and dummy-draw may not function on MIPI DSI
[   2.10] I (3681) ESP32_P4_EV: Touch 0x5d found
[   2.10] I (3684) GT911: I2C address initialization procedure skipped - using default GT9xx setup
[   2.10] I (3692) GT911: TouchPad_ID:0x39,0x31,0x31
[   2.10] I (3696) GT911: TouchPad_Config_Version:91
[   2.10] W (3700) esp_lvgl:touch: LV_USE_GESTURE_RECOGNITION is disabled; only single-point pointer events are available
[   2.10] I (3709) esp_lvgl:touch: Touch input device registered successfully (IRQ mode: disabled)
[   2.10] I (3718) esp_lvgl:adapter: LVGL task started successfully
[   2.10] I (3722) ESP32_P4_EV: Setting LCD backlight: 100%
[   2.10] I (3727) ESP32_P4_EV: Setting LCD backlight: 45%
[   2.10] I (3731) main: heap display        internal=244KB largest=204KB dma=206KB psram=27577KB
[   2.10] I (3884) fnos_view: dashboard v2 created (4 pages, 180 s window)
[   2.10] I (3884) main: heap ui             internal=244KB largest=204KB dma=206KB psram=27486KB
[   2.10] I (3886) fnos_data: polling http://192.168.0.119:8799/api/v1/status every 1000 ms
[   2.10] I (3894) main: heap polling        internal=243KB largest=204KB dma=205KB psram=27472KB
[   2.10] I (3901) ESP32_P4_EV: Setting LCD backlight: 45%
[   2.10] I (3906) main: backlight 45% (day)
[   2.10] I (3909) main: boot complete
[   2.10] I (3911) main_task: Returned from app_main()
[   2.97] Guru Meditation Error: Core  1 panic'ed (Load access fault). Exception was unhandled.
[   2.97] 
[   2.97] Core  1 register dump:
[   2.97] MEPC    : 0x4fc1b714  RA      : 0x480ef384  SP      : 0x485113b0  GP      : 0x4ff56f80  
[   2.97] TP      : 0x48511960  T0      : 0x0000000d  T1      : 0x90000000  T2      : 0xffffffff  
[   2.97] S0/FP   : 0x00000000  S1      : 0x00000014  A0      : 0x00000014  A1      : 0xffffffff  
[   2.97] A2      : 0x0000000a  A3      : 0x7f7f7f7f  A4      : 0x00000000  A5      : 0x00000018  
[   2.97] A6      : 0xa0000000  A7      : 0x0000000a  S2      : 0x4817f000  S3      : 0x00000009  
[   2.97] S4      : 0xffffffff  S5      : 0x0000000a  S6      : 0x00000002  S7      : 0x00000073  
[   2.97] S8      : 0x00000009  S9      : 0x00000000  S10     : 0xffffffff  S11     : 0x485114d4  
[   2.97] T3      : 0x00000000  T4      : 0x00000000  T5      : 0xffffffff  T6      : 0x00000000  
[   2.97] MSTATUS : 0x00011881  MTVEC   : 0x4ff40003  MCAUSE  : 0x00000005  MTVAL   : 0x00000014  
[   2.97] MHARTID : 0x00000001  
[   2.97] 
[   2.97] Stack memory:
[   2.97] 485113b0: 0x00000001 0x4ff5ec14 0x4ff87710 0x4810dea6 0x00000000 0x00000000 0x00000000 0x00000000
[   2.97] 485113d0: 0x00000000 0x00000001 0x0000004f 0x00000001 0x00000000 0x48113744 0x00000000 0x00000000
[   2.97] 485113f0: 0x00000000 0x00000258 0xffffffc0 0x00000002 0x000003f0 0x4ff6da00 0x00000080 0x00000000
[   2.97] 48511410: 0x0012c000 0x482b4e80 0x00000006 0x4fc116ea 0x0012c000 0x482b4e80 0x00000006 0x4ff505c0
[   2.97] 48511430: 0x00000000 0x4ff6da00 0x482b4e80 0x0012c000 0x4ff4c35c 0x4ff4f440 0x485114c0 0x4ff56f80
[   2.97] 48511450: 0x48511960 0x4fc114ec 0x4ff4c82c 0x00000001 0x00000000 0x4ff86da8 0x00000000 0x500e5014
[   2.97] 48511470: 0x500e5010 0x00000004 0x00000000 0x0000001f 0x08000000 0x4fc11284 0x00000001 0x48511884
[   2.97] 48511490: 0x48110000 0x4ff6da00 0x000003f0 0x00000002 0x0000000a 0x00000000 0x00000000 0x482b4e80
[   2.97] 485114b0: 0x1fffffff 0x4ff6da00 0x48110000 0xffffffff 0x485114cc 0x00000001 0x00000007 0x4810de9d
[   2.97] 485114d0: 0x00000007 0x4851156f 0x00000001 0x48110000 0x00000000 0x00000258 0xffffffc0 0x00000002
[   2.97] 485114f0: 0x000003f0 0x4ff6da00 0x480fee7c 0x00000004 0x4ff5dfa8 0x4ff86d90 0x4ff86a04 0x4802745a
[   2.97] 48511510: 0x480fffac 0x00000001 0x48511544 0x4802efc6 0x00000000 0x480ff1c0 0x4ff5c48c 0x00000000
[   2.97] 48511530: 0x480ff1f4 0x00000004 0x00000400 0x00000002 0x00000095 0x480ffef8 0x480ffef8 0x00010001
[   2.97] 48511550: 0x000003f0 0x000001c2 0x000003f3 0x00000202 0x00000041 0x00000000 0x00000000 0x30393134
[   2.97] 48511570: 0xffffffff 0x00000000 0x482b4e80 0x0012c000 0x4ff4c35e 0x4ff4bb5e 0x48511600 0x4ff56f80
[   2.97] 48511590: 0x48511960 0x00000000 0x381e0000 0x00003000 0x00000001 0x00000000 0x4850e7ac 0x500e5014
[   2.97] 485115b0: 0x500e5010 0x00000004 0x00000000 0x0000001f 0x00000004 0x00000002 0x4850e7ac 0x4850e758
[   2.97] 485115d0: 0x4850e77c 0x4851165c 0x02625a00 0x4850e65c 0x4850e66c 0x00000000 0x00000000 0x00000000
[   2.97] 485115f0: 0x00001120 0x4850e66c 0x00000000 0x00000000 0x4810de50 0x4850e74c 0x4850e6f8 0x4ff4b6a0
[   2.97] 48511610: 0x00000012 0x48511796 0x00000000 0x00000000 0x0000005c 0x00000000 0x00000000 0x00000cc5
[   2.97] 48511630: 0x000000ad 0x4850e66c 0x4850e65c 0x00000000 0x00000006 0xffffffff 0x4850e348 0x480f2992
[   2.97] 48511650: 0x00000012 0xffffffff 0x0001e348 0x00000001 0x0000005c 0x00000000 0x0000000a 0x4850e65c
[   2.97] 48511670: 0x00000000 0x00000004 0x00000000 0x00000000 0x00000014 0x4850e6ec 0x4850e698 0x4ff4b6d8
[   2.97] 48511690: 0x00000006 0x4850e6ec 0x00000000 0x00000000 0x4ff56ebc 0x0000000c 0x00000000 0x48114000
[   2.97] 485116b0: 0x48177000 0x00000004 0x485116f0 0x00000000 0x00000004 0xffffffff 0x4850e7b8 0x480f2ee0
[   2.97] 485116d0: 0x00000006 0xffffffff 0x00000002 0x4850e7b8 0x00000003 0xffffffff 0x48511798 0x480f3f24
[   2.97] 485116f0: 0x00003000 0x00000000 0x00000000 0x00000000 0x00000900 0x48511796 0x00000000 0x00000002
[   2.97] 48511710: 0x00000900 0x485117c0 0x00000000 0x00000001 0x00001000 0x00000000 0x00000000 0x00000000
[   2.97] 48511730: 0x00000000 0x00000000 0x00000000 0x00000000 0x00000000 0x00000000 0x00000000 0x00000000
[   2.97] 48511750: 0x00000000 0x00000000 0x00000000 0x00000000 0x00000000 0x00000001 0x485117c0 0x485117d0
[   2.97] 48511770: 0x48511817 0x4810e000 0x00000000 0x00000000 0x00000000 0x00000001 0x4ff876a8 0x4ff4f1ee
[   3.24] 48511790: 0x4ff5fa68 0x00000000 0x4ff5fa14 0x4ff4f3ee 0x00000000 0x00000001 0x4ff5fa14 0x4ff4b182
[   3.24] 
[   3.24] 
[   3.24] 
[   3.24] ELF file SHA256: e13a3de77
[   3.24] 
[   3.25] Rebooting...
[   3.25] ESP-ROM:esp32p4-eco7-20260109
[   3.25] Build:Jan  9 2026
[   3.25] rst:0xc (SW_CPU_RESET),boot:0xf (SPI_FAST_FLASH_BOOT)
[   3.25] Core0 Saved PC:0x4ff444de
[   3.25] Core1 Saved PC:0x4ff4ace6
[   3.25] SPI mode:DIO, clock div:1
[   3.25] load:0x4ffb60d0,len:0x11f0
[   3.25] load:0x4ffac2c0,len:0xd5c
[   3.25] load:0x4ffaefc0,len:0x3408
[   3.25] entry 0x4ffac2c0
[   3.48] I (229) hex_psram: vendor id    : 0x0d (AP)
[   3.48] I (229) hex_psram: Latency      : 0x01 (Fixed)
[   3.48] I (229) hex_psram: DriveStr.    : 0x00 (25 Ohm)
[   3.48] I (230) hex_psram: dev id       : 0x03 (generation 4)
[   3.48] I (235) hex_psram: density      : 0x07 (256 Mbit)
[   3.48] I (239) hex_psram: good-die     : 0x06 (Pass)
[   3.48] I (243) hex_psram: SRF          : 0x02 (Slow Refresh)
[   3.48] I (248) hex_psram: BurstType    : 0x00 ( Wrap)
[   3.48] I (252) hex_psram: BurstLen     : 0x03 (2048 Byte)
[   3.48] I (257) hex_psram: BitMode      : 0x01 (X16 Mode)
[   3.48] I (261) hex_psram: Readlatency  : 0x04 (14 cycles@Fixed)
[   3.48] I (266) hex_psram: DriveStrength: 0x00 (1/1)
[   3.48] I (270) MSPI Timing: Enter psram timing tuning
[   3.48] I esp_psram: Found 32MB PSRAM device
[   3.48] I esp_psram: Speed: 200MHz
[   3.48] I (457) mmu_psram: .rodata xip on psram
[   3.48] I (505) mmu_psram: .text xip on psram
[   3.48] I (506) hex_psram: psram CS IO is dedicated
[   3.48] I (506) cpu_start: Multicore app
[   4.03] I (934) esp_psram: SPI SRAM memory test OK
[   4.30] I (943) cpu_start: GPIO 38 and 37 are used as console UART I/O pins
[   4.30] I (944) cpu_start: Pro cpu start user code
[   4.30] I (944) cpu_start: cpu freq: 400000000 Hz
[   4.30] I (946) app_init: Application information:
[   4.30] I (950) app_init: Project name:     fnos_monitor
[   4.30] I (954) app_init: App version:      0.1.0
[   4.30] I (958) app_init: Compile time:     Sep 28 2026 07:59:20
[   4.30] I (963) app_init: ELF file SHA256:  e13a3de77...
[   4.30] I (967) app_init: ESP-IDF:          5.5.3
[   4.30] I (971) efuse_init: Min chip rev:     v3.0
[   4.30] I (975) efuse_init: Max chip rev:     v3.99 
[   4.30] I (979) efuse_init: Chip rev:         v3.2
[   4.30] I (982) heap_init: Initializing. RAM available for dynamic allocation:
[   4.30] I (989) heap_init: At 4FF5E210 len 0005CDB0 (371 KiB): RETENT_RAM
[   4.30] I (994) heap_init: At 4FFBAFC0 len 00004BF0 (18 KiB): RAM
[   4.30] I (1000) heap_init: At 501080D8 len 00000028 (0 KiB): RTCRAM
[   4.30] I (1005) heap_init: At 501081A0 len 00007E60 (31 KiB): RTCRAM
[   4.30] I (1010) heap_init: At 30100198 len 00001E68 (7 KiB): TCM
[   4.30] I (1016) esp_psram: Adding pool of 31215K of PSRAM memory to heap allocator
[   4.30] I (1022) esp_psram: Adding pool of 7K of PSRAM memory gap generated due to end address alignment of irom to the heap allocator
[   4.30] I (1033) esp_psram: Adding pool of 0K of PSRAM memory gap generated due to end address alignment of drom to the heap allocator
[   4.30] I (1045) spi_flash: detected chip: gd
[   4.30] I (1048) spi_flash: flash io: qio
[   4.30] I (1051) host_init: ESP Hosted : Host chip_ip[18]
[   4.30] I (1055) H_API: ESP-Hosted starting. Hosted_Tasks: prio:23, stack: 5120 RPC_task_stack: 5120
[   4.30] sdio_mempool_create free:32378220 min-free:32378220 lfb-def:31457280 lfb-8bit:31457280
[   4.30] 
[   4.30] I (1072) H_API: ** add_esp_wifi_remote_channels **
[   4.30] I (1076) transport: Add ESP-Hosted channel IF[1]: S[0] Tx[0x4800b6dc] Rx[0x4801a922]
[   4.30] I (1083) transport: Add ESP-Hosted channel IF[2]: S[0] Tx[0x4800b622] Rx[0x4801a922]
[   4.30] I (1091) sleep_gpio: Configure to isolate all GPIO pins in sleep state
[   4.30] I (1097) sleep_gpio: Enable automatic switching of GPIO sleep configuration
[   4.30] I (1104) main_task: Started on CPU0
[   4.30] I (1108) main_task: Calling app_main()
[   4.30] I (1114) main: fnOS NAS dashboard booting (agent http://192.168.0.119:8799)
[   4.30] I (1117) main: heap boot           internal=364KB largest=304KB dma=326KB psram=31219KB
[   4.30] I (1126) transport: Attempt connection with slave: retry[0]
[   4.30] I (1130) transport: Reset slave using GPIO[54]
[   4.30] I (1134) os_wrapper_esp: GPIO [54] configured
[   5.39] I (2304) sdio_wrapper: SDIO master: Data-Lines: 4-bit Freq(KHz)[40000 KHz]
[   5.39] I (2304) sdio_wrapper: GPIOs: CLK[18] CMD[19] D0[14] D1[15] D2[16] D3[17] Slave_Reset[54]
[   5.39] I (2304) H_SDIO_DRV: Starting SDIO process rx task
[   5.39] I (2307) sdio_wrapper: Queues: Tx[20] Rx[20] SDIO-Rx-Mode[1]
[   5.66] Name: 
[   5.66] Type: SDIO
[   5.66] Speed: 40.00 MHz (limit: 40.00 MHz)
[   5.66] Size: 0MB
[   5.66] CSD: ver=1, sector_size=0, capacity=0 read_bl_len=0
[   5.66] SCR: sd_spec=0, bus_width=0
[   5.66] TUPLE: DEVICE, size: 3: D9 01 FF 
[   5.66] TUPLE: MANFID, size: 4
[   5.66]   MANF: 0092, CARD: 6666
[   5.66] TUPLE: FUNCID, size: 2: 0C 00 
[   5.66] TUPLE: FUNCE, size: 4: 00 00 02 32 
[   5.66] TUPLE: CONFIG, size: 5: 01 01 00 02 07 
[   5.66] TUPLE: CFTABLE_ENTRY, size: 8
[   5.66]   INDX: C1, Intface: 1, Default: 1, Conf-Entry-Num: 1
[   5.66]   IF: 41
[   5.66]   FS: 30, misc: 0, mem_space: 1, irq: 1, io_space: 0, timing: 0, power: 0
[   5.66]   IR: 30, mask: 1,   IRQ: FF FF
[   5.66]   LEN: FFFF
[   5.66] TUPLE: END
[   5.66] I (2390) sdio_wrapper: Function 0 Blocksize: 512
[   5.66] I (2394) sdio_wrapper: Function 1 Blocksize: 512
[   5.66] I (2398) H_SDIO_DRV: SDIO Host operating in STREAMING MODE
[   5.66] I (2403) H_SDIO_DRV: generate slave intr
[   5.66] I (2409) transport: Received INIT event from ESP32 peripheral
[   5.66] I (2412) transport: EVENT: 12
[   5.66] I (2415) transport: EVENT: 11
[   5.66] I (2418) transport: capabilities: 0xd
[   5.66] I (2421) transport: Features supported are:
[   5.66] I (2425) transport: 	 * WLAN
[   5.66] I (2428) transport: 	   - HCI over SDIO
[   5.66] I (2431) transport: 	   - BLE only
[   5.66] I (2434) transport: EVENT: 13
[   5.66] I (2437) transport: ESP board type is : 13 
[   5.66] 
[   5.66] I (2441) transport: Base transport is set-up
[   5.66] 
[   5.66] I (2445) transport: Slave chip Id[12]
[   5.66] I (2449) hci_stub_drv: Host BT Support: Disabled
[   5.66] I (2453) H_SDIO_DRV: Received INIT event
[   6.46] I (3458) fnos_net: wifi station started; awaiting ip
[   6.46] I (3459) esp_lvgl:adapter: LVGL adapter initialized successfully
[   6.46] W (3459) ledc: GPIO 32 is not usable, maybe conflict with others
[   6.46] I (3463) ESP32_P4_EV: MIPI DSI PHY Powered on
[   6.46] I (3468) ESP32_P4_EV: Install MIPI DSI LCD control panel
[   6.46] I (3472) ESP32_P4_EV: Install EK79007 LCD control panel
[   6.46] I (3477) ek79007: version: 2.0.2
[   6.46] I (3479) H_API: esp_wifi_remote_connect
[   6.72] I (3654) ESP32_P4_EV: Display initialized
[   6.72] I (3655) esp_lvgl:bridge_v9: Initializing hardware resources
[   6.72] I (3655) esp_lvgl:bridge_v9: Hardware resources initialized successfully
[   6.72] I (3658) esp_lvgl:bridge: Initializing hardware resources
[   6.72] I (3663) esp_lvgl:bridge: Hardware resources initialized successfully
[   6.72] W (3669) esp_lvgl:bridge_v9: on_frame_buf_complete unavailable; buffer-switch release and dummy-draw may not function on MIPI DSI
[   6.72] I (3681) ESP32_P4_EV: Touch 0x5d found
[   6.72] I (3684) GT911: I2C address initialization procedure skipped - using default GT9xx setup
[   6.72] I (3692) GT911: TouchPad_ID:0x39,0x31,0x31
[   6.72] I (3696) GT911: TouchPad_Config_Version:91
[   6.72] W (3700) esp_lvgl:touch: LV_USE_GESTURE_RECOGNITION is disabled; only single-point pointer events are available
[   6.72] I (3709) esp_lvgl:touch: Touch input device registered successfully (IRQ mode: disabled)
[   6.72] I (3718) esp_lvgl:adapter: LVGL task started successfully
[   6.72] I (3722) ESP32_P4_EV: Setting LCD backlight: 100%
[   6.99] I (3727) ESP32_P4_EV: Setting LCD backlight: 45%
[   6.99] I (3731) main: heap display        internal=244KB largest=204KB dma=206KB psram=27577KB
[   6.99] I (3884) fnos_view: dashboard v2 created (4 pages, 180 s window)
[   6.99] I (3884) main: heap ui             internal=244KB largest=204KB dma=206KB psram=27486KB
[   6.99] I (3886) fnos_data: polling http://192.168.0.119:8799/api/v1/status every 1000 ms
[   6.99] I (3894) main: heap polling        internal=243KB largest=204KB dma=205KB psram=27472KB
[   6.99] I (3901) ESP32_P4_EV: Setting LCD backlight: 45%
[   6.99] I (3906) main: backlight 45% (day)
[   6.99] I (3909) main: boot complete
[   6.99] I (3911) main_task: Returned from app_main()
[   7.76] Guru Meditation Error: Core  1 panic'ed (Load access fault). Exception was unhandled.
[   7.76] 
[   7.76] Core  1 register dump:
[   7.76] MEPC    : 0x4fc1b714  RA      : 0x480ef384  SP      : 0x485113b0  GP      : 0x4ff56f80  
[   7.76] TP      : 0x48511960  T0      : 0x0000000d  T1      : 0x90000000  T2      : 0xffffffff  
[   7.76] S0/FP   : 0x00000000  S1      : 0x00000014  A0      : 0x00000014  A1      : 0xffffffff  
[   7.76] A2      : 0x0000000a  A3      : 0x7f7f7f7f  A4      : 0x00000000  A5      : 0x00000018  
[   7.76] A6      : 0xa0000000  A7      : 0x0000000a  S2      : 0x4817f000  S3      : 0x00000009  
[   7.76] S4      : 0xffffffff  S5      : 0x0000000a  S6      : 0x00000002  S7      : 0x00000073  
[   7.76] S8      : 0x00000009  S9      : 0x00000000  S10     : 0xffffffff  S11     : 0x485114d4  
[   7.76] T3      : 0x00000000  T4      : 0x00000000  T5      : 0xffffffff  T6      : 0x00000000  
[   7.76] MSTATUS : 0x00011881  MTVEC   : 0x4ff40003  MCAUSE  : 0x00000005  MTVAL   : 0x00000014  
[   7.76] MHARTID : 0x00000001  
[   7.76] 
[   7.76] Stack memory:
[   8.04] 485113b0: 0x00000001 0x4ff5ec14 0x4ff87710 0x4810dea6 0x00000000 0x00000000 0x00000000 0x00000000
[   8.04] 485113d0: 0x00000000 0x00000001 0x0000004f 0x00000001 0x00000000 0x48113744 0x00000000 0x00000000
[   8.04] 485113f0: 0x00000000 0x00000258 0xffffffc0 0x00000002 0x000003f0 0x4ff6da00 0x00000080 0x00000000
[   8.04] 48511410: 0x0012c000 0x482b4e80 0x00000006 0x4fc116ea 0x0012c000 0x482b4e80 0x00000006 0x4ff505c0
[   8.04] 48511430: 0x00000000 0x4ff6da00 0x482b4e80 0x0012c000 0x4ff4c35e 0x4ff4f440 0x485114c0 0x4ff56f80
[   8.04] 48511450: 0x48511960 0x4fc114ec 0x4ff4c82c 0x00000001 0x00000000 0x4ff86da8 0x00000000 0x500e5014
[   8.04] 48511470: 0x500e5010 0x00000004 0x00000000 0x0000001f 0x08000000 0x4fc11284 0x00000001 0x48511884
[   8.04] 48511490: 0x48110000 0x4ff6da00 0x000003f0 0x00000002 0x0000000a 0x00000000 0x00000000 0x482b4e80
[   8.04] 485114b0: 0x1fffffff 0x4ff6da00 0x48110000 0xffffffff 0x485114cc 0x00000001 0x00000007 0x4810de9d
[   8.04] 485114d0: 0x00000007 0x4851156f 0x00000001 0x48110000 0x00000000 0x00000258 0xffffffc0 0x00000002
[   8.04] 485114f0: 0x000003f0 0x4ff6da00 0x480fee7c 0x00000004 0x4ff5dfa8 0x4ff86d90 0x4ff86a04 0x4802745a
[   8.04] 48511510: 0x480fffac 0x00000001 0x48511544 0x4802efc6 0x00000000 0x480ff1c0 0x4ff5c48c 0x00000000
[   8.04] 48511530: 0x480ff1f4 0x00000004 0x00000400 0x00000002 0x00000095 0x480ffef8 0x480ffef8 0x00010001
[   8.04] 48511550: 0x000003f0 0x000001c2 0x000003f3 0x00000202 0x00000041 0x00000000 0x00000000 0x30393134
[   8.04] 48511570: 0xffffffff 0x00000000 0x482b4e80 0x0012c000 0x4ff4c35c 0x4ff4bb5e 0x48511600 0x4ff56f80
[   8.04] 48511590: 0x48511960 0x00000000 0x381e0000 0x00003000 0x00000001 0x00000000 0x4850e7ac 0x500e5014
[   8.04] 485115b0: 0x500e5010 0x00000004 0x00000000 0x0000001f 0x00000004 0x00000002 0x4850e7ac 0x4850e758
[   8.04] 485115d0: 0x4850e77c 0x4851165c 0x02625a00 0x4850e65c 0x4850e66c 0x00000000 0x00000000 0x00000000
[   8.04] 485115f0: 0x00001120 0x4850e66c 0x00000000 0x00000000 0x4810de50 0x4850e74c 0x4850e6f8 0x4ff4b6a0
[   8.04] 48511610: 0x00000012 0x48511796 0x00000000 0x00000000 0x0000005c 0x00000000 0x00000000 0x00000cc6
[   8.04] 48511630: 0x000000ad 0x4850e66c 0x4850e65c 0x00000000 0x00000006 0xffffffff 0x4850e348 0x480f2992
[   8.04] 48511650: 0x00000012 0xffffffff 0x0001e348 0x00000001 0x0000005c 0x00000000 0x0000000a 0x4850e65c
[   8.04] 48511670: 0x00000000 0x00000004 0x00000000 0x00000000 0x00000014 0x4850e6ec 0x4850e698 0x4ff4b6d8
[   8.04] 48511690: 0x00000006 0x4850e6ec 0x00000000 0x00000000 0x4ff56ebc 0x0000000c 0x00000000 0x48114000
[   8.04] 485116b0: 0x48177000 0x00000004 0x485116f0 0x00000000 0x00000004 0xffffffff 0x4850e7b8 0x480f2ee0
[   8.04] 485116d0: 0x00000006 0xffffffff 0x00000002 0x4850e7b8 0x00000003 0xffffffff 0x48511798 0x480f3f24
[   8.04] 485116f0: 0x00003000 0x00000000 0x00000000 0x00000000 0x00000900 0x48511796 0x00000000 0x00000002
[   8.04] 48511710: 0x00000900 0x485117c0 0x00000000 0x00000001 0x00001000 0x00000000 0x00000000 0x00000000
[   8.04] 48511730: 0x00000000 0x00000000 0x00000000 0x00000000 0x00000000 0x00000000 0x00000000 0x00000000
[   8.04] 48511750: 0x00000000 0x00000000 0x00000000 0x00000000 0x00000000 0x00000001 0x485117c0 0x485117d0
[   8.04] 48511770: 0x48511817 0x4810e000 0x00000000 0x00000000 0x00000000 0x00000001 0x4ff876a8 0x4ff4f1ee
[   8.04] 48511790: 0x4ff5fa68 0x00000000 0x4ff5fa14 0x4ff4f3ee 0x00000000 0x00000001 0x4ff5fa14 0x4ff4b182
[   8.04] 
[   8.04] 
[   8.04] 
[   8.04] ELF file SHA256: e13a3de77
[   8.04] 
[   8.04] Rebooting...
[   8.04] ESP-ROM:esp32p4-eco7-20260109
[   8.04] Build:Jan  9 2026
[   8.04] rst:0xc (SW_CPU_RESET),boot:0xf (SPI_FAST_FLASH_BOOT)
[   8.04] Core0 Saved PC:0x4ff444de
[   8.04] Core1 Saved PC:0x4ff4ace6
[   8.04] SPI mode:DIO, clock div:1
[   8.04] load:0x4ffb60d0,len:0x11f0
[   8.04] load:0x4ffac2c0,len:0xd5c
[   8.04] load:0x4ffaefc0,len:0x3408
[   8.04] entry 0x4ffac2c0
[   8.28] I (229) hex_psram: vendor id    : 0x0d (AP)
[   8.28] I (229) hex_psram: Latency      : 0x01 (Fixed)
[   8.28] I (229) hex_psram: DriveStr.    : 0x00 (25 Ohm)
[   8.28] I (230) hex_psram: dev id       : 0x03 (generation 4)
[   8.28] I (235) hex_psram: density      : 0x07 (256 Mbit)
[   8.28] I (239) hex_psram: good-die     : 0x06 (Pass)
[   8.28] I (243) hex_psram: SRF          : 0x02 (Slow Refresh)
[   8.28] I (248) hex_psram: BurstType    : 0x00 ( Wrap)
[   8.28] I (252) hex_psram: BurstLen     : 0x03 (2048 Byte)
[   8.28] I (257) hex_psram: BitMode      : 0x01 (X16 Mode)
[   8.28] I (261) hex_psram: Readlatency  : 0x04 (14 cycles@Fixed)
[   8.28] I (266) hex_psram: DriveStrength: 0x00 (1/1)
[   8.28] I (270) MSPI Timing: Enter psram timing tuning
[   8.28] I esp_psram: Found 32MB PSRAM device
[   8.28] I esp_psram: Speed: 200MHz
[   8.28] I (457) mmu_psram: .rodata xip on psram
[   8.28] I (505) mmu_psram: .text xip on psram
[   8.28] I (506) hex_psram: psram CS IO is dedicated
[   8.28] I (506) cpu_start: Multicore app
[   8.82] I (934) esp_psram: SPI SRAM memory test OK
[   9.09] I (943) cpu_start: GPIO 38 and 37 are used as console UART I/O pins
[   9.09] I (944) cpu_start: Pro cpu start user code
[   9.09] I (944) cpu_start: cpu freq: 400000000 Hz
[   9.09] I (946) app_init: Application information:
[   9.09] I (949) app_init: Project name:     fnos_monitor
[   9.09] I (954) app_init: App version:      0.1.0
[   9.09] I (958) app_init: Compile time:     Sep 28 2026 07:59:20
[   9.09] I (963) app_init: ELF file SHA256:  e13a3de77...
[   9.09] I (967) app_init: ESP-IDF:          5.5.3
[   9.09] I (971) efuse_init: Min chip rev:     v3.0
[   9.09] I (974) efuse_init: Max chip rev:     v3.99 
[   9.09] I (978) efuse_init: Chip rev:         v3.2
[   9.09] I (982) heap_init: Initializing. RAM available for dynamic allocation:
[   9.09] I (989) heap_init: At 4FF5E210 len 0005CDB0 (371 KiB): RETENT_RAM
[   9.09] I (994) heap_init: At 4FFBAFC0 len 00004BF0 (18 KiB): RAM
[   9.09] I (999) heap_init: At 501080D8 len 00000028 (0 KiB): RTCRAM
[   9.09] I (1005) heap_init: At 501081A0 len 00007E60 (31 KiB): RTCRAM
[   9.09] I (1010) heap_init: At 30100198 len 00001E68 (7 KiB): TCM
[   9.09] I (1015) esp_psram: Adding pool of 31215K of PSRAM memory to heap allocator
[   9.09] I (1022) esp_psram: Adding pool of 7K of PSRAM memory gap generated due to end address alignment of irom to the heap allocator
[   9.09] I (1033) esp_psram: Adding pool of 0K of PSRAM memory gap generated due to end address alignment of drom to the heap allocator
[   9.09] I (1044) spi_flash: detected chip: gd
[   9.09] I (1048) spi_flash: flash io: qio
[   9.09] I (1051) host_init: ESP Hosted : Host chip_ip[18]
[   9.09] I (1055) H_API: ESP-Hosted starting. Hosted_Tasks: prio:23, stack: 5120 RPC_task_stack: 5120
[   9.09] sdio_mempool_create free:32378220 min-free:32378220 lfb-def:31457280 lfb-8bit:31457280
[   9.09] 
[   9.09] I (1071) H_API: ** add_esp_wifi_remote_channels **
[   9.09] I (1076) transport: Add ESP-Hosted channel IF[1]: S[0] Tx[0x4800b6dc] Rx[0x4801a922]
[   9.09] I (1083) transport: Add ESP-Hosted channel IF[2]: S[0] Tx[0x4800b622] Rx[0x4801a922]
[   9.09] I (1091) sleep_gpio: Configure to isolate all GPIO pins in sleep state
[   9.09] I (1097) sleep_gpio: Enable automatic switching of GPIO sleep configuration
[   9.09] I (1104) main_task: Started on CPU0
[   9.09] I (1108) main_task: Calling app_main()
[   9.09] I (1114) main: fnOS NAS dashboard booting (agent http://192.168.0.119:8799)
[   9.09] I (1117) main: heap boot           internal=364KB largest=304KB dma=326KB psram=31219KB
[   9.09] I (1126) transport: Attempt connection with slave: retry[0]
[   9.09] I (1130) transport: Reset slave using GPIO[54]
[   9.09] I (1134) os_wrapper_esp: GPIO [54] configured
[  10.15] I (2304) sdio_wrapper: SDIO master: Data-Lines: 4-bit Freq(KHz)[40000 KHz]
[  10.15] I (2304) sdio_wrapper: GPIOs: CLK[18] CMD[19] D0[14] D1[15] D2[16] D3[17] Slave_Reset[54]
[  10.15] I (2304) H_SDIO_DRV: Starting SDIO process rx task
[  10.15] I (2307) sdio_wrapper: Queues: Tx[20] Rx[20] SDIO-Rx-Mode[1]
[  10.43] Name: 
[  10.43] Type: SDIO
[  10.43] Speed: 40.00 MHz (limit: 40.00 MHz)
[  10.43] Size: 0MB
[  10.43] CSD: ver=1, sector_size=0, capacity=0 read_bl_len=0
[  10.43] SCR: sd_spec=0, bus_width=0
[  10.43] TUPLE: DEVICE, size: 3: D9 01 FF 
[  10.43] TUPLE: MANFID, size: 4
[  10.43]   MANF: 0092, CARD: 6666
[  10.43] TUPLE: FUNCID, size: 2: 0C 00 
[  10.43] TUPLE: FUNCE, size: 4: 00 00 02 32 
[  10.43] TUPLE: CONFIG, size: 5: 01 01 00 02 07 
[  10.43] TUPLE: CFTABLE_ENTRY, size: 8
[  10.43]   INDX: C1, Intface: 1, Default: 1, Conf-Entry-Num: 1
[  10.43]   IF: 41
[  10.43]   FS: 30, misc: 0, mem_space: 1, irq: 1, io_space: 0, timing: 0, power: 0
[  10.43]   IR: 30, mask: 1,   IRQ: FF FF
[  10.43]   LEN: FFFF
[  10.43] TUPLE: END
[  10.43] I (2390) sdio_wrapper: Function 0 Blocksize: 512
[  10.43] I (2394) sdio_wrapper: Function 1 Blocksize: 512
[  10.43] I (2398) H_SDIO_DRV: SDIO Host operating in STREAMING MODE
[  10.43] I (2403) H_SDIO_DRV: generate slave intr
[  10.43] I (2409) transport: Received INIT event from ESP32 peripheral
[  10.43] I (2412) transport: EVENT: 12
[  10.43] I (2415) transport: EVENT: 11
[  10.43] I (2418) transport: capabilities: 0xd
[  10.43] I (2421) transport: Features supported are:
[  10.43] I (2425) transport: 	 * WLAN
[  10.43] I (2428) transport: 	   - HCI over SDIO
[  10.43] I (2431) transport: 	   - BLE only
[  10.43] I (2434) transport: EVENT: 13
[  10.43] I (2437) transport: ESP board type is : 13 
[  10.43] 
[  10.43] I (2441) transport: Base transport is set-up
[  10.43] 
[  10.43] I (2445) transport: Slave chip Id[12]
[  10.43] I (2449) hci_stub_drv: Host BT Support: Disabled
[  10.43] I (2453) H_SDIO_DRV: Received INIT event
[  11.51] I (3458) fnos_net: wifi station started; awaiting ip
[  11.51] I (3458) esp_lvgl:adapter: LVGL adapter initialized successfully
[  11.51] W (3459) ledc: GPIO 32 is not usable, maybe conflict with others
[  11.51] I (3463) ESP32_P4_EV: MIPI DSI PHY Powered on
[  11.51] I (3468) ESP32_P4_EV: Install MIPI DSI LCD control panel
[  11.51] I (3472) ESP32_P4_EV: Install EK79007 LCD control panel
[  11.51] I (3477) ek79007: version: 2.0.2
[  11.51] I (3479) H_API: esp_wifi_remote_connect
[  11.77] I (3654) ESP32_P4_EV: Display initialized
[  11.77] I (3655) esp_lvgl:bridge_v9: Initializing hardware resources
[  11.77] I (3655) esp_lvgl:bridge_v9: Hardware resources initialized successfully
[  11.77] I (3658) esp_lvgl:bridge: Initializing hardware resources
[  11.77] I (3663) esp_lvgl:bridge: Hardware resources initialized successfully
[  11.77] W (3669) esp_lvgl:bridge_v9: on_frame_buf_complete unavailable; buffer-switch release and dummy-draw may not function on MIPI DSI
[  11.77] I (3681) ESP32_P4_EV: Touch 0x5d found
[  11.77] I (3684) GT911: I2C address initialization procedure skipped - using default GT9xx setup
[  11.77] I (3692) GT911: TouchPad_ID:0x39,0x31,0x31
[  11.77] I (3696) GT911: TouchPad_Config_Version:91
[  11.77] W (3700) esp_lvgl:touch: LV_USE_GESTURE_RECOGNITION is disabled; only single-point pointer events are available
[  11.77] I (3709) esp_lvgl:touch: Touch input device registered successfully (IRQ mode: disabled)
[  11.77] I (3718) esp_lvgl:adapter: LVGL task started successfully
[  11.77] I (3722) ESP32_P4_EV: Setting LCD backlight: 100%
[  11.77] I (3727) ESP32_P4_EV: Setting LCD backlight: 45%
[  11.77] I (3731) main: heap display        internal=244KB largest=204KB dma=206KB psram=27577KB
[  11.77] I (3884) fnos_view: dashboard v2 created (4 pages, 180 s window)
[  11.77] I (3884) main: heap ui             internal=244KB largest=204KB dma=206KB psram=27486KB
[  11.77] I (3887) fnos_data: polling http://192.168.0.119:8799/api/v1/status every 1000 ms
[  11.77] I (3894) main: heap polling        internal=243KB largest=204KB dma=205KB psram=27472KB
[  11.77] I (3901) ESP32_P4_EV: Setting LCD backlight: 45%
[  11.77] I (3906) main: backlight 45% (day)
[  11.77] I (3909) main: boot complete
[  11.77] I (3911) main_task: Returned from app_main()
[  12.56] Guru Meditation Error: Core  1 panic'ed (Load access fault). Exception was unhandled.
[  12.56] 
[  12.56] Core  1 register dump:
[  12.56] MEPC    : 0x4fc1b714  RA      : 0x480ef384  SP      : 0x485113b0  GP      : 0x4ff56f80  
[  12.56] TP      : 0x48511960  T0      : 0x0000000d  T1      : 0x90000000  T2      : 0xffffffff  
[  12.56] S0/FP   : 0x00000000  S1      : 0x00000014  A0      : 0x00000014  A1      : 0xffffffff  
[  12.56] A2      : 0x0000000a  A3      : 0x7f7f7f7f  A4      : 0x00000000  A5      : 0x00000018  
[  12.56] A6      : 0xa0000000  A7      : 0x0000000a  S2      : 0x4817f000  S3      : 0x00000009  
[  12.56] S4      : 0xffffffff  S5      : 0x0000000a  S6      : 0x00000002  S7      : 0x00000073  
[  12.56] S8      : 0x00000009  S9      : 0x00000000  S10     : 0xffffffff  S11     : 0x485114d4  
[  12.56] T3      : 0x00000000  T4      : 0x00000000  T5      : 0xffffffff  T6      : 0x00000000  
[  12.56] MSTATUS : 0x00011881  MTVEC   : 0x4ff40003  MCAUSE  : 0x00000005  MTVAL   : 0x00000014  
[  12.56] MHARTID : 0x00000001  
[  12.56] 
[  12.56] Stack memory:
[  12.82] 485113b0: 0x00000001 0x4ff5ec14 0x4ff87710 0x4810dea6 0x00000000 0x00000000 0x00000000 0x00000000
[  12.82] 485113d0: 0x00000000 0x00000001 0x0000004f 0x00000001 0x00000000 0x48113744 0x00000000 0x00000000
[  12.82] 485113f0: 0x00000000 0x00000258 0xffffffc0 0x00000002 0x000003f0 0x4ff6da00 0x00000080 0x00000000
[  12.82] 48511410: 0x0012c000 0x482b4e80 0x00000006 0x4fc116ea 0x0012c000 0x482b4e80 0x00000006 0x4ff505c0
[  12.82] 48511430: 0x00000000 0x4ff6da00 0x482b4e80 0x0012c000 0x4ff4c35c 0x4ff4f440 0x485114c0 0x4ff56f80
[  12.82] 48511450: 0x48511960 0x4fc114ec 0x4ff4c82c 0x00000001 0x00000000 0x4ff86da8 0x00000000 0x500e5014
[  12.82] 48511470: 0x500e5010 0x00000004 0x00000000 0x0000001f 0x08000000 0x4fc11284 0x00000001 0x48511884
[  12.82] 48511490: 0x48110000 0x4ff6da00 0x000003f0 0x00000002 0x0000000a 0x00000000 0x00000000 0x482b4e80
[  12.82] 485114b0: 0x1fffffff 0x4ff6da00 0x48110000 0xffffffff 0x485114cc 0x00000001 0x00000007 0x4810de9d
[  12.82] 485114d0: 0x00000007 0x4851156f 0x00000001 0x48110000 0x00000000 0x00000258 0xffffffc0 0x00000002
[  12.82] 485114f0: 0x000003f0 0x4ff6da00 0x480fee7c 0x00000004 0x4ff5dfa8 0x4ff86d90 0x4ff86a04 0x4802745a
[  12.82] 48511510: 0x480fffac 0x00000001 0x48511544 0x4802efc6 0x00000000 0x480ff1c0 0x4ff5c48c 0x00000000
[  12.82] 48511530: 0x480ff1f4 0x00000004 0x00000400 0x00000002 0x00000095 0x480ffef8 0x480ffef8 0x00010001
[  12.82] 48511550: 0x000003f0 0x000001c2 0x000003f3 0x00000202 0x00000041 0x00000000 0x00000000 0x30393134
[  12.82] 48511570: 0xffffffff 0x00000000 0x482b4e80 0x0012c000 0x4ff4c35e 0x4ff4bb5e 0x48511600 0x4ff56f80
[  12.82] 48511590: 0x48511960 0x00000000 0x381e0000 0x00003000 0x00000001 0x00000000 0x4850e7ac 0x500e5014
[  12.82] 485115b0: 0x500e5010 0x00000004 0x00000000 0x0000001f 0x00000004 0x00000002 0x4850e7ac 0x4850e758
[  12.82] 485115d0: 0x4850e77c 0x4851165c 0x02625a00 0x4850e65c 0x4850e66c 0x00000000 0x00000000 0x00000000
[  12.82] 485115f0: 0x00001120 0x4850e66c 0x00000000 0x00000000 0x4810de50 0x4850e74c 0x4850e6f8 0x4ff4b6a0
[  12.82] 48511610: 0x00000012 0x48511796 0x00000000 0x00000000 0x0000005c 0x00000000 0x00000000 0x00000cc5
[  12.82] 48511630: 0x000000ad 0x4850e66c 0x4850e65c 0x00000000 0x00000006 0xffffffff 0x4850e348 0x480f2992
[  12.82] 48511650: 0x00000012 0xffffffff 0x0001e348 0x00000001 0x0000005c 0x00000000 0x0000000a 0x4850e65c
[  12.82] 48511670: 0x00000000 0x00000004 0x00000000 0x00000000 0x00000014 0x4850e6ec 0x4850e698 0x4ff4b6d8
[  12.82] 48511690: 0x00000006 0x4850e6ec 0x00000000 0x00000000 0x4ff56ebc 0x0000000c 0x00000000 0x48114000
[  12.82] 485116b0: 0x48177000 0x00000004 0x485116f0 0x00000000 0x00000004 0xffffffff 0x4850e7b8 0x480f2ee0
[  12.82] 485116d0: 0x00000006 0xffffffff 0x00000002 0x4850e7b8 0x00000003 0xffffffff 0x48511798 0x480f3f24
[  12.82] 485116f0: 0x00003000 0x00000000 0x00000000 0x00000000 0x00000900 0x48511796 0x00000000 0x00000002
[  12.82] 48511710: 0x00000900 0x485117c0 0x00000000 0x00000001 0x00001000 0x00000000 0x00000000 0x00000000
[  12.82] 48511730: 0x00000000 0x00000000 0x00000000 0x00000000 0x00000000 0x00000000 0x00000000 0x00000000
[  12.82] 48511750: 0x00000000 0x00000000 0x00000000 0x00000000 0x00000000 0x00000001 0x485117c0 0x485117d0
[  12.82] 48511770: 0x48511817 0x4810e000 0x00000000 0x00000000 0x00000000 0x00000001 0x4ff876a8 0x4ff4f1ee
[  12.82] 48511790: 0x4ff5fa68 0x00000000 0x4ff5fa14 0x4ff4f3ee 0x00000000 0x00000001 0x4ff5fa14 0x4ff4b182
[  12.82] 
[  12.82] 
[  12.82] 
[  12.82] ELF file SHA256: e13a3de77
[  12.82] 
[  12.82] Rebooting...
[  12.82] ESP-ROM:esp32p4-eco7-20260109
[  12.82] Build:Jan  9 2026
[  12.82] rst:0xc (SW_CPU_RESET),boot:0xf (SPI_FAST_FLASH_BOOT)
[  12.82] Core0 Saved PC:0x4ff444de
[  12.82] Core1 Saved PC:0x4ff4ace6
[  12.82] SPI mode:DIO, clock div:1
[  12.82] load:0x4ffb60d0,len:0x11f0
[  12.82] load:0x4ffac2c0,len:0xd5c
[  12.82] load:0x4ffaefc0,len:0x3408
[  12.82] entry 0x4ffac2c0
[  13.03] I (229) hex_psram: vendor id    : 0x0d (AP)
[  13.03] I (229) hex_psram: Latency      : 0x01 (Fixed)
[  13.03] I (229) hex_psram: DriveStr.    : 0x00 (25 Ohm)
[  13.03] I (230) hex_psram: dev id       : 0x03 (generation 4)
[  13.03] I (235) hex_psram: density      : 0x07 (256 Mbit)
[  13.03] I (239) hex_psram: good-die     : 0x06 (Pass)
[  13.03] I (243) hex_psram: SRF          : 0x02 (Slow Refresh)
[  13.03] I (248) hex_psram: BurstType    : 0x00 ( Wrap)
[  13.03] I (252) hex_psram: BurstLen     : 0x03 (2048 Byte)
[  13.03] I (257) hex_psram: BitMode      : 0x01 (X16 Mode)
[  13.03] I (261) hex_psram: Readlatency  : 0x04 (14 cycles@Fixed)
[  13.03] I (266) hex_psram: DriveStrength: 0x00 (1/1)
[  13.03] I (270) MSPI Timing: Enter psram timing tuning
[  13.03] I esp_psram: Found 32MB PSRAM device
[  13.03] I esp_psram: Speed: 200MHz
[  13.03] I (457) mmu_psram: .rodata xip on psram
[  13.30] I (505) mmu_psram: .text xip on psram
[  13.31] I (506) hex_psram: psram CS IO is dedicated
[  13.31] I (506) cpu_start: Multicore app
[  13.51] I (934) esp_psram: SPI SRAM memory test OK
[  13.71] I (943) cpu_start: GPIO 38 and 37 are used as console UART I/O pins
[  13.71] I (944) cpu_start: Pro cpu start user code
[  13.71] I (944) cpu_start: cpu freq: 400000000 Hz
[  13.71] I (946) app_init: Application information:
[  13.71] I (949) app_init: Project name:     fnos_monitor
[  13.71] I (954) app_init: App version:      0.1.0
[  13.71] I (958) app_init: Compile time:     Sep 28 2026 07:59:20
[  13.71] I (963) app_init: ELF file SHA256:  e13a3de77...
[  13.71] I (967) app_init: ESP-IDF:          5.5.3
[  13.71] I (971) efuse_init: Min chip rev:     v3.0
[  13.71] I (974) efuse_init: Max chip rev:     v3.99 
[  13.71] I (978) efuse_init: Chip rev:         v3.2
[  13.71] I (982) heap_init: Initializing. RAM available for dynamic allocation:
[  13.71] I (989) heap_init: At 4FF5E210 len 0005CDB0 (371 KiB): RETENT_RAM
[  13.71] I (994) heap_init: At 4FFBAFC0 len 00004BF0 (18 KiB): RAM
[  13.71] I (999) heap_init: At 501080D8 len 00000028 (0 KiB): RTCRAM
[  13.71] I (1005) heap_init: At 501081A0 len 00007E60 (31 KiB): RTCRAM
[  13.71] I (1010) heap_init: At 30100198 len 00001E68 (7 KiB): TCM
[  13.99] I (1015) esp_psram: Adding pool of 31215K of PSRAM memory to heap allocator
[  13.99] I (1022) esp_psram: Adding pool of 7K of PSRAM memory gap generated due to end address alignment of irom to the heap allocator
[  13.99] I (1033) esp_psram: Adding pool of 0K of PSRAM memory gap generated due to end address alignment of drom to the heap allocator
[  13.99] I (1044) spi_flash: detected chip: gd
[  13.99] I (1048) spi_flash: flash io: qio
[  13.99] I (1051) host_init: ESP Hosted : Host chip_ip[18]
[  13.99] I (1055) H_API: ESP-Hosted starting. Hosted_Tasks: prio:23, stack: 5120 RPC_task_stack: 5120
[  13.99] sdio_mempool_create free:32378220 min-free:32378220 lfb-def:31457280 lfb-8bit:31457280
[  13.99] 
[  13.99] I (1071) H_API: ** add_esp_wifi_remote_channels **
[  13.99] I (1076) transport: Add ESP-Hosted channel IF[1]: S[0] Tx[0x4800b6dc] Rx[0x4801a922]
[  13.99] I (1083) transport: Add ESP-Hosted channel IF[2]: S[0] Tx[0x4800b622] Rx[0x4801a922]
[  13.99] I (1091) sleep_gpio: Configure to isolate all GPIO pins in sleep state
[  13.99] I (1097) sleep_gpio: Enable automatic switching of GPIO sleep configuration
[  13.99] I (1104) main_task: Started on CPU0
[  13.99] I (1108) main_task: Calling app_main()
[  13.99] I (1114) main: fnOS NAS dashboard booting (agent http://192.168.0.119:8799)
[  13.99] I (1117) main: heap boot           internal=364KB largest=304KB dma=326KB psram=31219KB
[  13.99] I (1126) transport: Attempt connection with slave: retry[0]
[  13.99] I (1130) transport: Reset slave using GPIO[54]
[  13.99] I (1134) os_wrapper_esp: GPIO [54] configured
[  15.03] I (2304) sdio_wrapper: SDIO master: Data-Lines: 4-bit Freq(KHz)[40000 KHz]
[  15.03] I (2304) sdio_wrapper: GPIOs: CLK[18] CMD[19] D0[14] D1[15] D2[16] D3[17] Slave_Reset[54]
[  15.03] I (2304) H_SDIO_DRV: Starting SDIO process rx task
[  15.03] I (2307) sdio_wrapper: Queues: Tx[20] Rx[20] SDIO-Rx-Mode[1]
[  15.03] Name: 
[  15.03] Type: SDIO
[  15.03] Speed: 40.00 MHz (limit: 40.00 MHz)
[  15.03] Size: 0MB
[  15.03] CSD: ver=1, sector_size=0, capacity=0 read_bl_len=0
[  15.03] SCR: sd_spec=0, bus_width=0
[  15.03] TUPLE: DEVICE, size: 3: D9 01 FF 
[  15.03] TUPLE: MANFID, size: 4
[  15.03]   MANF: 0092, CARD: 6666
[  15.03] TUPLE: FUNCID, size: 2: 0C 00 
[  15.03] TUPLE: FUNCE, size: 4: 00 00 02 32 
[  15.03] TUPLE: CONFIG, size: 5: 01 01 00 02 07 
[  15.03] TUPLE: CFTABLE_ENTRY, size: 8
[  15.03]   INDX: C1, Intface: 1, Default: 1, Conf-Entry-Num: 1
[  15.03]   IF: 41
[  15.03]   FS: 30, misc: 0, mem_space: 1, irq: 1, io_space: 0, timing: 0, power: 0
[  15.03]   IR: 30, mask: 1,   IRQ: FF FF
[  15.03]   LEN: FFFF
[  15.03] TUPLE: END
[  15.03] I (2390) sdio_wrapper: Function 0 Blocksize: 512
[  15.03] I (2394) sdio_wrapper: Function 1 Blocksize: 512
[  15.03] I (2398) H_SDIO_DRV: SDIO Host operating in STREAMING MODE
[  15.03] I (2403) H_SDIO_DRV: generate slave intr
[  15.03] I (2409) transport: Received INIT event from ESP32 peripheral
[  15.03] I (2412) transport: EVENT: 12
[  15.03] I (2415) transport: EVENT: 11
[  15.03] I (2418) transport: capabilities: 0xd
[  15.03] I (2421) transport: Features supported are:
[  15.03] I (2425) transport: 	 * WLAN
[  15.30] I (2428) transport: 	   - HCI over SDIO
[  15.30] I (2431) transport: 	   - BLE only
[  15.30] I (2434) transport: EVENT: 13
[  15.30] I (2437) transport: ESP board type is : 13 
[  15.30] 
[  15.30] I (2441) transport: Base transport is set-up
[  15.30] 
[  15.30] I (2445) transport: Slave chip Id[12]
[  15.30] I (2449) hci_stub_drv: Host BT Support: Disabled
[  15.30] I (2453) H_SDIO_DRV: Received INIT event
[  16.06] I (3458) fnos_net: wifi station started; awaiting ip
[  16.06] I (3459) esp_lvgl:adapter: LVGL adapter initialized successfully
[  16.06] W (3459) ledc: GPIO 32 is not usable, maybe conflict with others
[  16.06] I (3463) ESP32_P4_EV: MIPI DSI PHY Powered on
[  16.06] I (3468) ESP32_P4_EV: Install MIPI DSI LCD control panel
[  16.06] I (3472) ESP32_P4_EV: Install EK79007 LCD control panel
[  16.06] I (3477) ek79007: version: 2.0.2
[  16.06] I (3479) H_API: esp_wifi_remote_connect
[  16.31] I (3654) ESP32_P4_EV: Display initialized
[  16.31] I (3655) esp_lvgl:bridge_v9: Initializing hardware resources
[  16.31] I (3655) esp_lvgl:bridge_v9: Hardware resources initialized successfully
[  16.31] I (3658) esp_lvgl:bridge: Initializing hardware resources
[  16.31] I (3663) esp_lvgl:bridge: Hardware resources initialized successfully
[  16.31] W (3669) esp_lvgl:bridge_v9: on_frame_buf_complete unavailable; buffer-switch release and dummy-draw may not function on MIPI DSI
[  16.31] I (3681) ESP32_P4_EV: Touch 0x5d found
[  16.31] I (3684) GT911: I2C address initialization procedure skipped - using default GT9xx setup
[  16.31] I (3692) GT911: TouchPad_ID:0x39,0x31,0x31
[  16.31] I (3696) GT911: TouchPad_Config_Version:91
[  16.31] W (3700) esp_lvgl:touch: LV_USE_GESTURE_RECOGNITION is disabled; only single-point pointer events are available
[  16.31] I (3709) esp_lvgl:touch: Touch input device registered successfully (IRQ mode: disabled)
[  16.31] I (3718) esp_lvgl:adapter: LVGL task started successfully
[  16.31] I (3722) ESP32_P4_EV: Setting LCD backlight: 100%
[  16.58] I (3727) ESP32_P4_EV: Setting LCD backlight: 45%
[  16.58] I (3731) main: heap display        internal=244KB largest=204KB dma=206KB psram=27577KB
[  16.58] I (3884) fnos_view: dashboard v2 created (4 pages, 180 s window)
[  16.58] I (3884) main: heap ui             internal=244KB largest=204KB dma=206KB psram=27486KB
[  16.58] I (3886) fnos_data: polling http://192.168.0.119:8799/api/v1/status every 1000 ms
[  16.58] I (3894) main: heap polling        internal=243KB largest=204KB dma=205KB psram=27472KB
[  16.58] I (3901) ESP32_P4_EV: Setting LCD backlight: 45%
[  16.58] I (3906) main: backlight 45% (day)
[  16.58] I (3909) main: boot complete
[  16.58] I (3911) main_task: Returned from app_main()
[  17.36] Guru Meditation Error: Core  1 panic'ed (Load access fault). Exception was unhandled.
[  17.36] 
[  17.36] Core  1 register dump:
[  17.36] MEPC    : 0x4fc1b714  RA      : 0x480ef384  SP      : 0x485113b0  GP      : 0x4ff56f80  
[  17.36] TP      : 0x48511960  T0      : 0x0000000d  T1      : 0x90000000  T2      : 0xffffffff  
[  17.36] S0/FP   : 0x00000000  S1      : 0x00000014  A0      : 0x00000014  A1      : 0xffffffff  
[  17.36] A2      : 0x0000000a  A3      : 0x7f7f7f7f  A4      : 0x00000000  A5      : 0x00000018  
[  17.36] A6      : 0xa0000000  A7      : 0x0000000a  S2      : 0x4817f000  S3      : 0x00000009  
[  17.36] S4      : 0xffffffff  S5      : 0x0000000a  S6      : 0x00000002  S7      : 0x00000073  
[  17.36] S8      : 0x00000009  S9      : 0x00000000  S10     : 0xffffffff  S11     : 0x485114d4  
[  17.36] T3      : 0x00000000  T4      : 0x00000000  T5      : 0xffffffff  T6      : 0x00000000  
[  17.36] MSTATUS : 0x00011881  MTVEC   : 0x4ff40003  MCAUSE  : 0x00000005  MTVAL   : 0x00000014  
[  17.36] MHARTID : 0x00000001  
[  17.36] 
[  17.36] Stack memory:
[  17.63] 485113b0: 0x00000001 0x4ff5ec14 0x4ff87710 0x4810dea6 0x00000000 0x00000000 0x00000000 0x00000000
[  17.63] 485113d0: 0x00000000 0x00000001 0x0000004f 0x00000001 0x00000000 0x48113744 0x00000000 0x00000000
[  17.63] 485113f0: 0x00000000 0x00000258 0xffffffc0 0x00000002 0x000003f0 0x4ff6da00 0x00000080 0x00000000
[  17.63] 48511410: 0x0012c000 0x482b4e80 0x00000006 0x4fc116ea 0x0012c000 0x482b4e80 0x00000006 0x4ff505c0
[  17.63] 48511430: 0x00000000 0x4ff6da00 0x482b4e80 0x0012c000 0x4ff4c35e 0x4ff4f440 0x485114c0 0x4ff56f80
[  17.63] 48511450: 0x48511960 0x4fc114ec 0x4ff4c82c 0x00000001 0x00000000 0x4ff86da8 0x00000000 0x500e5014
[  17.63] 48511470: 0x500e5010 0x00000004 0x00000000 0x0000001f 0x08000000 0x4fc11284 0x00000001 0x48511884
[  17.63] 48511490: 0x48110000 0x4ff6da00 0x000003f0 0x00000002 0x0000000a 0x00000000 0x00000000 0x482b4e80
[  17.63] 485114b0: 0x1fffffff 0x4ff6da00 0x48110000 0xffffffff 0x485114cc 0x00000001 0x00000007 0x4810de9d
[  17.63] 485114d0: 0x00000007 0x4851156f 0x00000001 0x48110000 0x00000000 0x00000258 0xffffffc0 0x00000002
[  17.63] 485114f0: 0x000003f0 0x4ff6da00 0x480fee7c 0x00000004 0x4ff5dfa8 0x4ff86d90 0x4ff86a04 0x4802745a
[  17.63] 48511510: 0x480fffac 0x00000001 0x48511544 0x4802efc6 0x00000000 0x480ff1c0 0x4ff5c48c 0x00000000
[  17.63] 48511530: 0x480ff1f4 0x00000004 0x00000400 0x00000002 0x00000095 0x480ffef8 0x480ffef8 0x00010001
[  17.63] 48511550: 0x000003f0 0x000001c2 0x000003f3 0x00000202 0x00000041 0x00000000 0x00000000 0x30393134
[  17.63] 48511570: 0xffffffff 0x00000000 0x482b4e80 0x0012c000 0x4ff4c35c 0x4ff4bb5e 0x48511600 0x4ff56f80
[  17.63] 48511590: 0x48511960 0x00000000 0x381e0000 0x00003000 0x00000001 0x00000000 0x4850e7ac 0x500e5014
[  17.63] 485115b0: 0x500e5010 0x00000004 0x00000000 0x0000001f 0x00000004 0x00000002 0x4850e7ac 0x4850e758
[  17.63] 485115d0: 0x4850e77c 0x4851165c 0x02625a00 0x4850e65c 0x4850e66c 0x00000000 0x00000000 0x00000000
[  17.63] 485115f0: 0x00001120 0x4850e66c 0x00000000 0x00000000 0x4810de50 0x4850e74c 0x4850e6f8 0x4ff4b6a0
[  17.63] 48511610: 0x00000012 0x48511796 0x00000000 0x00000000 0x0000005c 0x00000000 0x00000000 0x00000cc6
[  17.63] 48511630: 0x000000ad 0x4850e66c 0x4850e65c 0x00000000 0x00000006 0xffffffff 0x4850e348 0x480f2992
[  17.63] 48511650: 0x00000012 0xffffffff 0x0001e348 0x00000001 0x0000005c 0x00000000 0x0000000a 0x4850e65c
[  17.63] 48511670: 0x00000000 0x00000004 0x00000000 0x00000000 0x00000014 0x4850e6ec 0x4850e698 0x4ff4b6d8
[  17.63] 48511690: 0x00000006 0x4850e6ec 0x00000000 0x00000000 0x4ff56ebc 0x0000000c 0x00000000 0x48114000
[  17.63] 485116b0: 0x48177000 0x00000004 0x485116f0 0x00000000 0x00000004 0xffffffff 0x4850e7b8 0x480f2ee0
[  17.63] 485116d0: 0x00000006 0xffffffff 0x00000002 0x4850e7b8 0x00000003 0xffffffff 0x48511798 0x480f3f24
[  17.63] 485116f0: 0x00003000 0x00000000 0x00000000 0x00000000 0x00000900 0x48511796 0x00000000 0x00000002
[  17.63] 48511710: 0x00000900 0x485117c0 0x00000000 0x00000001 0x00001000 0x00000000 0x00000000 0x00000000
[  17.63] 48511730: 0x00000000 0x00000000 0x00000000 0x00000000 0x00000000 0x00000000 0x00000000 0x00000000
[  17.63] 48511750: 0x00000000 0x00000000 0x00000000 0x00000000 0x00000000 0x00000001 0x485117c0 0x485117d0
[  17.63] 48511770: 0x48511817 0x4810e000 0x00000000 0x00000000 0x00000000 0x00000001 0x4ff876a8 0x4ff4f1ee
[  17.63] 48511790: 0x4ff5fa68 0x00000000 0x4ff5fa14 0x4ff4f3ee 0x00000000 0x00000001 0x4ff5fa14 0x4ff4b182
[  17.63] 
[  17.63] 
[  17.63] 
[  17.63] ELF file SHA256: e13a3de77
[  17.63] 
[  17.63] Rebooting...
[  17.63] ESP-ROM:esp32p4-eco7-20260109
[  17.63] Build:Jan  9 2026
[  17.63] rst:0xc (SW_CPU_RESET),boot:0xf (SPI_FAST_FLASH_BOOT)
[  17.63] Core0 Saved PC:0x4ff444de
[  17.63] Core1 Saved PC:0x4ff4ace6
[  17.63] SPI mode:DIO, clock div:1
[  17.63] load:0x4ffb60d0,len:0x11f0
[  17.63] load:0x4ffac2c0,len:0xd5c
[  17.63] load:0x4ffaefc0,len:0x3408
[  17.63] entry 0x4ffac2c0
[  17.87] I (229) hex_psram: vendor id    : 0x0d (AP)
[  17.87] I (229) hex_psram: Latency      : 0x01 (Fixed)
[  17.87] I (229) hex_psram: DriveStr.    : 0x00 (25 Ohm)
[  17.87] I (230) hex_psram: dev id       : 0x03 (generation 4)
[  17.88] I (235) hex_psram: density      : 0x07 (256 Mbit)
[  17.88] I (239) hex_psram: good-die     : 0x06 (Pass)
[  17.88] I (243) hex_psram: SRF          : 0x02 (Slow Refresh)
[  17.88] I (248) hex_psram: BurstType    : 0x00 ( Wrap)
[  17.88] I (252) hex_psram: BurstLen     : 0x03 (2048 Byte)
[  17.88] I (257) hex_psram: BitMode      : 0x01 (X16 Mode)
[  17.88] I (261) hex_psram: Readlatency  : 0x04 (14 cycles@Fixed)
[  17.88] I (266) hex_psram: DriveStrength: 0x00 (1/1)
[  17.88] I (270) MSPI Timing: Enter psram timing tuning
[  17.88] I esp_psram: Found 32MB PSRAM device
[  17.88] I esp_psram: Speed: 200MHz
[  17.88] I (457) mmu_psram: .rodata xip on psram
[  17.88] I (505) mmu_psram: .text xip on psram
[  17.88] I (506) hex_psram: psram CS IO is dedicated
[  17.88] I (506) cpu_start: Multicore app
[  18.42] I (934) esp_psram: SPI SRAM memory test OK
[  18.68] I (943) cpu_start: GPIO 38 and 37 are used as console UART I/O pins
[  18.68] I (944) cpu_start: Pro cpu start user code
[  18.68] I (944) cpu_start: cpu freq: 400000000 Hz
[  18.68] I (946) app_init: Application information:
[  18.68] I (949) app_init: Project name:     fnos_monitor
[  18.68] I (954) app_init: App version:      0.1.0
[  18.68] I (958) app_init: Compile time:     Sep 28 2026 07:59:20
[  18.68] I (963) app_init: ELF file SHA256:  e13a3de77...
[  18.68] I (967) app_init: ESP-IDF:          5.5.3
[  18.68] I (971) efuse_init: Min chip rev:     v3.0
[  18.68] I (974) efuse_init: Max chip rev:     v3.99 
[  18.68] I (978) efuse_init: Chip rev:         v3.2
[  18.68] I (982) heap_init: Initializing. RAM available for dynamic allocation:
[  18.68] I (989) heap_init: At 4FF5E210 len 0005CDB0 (371 KiB): RETENT_RAM
[  18.68] I (994) heap_init: At 4FFBAFC0 len 00004BF0 (18 KiB): RAM
[  18.68] I (999) heap_init: At 501080D8 len 00000028 (0 KiB): RTCRAM
[  18.68] I (1005) heap_init: At 501081A0 len 00007E60 (31 KiB): RTCRAM
[  18.68] I (1010) heap_init: At 30100198 len 00001E68 (7 KiB): TCM
[  18.68] I (1015) esp_psram: Adding pool of 31215K of PSRAM memory to heap allocator
[  18.68] I (1022) esp_psram: Adding pool of 7K of PSRAM memory gap generated due to end address alignment of irom to the heap allocator
[  18.68] I (1033) esp_psram: Adding pool of 0K of PSRAM memory gap generated due to end address alignment of drom to the heap allocator
[  18.68] I (1045) spi_flash: detected chip: gd
[  18.68] I (1048) spi_flash: flash io: qio
[  18.68] I (1051) host_init: ESP Hosted : Host chip_ip[18]
[  18.68] I (1055) H_API: ESP-Hosted starting. Hosted_Tasks: prio:23, stack: 5120 RPC_task_stack: 5120
[  18.68] sdio_mempool_create free:32378220 min-free:32378220 lfb-def:31457280 lfb-8bit:31457280
[  18.68] 
[  18.68] I (1071) H_API: ** add_esp_wifi_remote_channels **
[  18.68] I (1076) transport: Add ESP-Hosted channel IF[1]: S[0] Tx[0x4800b6dc] Rx[0x4801a922]
[  18.68] I (1083) transport: Add ESP-Hosted channel IF[2]: S[0] Tx[0x4800b622] Rx[0x4801a922]
[  18.68] I (1091) sleep_gpio: Configure to isolate all GPIO pins in sleep state
[  18.68] I (1097) sleep_gpio: Enable automatic switching of GPIO sleep configuration
[  18.68] I (1104) main_task: Started on CPU0
[  18.68] I (1108) main_task: Calling app_main()
[  18.68] I (1114) main: fnOS NAS dashboard booting (agent http://192.168.0.119:8799)
[  18.68] I (1117) main: heap boot           internal=364KB largest=304KB dma=326KB psram=31219KB
[  18.68] I (1126) transport: Attempt connection with slave: retry[0]
[  18.68] I (1130) transport: Reset slave using GPIO[54]
[  18.68] I (1134) os_wrapper_esp: GPIO [54] configured
[  19.74] I (2304) sdio_wrapper: SDIO master: Data-Lines: 4-bit Freq(KHz)[40000 KHz]
[  19.74] I (2304) sdio_wrapper: GPIOs: CLK[18] CMD[19] D0[14] D1[15] D2[16] D3[17] Slave_Reset[54]
[  19.74] I (2304) H_SDIO_DRV: Starting SDIO process rx task
[  19.74] I (2307) sdio_wrapper: Queues: Tx[20] Rx[20] SDIO-Rx-Mode[1]
[  20.01] Name: 
[  20.01] Type: SDIO
[  20.01] Speed: 40.00 MHz (limit: 40.00 MHz)
[  20.01] Size: 0MB
[  20.01] CSD: ver=1, sector_size=0, capacity=0 read_bl_len=0
[  20.01] SCR: sd_spec=0, bus_width=0
[  20.01] TUPLE: DEVICE, size: 3: D9 01 FF 
[  20.01] TUPLE: MANFID, size: 4
[  20.01]   MANF: 0092, CARD: 6666
[  20.01] TUPLE: FUNCID, size: 2: 0C 00 
[  20.01] TUPLE: FUNCE, size: 4: 00 00 02 32 
[  20.01] TUPLE: CONFIG, size: 5: 01 01 00 02 07 
[  20.01] TUPLE: CFTABLE_ENTRY, size: 8
[  20.01]   INDX: C1, Intface: 1, Default: 1, Conf-Entry-Num: 1
[  20.01]   IF: 41
[  20.01]   FS: 30, misc: 0, mem_space: 1, irq: 1, io_space: 0, timing: 0, power: 0
[  20.01]   IR: 30, mask: 1,   IRQ: FF FF
[  20.01]   LEN: FFFF
[  20.01] TUPLE: END
[  20.01] I (2390) sdio_wrapper: Function 0 Blocksize: 512
[  20.01] I (2394) sdio_wrapper: Function 1 Blocksize: 512
[  20.01] I (2398) H_SDIO_DRV: SDIO Host operating in STREAMING MODE
[  20.01] I (2403) H_SDIO_DRV: generate slave intr
[  20.01] I (2409) transport: Received INIT event from ESP32 peripheral
[  20.01] I (2412) transport: EVENT: 12
[  20.01] I (2415) transport: EVENT: 11
[  20.01] I (2418) transport: capabilities: 0xd
[  20.01] I (2421) transport: Features supported are:
[  20.01] I (2425) transport: 	 * WLAN
[  20.01] I (2428) transport: 	   - HCI over SDIO
[  20.01] I (2431) transport: 	   - BLE only
[  20.01] I (2434) transport: EVENT: 13
[  20.01] I (2437) transport: ESP board type is : 13 
[  20.01] 
[  20.01] I (2441) transport: Base transport is set-up
[  20.01] 
[  20.02] I (2445) transport: Slave chip Id[12]
[  20.02] I (2449) hci_stub_drv: Host BT Support: Disabled
[  20.02] I (2453) H_SDIO_DRV: Received INIT event
[  21.11] I (3458) fnos_net: wifi station started; awaiting ip
[  21.11] I (3458) esp_lvgl:adapter: LVGL adapter initialized successfully
[  21.11] W (3459) ledc: GPIO 32 is not usable, maybe conflict with others
[  21.11] I (3463) ESP32_P4_EV: MIPI DSI PHY Powered on
[  21.11] I (3468) ESP32_P4_EV: Install MIPI DSI LCD control panel
[  21.11] I (3472) ESP32_P4_EV: Install EK79007 LCD control panel
[  21.11] I (3477) ek79007: version: 2.0.2
[  21.11] I (3479) H_API: esp_wifi_remote_connect
[  21.11] I (3654) ESP32_P4_EV: Display initialized
[  21.11] I (3655) esp_lvgl:bridge_v9: Initializing hardware resources
[  21.11] I (3655) esp_lvgl:bridge_v9: Hardware resources initialized successfully
[  21.11] I (3658) esp_lvgl:bridge: Initializing hardware resources
[  21.11] I (3663) esp_lvgl:bridge: Hardware resources initialized successfully
[  21.11] W (3669) esp_lvgl:bridge_v9: on_frame_buf_complete unavailable; buffer-switch release and dummy-draw may not function on MIPI DSI
[  21.11] I (3681) ESP32_P4_EV: Touch 0x5d found
[  21.11] I (3684) GT911: I2C address initialization procedure skipped - using default GT9xx setup
[  21.11] I (3692) GT911: TouchPad_ID:0x39,0x31,0x31
[  21.11] I (3696) GT911: TouchPad_Config_Version:91
[  21.11] W (3700) esp_lvgl:touch: LV_USE_GESTURE_RECOGNITION is disabled; only single-point pointer events are available
[  21.11] I (3709) esp_lvgl:touch: Touch input device registered successfully (IRQ mode: disabled)
[  21.11] I (3718) esp_lvgl:adapter: LVGL task started successfully
[  21.11] I (3722) ESP32_P4_EV: Setting LCD backlight: 100%
[  21.38] I (3727) ESP32_P4_EV: Setting LCD backlight: 45%
[  21.38] I (3731) main: heap display        internal=244KB largest=204KB dma=206KB psram=27577KB
[  21.38] I (3884) fnos_view: dashboard v2 created (4 pages, 180 s window)
[  21.38] I (3884) main: heap ui             internal=244KB largest=204KB dma=206KB psram=27486KB
[  21.38] I (3887) fnos_data: polling http://192.168.0.119:8799/api/v1/status every 1000 ms
[  21.38] I (3894) main: heap polling        internal=243KB largest=204KB dma=205KB psram=27472KB
[  21.38] I (3901) ESP32_P4_EV: Setting LCD backlight: 45%
[  21.38] I (3906) main: backlight 45% (day)
[  21.38] I (3909) main: boot complete
[  21.38] I (3911) main_task: Returned from app_main()
[  22.16] Guru Meditation Error: Core  1 panic'ed (Load access fault). Exception was unhandled.
[  22.16] 
[  22.16] Core  1 register dump:
[  22.16] MEPC    : 0x4fc1b714  RA      : 0x480ef384  SP      : 0x485113b0  GP      : 0x4ff56f80  
[  22.16] TP      : 0x48511960  T0      : 0x0000000d  T1      : 0x90000000  T2      : 0xffffffff  
[  22.16] S0/FP   : 0x00000000  S1      : 0x00000014  A0      : 0x00000014  A1      : 0xffffffff  
[  22.16] A2      : 0x0000000a  A3      : 0x7f7f7f7f  A4      : 0x00000000  A5      : 0x00000018  
[  22.16] A6      : 0xa0000000  A7      : 0x0000000a  S2      : 0x4817f000  S3      : 0x00000009  
[  22.16] S4      : 0xffffffff  S5      : 0x0000000a  S6      : 0x00000002  S7      : 0x00000073  
[  22.16] S8      : 0x00000009  S9      : 0x00000000  S10     : 0xffffffff  S11     : 0x485114d4  
[  22.16] T3      : 0x00000000  T4      : 0x00000000  T5      : 0xffffffff  T6      : 0x00000000  
[  22.16] MSTATUS : 0x00011881  MTVEC   : 0x4ff40003  MCAUSE  : 0x00000005  MTVAL   : 0x00000014  
[  22.16] MHARTID : 0x00000001  
[  22.16] 
[  22.16] Stack memory:
[  22.43] 485113b0: 0x00000001 0x4ff5ec14 0x4ff87710 0x4810dea6 0x00000000 0x00000000 0x00000000 0x00000000
[  22.43] 485113d0: 0x00000000 0x00000001 0x0000004f 0x00000001 0x00000000 0x48113744 0x00000000 0x00000000
[  22.43] 485113f0: 0x00000000 0x00000258 0xffffffc0 0x00000002 0x000003f0 0x4ff6da00 0x00000080 0x00000000
[  22.43] 48511410: 0x0012c000 0x482b4e80 0x00000006 0x4fc116ea 0x0012c000 0x482b4e80 0x00000006 0x4ff505c0
[  22.43] 48511430: 0x00000000 0x4ff6da00 0x482b4e80 0x0012c000 0x4ff4c35c 0x4ff4f440 0x485114c0 0x4ff56f80
[  22.43] 48511450: 0x48511960 0x4fc114ec 0x4ff4c82c 0x00000001 0x00000000 0x4ff86da8 0x00000000 0x500e5014
[  22.43] 48511470: 0x500e5010 0x00000004 0x00000000 0x0000001f 0x08000000 0x4fc11284 0x00000001 0x48511884
[  22.43] 48511490: 0x48110000 0x4ff6da00 0x000003f0 0x00000002 0x0000000a 0x00000000 0x00000000 0x482b4e80
[  22.43] 485114b0: 0x1fffffff 0x4ff6da00 0x48110000 0xffffffff 0x485114cc 0x00000001 0x00000007 0x4810de9d
[  22.43] 485114d0: 0x00000007 0x4851156f 0x00000001 0x48110000 0x00000000 0x00000258 0xffffffc0 0x00000002
[  22.43] 485114f0: 0x000003f0 0x4ff6da00 0x480fee7c 0x00000004 0x4ff5dfa8 0x4ff86d90 0x4ff86a04 0x4802745a
[  22.43] 48511510: 0x480fffac 0x00000001 0x48511544 0x4802efc6 0x00000000 0x480ff1c0 0x4ff5c48c 0x00000000
[  22.43] 48511530: 0x480ff1f4 0x00000004 0x00000400 0x00000002 0x00000095 0x480ffef8 0x480ffef8 0x00010001
[  22.43] 48511550: 0x000003f0 0x000001c2 0x000003f3 0x00000202 0x00000041 0x00000000 0x00000000 0x30393134
[  22.43] 48511570: 0xffffffff 0x00000000 0x482b4e80 0x0012c000 0x4ff4c35e 0x4ff4bb5e 0x48511600 0x4ff56f80
[  22.43] 48511590: 0x48511960 0x00000000 0x381e0000 0x00003000 0x00000001 0x00000000 0x4850e7ac 0x500e5014
[  22.43] 485115b0: 0x500e5010 0x00000004 0x00000000 0x0000001f 0x00000004 0x00000002 0x4850e7ac 0x4850e758
[  22.43] 485115d0: 0x4850e77c 0x4851165c 0x02625a00 0x4850e65c 0x4850e66c 0x00000000 0x00000000 0x00000000
[  22.43] 485115f0: 0x00001120 0x4850e66c 0x00000000 0x00000000 0x4810de50 0x4850e74c 0x4850e6f8 0x4ff4b6a0
[  22.43] 48511610: 0x00000012 0x48511796 0x00000000 0x00000000 0x0000005c 0x00000000 0x00000000 0x00000cc5
[  22.43] 48511630: 0x000000ad 0x4850e66c 0x4850e65c 0x00000000 0x00000006 0xffffffff 0x4850e348 0x480f2992
[  22.43] 48511650: 0x00000012 0xffffffff 0x0001e348 0x00000001 0x0000005c 0x00000000 0x0000000a 0x4850e65c
[  22.43] 48511670: 0x00000000 0x00000004 0x00000000 0x00000000 0x00000014 0x4850e6ec 0x4850e698 0x4ff4b6d8
[  22.43] 48511690: 0x00000006 0x4850e6ec 0x00000000 0x00000000 0x4ff56ebc 0x0000000c 0x00000000 0x48114000
[  22.43] 485116b0: 0x48177000 0x00000004 0x485116f0 0x00000000 0x00000004 0xffffffff 0x4850e7b8 0x480f2ee0
[  22.43] 485116d0: 0x00000006 0xffffffff 0x00000002 0x4850e7b8 0x00000003 0xffffffff 0x48511798 0x480f3f24
[  22.43] 485116f0: 0x00003000 0x00000000 0x00000000 0x00000000 0x00000900 0x48511796 0x00000000 0x00000002
[  22.43] 48511710: 0x00000900 0x485117c0 0x00000000 0x00000001 0x00001000 0x00000000 0x00000000 0x00000000
[  22.43] 48511730: 0x00000000 0x00000000 0x00000000 0x00000000 0x00000000 0x00000000 0x00000000 0x00000000
[  22.43] 48511750: 0x00000000 0x00000000 0x00000000 0x00000000 0x00000000 0x00000001 0x485117c0 0x485117d0
[  22.43] 48511770: 0x48511817 0x4810e000 0x00000000 0x00000000 0x00000000 0x00000001 0x4ff876a8 0x4ff4f1ee
[  22.43] 48511790: 0x4ff5fa68 0x00000000 0x4ff5fa14 0x4ff4f3ee 0x00000000 0x00000001 0x4ff5fa14 0x4ff4b182
[  22.43] 
[  22.43] 
[  22.43] 
[  22.43] ELF file SHA256: e13a3de77
[  22.43] 
[  22.43] Rebooting...
[  22.43] ESP-ROM:esp32p4-eco7-20260109
[  22.43] Build:Jan  9 2026
[  22.43] rst:0xc (SW_CPU_RESET),boot:0xf (SPI_FAST_FLASH_BOOT)
[  22.43] Core0 Saved PC:0x4ff444de
[  22.43] Core1 Saved PC:0x4ff4ace6
[  22.43] SPI mode:DIO, clock div:1
[  22.43] load:0x4ffb60d0,len:0x11f0
[  22.43] load:0x4ffac2c0,len:0xd5c
[  22.43] load:0x4ffaefc0,len:0x3408
[  22.43] entry 0x4ffac2c0
[  22.67] I (229) hex_psram: vendor id    : 0x0d (AP)
[  22.67] I (229) hex_psram: Latency      : 0x01 (Fixed)
[  22.67] I (229) hex_psram: DriveStr.    : 0x00 (25 Ohm)
[  22.67] I (230) hex_psram: dev id       : 0x03 (generation 4)
[  22.67] I (235) hex_psram: density      : 0x07 (256 Mbit)
[  22.67] I (239) hex_psram: good-die     : 0x06 (Pass)
[  22.67] I (243) hex_psram: SRF          : 0x02 (Slow Refresh)
[  22.67] I (248) hex_psram: BurstType    : 0x00 ( Wrap)
[  22.67] I (252) hex_psram: BurstLen     : 0x03 (2048 Byte)
[  22.67] I (257) hex_psram: BitMode      : 0x01 (X16 Mode)
[  22.67] I (261) hex_psram: Readlatency  : 0x04 (14 cycles@Fixed)
[  22.67] I (266) hex_psram: DriveStrength: 0x00 (1/1)
[  22.67] I (270) MSPI Timing: Enter psram timing tuning
[  22.67] I esp_psram: Found 32MB PSRAM device
[  22.67] I esp_psram: Speed: 200MHz
[  22.67] I (457) mmu_psram: .rodata xip on psram
[  22.67] I (505) mmu_psram: .text xip on psram
[  22.67] I (506) hex_psram: psram CS IO is dedicated
[  22.67] I (506) cpu_start: Multicore app
[  23.22] I (934) esp_psram: SPI SRAM memory test OK
[  23.49] I (943) cpu_start: GPIO 38 and 37 are used as console UART I/O pins
[  23.49] I (944) cpu_start: Pro cpu start user code
[  23.49] I (944) cpu_start: cpu freq: 400000000 Hz
[  23.49] I (946) app_init: Application information:
[  23.49] I (949) app_init: Project name:     fnos_monitor
[  23.49] I (954) app_init: App version:      0.1.0
[  23.49] I (958) app_init: Compile time:     Sep 28 2026 07:59:20
[  23.49] I (963) app_init: ELF file SHA256:  e13a3de77...
[  23.49] I (967) app_init: ESP-IDF:          5.5.3
[  23.49] I (971) efuse_init: Min chip rev:     v3.0
[  23.49] I (974) efuse_init: Max chip rev:     v3.99 
[  23.49] I (978) efuse_init: Chip rev:         v3.2
[  23.49] I (982) heap_init: Initializing. RAM available for dynamic allocation:
[  23.49] I (989) heap_init: At 4FF5E210 len 0005CDB0 (371 KiB): RETENT_RAM
[  23.49] I (994) heap_init: At 4FFBAFC0 len 00004BF0 (18 KiB): RAM
[  23.49] I (999) heap_init: At 501080D8 len 00000028 (0 KiB): RTCRAM
[  23.49] I (1005) heap_init: At 501081A0 len 00007E60 (31 KiB): RTCRAM
[  23.49] I (1010) heap_init: At 30100198 len 00001E68 (7 KiB): TCM
[  23.49] I (1015) esp_psram: Adding pool of 31215K of PSRAM memory to heap allocator
[  23.49] I (1022) esp_psram: Adding pool of 7K of PSRAM memory gap generated due to end address alignment of irom to the heap allocator
[  23.49] I (1033) esp_psram: Adding pool of 0K of PSRAM memory gap generated due to end address alignment of drom to the heap allocator
[  23.49] I (1045) spi_flash: detected chip: gd
[  23.49] I (1048) spi_flash: flash io: qio
[  23.49] I (1051) host_init: ESP Hosted : Host chip_ip[18]
[  23.49] I (1055) H_API: ESP-Hosted starting. Hosted_Tasks: prio:23, stack: 5120 RPC_task_stack: 5120
[  23.49] sdio_mempool_create free:32378220 min-free:32378220 lfb-def:31457280 lfb-8bit:31457280
[  23.49] 
[  23.49] I (1071) H_API: ** add_esp_wifi_remote_channels **
[  23.49] I (1076) transport: Add ESP-Hosted channel IF[1]: S[0] Tx[0x4800b6dc] Rx[0x4801a922]
[  23.49] I (1083) transport: Add ESP-Hosted channel IF[2]: S[0] Tx[0x4800b622] Rx[0x4801a922]
[  23.49] I (1091) sleep_gpio: Configure to isolate all GPIO pins in sleep state
[  23.49] I (1097) sleep_gpio: Enable automatic switching of GPIO sleep configuration
[  23.49] I (1104) main_task: Started on CPU0
[  23.49] I (1108) main_task: Calling app_main()
[  23.49] I (1114) main: fnOS NAS dashboard booting (agent http://192.168.0.119:8799)
[  23.49] I (1117) main: heap boot           internal=364KB largest=304KB dma=326KB psram=31219KB
[  23.49] I (1126) transport: Attempt connection with slave: retry[0]
[  23.49] I (1130) transport: Reset slave using GPIO[54]
[  23.49] I (1134) os_wrapper_esp: GPIO [54] configured
[  24.59] I (2304) sdio_wrapper: SDIO master: Data-Lines: 4-bit Freq(KHz)[40000 KHz]
[  24.59] I (2304) sdio_wrapper: GPIOs: CLK[18] CMD[19] D0[14] D1[15] D2[16] D3[17] Slave_Reset[54]
[  24.59] I (2304) H_SDIO_DRV: Starting SDIO process rx task
[  24.59] I (2307) sdio_wrapper: Queues: Tx[20] Rx[20] SDIO-Rx-Mode[1]
[  24.86] Name: 
[  24.86] Type: SDIO
[  24.86] Speed: 40.00 MHz (limit: 40.00 MHz)
[  24.86] Size: 0MB
[  24.86] CSD: ver=1, sector_size=0, capacity=0 read_bl_len=0
[  24.86] SCR: sd_spec=0, bus_width=0
[  24.86] TUPLE: DEVICE, size: 3: D9 01 FF 
[  24.86] TUPLE: MANFID, size: 4
[  24.86]   MANF: 0092, CARD: 6666
[  24.86] TUPLE: FUNCID, size: 2: 0C 00 
[  24.86] TUPLE: FUNCE, size: 4: 00 00 02 32 
[  24.86] TUPLE: CONFIG, size: 5: 01 01 00 02 07 
[  24.86] TUPLE: CFTABLE_ENTRY, size: 8
[  24.86]   INDX: C1, Intface: 1, Default: 1, Conf-Entry-Num: 1
[  24.86]   IF: 41
[  24.86]   FS: 30, misc: 0, mem_space: 1, irq: 1, io_space: 0, timing: 0, power: 0
[  24.86]   IR: 30, mask: 1,   IRQ: FF FF
[  24.86]   LEN: FFFF
[  24.86] TUPLE: END
[  24.86] I (2390) sdio_wrapper: Function 0 Blocksize: 512
[  24.86] I (2394) sdio_wrapper: Function 1 Blocksize: 512
[  24.86] I (2398) H_SDIO_DRV: SDIO Host operating in STREAMING MODE
[  24.86] I (2403) H_SDIO_DRV: generate slave intr
[  24.86] I (2409) transport: Received INIT event from ESP32 peripheral
[  24.86] I (2412) transport: EVENT: 12
[  24.86] I (2415) transport: EVENT: 11
[  24.86] I (2418) transport: capabilities: 0xd
[  24.86] I (2421) transport: Features supported are:
[  24.86] I (2425) transport: 	 * WLAN
[  24.86] I (2428) transport: 	   - HCI over SDIO
[  24.86] I (2431) transport: 	   - BLE only
[  24.86] I (2434) transport: EVENT: 13
[  24.86] I (2437) transport: ESP board type is : 13 
[  24.86] 
[  24.86] I (2441) transport: Base transport is set-up
[  24.86] 
[  24.87] I (2445) transport: Slave chip Id[12]
[  24.87] I (2449) hci_stub_drv: Host BT Support: Disabled
[  24.87] I (2453) H_SDIO_DRV: Received INIT event
[  25.65] I (3458) fnos_net: wifi station started; awaiting ip
[  25.65] I (3458) esp_lvgl:adapter: LVGL adapter initialized successfully
[  25.65] W (3459) ledc: GPIO 32 is not usable, maybe conflict with others
[  25.65] I (3463) ESP32_P4_EV: MIPI DSI PHY Powered on
[  25.65] I (3468) ESP32_P4_EV: Install MIPI DSI LCD control panel
[  25.65] I (3472) ESP32_P4_EV: Install EK79007 LCD control panel
[  25.65] I (3477) ek79007: version: 2.0.2
[  25.65] I (3479) H_API: esp_wifi_remote_connect
[  25.91] I (3654) ESP32_P4_EV: Display initialized
[  25.91] I (3655) esp_lvgl:bridge_v9: Initializing hardware resources
[  25.91] I (3655) esp_lvgl:bridge_v9: Hardware resources initialized successfully
[  25.91] I (3658) esp_lvgl:bridge: Initializing hardware resources
[  25.91] I (3663) esp_lvgl:bridge: Hardware resources initialized successfully
[  25.91] W (3669) esp_lvgl:bridge_v9: on_frame_buf_complete unavailable; buffer-switch release and dummy-draw may not function on MIPI DSI
[  25.91] I (3681) ESP32_P4_EV: Touch 0x5d found
[  25.91] I (3684) GT911: I2C address initialization procedure skipped - using default GT9xx setup
[  25.91] I (3692) GT911: TouchPad_ID:0x39,0x31,0x31
[  25.91] I (3696) GT911: TouchPad_Config_Version:91
[  25.91] W (3700) esp_lvgl:touch: LV_USE_GESTURE_RECOGNITION is disabled; only single-point pointer events are available
[  25.91] I (3709) esp_lvgl:touch: Touch input device registered successfully (IRQ mode: disabled)
[  25.91] I (3718) esp_lvgl:adapter: LVGL task started successfully
[  25.91] I (3722) ESP32_P4_EV: Setting LCD backlight: 100%
[  26.18] I (3727) ESP32_P4_EV: Setting LCD backlight: 45%
[  26.18] I (3731) main: heap display        internal=244KB largest=204KB dma=206KB psram=27577KB
[  26.18] I (3884) fnos_view: dashboard v2 created (4 pages, 180 s window)
[  26.18] I (3884) main: heap ui             internal=244KB largest=204KB dma=206KB psram=27486KB
[  26.18] I (3887) fnos_data: polling http://192.168.0.119:8799/api/v1/status every 1000 ms
[  26.18] I (3894) main: heap polling        internal=243KB largest=204KB dma=205KB psram=27472KB
[  26.18] I (3901) ESP32_P4_EV: Setting LCD backlight: 45%
[  26.18] I (3906) main: backlight 45% (day)
[  26.18] I (3909) main: boot complete
[  26.18] I (3911) main_task: Returned from app_main()
[  26.95] Guru Meditation Error: Core  1 panic'ed (Load access fault). Exception was unhandled.
[  26.95] 
[  26.95] Core  1 register dump:
[  26.95] MEPC    : 0x4fc1b714  RA      : 0x480ef384  SP      : 0x485113b0  GP      : 0x4ff56f80  
[  26.95] TP      : 0x48511960  T0      : 0x0000000d  T1      : 0x90000000  T2      : 0xffffffff  
[  26.95] S0/FP   : 0x00000000  S1      : 0x00000014  A0      : 0x00000014  A1      : 0xffffffff  
[  26.95] A2      : 0x0000000a  A3      : 0x7f7f7f7f  A4      : 0x00000000  A5      : 0x00000018  
[  26.95] A6      : 0xa0000000  A7      : 0x0000000a  S2      : 0x4817f000  S3      : 0x00000009  
[  26.95] S4      : 0xffffffff  S5      : 0x0000000a  S6      : 0x00000002  S7      : 0x00000073  
[  26.95] S8      : 0x00000009  S9      : 0x00000000  S10     : 0xffffffff  S11     : 0x485114d4  
[  26.95] T3      : 0x00000000  T4      : 0x00000000  T5      : 0xffffffff  T6      : 0x00000000  
[  26.95] MSTATUS : 0x00011881  MTVEC   : 0x4ff40003  MCAUSE  : 0x00000005  MTVAL   : 0x00000014  
[  26.95] MHARTID : 0x00000001  
[  26.95] 
[  26.95] Stack memory:
[  27.23] 485113b0: 0x00000001 0x4ff5ec14 0x4ff87710 0x4810dea6 0x00000000 0x00000000 0x00000000 0x00000000
[  27.23] 485113d0: 0x00000000 0x00000001 0x0000004f 0x00000001 0x00000000 0x48113744 0x00000000 0x00000000
[  27.23] 485113f0: 0x00000000 0x00000258 0xffffffc0 0x00000002 0x000003f0 0x4ff6da00 0x00000080 0x00000000
[  27.23] 48511410: 0x0012c000 0x482b4e80 0x00000006 0x4fc116ea 0x0012c000 0x482b4e80 0x00000006 0x4ff505c0
[  27.23] 48511430: 0x00000000 0x4ff6da00 0x482b4e80 0x0012c000 0x4ff4c35e 0x4ff4f440 0x485114c0 0x4ff56f80
[  27.23] 48511450: 0x48511960 0x4fc114ec 0x4ff4c82c 0x00000001 0x00000000 0x4ff86da8 0x00000000 0x500e5014
[  27.23] 48511470: 0x500e5010 0x00000004 0x00000000 0x0000001f 0x08000000 0x4fc11284 0x00000001 0x48511884
[  27.23] 48511490: 0x48110000 0x4ff6da00 0x000003f0 0x00000002 0x0000000a 0x00000000 0x00000000 0x482b4e80
[  27.23] 485114b0: 0x1fffffff 0x4ff6da00 0x48110000 0xffffffff 0x485114cc 0x00000001 0x00000007 0x4810de9d
[  27.23] 485114d0: 0x00000007 0x4851156f 0x00000001 0x48110000 0x00000000 0x00000258 0xffffffc0 0x00000002
[  27.23] 485114f0: 0x000003f0 0x4ff6da00 0x480fee7c 0x00000004 0x4ff5dfa8 0x4ff86d90 0x4ff86a04 0x4802745a
[  27.23] 48511510: 0x480fffac 0x00000001 0x48511544 0x4802efc6 0x00000000 0x480ff1c0 0x4ff5c48c 0x00000000
[  27.23] 48511530: 0x480ff1f4 0x00000004 0x00000400 0x00000002 0x00000095 0x480ffef8 0x480ffef8 0x00010001
[  27.23] 48511550: 0x000003f0 0x000001c2 0x000003f3 0x00000202 0x00000041 0x00000000 0x00000000 0x30393134
[  27.23] 48511570: 0xffffffff 0x00000000 0x482b4e80 0x0012c000 0x4ff4c35c 0x4ff4bb5e 0x48511600 0x4ff56f80
[  27.23] 48511590: 0x48511960 0x00000000 0x381e0000 0x00003000 0x00000001 0x00000000 0x4850e7ac 0x500e5014
[  27.23] 485115b0: 0x500e5010 0x00000004 0x00000000 0x0000001f 0x00000004 0x00000002 0x4850e7ac 0x4850e758
[  27.23] 485115d0: 0x4850e77c 0x4851165c 0x02625a00 0x4850e65c 0x4850e66c 0x00000000 0x00000000 0x00000000
[  27.23] 485115f0: 0x00001120 0x4850e66c 0x00000000 0x00000000 0x4810de50 0x4850e74c 0x4850e6f8 0x4ff4b6a0
[  27.23] 48511610: 0x00000012 0x48511796 0x00000000 0x00000000 0x0000005c 0x00000000 0x00000000 0x00000cc5
[  27.23] 48511630: 0x000000ad 0x4850e66c 0x4850e65c 0x00000000 0x00000006 0xffffffff 0x4850e348 0x480f2992
[  27.23] 48511650: 0x00000012 0xffffffff 0x0001e348 0x00000001 0x0000005c 0x00000000 0x0000000a 0x4850e65c
[  27.23] 48511670: 0x00000000 0x00000004 0x00000000 0x00000000 0x00000014 0x4850e6ec 0x4850e698 0x4ff4b6d8
[  27.23] 48511690: 0x00000006 0x4850e6ec 0x00000000 0x00000000 0x4ff56ebc 0x0000000c 0x00000000 0x48114000
[  27.23] 485116b0: 0x48177000 0x00000004 0x485116f0 0x00000000 0x00000004 0xffffffff 0x4850e7b8 0x480f2ee0
[  27.23] 485116d0: 0x00000006 0xffffffff 0x00000002 0x4850e7b8 0x00000003 0xffffffff 0x48511798 0x480f3f24
[  27.23] 485116f0: 0x00003000 0x00000000 0x00000000 0x00000000 0x00000900 0x48511796 0x00000000 0x00000002
[  27.23] 48511710: 0x00000900 0x485117c0 0x00000000 0x00000001 0x00001000 0x00000000 0x00000000 0x00000000
[  27.23] 48511730: 0x00000000 0x00000000 0x00000000 0x00000000 0x00000000 0x00000000 0x00000000 0x00000000
[  27.23] 48511750: 0x00000000 0x00000000 0x00000000 0x00000000 0x00000000 0x00000001 0x485117c0 0x485117d0
[  27.23] 48511770: 0x48511817 0x4810e000 0x00000000 0x00000000 0x00000000 0x00000001 0x4ff876a8 0x4ff4f1ee
[  27.23] 48511790: 0x4ff5fa68 0x00000000 0x4ff5fa14 0x4ff4f3ee 0x00000000 0x00000001 0x4ff5fa14 0x4ff4b182
[  27.23] 
[  27.23] 
[  27.23] 
[  27.23] ELF file SHA256: e13a3de77
[  27.23] 
[  27.23] Rebooting...
[  27.23] ESP-ROM:esp32p4-eco7-20260109
[  27.23] Build:Jan  9 2026
[  27.23] rst:0xc (SW_CPU_RESET),boot:0xf (SPI_FAST_FLASH_BOOT)
[  27.23] Core0 Saved PC:0x4ff444de
[  27.23] Core1 Saved PC:0x4ff4ace6
[  27.23] SPI mode:DIO, clock div:1
[  27.23] load:0x4ffb60d0,len:0x11f0
[  27.23] load:0x4ffac2c0,len:0xd5c
[  27.23] load:0x4ffaefc0,len:0x3408
[  27.23] entry 0x4ffac2c0
[  27.47] I (229) hex_psram: vendor id    : 0x0d (AP)
[  27.47] I (229) hex_psram: Latency      : 0x01 (Fixed)
[  27.47] I (229) hex_psram: DriveStr.    : 0x00 (25 Ohm)
[  27.47] I (230) hex_psram: dev id       : 0x03 (generation 4)
[  27.47] I (235) hex_psram: density      : 0x07 (256 Mbit)
[  27.47] I (239) hex_psram: good-die     : 0x06 (Pass)
[  27.47] I (243) hex_psram: SRF          : 0x02 (Slow Refresh)
[  27.47] I (248) hex_psram: BurstType    : 0x00 ( Wrap)
[  27.47] I (252) hex_psram: BurstLen     : 0x03 (2048 Byte)
[  27.47] I (257) hex_psram: BitMode      : 0x01 (X16 Mode)
[  27.47] I (261) hex_psram: Readlatency  : 0x04 (14 cycles@Fixed)
[  27.47] I (266) hex_psram: DriveStrength: 0x00 (1/1)
[  27.47] I (270) MSPI Timing: Enter psram timing tuning
[  27.47] I esp_psram: Found 32MB PSRAM device
[  27.47] I esp_psram: Speed: 200MHz
[  27.47] I (457) mmu_psram: .rodata xip on psram
[  27.74] I (505) mmu_psram: .text xip on psram
[  27.74] I (506) hex_psram: psram CS IO is dedicated
[  27.74] I (506) cpu_start: Multicore app
[  28.01] I (934) esp_psram: SPI SRAM memory test OK
