[   0.32] ESP-ROM:esp32p4-eco7-20260109
[   0.33] Build:Jan  9 2026
[   0.33] rst:0x1 (POWERON),boot:0xf (SPI_FAST_FLASH_BOOT)
[   0.33] SPI mode:DIO, clock div:1
[   0.33] load:0x4ffb60d0,len:0x11f0
[   0.33] load:0x4ffac2c0,len:0xd5c
[   0.33] load:0x4ffaefc0,len:0x3408
[   0.33] entry 0x4ffac2c0
[   0.33] I (261) hex_psram: vendor id    : 0x0d (AP)
[   0.33] I (262) hex_psram: Latency      : 0x01 (Fixed)
[   0.33] I (262) hex_psram: DriveStr.    : 0x00 (25 Ohm)
[   0.33] I (263) hex_psram: dev id       : 0x03 (generation 4)
[   0.33] I (267) hex_psram: density      : 0x07 (256 Mbit)
[   0.33] I (272) hex_psram: good-die     : 0x06 (Pass)
[   0.33] I (276) hex_psram: SRF          : 0x02 (Slow Refresh)
[   0.33] I (281) hex_psram: BurstType    : 0x00 ( Wrap)
[   0.33] I (285) hex_psram: BurstLen     : 0x03 (2048 Byte)
[   0.33] I (289) hex_psram: BitMode      : 0x01 (X16 Mode)
[   0.33] I (294) hex_psram: Readlatency  : 0x04 (14 cycles@Fixed)
[   0.33] I (299) hex_psram: DriveStrength: 0x00 (1/1)
[   0.33] I (303) MSPI Timing: Enter psram timing tuning
[   0.56] I esp_psram: Found 32MB PSRAM device
[   0.56] I esp_psram: Speed: 200MHz
[   0.56] I (489) mmu_psram: .rodata xip on psram
[   0.56] I (537) mmu_psram: .text xip on psram
[   0.56] I (537) hex_psram: psram CS IO is dedicated
[   0.56] I (538) cpu_start: Multicore app
[   1.18] I (960) esp_psram: SPI SRAM memory test OK
[   1.18] I (970) cpu_start: GPIO 38 and 37 are used as console UART I/O pins
[   1.18] I (970) cpu_start: Pro cpu start user code
[   1.18] I (970) cpu_start: cpu freq: 400000000 Hz
[   1.18] I (972) app_init: Application information:
[   1.18] I (976) app_init: Project name:     fnos_monitor
[   1.18] I (980) app_init: App version:      0.1.0
[   1.18] I (984) app_init: Compile time:     Sep 20 2026 01:44:53
[   1.18] I (989) app_init: ELF file SHA256:  ad4687919...
[   1.18] I (993) app_init: ESP-IDF:          5.5.3
[   1.18] I (997) efuse_init: Min chip rev:     v3.0
[   1.18] I (1001) efuse_init: Max chip rev:     v3.99 
[   1.18] I (1005) efuse_init: Chip rev:         v3.2
[   1.18] I (1009) heap_init: Initializing. RAM available for dynamic allocation:
[   1.18] I (1015) heap_init: At 4FF5E150 len 0005CE70 (371 KiB): RETENT_RAM
[   1.18] I (1021) heap_init: At 4FFBAFC0 len 00004BF0 (18 KiB): RAM
[   1.18] I (1026) heap_init: At 501080D8 len 00000028 (0 KiB): RTCRAM
[   1.18] I (1032) heap_init: At 501081A0 len 00007E60 (31 KiB): RTCRAM
[   1.18] I (1037) heap_init: At 30100198 len 00001E68 (7 KiB): TCM
[   1.53] I (1042) esp_psram: Adding pool of 31215K of PSRAM memory to heap allocator
[   1.53] I (1049) esp_psram: Adding pool of 2K of PSRAM memory gap generated due to end address alignment of irom to the heap allocator
[   1.53] I (1060) esp_psram: Adding pool of 49K of PSRAM memory gap generated due to end address alignment of drom to the heap allocator
[   1.53] I (1072) spi_flash: detected chip: gd
[   1.53] I (1075) spi_flash: flash io: qio
[   1.53] I (1078) host_init: ESP Hosted : Host chip_ip[18]
[   1.53] I (1082) H_API: ESP-Hosted starting. Hosted_Tasks: prio:23, stack: 5120 RPC_task_stack: 5120
[   1.53] sdio_mempool_create free:32423412 min-free:32423412 lfb-def:31457280 lfb-8bit:31457280
[   1.53] 
[   1.53] I (1099) H_API: ** add_esp_wifi_remote_channels **
[   1.53] I (1103) transport: Add ESP-Hosted channel IF[1]: S[0] Tx[0x4800b6dc] Rx[0x4801a922]
[   1.53] I (1110) transport: Add ESP-Hosted channel IF[2]: S[0] Tx[0x4800b622] Rx[0x4801a922]
[   1.53] I (1118) sleep_gpio: Configure to isolate all GPIO pins in sleep state
[   1.53] I (1124) sleep_gpio: Enable automatic switching of GPIO sleep configuration
[   1.53] I (1131) main_task: Started on CPU0
[   1.53] I (1135) main_task: Calling app_main()
[   1.53] I (1141) main: fnOS NAS dashboard booting (agent http://192.168.0.119:8799)
[   1.53] I (1144) main: heap boot           internal=364KB largest=304KB dma=326KB psram=31263KB
[   1.53] I (1153) transport: Attempt connection with slave: retry[0]
[   1.53] I (1157) transport: Reset slave using GPIO[54]
[   1.53] I (1161) os_wrapper_esp: GPIO [54] configured
[   2.48] I (2331) sdio_wrapper: SDIO master: Data-Lines: 4-bit Freq(KHz)[40000 KHz]
[   2.48] I (2331) sdio_wrapper: GPIOs: CLK[18] CMD[19] D0[14] D1[15] D2[16] D3[17] Slave_Reset[54]
[   2.48] I (2331) H_SDIO_DRV: Starting SDIO process rx task
[   2.48] I (2334) sdio_wrapper: Queues: Tx[20] Rx[20] SDIO-Rx-Mode[1]
[   2.81] Name: 
[   2.81] Type: SDIO
[   2.81] Speed: 40.00 MHz (limit: 40.00 MHz)
[   2.81] Size: 0MB
[   2.81] CSD: ver=1, sector_size=0, capacity=0 read_bl_len=0
[   2.81] SCR: sd_spec=0, bus_width=0
[   2.81] TUPLE: DEVICE, size: 3: D9 01 FF 
[   2.81] TUPLE: MANFID, size: 4
[   2.81]   MANF: 0092, CARD: 6666
[   2.81] TUPLE: FUNCID, size: 2: 0C 00 
[   2.81] TUPLE: FUNCE, size: 4: 00 00 02 32 
[   2.81] TUPLE: CONFIG, size: 5: 01 01 00 02 07 
[   2.81] TUPLE: CFTABLE_ENTRY, size: 8
[   2.81]   INDX: C1, Intface: 1, Default: 1, Conf-Entry-Num: 1
[   2.81]   IF: 41
[   2.81]   FS: 30, misc: 0, mem_space: 1, irq: 1, io_space: 0, timing: 0, power: 0
[   2.81]   IR: 30, mask: 1,   IRQ: FF FF
[   2.81]   LEN: FFFF
[   2.81] TUPLE: END
[   2.81] I (2417) sdio_wrapper: Function 0 Blocksize: 512
[   2.81] I (2421) sdio_wrapper: Function 1 Blocksize: 512
[   2.81] I (2425) H_SDIO_DRV: SDIO Host operating in STREAMING MODE
[   2.81] I (2430) H_SDIO_DRV: generate slave intr
[   2.81] I (2435) transport: Received INIT event from ESP32 peripheral
[   2.81] I (2439) transport: EVENT: 12
[   2.81] I (2442) transport: EVENT: 11
[   2.81] I (2445) transport: capabilities: 0xd
[   2.81] I (2448) transport: Features supported are:
[   2.81] I (2452) transport: 	 * WLAN
[   2.81] I (2455) transport: 	   - HCI over SDIO
[   2.81] I (2458) transport: 	   - BLE only
[   2.81] I (2461) transport: EVENT: 13
[   2.81] I (2464) transport: ESP board type is : 13 
[   2.81] 
[   2.81] I (2468) transport: Base transport is set-up
[   2.81] 
[   2.81] I (2472) transport: Slave chip Id[12]
[   2.81] I (2476) hci_stub_drv: Host BT Support: Disabled
[   2.81] I (2480) H_SDIO_DRV: Received INIT event
[   3.78] I (3485) fnos_net: wifi station started; awaiting ip
[   3.78] I (3485) esp_lvgl:adapter: LVGL adapter initialized successfully
[   3.78] W (3486) ledc: GPIO 32 is not usable, maybe conflict with others
[   3.78] I (3490) ESP32_P4_EV: MIPI DSI PHY Powered on
[   3.78] I (3495) ESP32_P4_EV: Install MIPI DSI LCD control panel
[   3.78] I (3499) ESP32_P4_EV: Install EK79007 LCD control panel
[   3.78] I (3504) ek79007: version: 2.0.2
[   3.78] I (3506) H_API: esp_wifi_remote_connect
[   3.78] I (3681) ESP32_P4_EV: Display initialized
[   3.78] I (3682) esp_lvgl:bridge_v9: Initializing hardware resources
[   3.78] I (3682) esp_lvgl:bridge_v9: Hardware resources initialized successfully
[   3.78] I (3685) esp_lvgl:bridge: Initializing hardware resources
[   3.78] I (3690) esp_lvgl:bridge: Hardware resources initialized successfully
[   3.78] W (3696) esp_lvgl:bridge_v9: on_frame_buf_complete unavailable; buffer-switch release and dummy-draw may not function on MIPI DSI
[   3.78] I (3708) ESP32_P4_EV: Touch 0x5d found
[   3.78] I (3711) GT911: I2C address initialization procedure skipped - using default GT9xx setup
[   3.78] I (3719) GT911: TouchPad_ID:0x39,0x31,0x31
[   3.78] I (3723) GT911: TouchPad_Config_Version:91
[   3.78] W (3727) esp_lvgl:touch: LV_USE_GESTURE_RECOGNITION is disabled; only single-point pointer events are available
[   3.78] I (3736) esp_lvgl:touch: Touch input device registered successfully (IRQ mode: disabled)
[   3.78] I (3745) esp_lvgl:adapter: LVGL task started successfully
[   3.78] I (3749) ESP32_P4_EV: Setting LCD backlight: 100%
[   4.13] I (3754) ESP32_P4_EV: Setting LCD backlight: 45%
[   4.13] I (3758) main: heap display        internal=244KB largest=204KB dma=206KB psram=27621KB
[   4.13] I (3862) fnos_view: dashboard created (4 pages, 180 s window)
[   4.13] I (3863) main: heap ui             internal=244KB largest=204KB dma=206KB psram=27556KB
[   4.13] I (3865) fnos_data: polling http://192.168.0.119:8799/api/v1/status every 1000 ms
[   4.13] I (3872) main: heap polling        internal=244KB largest=204KB dma=205KB psram=27542KB
[   4.13] I (3880) ESP32_P4_EV: Setting LCD backlight: 45%
[   4.13] I (3884) main: backlight 45% (day)
[   4.13] I (3887) main: boot complete
[   4.13] I (3890) main_task: Returned from app_main()
[   6.46] I (6452) esp_wifi_remote: esp_wifi_internal_reg_rxcb: sta: 0x480b9d1c
[   7.50] I (7477) esp_netif_handlers: sta ip: 192.168.0.214, mask: 255.255.255.0, gw: 192.168.0.1
[   7.50] I (7477) fnos_net: got ip 192.168.0.214
[   8.18] I (8001) fnos_data: history backfilled: 300 samples
[  14.21] I (13887) main: heap periodic       internal=239KB largest=196KB dma=201KB psram=27544KB
[  23.90] I (23887) main: heap periodic       internal=239KB largest=196KB dma=201KB psram=27545KB
[  34.23] I (33887) main: heap periodic       internal=239KB largest=196KB dma=201KB psram=27542KB
[  37.92] I (37609) fnos_data: poll ok=30 fail=0 19ms cpu=2.5% mem=62.9% rx=14.8 tx=79.9 KB/s alerts=1 internal=239KB dma=201KB psram=27545KB
[  43.90] I (43887) main: heap periodic       internal=239KB largest=196KB dma=201KB psram=27542KB
[  53.90] I (53887) main: heap periodic       internal=239KB largest=196KB dma=201KB psram=27545KB
[  63.92] I (63887) ESP32_P4_EV: Setting LCD backlight: 12%
[  63.92] I (63887) main: backlight 12% (night)
[  63.92] I (63887) main: heap periodic       internal=239KB largest=196KB dma=201KB psram=27544KB
[  68.60] I (68327) fnos_data: poll ok=60 fail=0 8ms cpu=2.6% mem=63.0% rx=12.9 tx=84.3 KB/s alerts=1 internal=239KB dma=201KB psram=27545KB
[  73.90] I (73887) main: heap periodic       internal=239KB largest=196KB dma=201KB psram=27544KB
[  84.16] I (83887) main: heap periodic       internal=239KB largest=196KB dma=201KB psram=27542KB
[  93.90] I (93887) main: heap periodic       internal=238KB largest=196KB dma=200KB psram=27545KB
[  99.27] I (99053) fnos_data: poll ok=90 fail=0 10ms cpu=2.5% mem=62.7% rx=13.5 tx=63.6 KB/s alerts=1 internal=239KB dma=201KB psram=27545KB
[ 104.24] I (103887) main: heap periodic       internal=239KB largest=196KB dma=201KB psram=27545KB
[ 114.02] I (113887) main: heap periodic       internal=239KB largest=196KB dma=201KB psram=27542KB
[ 123.94] I (123887) main: heap periodic       internal=239KB largest=196KB dma=201KB psram=27542KB
[ 130.02] I (129775) fnos_data: poll ok=120 fail=0 5ms cpu=2.8% mem=61.5% rx=9.4 tx=183.1 KB/s alerts=1 internal=239KB dma=201KB psram=27545KB
[ 134.08] I (133887) main: heap periodic       internal=239KB largest=196KB dma=201KB psram=27542KB
[ 144.13] I (143887) main: heap periodic       internal=239KB largest=196KB dma=201KB psram=27545KB
[ 153.91] I (153887) main: heap periodic       internal=239KB largest=196KB dma=201KB psram=27545KB
[ 160.61] I (160512) fnos_data: poll ok=150 fail=0 5ms cpu=2.1% mem=61.6% rx=16.0 tx=114.2 KB/s alerts=1 internal=239KB dma=201KB psram=27545KB
[ 163.91] I (163887) main: heap periodic       internal=239KB largest=196KB dma=201KB psram=27542KB
[ 174.04] I (173887) main: heap periodic       internal=239KB largest=196KB dma=201KB psram=27542KB
[ 183.93] I (183887) main: heap periodic       internal=239KB largest=196KB dma=201KB psram=27545KB
[ 191.25] I (191228) fnos_data: poll ok=180 fail=0 59ms cpu=1.6% mem=60.3% rx=12.2 tx=119.9 KB/s alerts=1 internal=239KB dma=201KB psram=27545KB
[ 194.17] I (193887) main: heap periodic       internal=239KB largest=196KB dma=201KB psram=27545KB
[ 204.08] I (203887) main: heap periodic       internal=239KB largest=196KB dma=201KB psram=27542KB
[ 214.18] I (213887) main: heap periodic       internal=239KB largest=196KB dma=201KB psram=27542KB
[ 222.16] I (221934) fnos_data: poll ok=210 fail=0 10ms cpu=1.5% mem=60.4% rx=17.3 tx=88.1 KB/s alerts=1 internal=239KB dma=201KB psram=27545KB
[ 224.23] I (223887) main: heap periodic       internal=239KB largest=196KB dma=201KB psram=27545KB
[ 234.19] I (233887) main: heap periodic       internal=239KB largest=196KB dma=201KB psram=27545KB
[ 243.91] I (243887) main: heap periodic       internal=239KB largest=196KB dma=201KB psram=27542KB
[ 252.70] I (252673) fnos_data: poll ok=240 fail=0 8ms cpu=2.2% mem=60.4% rx=10.3 tx=59.5 KB/s alerts=1 internal=239KB dma=201KB psram=27545KB
[ 254.08] I (253887) main: heap periodic       internal=239KB largest=196KB dma=201KB psram=27542KB
[ 263.91] I (263887) main: heap periodic       internal=239KB largest=196KB dma=201KB psram=27545KB
[ 274.08] I (273887) main: heap periodic       internal=239KB largest=196KB dma=201KB psram=27545KB
[ 283.69] I (283367) fnos_data: poll ok=270 fail=0 24ms cpu=1.7% mem=60.5% rx=10.3 tx=117.1 KB/s alerts=1 internal=239KB dma=201KB psram=27544KB
[ 283.91] I (283887) main: heap periodic       internal=239KB largest=196KB dma=201KB psram=27542KB
[ 294.18] I (293887) main: heap periodic       internal=239KB largest=196KB dma=201KB psram=27543KB
[ 304.10] I (303887) main: heap periodic       internal=239KB largest=196KB dma=201KB psram=27542KB
[ 314.14] I (313887) main: heap periodic       internal=239KB largest=196KB dma=201KB psram=27545KB
[ 314.14] I (314107) fnos_data: poll ok=300 fail=0 21ms cpu=1.8% mem=60.4% rx=12.1 tx=80.7 KB/s alerts=1 internal=239KB dma=201KB psram=27545KB
[ 324.20] I (323887) main: heap periodic       internal=239KB largest=196KB dma=201KB psram=27545KB
[ 334.13] I (333887) main: heap periodic       internal=239KB largest=196KB dma=201KB psram=27542KB
[ 344.06] I (343887) main: heap periodic       internal=239KB largest=196KB dma=201KB psram=27542KB
[ 344.98] I (344831) fnos_data: poll ok=330 fail=0 7ms cpu=2.6% mem=60.5% rx=22.8 tx=147.4 KB/s alerts=1 internal=239KB dma=201KB psram=27545KB
[ 354.10] I (353887) main: heap periodic       internal=239KB largest=196KB dma=201KB psram=27545KB
[ 364.14] I (363887) main: heap periodic       internal=239KB largest=196KB dma=201KB psram=27545KB
[ 374.22] I (373887) main: heap periodic       internal=239KB largest=196KB dma=201KB psram=27542KB
[ 375.57] I (375542) fnos_data: poll ok=360 fail=0 16ms cpu=2.7% mem=60.5% rx=11.5 tx=90.5 KB/s alerts=1 internal=239KB dma=201KB psram=27545KB
[ 383.91] I (383887) main: heap periodic       internal=239KB largest=196KB dma=201KB psram=27542KB
[ 394.08] I (393887) main: heap periodic       internal=239KB largest=196KB dma=201KB psram=27545KB
[ 404.24] I (403887) main: heap periodic       internal=239KB largest=196KB dma=201KB psram=27545KB
[ 406.55] I (406230) fnos_data: poll ok=390 fail=0 10ms cpu=2.8% mem=60.5% rx=19.8 tx=113.4 KB/s alerts=1 internal=239KB dma=201KB psram=27545KB
[ 413.92] I (413887) main: heap periodic       internal=239KB largest=196KB dma=201KB psram=27542KB
[ 423.92] I (423887) main: heap periodic       internal=239KB largest=196KB dma=201KB psram=27542KB
[ 433.92] I (433887) main: heap periodic       internal=239KB largest=196KB dma=201KB psram=27543KB
[ 437.17] I (436907) fnos_data: poll ok=420 fail=0 13ms cpu=2.4% mem=60.5% rx=15.6 tx=66.9 KB/s alerts=1 internal=239KB dma=201KB psram=27531KB
[ 444.13] I (443887) main: heap periodic       internal=239KB largest=196KB dma=201KB psram=27545KB
[ 454.20] I (453887) main: heap periodic       internal=239KB largest=196KB dma=201KB psram=27545KB
[ 464.22] I (463887) main: heap periodic       internal=239KB largest=196KB dma=201KB psram=27542KB
[ 467.91] I (467715) fnos_data: poll ok=450 fail=0 14ms cpu=1.4% mem=60.5% rx=13.7 tx=161.7 KB/s alerts=1 internal=239KB dma=201KB psram=27545KB
[ 473.92] I (473887) main: heap periodic       internal=239KB largest=196KB dma=201KB psram=27543KB
[ 483.92] I (483887) main: heap periodic       internal=239KB largest=196KB dma=201KB psram=27545KB
[ 493.93] I (493887) main: heap periodic       internal=239KB largest=196KB dma=201KB psram=27545KB
[ 498.58] I (498405) fnos_data: poll ok=480 fail=0 21ms cpu=2.0% mem=61.8% rx=12.3 tx=149.9 KB/s alerts=1 internal=239KB dma=201KB psram=27534KB
[ 503.92] I (503887) main: heap periodic       internal=239KB largest=196KB dma=201KB psram=27542KB
[ 513.93] I (513887) main: heap periodic       internal=239KB largest=196KB dma=201KB psram=27542KB
[ 524.17] I (523887) main: heap periodic       internal=239KB largest=196KB dma=201KB psram=27545KB
[ 529.15] I (529113) fnos_data: poll ok=510 fail=0 19ms cpu=2.0% mem=61.7% rx=21.3 tx=134.6 KB/s alerts=1 internal=239KB dma=201KB psram=27545KB
[ 534.12] I (533887) main: heap periodic       internal=239KB largest=196KB dma=201KB psram=27545KB
[ 543.92] I (543887) main: heap periodic       internal=239KB largest=196KB dma=201KB psram=27542KB
[ 554.10] I (553887) main: heap periodic       internal=239KB largest=196KB dma=201KB psram=27542KB
[ 560.22] I (559850) fnos_data: poll ok=540 fail=0 13ms cpu=4.5% mem=61.9% rx=12.9 tx=100.0 KB/s alerts=1 internal=239KB dma=201KB psram=27545KB
[ 564.18] I (563887) main: heap periodic       internal=239KB largest=196KB dma=201KB psram=27545KB
[ 573.92] I (573887) main: heap periodic       internal=239KB largest=196KB dma=201KB psram=27545KB
[ 584.26] I (583887) main: heap periodic       internal=239KB largest=196KB dma=201KB psram=27542KB
[ 590.59] I (590553) fnos_data: poll ok=570 fail=0 20ms cpu=2.2% mem=61.7% rx=17.3 tx=128.4 KB/s alerts=1 internal=239KB dma=201KB psram=27545KB
[ 594.14] I (593887) main: heap periodic       internal=239KB largest=196KB dma=201KB psram=27542KB
[ 603.92] I (603887) main: heap periodic       internal=239KB largest=196KB dma=201KB psram=27545KB
[ 613.92] I (613887) main: heap periodic       internal=239KB largest=196KB dma=201KB psram=27545KB
