[   0.32] ESP-ROM:esp32p4-eco7-20260109
[   0.32] Build:Jan  9 2026
[   0.32] rst:0x1 (POWERON),boot:0xf (SPI_FAST_FLASH_BOOT)
[   0.32] SPI mode:DIO, clock div:1
[   0.32] load:0x4ffb60d0,len:0x11f0
[   0.32] load:0x4ffac2c0,len:0xd5c
[   0.32] load:0x4ffaefc0,len:0x3408
[   0.32] entry 0x4ffac2c0
[   0.32] I (261) hex_psram: vendor id    : 0x0d (AP)
[   0.32] I (262) hex_psram: Latency      : 0x01 (Fixed)
[   0.32] I (262) hex_psram: DriveStr.    : 0x00 (25 Ohm)
[   0.32] I (263) hex_psram: dev id       : 0x03 (generation 4)
[   0.32] I (267) hex_psram: density      : 0x07 (256 Mbit)
[   0.32] I (272) hex_psram: good-die     : 0x06 (Pass)
[   0.32] I (276) hex_psram: SRF          : 0x02 (Slow Refresh)
[   0.32] I (281) hex_psram: BurstType    : 0x00 ( Wrap)
[   0.32] I (285) hex_psram: BurstLen     : 0x03 (2048 Byte)
[   0.32] I (289) hex_psram: BitMode      : 0x01 (X16 Mode)
[   0.32] I (294) hex_psram: Readlatency  : 0x04 (14 cycles@Fixed)
[   0.32] I (299) hex_psram: DriveStrength: 0x00 (1/1)
[   0.32] I (303) MSPI Timing: Enter psram timing tuning
[   0.55] I esp_psram: Found 32MB PSRAM device
[   0.55] I esp_psram: Speed: 200MHz
[   0.55] I (489) mmu_psram: .rodata xip on psram
[   0.55] I (537) mmu_psram: .text xip on psram
[   0.55] I (537) hex_psram: psram CS IO is dedicated
[   0.55] I (538) cpu_start: Multicore app
[   1.18] I (960) esp_psram: SPI SRAM memory test OK
[   1.18] I (970) cpu_start: GPIO 38 and 37 are used as console UART I/O pins
[   1.18] I (970) cpu_start: Pro cpu start user code
[   1.18] I (970) cpu_start: cpu freq: 400000000 Hz
[   1.18] I (972) app_init: Application information:
[   1.18] I (976) app_init: Project name:     fnos_monitor
[   1.18] I (980) app_init: App version:      0.1.0
[   1.18] I (984) app_init: Compile time:     Sep 20 2026 01:44:53
[   1.18] I (989) app_init: ELF file SHA256:  ad4687919...
[   1.18] I (993) app_init: ESP-IDF:          5.5.3
[   1.18] I (997) efuse_init: Min chip rev:     v3.0
[   1.18] I (1001) efuse_init: Max chip rev:     v3.99 
[   1.18] I (1005) efuse_init: Chip rev:         v3.2
[   1.18] I (1009) heap_init: Initializing. RAM available for dynamic allocation:
[   1.18] I (1015) heap_init: At 4FF5E150 len 0005CE70 (371 KiB): RETENT_RAM
[   1.18] I (1021) heap_init: At 4FFBAFC0 len 00004BF0 (18 KiB): RAM
[   1.18] I (1026) heap_init: At 501080D8 len 00000028 (0 KiB): RTCRAM
[   1.18] I (1032) heap_init: At 501081A0 len 00007E60 (31 KiB): RTCRAM
[   1.18] I (1037) heap_init: At 30100198 len 00001E68 (7 KiB): TCM
[   1.53] I (1042) esp_psram: Adding pool of 31215K of PSRAM memory to heap allocator
[   1.53] I (1049) esp_psram: Adding pool of 2K of PSRAM memory gap generated due to end address alignment of irom to the heap allocator
[   1.53] I (1060) esp_psram: Adding pool of 49K of PSRAM memory gap generated due to end address alignment of drom to the heap allocator
[   1.53] I (1072) spi_flash: detected chip: gd
[   1.53] I (1075) spi_flash: flash io: qio
[   1.53] I (1078) host_init: ESP Hosted : Host chip_ip[18]
[   1.53] I (1082) H_API: ESP-Hosted starting. Hosted_Tasks: prio:23, stack: 5120 RPC_task_stack: 5120
[   1.53] sdio_mempool_create free:32423412 min-free:32423412 lfb-def:31457280 lfb-8bit:31457280
[   1.53] 
[   1.53] I (1099) H_API: ** add_esp_wifi_remote_channels **
[   1.53] I (1103) transport: Add ESP-Hosted channel IF[1]: S[0] Tx[0x4800b6dc] Rx[0x4801a922]
[   1.53] I (1110) transport: Add ESP-Hosted channel IF[2]: S[0] Tx[0x4800b622] Rx[0x4801a922]
[   1.53] I (1118) sleep_gpio: Configure to isolate all GPIO pins in sleep state
[   1.53] I (1124) sleep_gpio: Enable automatic switching of GPIO sleep configuration
[   1.53] I (1131) main_task: Started on CPU0
[   1.53] I (1135) main_task: Calling app_main()
[   1.53] I (1141) main: fnOS NAS dashboard booting (agent http://192.168.0.119:8799)
[   1.53] I (1144) main: heap boot           internal=364KB largest=304KB dma=326KB psram=31263KB
[   1.53] I (1153) transport: Attempt connection with slave: retry[0]
[   1.53] I (1157) transport: Reset slave using GPIO[54]
[   1.53] I (1161) os_wrapper_esp: GPIO [54] configured
[   2.50] I (2331) sdio_wrapper: SDIO master: Data-Lines: 4-bit Freq(KHz)[40000 KHz]
[   2.50] I (2331) sdio_wrapper: GPIOs: CLK[18] CMD[19] D0[14] D1[15] D2[16] D3[17] Slave_Reset[54]
[   2.50] I (2331) H_SDIO_DRV: Starting SDIO process rx task
[   2.50] I (2334) sdio_wrapper: Queues: Tx[20] Rx[20] SDIO-Rx-Mode[1]
[   2.50] Name: 
[   2.50] Type: SDIO
[   2.50] Speed: 40.00 MHz (limit: 40.00 MHz)
[   2.50] Size: 0MB
[   2.50] CSD: ver=1, sector_size=0, capacity=0 read_bl_len=0
[   2.50] SCR: sd_spec=0, bus_width=0
[   2.50] TUPLE: DEVICE, size: 3: D9 01 FF 
[   2.50] TUPLE: MANFID, size: 4
[   2.50]   MANF: 0092, CARD: 6666
[   2.50] TUPLE: FUNCID, size: 2: 0C 00 
[   2.50] TUPLE: FUNCE, size: 4: 00 00 02 32 
[   2.50] TUPLE: CONFIG, size: 5: 01 01 00 02 07 
[   2.50] TUPLE: CFTABLE_ENTRY, size: 8
[   2.50]   INDX: C1, Intface: 1, Default: 1, Conf-Entry-Num: 1
[   2.50]   IF: 41
[   2.50]   FS: 30, misc: 0, mem_space: 1, irq: 1, io_space: 0, timing: 0, power: 0
[   2.50]   IR: 30, mask: 1,   IRQ: FF FF
[   2.50]   LEN: FFFF
[   2.50] TUPLE: END
[   2.50] I (2417) sdio_wrapper: Function 0 Blocksize: 512
[   2.50] I (2421) sdio_wrapper: Function 1 Blocksize: 512
[   2.50] I (2425) H_SDIO_DRV: SDIO Host operating in STREAMING MODE
[   2.50] I (2430) H_SDIO_DRV: generate slave intr
[   2.50] I (2443) transport: Received INIT event from ESP32 peripheral
[   2.50] I (2443) transport: EVENT: 12
[   2.50] I (2443) transport: EVENT: 11
[   2.50] I (2445) transport: capabilities: 0xd
[   2.50] I (2448) transport: Features supported are:
[   2.50] I (2452) transport: 	 * WLAN
[   2.85] I (2455) transport: 	   - HCI over SDIO
[   2.85] I (2458) transport: 	   - BLE only
[   2.85] I (2461) transport: EVENT: 13
[   2.85] I (2464) transport: ESP board type is : 13 
[   2.85] 
[   2.85] I (2468) transport: Base transport is set-up
[   2.85] 
[   2.85] I (2472) transport: Slave chip Id[12]
[   2.85] I (2476) hci_stub_drv: Host BT Support: Disabled
[   2.85] I (2480) H_SDIO_DRV: Received INIT event
[   3.53] I (3485) fnos_net: wifi station started; awaiting ip
[   3.53] I (3486) esp_lvgl:adapter: LVGL adapter initialized successfully
[   3.53] W (3486) ledc: GPIO 32 is not usable, maybe conflict with others
[   3.53] I (3490) ESP32_P4_EV: MIPI DSI PHY Powered on
[   3.53] I (3495) ESP32_P4_EV: Install MIPI DSI LCD control panel
[   3.53] I (3499) ESP32_P4_EV: Install EK79007 LCD control panel
[   3.53] I (3504) ek79007: version: 2.0.2
[   3.53] I (3506) H_API: esp_wifi_remote_connect
[   3.78] I (3681) ESP32_P4_EV: Display initialized
[   3.78] I (3682) esp_lvgl:bridge_v9: Initializing hardware resources
[   3.78] I (3682) esp_lvgl:bridge_v9: Hardware resources initialized successfully
[   3.78] I (3685) esp_lvgl:bridge: Initializing hardware resources
[   3.78] I (3690) esp_lvgl:bridge: Hardware resources initialized successfully
[   3.78] W (3696) esp_lvgl:bridge_v9: on_frame_buf_complete unavailable; buffer-switch release and dummy-draw may not function on MIPI DSI
[   3.78] I (3708) ESP32_P4_EV: Touch 0x5d found
[   3.78] I (3711) GT911: I2C address initialization procedure skipped - using default GT9xx setup
[   3.78] I (3719) GT911: TouchPad_ID:0x39,0x31,0x31
[   3.78] I (3723) GT911: TouchPad_Config_Version:91
[   3.78] W (3727) esp_lvgl:touch: LV_USE_GESTURE_RECOGNITION is disabled; only single-point pointer events are available
[   3.78] I (3736) esp_lvgl:touch: Touch input device registered successfully (IRQ mode: disabled)
[   3.78] I (3745) esp_lvgl:adapter: LVGL task started successfully
[   3.78] I (3749) ESP32_P4_EV: Setting LCD backlight: 100%
[   4.11] I (3754) ESP32_P4_EV: Setting LCD backlight: 45%
[   4.11] I (3758) main: heap display        internal=244KB largest=204KB dma=206KB psram=27621KB
[   4.11] I (3863) fnos_view: dashboard created (4 pages, 180 s window)
[   4.11] I (3863) main: heap ui             internal=244KB largest=204KB dma=206KB psram=27556KB
[   4.11] I (3865) fnos_data: polling http://192.168.0.119:8799/api/v1/status every 1000 ms
[   4.11] I (3872) main: heap polling        internal=244KB largest=204KB dma=205KB psram=27542KB
[   4.11] I (3880) ESP32_P4_EV: Setting LCD backlight: 45%
[   4.11] I (3884) main: backlight 45% (day)
[   4.11] I (3887) main: boot complete
[   4.11] I (3890) main_task: Returned from app_main()
[   6.45] I (6438) esp_wifi_remote: esp_wifi_internal_reg_rxcb: sta: 0x480b9d1c
[   7.83] I (7492) esp_netif_handlers: sta ip: 192.168.0.214, mask: 255.255.255.0, gw: 192.168.0.1
[   7.83] I (7492) fnos_net: got ip 192.168.0.214
[   8.52] I (8167) fnos_data: history backfilled: 300 samples
[  13.90] I (13887) main: heap periodic       internal=236KB largest=192KB dma=198KB psram=27542KB
[  23.90] I (23887) main: heap periodic       internal=236KB largest=192KB dma=198KB psram=27542KB
[  34.09] I (33887) main: heap periodic       internal=236KB largest=192KB dma=198KB psram=27542KB
[  38.17] I (37815) fnos_data: poll ok=30 fail=0 14ms cpu=8.5% mem=62.9% rx=2383.8 tx=5168.3 KB/s alerts=1 internal=236KB dma=198KB psram=27545KB
[  44.22] I (43887) main: heap periodic       internal=236KB largest=192KB dma=198KB psram=27542KB
[  54.16] I (53887) main: heap periodic       internal=236KB largest=192KB dma=198KB psram=27542KB
[  64.08] I (63887) ESP32_P4_EV: Setting LCD backlight: 12%
[  64.08] I (63887) main: backlight 12% (night)
[  64.08] I (63887) main: heap periodic       internal=236KB largest=192KB dma=198KB psram=27542KB
[  68.52] I (68499) fnos_data: poll ok=60 fail=0 29ms cpu=6.6% mem=62.9% rx=437.4 tx=99.6 KB/s alerts=1 internal=236KB dma=198KB psram=27545KB
[  73.90] I (73887) main: heap periodic       internal=236KB largest=192KB dma=198KB psram=27542KB
[  84.07] I (83887) main: heap periodic       internal=236KB largest=192KB dma=198KB psram=27542KB
[  93.90] I (93887) main: heap periodic       internal=236KB largest=192KB dma=198KB psram=27542KB
[  99.26] I (99244) fnos_data: poll ok=90 fail=0 13ms cpu=2.1% mem=62.6% rx=12.2 tx=45.2 KB/s alerts=1 internal=236KB dma=198KB psram=27545KB
[ 104.14] I (103887) main: heap periodic       internal=236KB largest=192KB dma=198KB psram=27542KB
[ 114.23] I (113887) main: heap periodic       internal=236KB largest=192KB dma=198KB psram=27542KB
[ 123.90] I (123887) main: heap periodic       internal=236KB largest=192KB dma=198KB psram=27542KB
