[   0.27] ESP-ROM:esp32p4-eco7-20260109
[   0.27] Build:Jan  9 2026
[   0.27] rst:0x1 (POWERON),boot:0xf (SPI_FAST_FLASH_BOOT)
[   0.27] SPI mode:DIO, clock div:1
[   0.27] load:0x4ffb60d0,len:0x11f0
[   0.27] load:0x4ffac2c0,len:0xd5c
[   0.27] load:0x4ffaefc0,len:0x3408
[   0.27] entry 0x4ffac2c0
[   0.47] I (255) hex_psram: vendor id    : 0x0d (AP)
[   0.47] I (255) hex_psram: Latency      : 0x01 (Fixed)
[   0.47] I (256) hex_psram: DriveStr.    : 0x00 (25 Ohm)
[   0.47] I (256) hex_psram: dev id       : 0x03 (generation 4)
[   0.47] I (261) hex_psram: density      : 0x07 (256 Mbit)
[   0.47] I (265) hex_psram: good-die     : 0x06 (Pass)
[   0.47] I (269) hex_psram: SRF          : 0x02 (Slow Refresh)
[   0.47] I (274) hex_psram: BurstType    : 0x00 ( Wrap)
[   0.47] I (278) hex_psram: BurstLen     : 0x03 (2048 Byte)
[   0.47] I (283) hex_psram: BitMode      : 0x01 (X16 Mode)
[   0.47] I (287) hex_psram: Readlatency  : 0x04 (14 cycles@Fixed)
[   0.47] I (292) hex_psram: DriveStrength: 0x00 (1/1)
[   0.47] I (296) MSPI Timing: Enter psram timing tuning
[   0.47] I esp_psram: Found 32MB PSRAM device
[   0.47] I esp_psram: Speed: 200MHz
[   0.74] I (481) mmu_psram: .rodata xip on psram
[   0.74] I (531) mmu_psram: .text xip on psram
[   0.74] I (532) hex_psram: psram CS IO is dedicated
[   0.74] I (532) cpu_start: Multicore app
[   0.98] I (959) esp_psram: SPI SRAM memory test OK
[   1.18] I (969) cpu_start: GPIO 38 and 37 are used as console UART I/O pins
[   1.18] I (969) cpu_start: Pro cpu start user code
[   1.18] I (969) cpu_start: cpu freq: 400000000 Hz
[   1.18] I (971) app_init: Application information:
[   1.18] I (975) app_init: Project name:     fnos_monitor
[   1.18] I (980) app_init: App version:      0.1.0
[   1.18] I (983) app_init: Compile time:     Sep 26 2026 15:09:06
[   1.18] I (988) app_init: ELF file SHA256:  6e50569d8...
[   1.18] I (993) app_init: ESP-IDF:          5.5.3
[   1.18] I (996) efuse_init: Min chip rev:     v3.0
[   1.18] I (1000) efuse_init: Max chip rev:     v3.99 
[   1.19] I (1004) efuse_init: Chip rev:         v3.2
[   1.19] I (1008) heap_init: Initializing. RAM available for dynamic allocation:
[   1.19] I (1015) heap_init: At 4FF5E450 len 0005CB70 (370 KiB): RETENT_RAM
[   1.19] I (1020) heap_init: At 4FFBAFC0 len 00004BF0 (18 KiB): RAM
[   1.19] I (1026) heap_init: At 501080D8 len 00000028 (0 KiB): RTCRAM
[   1.19] I (1031) heap_init: At 501081A0 len 00007E60 (31 KiB): RTCRAM
[   1.19] I (1036) heap_init: At 30100198 len 00001E68 (7 KiB): TCM
[   1.45] I (1042) esp_psram: Adding pool of 31215K of PSRAM memory to heap allocator
[   1.45] I (1048) esp_psram: Adding pool of 63K of PSRAM memory gap generated due to end address alignment of irom to the heap allocator
[   1.45] I (1059) esp_psram: Adding pool of 37K of PSRAM memory gap generated due to end address alignment of drom to the heap allocator
[   1.45] I (1071) spi_flash: detected chip: gd
[   1.45] I (1074) spi_flash: flash io: qio
[   1.45] I (1077) host_init: ESP Hosted : Host chip_ip[18]
[   1.45] I (1082) H_API: ESP-Hosted starting. Hosted_Tasks: prio:23, stack: 5120 RPC_task_stack: 5120
[   1.45] sdio_mempool_create free:32472360 min-free:32472360 lfb-def:31457280 lfb-8bit:31457280
[   1.45] 
[   1.45] I (1098) H_API: ** add_esp_wifi_remote_channels **
[   1.45] I (1102) transport: Add ESP-Hosted channel IF[1]: S[0] Tx[0x4800b6dc] Rx[0x4801a922]
[   1.45] I (1110) transport: Add ESP-Hosted channel IF[2]: S[0] Tx[0x4800b622] Rx[0x4801a922]
[   1.45] I (1117) sleep_gpio: Configure to isolate all GPIO pins in sleep state
[   1.45] I (1123) sleep_gpio: Enable automatic switching of GPIO sleep configuration
[   1.45] I (1130) main_task: Started on CPU0
[   1.45] I (1134) main_task: Calling app_main()
[   1.45] I (1140) main: fnOS NAS dashboard booting (agent http://192.168.0.119:8799)
[   1.45] I (1143) main: heap boot           internal=363KB largest=304KB dma=325KB psram=31312KB
[   1.45] I (1152) transport: Attempt connection with slave: retry[0]
[   1.45] I (1156) transport: Reset slave using GPIO[54]
[   1.45] I (1160) os_wrapper_esp: GPIO [54] configured
[   2.50] I (2330) sdio_wrapper: SDIO master: Data-Lines: 4-bit Freq(KHz)[40000 KHz]
[   2.50] I (2330) sdio_wrapper: GPIOs: CLK[18] CMD[19] D0[14] D1[15] D2[16] D3[17] Slave_Reset[54]
[   2.50] I (2330) H_SDIO_DRV: Starting SDIO process rx task
[   2.50] I (2333) sdio_wrapper: Queues: Tx[20] Rx[20] SDIO-Rx-Mode[1]
[   2.50] Name: 
[   2.50] Type: SDIO
[   2.50] Speed: 40.00 MHz (limit: 40.00 MHz)
[   2.50] Size: 0MB
[   2.50] CSD: ver=1, sector_size=0, capacity=0 read_bl_len=0
[   2.50] SCR: sd_spec=0, bus_width=0
[   2.50] TUPLE: DEVICE, size: 3: D9 01 FF 
[   2.50] TUPLE: MANFID, size: 4
[   2.50]   MANF: 0092, CARD: 6666
[   2.50] TUPLE: FUNCID, size: 2: 0C 00 
[   2.50] TUPLE: FUNCE, size: 4: 00 00 02 32 
[   2.50] TUPLE: CONFIG, size: 5: 01 01 00 02 07 
[   2.50] TUPLE: CFTABLE_ENTRY, size: 8
[   2.50]   INDX: C1, Intface: 1, Default: 1, Conf-Entry-Num: 1
[   2.50]   IF: 41
[   2.50]   FS: 30, misc: 0, mem_space: 1, irq: 1, io_space: 0, timing: 0, power: 0
[   2.50]   IR: 30, mask: 1,   IRQ: FF FF
[   2.50]   LEN: FFFF
[   2.50] TUPLE: END
[   2.50] I (2416) sdio_wrapper: Function 0 Blocksize: 512
[   2.50] I (2420) sdio_wrapper: Function 1 Blocksize: 512
[   2.50] I (2424) H_SDIO_DRV: SDIO Host operating in STREAMING MODE
[   2.50] I (2429) H_SDIO_DRV: generate slave intr
[   2.50] I (2436) transport: Received INIT event from ESP32 peripheral
[   2.50] I (2438) transport: EVENT: 12
[   2.50] I (2441) transport: EVENT: 11
[   2.50] I (2444) transport: capabilities: 0xd
[   2.50] I (2447) transport: Features supported are:
[   2.50] I (2451) transport: 	 * WLAN
[   2.78] I (2454) transport: 	   - HCI over SDIO
[   2.78] I (2457) transport: 	   - BLE only
[   2.78] I (2460) transport: EVENT: 13
[   2.78] I (2463) transport: ESP board type is : 13 
[   2.78] 
[   2.78] I (2467) transport: Base transport is set-up
[   2.78] 
[   2.78] I (2471) transport: Slave chip Id[12]
[   2.78] I (2475) hci_stub_drv: Host BT Support: Disabled
[   2.78] I (2479) H_SDIO_DRV: Received INIT event
[   3.53] I (3484) fnos_net: wifi station started; awaiting ip
[   3.53] I (3485) esp_lvgl:adapter: LVGL adapter initialized successfully
[   3.53] W (3485) ledc: GPIO 32 is not usable, maybe conflict with others
[   3.53] I (3489) ESP32_P4_EV: MIPI DSI PHY Powered on
[   3.53] I (3494) ESP32_P4_EV: Install MIPI DSI LCD control panel
[   3.53] I (3498) ESP32_P4_EV: Install EK79007 LCD control panel
[   3.53] I (3503) ek79007: version: 2.0.2
[   3.53] I (3505) H_API: esp_wifi_remote_connect
[   3.78] I (3680) ESP32_P4_EV: Display initialized
[   3.78] I (3681) esp_lvgl:bridge_v9: Initializing hardware resources
[   3.78] I (3681) esp_lvgl:bridge_v9: Hardware resources initialized successfully
[   3.78] I (3684) esp_lvgl:bridge: Initializing hardware resources
[   3.78] I (3689) esp_lvgl:bridge: Hardware resources initialized successfully
[   3.78] W (3695) esp_lvgl:bridge_v9: on_frame_buf_complete unavailable; buffer-switch release and dummy-draw may not function on MIPI DSI
[   3.78] I (3707) ESP32_P4_EV: Touch 0x5d found
[   3.78] I (3710) GT911: I2C address initialization procedure skipped - using default GT9xx setup
[   3.78] I (3718) GT911: TouchPad_ID:0x39,0x31,0x31
[   3.78] I (3722) GT911: TouchPad_Config_Version:91
[   3.78] W (3726) esp_lvgl:touch: LV_USE_GESTURE_RECOGNITION is disabled; only single-point pointer events are available
[   3.78] I (3735) esp_lvgl:touch: Touch input device registered successfully (IRQ mode: disabled)
[   3.78] I (3744) esp_lvgl:adapter: LVGL task started successfully
[   3.78] I (3748) ESP32_P4_EV: Setting LCD backlight: 100%
[   4.05] I (3753) ESP32_P4_EV: Setting LCD backlight: 45%
[   4.05] I (3757) main: heap display        internal=243KB largest=204KB dma=205KB psram=27670KB
[   4.05] I (3881) fnos_view: dashboard v2 created (4 pages, 180 s window)
[   4.05] I (3881) main: heap ui             internal=243KB largest=204KB dma=205KB psram=27593KB
[   4.05] I (3883) fnos_data: polling http://192.168.0.119:8799/api/v1/status every 1000 ms
[   4.05] I (3890) main: heap polling        internal=243KB largest=204KB dma=205KB psram=27579KB
[   4.05] I (3898) ESP32_P4_EV: Setting LCD backlight: 45%
[   4.05] I (3902) main: backlight 45% (day)
[   4.05] I (3906) main: boot complete
[   4.05] I (3908) main_task: Returned from app_main()
[   6.48] I (6471) esp_wifi_remote: esp_wifi_internal_reg_rxcb: sta: 0x480ba89e
[   7.50] I (7487) esp_netif_handlers: sta ip: 192.168.0.214, mask: 255.255.255.0, gw: 192.168.0.1
[   7.50] I (7487) fnos_net: got ip 192.168.0.214
[   7.99] I (7977) fnos_data: history backfilled: 300 samples
[  14.02] I (13906) main: heap periodic       internal=237KB largest=196KB dma=198KB psram=27579KB
[  23.92] I (23906) main: heap periodic       internal=237KB largest=196KB dma=198KB psram=27578KB
[  34.04] I (33906) main: heap periodic       internal=237KB largest=196KB dma=198KB psram=27580KB
[  37.83] I (37585) fnos_data: poll ok=30 fail=0 17ms cpu=1.9% mem=54.8% rx=25.4 tx=108.2 KB/s alerts=2 internal=237KB dma=198KB psram=27582KB
[  44.02] I (43906) main: heap periodic       internal=236KB largest=196KB dma=198KB psram=27582KB
