ESP-ROM:esp32p4-eco7-20260109
Build:Jan  9 2026
rst:0x1 (POWERON),boot:0xf (SPI_FAST_FLASH_BOOT)
SPI mode:DIO, clock div:1
load:0x4ffb60d0,len:0x11f0
load:0x4ffac2c0,len:0xd5c
load:0x4ffaefc0,len:0x3408
entry 0x4ffac2c0
I (276) hex_psram: vendor id    : 0x0d (AP)
I (276) hex_psram: Latency      : 0x01 (Fixed)
I (276) hex_psram: DriveStr.    : 0x00 (25 Ohm)
I (277) hex_psram: dev id       : 0x03 (generation 4)
I (282) hex_psram: density      : 0x07 (256 Mbit)
I (286) hex_psram: good-die     : 0x06 (Pass)
I (290) hex_psram: SRF          : 0x02 (Slow Refresh)
I (295) hex_psram: BurstType    : 0x00 ( Wrap)
I (299) hex_psram: BurstLen     : 0x03 (2048 Byte)
I (304) hex_psram: BitMode      : 0x01 (X16 Mode)
I (308) hex_psram: Readlatency  : 0x04 (14 cycles@Fixed)
I (313) hex_psram: DriveStrength: 0x00 (1/1)
I (317) MSPI Timing: Enter psram timing tuning
I esp_psram: Found 32MB PSRAM device
I esp_psram: Speed: 200MHz
I (504) mmu_psram: .rodata xip on psram
I (557) mmu_psram: .text xip on psram
I (558) hex_psram: psram CS IO is dedicated
I (558) cpu_start: Multicore app
I (984) esp_psram: SPI SRAM memory test OK
I (993) cpu_start: GPIO 38 and 37 are used as console UART I/O pins
I (994) cpu_start: Pro cpu start user code
I (994) cpu_start: cpu freq: 400000000 Hz
I (996) app_init: Application information:
I (1000) app_init: Project name:     fnos_monitor
I (1004) app_init: App version:      0.1.0
I (1008) app_init: Compile time:     Sep 28 2026 07:59:20
I (1013) app_init: ELF file SHA256:  0343f2a14...
I (1017) app_init: ESP-IDF:          5.5.3
I (1021) efuse_init: Min chip rev:     v3.0
I (1025) efuse_init: Max chip rev:     v3.99 
I (1029) efuse_init: Chip rev:         v3.2
I (1033) heap_init: Initializing. RAM available for dynamic allocation:
I (1039) heap_init: At 4FF61030 len 00059F90 (359 KiB): RETENT_RAM
I (1045) heap_init: At 4FFBAFC0 len 00004BF0 (18 KiB): RAM
I (1051) heap_init: At 501080D8 len 00000028 (0 KiB): RTCRAM
I (1056) heap_init: At 501081A0 len 00007E60 (31 KiB): RTCRAM
I (1061) heap_init: At 30100198 len 00001E68 (7 KiB): TCM
I (1067) esp_psram: Adding pool of 31089K of PSRAM memory to heap allocator
I (1073) esp_psram: Adding pool of 39K of PSRAM memory gap generated due to end address alignment of irom to the heap allocator
I (1084) esp_psram: Adding pool of 34K of PSRAM memory gap generated due to end address alignment of drom to the heap allocator
I (1096) spi_flash: detected chip: gd
I (1099) spi_flash: flash io: qio
I (1102) host_init: ESP Hosted : Host chip_ip[18]
I (1107) H_API: ESP-Hosted starting. Hosted_Tasks: prio:23, stack: 5120 RPC_task_stack: 5120
sdio_mempool_create free:32304320 min-free:32304320 lfb-def:31457280 lfb-8bit:31457280
I (1123) H_API: ** add_esp_wifi_remote_channels **
I (1127) transport: Add ESP-Hosted channel IF[1]: S[0] Tx[0x4800b7f8] Rx[0x4801aa3e]
I (1134) transport: Add ESP-Hosted channel IF[2]: S[0] Tx[0x4800b73e] Rx[0x4801aa3e]
I (1142) sleep_gpio: Configure to isolate all GPIO pins in sleep state
I (1148) sleep_gpio: Enable automatic switching of GPIO sleep configuration
I (1155) main_task: Started on CPU0
I (1159) main_task: Calling app_main()
I (1165) main: fnOS NAS dashboard booting (agent http://192.168.0.119:8799)
I (1168) main: heap boot           internal=352KB largest=296KB dma=314KB psram=31159KB
I (1177) transport: Attempt connection with slave: retry[0]
I (1181) transport: Reset slave using GPIO[54]
I (1185) os_wrapper_esp: GPIO [54] configured
I (2355) sdio_wrapper: SDIO master: Data-Lines: 4-bit Freq(KHz)[40000 KHz]
I (2355) sdio_wrapper: GPIOs: CLK[18] CMD[19] D0[14] D1[15] D2[16] D3[17] Slave_Reset[54]
I (2355) H_SDIO_DRV: Starting SDIO process rx task
I (2358) sdio_wrapper: Queues: Tx[20] Rx[20] SDIO-Rx-Mode[1]
Name: 
Type: SDIO
Speed: 40.00 MHz (limit: 40.00 MHz)
Size: 0MB
CSD: ver=1, sector_size=0, capacity=0 read_bl_len=0
SCR: sd_spec=0, bus_width=0
TUPLE: DEVICE, size: 3: D9 01 FF 
TUPLE: MANFID, size: 4
  MANF: 0092, CARD: 6666
TUPLE: FUNCID, size: 2: 0C 00 
TUPLE: FUNCE, size: 4: 00 00 02 32 
TUPLE: CONFIG, size: 5: 01 01 00 02 07 
TUPLE: CFTABLE_ENTRY, size: 8
  INDX: C1, Intface: 1, Default: 1, Conf-Entry-Num: 1
  IF: 41
  FS: 30, misc: 0, mem_space: 1, irq: 1, io_space: 0, timing: 0, power: 0
  IR: 30, mask: 1,   IRQ: FF FF
  LEN: FFFF
TUPLE: END
I (2441) sdio_wrapper: Function 0 Blocksize: 512
I (2445) sdio_wrapper: Function 1 Blocksize: 512
I (2449) H_SDIO_DRV: SDIO Host operating in STREAMING MODE
I (2454) H_SDIO_DRV: generate slave intr
I (2468) transport: Received INIT event from ESP32 peripheral
I (2468) transport: EVENT: 12
I (2468) transport: EVENT: 11
I (2469) transport: capabilities: 0xd
I (2472) transport: Features supported are:
I (2476) transport: 	 * WLAN
I (2479) transport: 	   - HCI over SDIO
I (2482) transport: 	   - BLE only
I (2485) transport: EVENT: 13
I (2488) transport: ESP board type is : 13 
I (2492) transport: Base transport is set-up
I (2496) transport: Slave chip Id[12]
I (2500) hci_stub_drv: Host BT Support: Disabled
I (2504) H_SDIO_DRV: Received INIT event
I (3509) fnos_net: wifi station started; awaiting ip
I (3509) esp_lvgl:adapter: LVGL adapter initialized successfully
W (3509) ledc: GPIO 32 is not usable, maybe conflict with others
I (3514) ESP32_P4_EV: MIPI DSI PHY Powered on
I (3519) ESP32_P4_EV: Install MIPI DSI LCD control panel
I (3523) ESP32_P4_EV: Install EK79007 LCD control panel
I (3528) ek79007: version: 2.0.2
I (3530) H_API: esp_wifi_remote_connect
I (3705) ESP32_P4_EV: Display initialized
I (3706) esp_lvgl:bridge_v9: Initializing hardware resources
I (3706) esp_lvgl:bridge_v9: Hardware resources initialized successfully
I (3709) esp_lvgl:bridge: Initializing hardware resources
I (3714) esp_lvgl:bridge: Hardware resources initialized successfully
W (3720) esp_lvgl:bridge_v9: on_frame_buf_complete unavailable; buffer-switch release and dummy-draw may not function on MIPI DSI
I (3732) ESP32_P4_EV: Touch 0x5d found
I (3735) GT911: I2C address initialization procedure skipped - using default GT9xx setup
I (3743) GT911: TouchPad_ID:0x39,0x31,0x31
I (3747) GT911: TouchPad_Config_Version:91
W (3751) esp_lvgl:touch: LV_USE_GESTURE_RECOGNITION is disabled; only single-point pointer events are available
I (3760) esp_lvgl:touch: Touch input device registered successfully (IRQ mode: disabled)
I (3769) esp_lvgl:adapter: LVGL task started successfully
I (3773) ESP32_P4_EV: Setting LCD backlight: 100%
I (3778) ESP32_P4_EV: Setting LCD backlight: 45%
I (3782) main: heap display        internal=232KB largest=192KB dma=194KB psram=27517KB
I (3983) fnos_ui: ui created (pages=4)
I (3984) main: heap ui             internal=232KB largest=192KB dma=194KB psram=27426KB
I (3984) fnos_data: polling http://192.168.0.119:8799/api/v1/status every 1000 ms
I (3991) main: heap polling        internal=231KB largest=192KB dma=193KB psram=27412KB
I (3998) ESP32_P4_EV: Setting LCD backlight: 45%
I (4003) main: backlight 45% (day)
I (4006) main: boot complete
I (4009) main_task: Returned from app_main()
I (6443) esp_wifi_remote: esp_wifi_internal_reg_rxcb: sta: 0x480ce6fa
I (6984) fnos_ui: probe top_bar      x=0 y=0 w=1 h=56 hidden=0 text='-'
I (6984) fnos_ui: probe hd_host      x=20 y=18 w=120 h=37 hidden=0 text='NAS'
I (6986) fnos_ui: probe hd_chip      x=420 y=17 w=184 h=30 hidden=0 text='-'
I (6993) fnos_ui: probe hd_clock     x=-120 y=14 w=100 h=37 hidden=0 text='--:--'
I (7000) fnos_ui: probe ft_poll      x=20 y=10 w=500 h=17 hidden=0 text='采集 192.168.0.119:8799 · 等待首个数据帧'
I (7011) fnos_ui: probe ft_alert_lbl x=572 y=9 w=400 h=17 hidden=0 text='无告警'
I (7019) fnos_ui: probe ov_verdict   x=20 y=46 w=200 h=52 hidden=0 text='等待'
I (7026) fnos_ui: probe ov_val0      x=14 y=38 w=65 h=37 hidden=0 text='--'
I (7032) fnos_ui: probe ov_vol_name0 x=16 y=38 w=105 h=23 hidden=0 text=''
I (7494) esp_netif_handlers: sta ip: 192.168.0.214, mask: 255.255.255.0, gw: 192.168.0.1
I (7494) fnos_net: got ip 192.168.0.214
I (8063) fnos_data: history backfilled: 300 samples
I (14006) main: heap periodic       internal=223KB largest=180KB dma=185KB psram=27415KB
I (24006) main: heap periodic       internal=223KB largest=180KB dma=185KB psram=27415KB
I (44006) main: heap periodic       internal=223KB largest=180KB dma=185KB psram=27415KB
ESP-ROM:esp32p4-eco7-20260109
Build:Jan  9 2026
rst:0x1 (POWERON),boot:0xf (SPI_FAST_FLASH_BOOT)
SPI mode:DIO, clock div:1
load:0x4ffb60d0,len:0x11f0
load:0x4ffac2c0,len:0xd5c
load:0x4ffaefc0,len:0x3408
entry 0x4ffac2c0
I (276) hex_psram: vendor id    : 0x0d (AP)
I (276) hex_psram: Latency      : 0x01 (Fixed)
I (276) hex_psram: DriveStr.    : 0x00 (25 Ohm)
I (277) hex_psram: dev id       : 0x03 (generation 4)
I (282) hex_psram: density      : 0x07 (256 Mbit)
I (286) hex_psram: good-die     : 0x06 (Pass)
I (290) hex_psram: SRF          : 0x02 (Slow Refresh)
I (295) hex_psram: BurstType    : 0x00 ( Wrap)
I (299) hex_psram: BurstLen     : 0x03 (2048 Byte)
I (304) hex_psram: BitMode      : 0x01 (X16 Mode)
I (308) hex_psram: Readlatency  : 0x04 (14 cycles@Fixed)
I (313) hex_psram: DriveStrength: 0x00 (1/1)
I (317) MSPI Timing: Enter psram timing tuning
I esp_psram: Found 32MB PSRAM device
I esp_psram: Speed: 200MHz
I (504) mmu_psram: .rodata xip on psram
I (557) mmu_psram: .text xip on psram
I (558) hex_psram: psram CS IO is dedicated
I (558) cpu_start: Multicore app
I (984) esp_psram: SPI SRAM memory test OK
I (993) cpu_start: GPIO 38 and 37 are used as console UART I/O pins
I (994) cpu_start: Pro cpu start user code
I (994) cpu_start: cpu freq: 400000000 Hz
I (996) app_init: Application information:
I (1000) app_init: Project name:     fnos_monitor
I (1004) app_init: App version:      0.1.0
I (1008) app_init: Compile time:     Sep 28 2026 07:59:20
I (1013) app_init: ELF file SHA256:  0343f2a14...
I (1017) app_init: ESP-IDF:          5.5.3
I (1021) efuse_init: Min chip rev:     v3.0
I (1025) efuse_init: Max chip rev:     v3.99 
I (1029) efuse_init: Chip rev:         v3.2
I (1033) heap_init: Initializing. RAM available for dynamic allocation:
I (1039) heap_init: At 4FF61030 len 00059F90 (359 KiB): RETENT_RAM
I (1045) heap_init: At 4FFBAFC0 len 00004BF0 (18 KiB): RAM
I (1051) heap_init: At 501080D8 len 00000028 (0 KiB): RTCRAM
I (1056) heap_init: At 501081A0 len 00007E60 (31 KiB): RTCRAM
I (1061) heap_init: At 30100198 len 00001E68 (7 KiB): TCM
I (1067) esp_psram: Adding pool of 31089K of PSRAM memory to heap allocator
I (1073) esp_psram: Adding pool of 39K of PSRAM memory gap generated due to end address alignment of irom to the heap allocator
I (1084) esp_psram: Adding pool of 34K of PSRAM memory gap generated due to end address alignment of drom to the heap allocator
I (1096) spi_flash: detected chip: gd
I (1099) spi_flash: flash io: qio
I (1102) host_init: ESP Hosted : Host chip_ip[18]
I (1107) H_API: ESP-Hosted starting. Hosted_Tasks: prio:23, stack: 5120 RPC_task_stack: 5120
sdio_mempool_create free:32304320 min-free:32304320 lfb-def:31457280 lfb-8bit:31457280
I (1123) H_API: ** add_esp_wifi_remote_channels **
I (1127) transport: Add ESP-Hosted channel IF[1]: S[0] Tx[0x4800b7f8] Rx[0x4801aa3e]
I (1134) transport: Add ESP-Hosted channel IF[2]: S[0] Tx[0x4800b73e] Rx[0x4801aa3e]
I (1142) sleep_gpio: Configure to isolate all GPIO pins in sleep state
I (1148) sleep_gpio: Enable automatic switching of GPIO sleep configuration
I (1155) main_task: Started on CPU0
I (1159) main_task: Calling app_main()
I (1165) main: fnOS NAS dashboard booting (agent http://192.168.0.119:8799)
I (1168) main: heap boot           internal=352KB largest=296KB dma=314KB psram=31159KB
I (1177) transport: Attempt connection with slave: retry[0]
I (1181) transport: Reset slave using GPIO[54]
I (1185) os_wrapper_esp: GPIO [54] configured
I (2355) sdio_wrapper: SDIO master: Data-Lines: 4-bit Freq(KHz)[40000 KHz]
I (2355) sdio_wrapper: GPIOs: CLK[18] CMD[19] D0[14] D1[15] D2[16] D3[17] Slave_Reset[54]
I (2355) H_SDIO_DRV: Starting SDIO process rx task
I (2358) sdio_wrapper: Queues: Tx[20] Rx[20] SDIO-Rx-Mode[1]
Name: 
Type: SDIO
Speed: 40.00 MHz (limit: 40.00 MHz)
Size: 0MB
CSD: ver=1, sector_size=0, capacity=0 read_bl_len=0
SCR: sd_spec=0, bus_width=0
TUPLE: DEVICE, size: 3: D9 01 FF 
TUPLE: MANFID, size: 4
  MANF: 0092, CARD: 6666
TUPLE: FUNCID, size: 2: 0C 00 
TUPLE: FUNCE, size: 4: 00 00 02 32 
TUPLE: CONFIG, size: 5: 01 01 00 02 07 
TUPLE: CFTABLE_ENTRY, size: 8
  INDX: C1, Intface: 1, Default: 1, Conf-Entry-Num: 1
  IF: 41
  FS: 30, misc: 0, mem_space: 1, irq: 1, io_space: 0, timing: 0, power: 0
  IR: 30, mask: 1,   IRQ: FF FF
  LEN: FFFF
TUPLE: END
I (2441) sdio_wrapper: Function 0 Blocksize: 512
I (2445) sdio_wrapper: Function 1 Blocksize: 512
I (2449) H_SDIO_DRV: SDIO Host operating in STREAMING MODE
I (2454) H_SDIO_DRV: generate slave intr
I (2468) transport: Received INIT event from ESP32 peripheral
I (2468) transport: EVENT: 12
I (2468) transport: EVENT: 11
I (2469) transport: capabilities: 0xd
I (2472) transport: Features supported are:
I (2476) transport: 	 * WLAN
I (2479) transport: 	   - HCI over SDIO
I (2482) transport: 	   - BLE only
I (2485) transport: EVENT: 13
I (2488) transport: ESP board type is : 13 
I (2492) transport: Base transport is set-up
I (2496) transport: Slave chip Id[12]
I (2500) hci_stub_drv: Host BT Support: Disabled
I (2504) H_SDIO_DRV: Received INIT event
I (3509) fnos_net: wifi station started; awaiting ip
I (3509) esp_lvgl:adapter: LVGL adapter initialized successfully
W (3510) ledc: GPIO 32 is not usable, maybe conflict with others
I (3514) ESP32_P4_EV: MIPI DSI PHY Powered on
I (3519) ESP32_P4_EV: Install MIPI DSI LCD control panel
I (3523) ESP32_P4_EV: Install EK79007 LCD control panel
I (3528) ek79007: version: 2.0.2
I (3530) H_API: esp_wifi_remote_connect
I (3705) ESP32_P4_EV: Display initialized
I (3706) esp_lvgl:bridge_v9: Initializing hardware resources
I (3706) esp_lvgl:bridge_v9: Hardware resources initialized successfully
I (3709) esp_lvgl:bridge: Initializing hardware resources
I (3714) esp_lvgl:bridge: Hardware resources initialized successfully
W (3720) esp_lvgl:bridge_v9: on_frame_buf_complete unavailable; buffer-switch release and dummy-draw may not function on MIPI DSI
I (3732) ESP32_P4_EV: Touch 0x5d found
I (3735) GT911: I2C address initialization procedure skipped - using default GT9xx setup
I (3743) GT911: TouchPad_ID:0x39,0x31,0x31
I (3747) GT911: TouchPad_Config_Version:91
W (3751) esp_lvgl:touch: LV_USE_GESTURE_RECOGNITION is disabled; only single-point pointer events are available
I (3760) esp_lvgl:touch: Touch input device registered successfully (IRQ mode: disabled)
I (3769) esp_lvgl:adapter: LVGL task started successfully
I (3773) ESP32_P4_EV: Setting LCD backlight: 100%
I (3778) ESP32_P4_EV: Setting LCD backlight: 45%
I (3782) main: heap display        internal=232KB largest=192KB dma=194KB psram=27517KB
I (3983) fnos_ui: ui created (pages=4)
I (3983) main: heap ui             internal=232KB largest=192KB dma=194KB psram=27426KB
I (3984) fnos_data: polling http://192.168.0.119:8799/api/v1/status every 1000 ms
I (3991) main: heap polling        internal=231KB largest=192KB dma=193KB psram=27412KB
I (3998) ESP32_P4_EV: Setting LCD backlight: 45%
I (4003) main: backlight 45% (day)
I (4006) main: boot complete
I (4008) main_task: Returned from app_main()
I (6553) esp_wifi_remote: esp_wifi_internal_reg_rxcb: sta: 0x480ce6fa
I (6983) fnos_ui: probe top_bar      x=0 y=0 w=1 h=56 hidden=0 text='-'
I (6983) fnos_ui: probe hd_host      x=20 y=18 w=120 h=37 hidden=0 text='NAS'
I (6985) fnos_ui: probe hd_chip      x=420 y=17 w=184 h=30 hidden=0 text='-'
I (6992) fnos_ui: probe hd_clock     x=-120 y=14 w=100 h=37 hidden=0 text='--:--'
I (6999) fnos_ui: probe ft_poll      x=20 y=10 w=500 h=17 hidden=0 text='采集 192.168.0.119:8799 · 等待首个数据帧'
I (7010) fnos_ui: probe ft_alert_lbl x=572 y=9 w=400 h=17 hidden=0 text='无告警'
I (7018) fnos_ui: probe ov_verdict   x=20 y=46 w=200 h=52 hidden=0 text='等待'
I (7025) fnos_ui: probe ov_val0      x=14 y=38 w=65 h=37 hidden=0 text='--'
I (7031) fnos_ui: probe ov_vol_name0 x=16 y=38 w=105 h=23 hidden=0 text=''
I (7568) esp_netif_handlers: sta ip: 192.168.0.214, mask: 255.255.255.0, gw: 192.168.0.1
I (7568) fnos_net: got ip 192.168.0.214
I (8081) fnos_data: history backfilled: 300 samples
I (14006) main: heap periodic       internal=224KB largest=180KB dma=186KB psram=27415KB
I (24006) main: heap periodic       internal=224KB largest=180KB dma=186KB psram=27415KB
