[   0.41] I (287) hex_psram: vendor id    : 0x0d (AP)
[   0.41] I (287) hex_psram: Latency      : 0x01 (Fixed)
[   0.41] I (288) hex_psram: DriveStr.    : 0x00 (25 Ohm)
[   0.41] I (288) hex_psram: dev id       : 0x03 (generation 4)
[   0.41] I (293) hex_psram: density      : 0x07 (256 Mbit)
[   0.41] I (297) hex_psram: good-die     : 0x06 (Pass)
[   0.41] I (301) hex_psram: SRF          : 0x02 (Slow Refresh)
[   0.41] I (306) hex_psram: BurstType    : 0x00 ( Wrap)
[   0.41] I (310) hex_psram: BurstLen     : 0x03 (2048 Byte)
[   0.41] I (315) hex_psram: BitMode      : 0x01 (X16 Mode)
[   0.41] I (319) hex_psram: Readlatency  : 0x04 (14 cycles@Fixed)
[   0.41] I (324) hex_psram: DriveStrength: 0x00 (1/1)
[   0.41] I (328) MSPI Timing: Enter psram timing tuning
[   0.41] I esp_psram: Found 32MB PSRAM device
[   0.41] I esp_psram: Speed: 200MHz
[   0.41] I (518) mmu_psram: .rodata xip on psram
[   0.61] I (572) mmu_psram: .text xip on psram
[   0.61] I (572) hex_psram: psram CS IO is dedicated
[   0.61] I (572) cpu_start: Multicore app
[   1.02] I (997) esp_psram: SPI SRAM memory test OK
[   1.23] I (1007) cpu_start: GPIO 38 and 37 are used as console UART I/O pins
[   1.23] I (1007) cpu_start: Pro cpu start user code
[   1.23] I (1008) cpu_start: cpu freq: 400000000 Hz
[   1.23] I (1010) app_init: Application information:
[   1.23] I (1014) app_init: Project name:     fnos_monitor
[   1.23] I (1018) app_init: App version:      0.1.0
[   1.23] I (1022) app_init: Compile time:     Oct  5 2026 03:16:54
[   1.23] I (1027) app_init: ELF file SHA256:  134ab2d72...
[   1.23] I (1031) app_init: ESP-IDF:          5.5.3
[   1.23] I (1035) efuse_init: Min chip rev:     v3.0
[   1.23] I (1039) efuse_init: Max chip rev:     v3.99 
[   1.23] I (1043) efuse_init: Chip rev:         v3.2
[   1.23] I (1047) heap_init: Initializing. RAM available for dynamic allocation:
[   1.23] I (1053) heap_init: At 4FF61A30 len 00059590 (357 KiB): RETENT_RAM
[   1.23] I (1059) heap_init: At 4FFBAFC0 len 00004BF0 (18 KiB): RAM
[   1.23] I (1064) heap_init: At 501080D8 len 00000028 (0 KiB): RTCRAM
[   1.23] I (1070) heap_init: At 501081A0 len 00007E60 (31 KiB): RTCRAM
[   1.23] I (1075) heap_init: At 30100198 len 00001E68 (7 KiB): TCM
[   1.23] I (1081) esp_psram: Adding pool of 31025K of PSRAM memory to heap allocator
[   1.23] I (1087) esp_psram: Adding pool of 7K of PSRAM memory gap generated due to end address alignment of irom to the heap allocator
[   1.23] I (1098) esp_psram: Adding pool of 47K of PSRAM memory gap generated due to end address alignment of drom to the heap allocator
[   1.23] I (1110) spi_flash: detected chip: gd
[   1.23] I (1113) spi_flash: flash io: qio
[   1.23] I (1116) host_init: ESP Hosted : Host chip_ip[18]
[   1.23] I (1120) H_API: ESP-Hosted starting. Hosted_Tasks: prio:23, stack: 5120 RPC_task_stack: 5120
[   1.23] sdio_mempool_create free:32217288 min-free:32217288 lfb-def:31457280 lfb-8bit:31457280
[   1.23] 
[   1.23] I (1137) H_API: ** add_esp_wifi_remote_channels **
[   1.23] I (1141) transport: Add ESP-Hosted channel IF[1]: S[0] Tx[0x4800b7f8] Rx[0x4801aa4a]
[   1.23] I (1148) transport: Add ESP-Hosted channel IF[2]: S[0] Tx[0x4800b73e] Rx[0x4801aa4a]
[   1.23] I (1156) sleep_gpio: Configure to isolate all GPIO pins in sleep state
[   1.23] I (1162) sleep_gpio: Enable automatic switching of GPIO sleep configuration
[   1.23] I (1169) main_task: Started on CPU0
[   1.23] I (1173) main_task: Calling app_main()
[   1.23] I (1179) main: fnOS NAS dashboard booting (agent http://192.168.0.119:8799)
[   1.23] I (1182) main: heap boot           internal=350KB largest=288KB dma=312KB psram=31076KB
[   1.23] I (1191) transport: Attempt connection with slave: retry[0]
[   1.23] I (1195) transport: Reset slave using GPIO[54]
[   1.23] I (1199) os_wrapper_esp: GPIO [54] configured
[   2.46] I (2369) sdio_wrapper: SDIO master: Data-Lines: 4-bit Freq(KHz)[40000 KHz]
[   2.46] I (2369) sdio_wrapper: GPIOs: CLK[18] CMD[19] D0[14] D1[15] D2[16] D3[17] Slave_Reset[54]
[   2.46] I (2369) H_SDIO_DRV: Starting SDIO process rx task
[   2.46] I (2372) sdio_wrapper: Queues: Tx[20] Rx[20] SDIO-Rx-Mode[1]
[   2.46] Name: 
[   2.46] Type: SDIO
[   2.46] Speed: 40.00 MHz (limit: 40.00 MHz)
[   2.46] Size: 0MB
[   2.46] CSD: ver=1, sector_size=0, capacity=0 read_bl_len=0
[   2.46] SCR: sd_spec=0, bus_width=0
[   2.46] TUPLE: DEVICE, size: 3: D9 01 FF 
[   2.46] TUPLE: MANFID, size: 4
[   2.46]   MANF: 0092, CARD: 6666
[   2.46] TUPLE: FUNCID, size: 2: 0C 00 
[   2.46] TUPLE: FUNCE, size: 4: 00 00 02 32 
[   2.46] TUPLE: CONFIG, size: 5: 01 01 00 02 07 
[   2.46] TUPLE: CFTABLE_ENTRY, size: 8
[   2.46]   INDX: C1, Intface: 1, Default: 1, Conf-Entry-Num: 1
[   2.46]   IF: 41
[   2.46]   FS: 30, misc: 0, mem_space: 1, irq: 1, io_space: 0, timing: 0, power: 0
[   2.46]   IR: 30, mask: 1,   IRQ: FF FF
[   2.46]   LEN: FFFF
[   2.46] TUPLE: END
[   2.46] I (2455) sdio_wrapper: Function 0 Blocksize: 512
[   2.46] I (2459) sdio_wrapper: Function 1 Blocksize: 512
[   2.46] I (2463) H_SDIO_DRV: SDIO Host operating in STREAMING MODE
[   2.46] I (2468) H_SDIO_DRV: generate slave intr
[   2.46] I (2481) transport: Received INIT event from ESP32 peripheral
[   2.46] I (2481) transport: EVENT: 12
[   2.46] I (2481) transport: EVENT: 11
[   2.46] I (2483) transport: capabilities: 0xd
[   2.46] I (2486) transport: Features supported are:
[   2.46] I (2490) transport: 	 * WLAN
[   2.46] I (2493) transport: 	   - HCI over SDIO
[   2.46] I (2496) transport: 	   - BLE only
[   2.46] I (2499) transport: EVENT: 13
[   2.46] I (2502) transport: ESP board type is : 13 
[   2.46] 
[   2.46] I (2506) transport: Base transport is set-up
[   2.46] 
[   2.46] I (2510) transport: Slave chip Id[12]
[   2.46] I (2514) hci_stub_drv: Host BT Support: Disabled
[   2.46] I (2518) H_SDIO_DRV: Received INIT event
[   3.48] I (3523) fnos_net: wifi station started; awaiting ip
[   3.48] I (3523) esp_lvgl:adapter: LVGL adapter initialized successfully
[   3.48] W (3523) ledc: GPIO 32 is not usable, maybe conflict with others
[   3.48] I (3528) ESP32_P4_EV: MIPI DSI PHY Powered on
[   3.48] I (3533) ESP32_P4_EV: Install MIPI DSI LCD control panel
[   3.48] I (3537) ESP32_P4_EV: Install EK79007 LCD control panel
[   3.48] I (3542) ek79007: version: 2.0.2
[   3.48] I (3544) H_API: esp_wifi_remote_connect
[   3.88] I (3719) ESP32_P4_EV: Display initialized
[   3.88] I (3720) esp_lvgl:bridge_v9: Initializing hardware resources
[   3.88] I (3720) esp_lvgl:bridge_v9: Hardware resources initialized successfully
[   3.88] I (3723) esp_lvgl:bridge: Initializing hardware resources
[   3.88] I (3728) esp_lvgl:bridge: Hardware resources initialized successfully
[   3.88] W (3734) esp_lvgl:bridge_v9: on_frame_buf_complete unavailable; buffer-switch release and dummy-draw may not function on MIPI DSI
[   3.88] I (3746) ESP32_P4_EV: Touch 0x5d found
[   3.88] I (3749) GT911: I2C address initialization procedure skipped - using default GT9xx setup
[   3.88] I (3757) GT911: TouchPad_ID:0x39,0x31,0x31
[   3.88] I (3761) GT911: TouchPad_Config_Version:91
[   3.88] W (3765) esp_lvgl:touch: LV_USE_GESTURE_RECOGNITION is disabled; only single-point pointer events are available
[   3.88] I (3774) esp_lvgl:touch: Touch input device registered successfully (IRQ mode: disabled)
[   3.88] I (3783) esp_lvgl:adapter: LVGL task started successfully
[   3.88] I (3787) ESP32_P4_EV: Setting LCD backlight: 100%
[   3.88] I (3792) ESP32_P4_EV: Setting LCD backlight: 45%
[   3.88] I (3796) main: heap display        internal=230KB largest=188KB dma=192KB psram=27434KB
[   4.09] I (4106) fnos_ui: ui created (pages=4)
[   4.09] I (4106) main: heap ui             internal=229KB largest=188KB dma=191KB psram=27315KB
[   4.09] I (4106) fnos_data: polling http://192.168.0.119:8799/api/v1/status every 1000 ms
[   4.09] I (4113) main: heap polling        internal=229KB largest=188KB dma=191KB psram=27301KB
[   4.09] I (4121) ESP32_P4_EV: Setting LCD backlight: 45%
[   4.09] I (4125) main: backlight 45% (day)
[   4.09] I (4128) main: boot complete
[   4.09] I (4131) main_task: Returned from app_main()
[   6.55] I (6610) esp_wifi_remote: esp_wifi_internal_reg_rxcb: sta: 0x480d696e
[   7.57] I (7669) esp_netif_handlers: sta ip: 192.168.0.214, mask: 255.255.255.0, gw: 192.168.0.1
[   7.57] I (7669) fnos_net: got ip 192.168.0.214
[   8.38] I (8305) fnos_data: history backfilled: 300 samples
[  14.10] I (14128) main: heap periodic       internal=225KB largest=184KB dma=187KB psram=27304KB
[  24.08] I (24128) main: heap periodic       internal=225KB largest=184KB dma=187KB psram=27304KB
[  34.07] I (34128) main: heap periodic       internal=225KB largest=184KB dma=187KB psram=27304KB
[  37.94] I (37990) fnos_data: poll ok=30 fail=0 11ms cpu=1.6% mem=41.2% rx=14.3 tx=105.0 KB/s alerts=0 internal=225KB dma=187KB psram=27304KB
[  44.08] I (44128) main: heap periodic       internal=225KB largest=184KB dma=187KB psram=27304KB
